Return-Path: <linux-kernel-owner@vger.kernel.org>
X-Original-To: lists+linux-kernel@lfdr.de
Delivered-To: lists+linux-kernel@lfdr.de
Received: from vger.kernel.org (vger.kernel.org [23.128.96.18])
	by mail.lfdr.de (Postfix) with ESMTP id CA1E421DAF0
	for <lists+linux-kernel@lfdr.de>; Mon, 13 Jul 2020 17:58:17 +0200 (CEST)
Received: (majordomo@vger.kernel.org) by vger.kernel.org via listexpand
        id S1730258AbgGMP6K (ORCPT <rfc822;lists+linux-kernel@lfdr.de>);
        Mon, 13 Jul 2020 11:58:10 -0400
Received: from lindbergh.monkeyblade.net ([23.128.96.19]:43360 "EHLO
        lindbergh.monkeyblade.net" rhost-flags-OK-OK-OK-OK) by vger.kernel.org
        with ESMTP id S1729027AbgGMP6K (ORCPT
        <rfc822;linux-kernel@vger.kernel.org>);
        Mon, 13 Jul 2020 11:58:10 -0400
Received: from mail-qv1-xf44.google.com (mail-qv1-xf44.google.com [IPv6:2607:f8b0:4864:20::f44])
        by lindbergh.monkeyblade.net (Postfix) with ESMTPS id A4EA5C061755
        for <linux-kernel@vger.kernel.org>; Mon, 13 Jul 2020 08:58:09 -0700 (PDT)
Received: by mail-qv1-xf44.google.com with SMTP id dm12so5983698qvb.9
        for <linux-kernel@vger.kernel.org>; Mon, 13 Jul 2020 08:58:09 -0700 (PDT)
DKIM-Signature: v=1; a=rsa-sha256; c=relaxed/relaxed;
        d=joelfernandes.org; s=google;
        h=date:from:to:cc:subject:message-id:references:mime-version
         :content-disposition:in-reply-to;
        bh=heuTuwEfzS/FJuTn9iH9vkI2bV3+gqB1nRE4e1uwaxk=;
        b=Ze5gLer4rPet5ltZlEvqwnzwEBrKsY1SaMif0oVYl+jHWm/xlbacYqbl1aWjCXlPHh
         0zsga3MeGO67fsqPtNVKA5J3dEavWS/ijB3QncR5/j9Rpqgbff9rRvrGOnJmcRwCZj1c
         2/ZzCEepvdKc3x2T6vicaIaD6S7nxjI4v6Eh4=
X-Google-DKIM-Signature: v=1; a=rsa-sha256; c=relaxed/relaxed;
        d=1e100.net; s=20161025;
        h=x-gm-message-state:date:from:to:cc:subject:message-id:references
         :mime-version:content-disposition:in-reply-to;
        bh=heuTuwEfzS/FJuTn9iH9vkI2bV3+gqB1nRE4e1uwaxk=;
        b=W7mJIHaPxnsRulFC5atRt3qjbf0mQyZcnvWWcG9JiOiCmL7RDOcbZJPdiDo4Opwjwv
         vcXS9l1b3SxjzOHDDA/tePFVVyxd/gWJVvTlz355GcamRkQOEe8P2TWBKfqmoCC8TVDX
         IzcT5U3L00YQwUb75EA3UhvqO4x5cQEg5lIgflkp2YcGA1lB12UX03GLdLuYXglct/+w
         9/oSeEO6m1ejIhzu68N+hdrfywDdhd2OJx0eCZvyrWBmzFPbIln0mxJ1Afz2I8om0mwU
         biHujwL608TEVbqQNU1kY+s2tDlHODJl/b6oOxwA0wc6FtWRBOL5UllwqIOZJKyGd94K
         JO8A==
X-Gm-Message-State: AOAM532HGr7sm8x6cqdw+/6g6nk8NHeE+iVywR36hraI3+LTQRyppP/I
        CK1z0hZo118HKaLwMS4Vc9tx/Q==
X-Google-Smtp-Source: ABdhPJyDNCZB+vbrYv0pat2Rel3FhQandEExY/wz2h+0iFtLVaMOuCtvjq9oJahQfN/dqESC4ssCJw==
X-Received: by 2002:a0c:8643:: with SMTP id p61mr112760qva.43.1594655887385;
        Mon, 13 Jul 2020 08:58:07 -0700 (PDT)
Received: from localhost ([2620:15c:6:12:cad3:ffff:feb3:bd59])
        by smtp.gmail.com with ESMTPSA id h41sm20276419qtk.68.2020.07.13.08.58.06
        (version=TLS1_3 cipher=TLS_AES_256_GCM_SHA384 bits=256/256);
        Mon, 13 Jul 2020 08:58:06 -0700 (PDT)
Date:   Mon, 13 Jul 2020 11:58:06 -0400
From:   Joel Fernandes <joel@joelfernandes.org>
To:     "Li, Aubrey" <aubrey.li@linux.intel.com>
Cc:     Vineeth Remanan Pillai <vpillai@digitalocean.com>,
        Nishanth Aravamudan <naravamudan@digitalocean.com>,
        Julien Desfossez <jdesfossez@digitalocean.com>,
        Peter Zijlstra <peterz@infradead.org>,
        Tim Chen <tim.c.chen@linux.intel.com>, mingo@kernel.org,
        tglx@linutronix.de, pjt@google.com, torvalds@linux-foundation.org,
        linux-kernel@vger.kernel.org, subhra.mazumdar@oracle.com,
        fweisbec@gmail.com, keescook@chromium.org, kerrnel@google.com,
        Phil Auld <pauld@redhat.com>, Aaron Lu <aaron.lwe@gmail.com>,
        Aubrey Li <aubrey.intel@gmail.com>,
        Valentin Schneider <valentin.schneider@arm.com>,
        Mel Gorman <mgorman@techsingularity.net>,
        Pawan Gupta <pawan.kumar.gupta@linux.intel.com>,
        Paolo Bonzini <pbonzini@redhat.com>, vineethrp@gmail.com,
        Chen Yu <yu.c.chen@intel.com>,
        Christian Brauner <christian.brauner@ubuntu.com>,
        Tim Chen <tim.c.chen@intel.com>,
        "Paul E . McKenney" <paulmck@kernel.org>
Subject: Re: [RFC PATCH 14/16] irq: Add support for core-wide protection of
 IRQ and softirq
Message-ID: <20200713155806.GA3962782@google.com>
References: <cover.1593530334.git.vpillai@digitalocean.com>
 <c783b3890b6df669a72c7c4a3012950d009b8034.1593530334.git.vpillai@digitalocean.com>
 <ed837e01-043b-e19b-293c-30d44df6f3a8@linux.intel.com>
 <20200710132129.GA303583@google.com>
 <dc71306f-2693-0e02-8886-5daf96cfa11d@linux.intel.com>
MIME-Version: 1.0
Content-Type: text/plain; charset=us-ascii
Content-Disposition: inline
In-Reply-To: <dc71306f-2693-0e02-8886-5daf96cfa11d@linux.intel.com>
Sender: linux-kernel-owner@vger.kernel.org
Precedence: bulk
List-ID: <linux-kernel.vger.kernel.org>
X-Mailing-List: linux-kernel@vger.kernel.org

On Mon, Jul 13, 2020 at 10:23:31AM +0800, Li, Aubrey wrote:
> On 2020/7/10 21:21, Joel Fernandes wrote:
> > On Fri, Jul 10, 2020 at 08:19:24PM +0800, Li, Aubrey wrote:
> >> Hi Joel/Vineeth,
> >>
> >>
> >> The problem is gone when we reverted this patch. We are running multiple
> >> uperf threads(equal to cpu number) in a cgroup with coresched enabled.
> >> This is 100% reproducible on our side.
> > 
> > Interesting. I am guessing you are not doing any hotplug since those fixes
> > were removed from v6 to expose those hotplug issues..
> > 
> > The last known lockups with this patch were fixed. Appreciate if you can dig
> > in more and provide logs/traces. The last one I remember was:
> > 
> > HT1                                  HT2
> >                                      irq_enter()
> > 				     	- sets the core-wide flag
> > <softirq running>                    
> >       acquires a lock.
> >   <gets irq>
> >   irq_enter() - do nothing.
> >   irq_exit() - busy wait on flag.
> >                                      irq_exit()
> > 				       <softirq running>
> > 				       acquire a lock and deadlock.
> > 
> > The fix was to call sched_core_irq_enter() when you enter enter a softirq
> > from paths other than irq_exit().
> > 
> > Other than this one, we have not seen lockups in heavy testing over the last
> > 2 months since we redesigned this patch to enter the 'private state' on the
> > outer-most core-wide sched_core_irq_enter().
> 
> When the first soft lockup panic on CPU75, it's waiting on flush tlb IPI.
> 
> [  170.641645] CPU: 75 PID: 5393 Comm: uperf Kdump: loaded Not tainted 5.7.6+ #3
> [  170.641651] RIP: 0010:smp_call_function_many_cond+0x2b1/0x2e0
> ----snip----
> [  170.641660] Call Trace:
> [  170.641666]  ? flush_tlb_func_common.constprop.10+0x220/0x220
> [  170.641668]  ? x86_configure_nx+0x50/0x50
> [  170.641669]  ? flush_tlb_func_common.constprop.10+0x220/0x220
> [  170.641670]  on_each_cpu_cond_mask+0x2f/0x80
> [  170.641671]  flush_tlb_mm_range+0xab/0xe0
> [  170.641677]  change_protection+0x18a/0xca0
> [  170.641682]  ? __switch_to_asm+0x34/0x70
> [  170.641685]  change_prot_numa+0x15/0x30
> [  170.641689]  task_numa_work+0x1aa/0x2c0
> [  170.641694]  task_work_run+0x76/0xa0
> [  170.641698]  exit_to_usermode_loop+0xeb/0xf0
> [  170.641700]  do_syscall_64+0x1aa/0x1d0
> [  170.641701]  entry_SYSCALL_64_after_hwframe+0x44/0xa9
> 
> If I read the code correctly, I assume someone is pending on irq_exit() so IPI
> can't return to CPU75, and I found it's CPU91
> 
> [  170.652257] CPU: 91 PID: 5401 Comm: uperf Kdump: loaded Not tainted 5.7.6+ #3
> [  170.652257] RIP: 0010:sched_core_irq_exit+0xcc/0x110
> ----snip----
> [  170.652261] Call Trace:
> [  170.652262]  <IRQ>
> [  170.652262]  irq_exit+0x6a/0xb0
> [  170.652262]  smp_apic_timer_interrupt+0x74/0x130
> [  170.652262]  apic_timer_interrupt+0xf/0x20
> 
> Then I check the stack of CPU91's sibling CPU19, and found it's on a spin lock.
> 
> [  170.643678] CPU: 19 PID: 5385 Comm: uperf Kdump: loaded Not tainted 5.7.6+ #3
> [  170.643679] RIP: 0010:native_queued_spin_lock_slowpath+0x137/0x1e0
> [  170.643684] Call Trace:
> [  170.643684]  <IRQ>
> [  170.643684]  _raw_spin_lock+0x1b/0x20
> [  170.643685]  tcp_delack_timer+0x2c/0xf0
> [  170.643685]  ? tcp_delack_timer_handler+0x170/0x170
> [  170.643685]  call_timer_fn+0x2d/0x130
> [  170.643685]  run_timer_softirq+0x420/0x450
> [  170.643686]  ? enqueue_hrtimer+0x39/0x90
> [  170.643686]  ? __hrtimer_run_queues+0x138/0x290
> [  170.643686]  __do_softirq+0xed/0x2f0
> [  170.643686]  irq_exit+0xad/0xb0
> [  170.643686]  smp_apic_timer_interrupt+0x74/0x130
> [  170.643687]  apic_timer_interrupt+0xf/0x20
> ----snip----
> [  170.643738]  entry_SYSCALL_64_after_hwframe+0x44/0xa9
> 
> So I guess the problem is,
> 
> CPU91					CPU19
> (1)hold a bh_lock_sock(sk)
> (2)<gets irq>
> 					(3) <gets irq>
> (4) irq_exit()
>     -> sched_core_irq_exit()
>        - not outermost, wait()
> 					(5) invoke softirq
> 					(6) acquire bh_lock_sock() and deadlock
> 					(7) sched_core_irq_exit()
> 
> In case I understood anything wrong, I attached the full dmesg.

Thanks a lot for the debugging. This matches the case I mentioned yesterday
so I think that's it.

> IMHO, can we let irq exit and wait before return user mode? I think we
> can trust anything running in the kernel.

Sure, we are waiting in the schedule loop after context_switch(), so per the
patch Vineeth sent, that does exactly what you mentioned.

Another idea is to do it from softirq (so we can raise_softirq). That will
eliminate the deadlock you mentioned since the CPU91 holding the bh_lock_sock
will keep bh disabled until the lock is dropped. Once the lock is dropped, it
will then do the wait in softirq.

But we are thinking softirq-wait might not be needed and resched_curr(rq) from
irq_exit() is sufficient, if the performance of calling into the
schedule_loop is not that much. Vineeth is collecting some data on this.

I was also thinking we should add lockdep annotations to the wait code to
have lockdep catch lock vs wait dependency issues. But probably that is more
useful only if we decide to go the softirq route (sinch in the __schedule()
code, we drop the rq lock before spinning and no other lock should be held).

thanks,

 - Joel


> [    0.000000] Linux version 5.7.6+ (root@ssp_clx_cdi391) (gcc version 7.5.0 (Ubuntu 7.5.0-3ubuntu1~18.04), GNU ld (GNU Binutils for Ubuntu) 2.30) #3 SMP Mon Jul 13 01:11:27 UTC 2020
> [    0.000000] Command line: BOOT_IMAGE=/vmlinuz-5.7.6+ root=/dev/mapper/ubuntu--vg-ubuntu--lv ro console=tty0 console=ttyS0,115200n8 softlockup_panic=1 crashkernel=512M-:768M
> [    0.000000] KERNEL supported cpus:
> [    0.000000]   Intel GenuineIntel
> [    0.000000]   AMD AuthenticAMD
> [    0.000000]   Hygon HygonGenuine
> [    0.000000]   Centaur CentaurHauls
> [    0.000000]   zhaoxin   Shanghai  
> [    0.000000] x86/fpu: Supporting XSAVE feature 0x001: 'x87 floating point registers'
> [    0.000000] x86/fpu: Supporting XSAVE feature 0x002: 'SSE registers'
> [    0.000000] x86/fpu: Supporting XSAVE feature 0x004: 'AVX registers'
> [    0.000000] x86/fpu: Supporting XSAVE feature 0x008: 'MPX bounds registers'
> [    0.000000] x86/fpu: Supporting XSAVE feature 0x010: 'MPX CSR'
> [    0.000000] x86/fpu: Supporting XSAVE feature 0x020: 'AVX-512 opmask'
> [    0.000000] x86/fpu: Supporting XSAVE feature 0x040: 'AVX-512 Hi256'
> [    0.000000] x86/fpu: Supporting XSAVE feature 0x080: 'AVX-512 ZMM_Hi256'
> [    0.000000] x86/fpu: Supporting XSAVE feature 0x200: 'Protection Keys User registers'
> [    0.000000] x86/fpu: xstate_offset[2]:  576, xstate_sizes[2]:  256
> [    0.000000] x86/fpu: xstate_offset[3]:  832, xstate_sizes[3]:   64
> [    0.000000] x86/fpu: xstate_offset[4]:  896, xstate_sizes[4]:   64
> [    0.000000] x86/fpu: xstate_offset[5]:  960, xstate_sizes[5]:   64
> [    0.000000] x86/fpu: xstate_offset[6]: 1024, xstate_sizes[6]:  512
> [    0.000000] x86/fpu: xstate_offset[7]: 1536, xstate_sizes[7]: 1024
> [    0.000000] x86/fpu: xstate_offset[9]: 2560, xstate_sizes[9]:    8
> [    0.000000] x86/fpu: Enabled xstate features 0x2ff, context size is 2568 bytes, using 'compacted' format.
> [    0.000000] BIOS-provided physical RAM map:
> [    0.000000] BIOS-e820: [mem 0x0000000000000000-0x000000000009dfff] usable
> [    0.000000] BIOS-e820: [mem 0x000000000009e000-0x000000000009efff] reserved
> [    0.000000] BIOS-e820: [mem 0x000000000009f000-0x000000000009ffff] ACPI NVS
> [    0.000000] BIOS-e820: [mem 0x00000000000a0000-0x00000000000fffff] reserved
> [    0.000000] BIOS-e820: [mem 0x0000000000100000-0x0000000065e0efff] usable
> [    0.000000] BIOS-e820: [mem 0x0000000065e0f000-0x000000006764efff] reserved
> [    0.000000] BIOS-e820: [mem 0x000000006764f000-0x0000000068ca7fff] ACPI NVS
> [    0.000000] BIOS-e820: [mem 0x0000000068ca8000-0x00000000695fdfff] ACPI data
> [    0.000000] BIOS-e820: [mem 0x00000000695fe000-0x000000006f7fffff] usable
> [    0.000000] BIOS-e820: [mem 0x000000006f800000-0x000000008fffffff] reserved
> [    0.000000] BIOS-e820: [mem 0x00000000fe000000-0x00000000fe010fff] reserved
> [    0.000000] BIOS-e820: [mem 0x0000000100000000-0x000000506fffffff] usable
> [    0.000000] NX (Execute Disable) protection: active
> [    0.000000] e820: update [mem 0x5c84f018-0x5c883c57] usable ==> usable
> [    0.000000] e820: update [mem 0x5c84f018-0x5c883c57] usable ==> usable
> [    0.000000] e820: update [mem 0x5c81a018-0x5c84ec57] usable ==> usable
> [    0.000000] e820: update [mem 0x5c81a018-0x5c84ec57] usable ==> usable
> [    0.000000] extended physical RAM map:
> [    0.000000] reserve setup_data: [mem 0x0000000000000000-0x000000000009dfff] usable
> [    0.000000] reserve setup_data: [mem 0x000000000009e000-0x000000000009efff] reserved
> [    0.000000] reserve setup_data: [mem 0x000000000009f000-0x000000000009ffff] ACPI NVS
> [    0.000000] reserve setup_data: [mem 0x00000000000a0000-0x00000000000fffff] reserved
> [    0.000000] reserve setup_data: [mem 0x0000000000100000-0x000000005c81a017] usable
> [    0.000000] reserve setup_data: [mem 0x000000005c81a018-0x000000005c84ec57] usable
> [    0.000000] reserve setup_data: [mem 0x000000005c84ec58-0x000000005c84f017] usable
> [    0.000000] reserve setup_data: [mem 0x000000005c84f018-0x000000005c883c57] usable
> [    0.000000] reserve setup_data: [mem 0x000000005c883c58-0x0000000065e0efff] usable
> [    0.000000] reserve setup_data: [mem 0x0000000065e0f000-0x000000006764efff] reserved
> [    0.000000] reserve setup_data: [mem 0x000000006764f000-0x0000000068ca7fff] ACPI NVS
> [    0.000000] reserve setup_data: [mem 0x0000000068ca8000-0x00000000695fdfff] ACPI data
> [    0.000000] reserve setup_data: [mem 0x00000000695fe000-0x000000006f7fffff] usable
> [    0.000000] reserve setup_data: [mem 0x000000006f800000-0x000000008fffffff] reserved
> [    0.000000] reserve setup_data: [mem 0x00000000fe000000-0x00000000fe010fff] reserved
> [    0.000000] reserve setup_data: [mem 0x0000000100000000-0x000000506fffffff] usable
> [    0.000000] efi: EFI v2.70 by EDK II
> [    0.000000] efi:  ACPI=0x695fd000  ACPI 2.0=0x695fd014  TPMFinalLog=0x68bee000  SMBIOS=0x65e98000  SMBIOS 3.0=0x65e96000  MEMATTR=0x65d35018  TPMEventLog=0x5f610018 
> [    0.000000] SMBIOS 3.2.0 present.
> [    0.000000] DMI: Intel Corporation CooperCity/CooperCity, BIOS WLYDCRB1.SYS.0016.P38.2006170234 06/17/2020
> [    0.000000] tsc: Detected 2500.000 MHz processor
> [    0.000541] e820: update [mem 0x00000000-0x00000fff] usable ==> reserved
> [    0.000542] e820: remove [mem 0x000a0000-0x000fffff] usable
> [    0.000547] last_pfn = 0x5070000 max_arch_pfn = 0x400000000
> [    0.000551] MTRR default type: uncachable
> [    0.000552] MTRR fixed ranges enabled:
> [    0.000553]   00000-9FFFF write-back
> [    0.000554]   A0000-FFFFF uncachable
> [    0.000554] MTRR variable ranges enabled:
> [    0.000556]   0 base 000000000000 mask 3FC000000000 write-back
> [    0.000557]   1 base 004000000000 mask 3FF000000000 write-back
> [    0.000557]   2 base 005000000000 mask 3FFF80000000 write-back
> [    0.000558]   3 base 005070000000 mask 3FFFF0000000 uncachable
> [    0.000559]   4 base 000080000000 mask 3FFF80000000 uncachable
> [    0.000560]   5 base 00007F000000 mask 3FFFFF000000 uncachable
> [    0.000560]   6 disabled
> [    0.000561]   7 disabled
> [    0.000561]   8 disabled
> [    0.000562]   9 disabled
> [    0.001367] x86/PAT: Configuration [0-7]: WB  WC  UC- UC  WB  WP  UC- WT  
> [    0.002413] total RAM covered: 327408M
> [    0.002560]  gran_size: 64K 	chunk_size: 64K 	num_reg: 10  	lose cover RAM: 296704M
> [    0.002562]  gran_size: 64K 	chunk_size: 128K 	num_reg: 10  	lose cover RAM: 296704M
> [    0.002563]  gran_size: 64K 	chunk_size: 256K 	num_reg: 10  	lose cover RAM: 296704M
> [    0.002564]  gran_size: 64K 	chunk_size: 512K 	num_reg: 10  	lose cover RAM: 296704M
> [    0.002565]  gran_size: 64K 	chunk_size: 1M 	num_reg: 10  	lose cover RAM: 296704M
> [    0.002567]  gran_size: 64K 	chunk_size: 2M 	num_reg: 10  	lose cover RAM: 296704M
> [    0.002568]  gran_size: 64K 	chunk_size: 4M 	num_reg: 10  	lose cover RAM: 296704M
> [    0.002569]  gran_size: 64K 	chunk_size: 8M 	num_reg: 10  	lose cover RAM: 296704M
> [    0.002570]  gran_size: 64K 	chunk_size: 16M 	num_reg: 10  	lose cover RAM: 296704M
> [    0.002571]  gran_size: 64K 	chunk_size: 32M 	num_reg: 10  	lose cover RAM: 768M
> [    0.002572]  gran_size: 64K 	chunk_size: 64M 	num_reg: 10  	lose cover RAM: 768M
> [    0.002573]  gran_size: 64K 	chunk_size: 128M 	num_reg: 10  	lose cover RAM: 768M
> [    0.002575]  gran_size: 64K 	chunk_size: 256M 	num_reg: 10  	lose cover RAM: 768M
> [    0.002576] *BAD*gran_size: 64K 	chunk_size: 512M 	num_reg: 10  	lose cover RAM: -256M
> [    0.002577] *BAD*gran_size: 64K 	chunk_size: 1G 	num_reg: 10  	lose cover RAM: -256M
> [    0.002578] *BAD*gran_size: 64K 	chunk_size: 2G 	num_reg: 10  	lose cover RAM: -256M
> [    0.002579]  gran_size: 128K 	chunk_size: 128K 	num_reg: 10  	lose cover RAM: 296704M
> [    0.002580]  gran_size: 128K 	chunk_size: 256K 	num_reg: 10  	lose cover RAM: 296704M
> [    0.002582]  gran_size: 128K 	chunk_size: 512K 	num_reg: 10  	lose cover RAM: 296704M
> [    0.002583]  gran_size: 128K 	chunk_size: 1M 	num_reg: 10  	lose cover RAM: 296704M
> [    0.002584]  gran_size: 128K 	chunk_size: 2M 	num_reg: 10  	lose cover RAM: 296704M
> [    0.002585]  gran_size: 128K 	chunk_size: 4M 	num_reg: 10  	lose cover RAM: 296704M
> [    0.002586]  gran_size: 128K 	chunk_size: 8M 	num_reg: 10  	lose cover RAM: 296704M
> [    0.002587]  gran_size: 128K 	chunk_size: 16M 	num_reg: 10  	lose cover RAM: 296704M
> [    0.002588]  gran_size: 128K 	chunk_size: 32M 	num_reg: 10  	lose cover RAM: 768M
> [    0.002589]  gran_size: 128K 	chunk_size: 64M 	num_reg: 10  	lose cover RAM: 768M
> [    0.002590]  gran_size: 128K 	chunk_size: 128M 	num_reg: 10  	lose cover RAM: 768M
> [    0.002592]  gran_size: 128K 	chunk_size: 256M 	num_reg: 10  	lose cover RAM: 768M
> [    0.002593] *BAD*gran_size: 128K 	chunk_size: 512M 	num_reg: 10  	lose cover RAM: -256M
> [    0.002594] *BAD*gran_size: 128K 	chunk_size: 1G 	num_reg: 10  	lose cover RAM: -256M
> [    0.002595] *BAD*gran_size: 128K 	chunk_size: 2G 	num_reg: 10  	lose cover RAM: -256M
> [    0.002596]  gran_size: 256K 	chunk_size: 256K 	num_reg: 10  	lose cover RAM: 296704M
> [    0.002597]  gran_size: 256K 	chunk_size: 512K 	num_reg: 10  	lose cover RAM: 296704M
> [    0.002598]  gran_size: 256K 	chunk_size: 1M 	num_reg: 10  	lose cover RAM: 296704M
> [    0.002599]  gran_size: 256K 	chunk_size: 2M 	num_reg: 10  	lose cover RAM: 296704M
> [    0.002601]  gran_size: 256K 	chunk_size: 4M 	num_reg: 10  	lose cover RAM: 296704M
> [    0.002602]  gran_size: 256K 	chunk_size: 8M 	num_reg: 10  	lose cover RAM: 296704M
> [    0.002603]  gran_size: 256K 	chunk_size: 16M 	num_reg: 10  	lose cover RAM: 296704M
> [    0.002604]  gran_size: 256K 	chunk_size: 32M 	num_reg: 10  	lose cover RAM: 768M
> [    0.002605]  gran_size: 256K 	chunk_size: 64M 	num_reg: 10  	lose cover RAM: 768M
> [    0.002606]  gran_size: 256K 	chunk_size: 128M 	num_reg: 10  	lose cover RAM: 768M
> [    0.002607]  gran_size: 256K 	chunk_size: 256M 	num_reg: 10  	lose cover RAM: 768M
> [    0.002608] *BAD*gran_size: 256K 	chunk_size: 512M 	num_reg: 10  	lose cover RAM: -256M
> [    0.002610] *BAD*gran_size: 256K 	chunk_size: 1G 	num_reg: 10  	lose cover RAM: -256M
> [    0.002611] *BAD*gran_size: 256K 	chunk_size: 2G 	num_reg: 10  	lose cover RAM: -256M
> [    0.002612]  gran_size: 512K 	chunk_size: 512K 	num_reg: 10  	lose cover RAM: 296704M
> [    0.002613]  gran_size: 512K 	chunk_size: 1M 	num_reg: 10  	lose cover RAM: 296704M
> [    0.002614]  gran_size: 512K 	chunk_size: 2M 	num_reg: 10  	lose cover RAM: 296704M
> [    0.002615]  gran_size: 512K 	chunk_size: 4M 	num_reg: 10  	lose cover RAM: 296704M
> [    0.002616]  gran_size: 512K 	chunk_size: 8M 	num_reg: 10  	lose cover RAM: 296704M
> [    0.002617]  gran_size: 512K 	chunk_size: 16M 	num_reg: 10  	lose cover RAM: 296704M
> [    0.002618]  gran_size: 512K 	chunk_size: 32M 	num_reg: 10  	lose cover RAM: 768M
> [    0.002619]  gran_size: 512K 	chunk_size: 64M 	num_reg: 10  	lose cover RAM: 768M
> [    0.002621]  gran_size: 512K 	chunk_size: 128M 	num_reg: 10  	lose cover RAM: 768M
> [    0.002622]  gran_size: 512K 	chunk_size: 256M 	num_reg: 10  	lose cover RAM: 768M
> [    0.002623] *BAD*gran_size: 512K 	chunk_size: 512M 	num_reg: 10  	lose cover RAM: -256M
> [    0.002624] *BAD*gran_size: 512K 	chunk_size: 1G 	num_reg: 10  	lose cover RAM: -256M
> [    0.002625] *BAD*gran_size: 512K 	chunk_size: 2G 	num_reg: 10  	lose cover RAM: -256M
> [    0.002626]  gran_size: 1M 	chunk_size: 1M 	num_reg: 10  	lose cover RAM: 296704M
> [    0.002627]  gran_size: 1M 	chunk_size: 2M 	num_reg: 10  	lose cover RAM: 296704M
> [    0.002629]  gran_size: 1M 	chunk_size: 4M 	num_reg: 10  	lose cover RAM: 296704M
> [    0.002630]  gran_size: 1M 	chunk_size: 8M 	num_reg: 10  	lose cover RAM: 296704M
> [    0.002631]  gran_size: 1M 	chunk_size: 16M 	num_reg: 10  	lose cover RAM: 296704M
> [    0.002632]  gran_size: 1M 	chunk_size: 32M 	num_reg: 10  	lose cover RAM: 768M
> [    0.002633]  gran_size: 1M 	chunk_size: 64M 	num_reg: 10  	lose cover RAM: 768M
> [    0.002634]  gran_size: 1M 	chunk_size: 128M 	num_reg: 10  	lose cover RAM: 768M
> [    0.002635]  gran_size: 1M 	chunk_size: 256M 	num_reg: 10  	lose cover RAM: 768M
> [    0.002636] *BAD*gran_size: 1M 	chunk_size: 512M 	num_reg: 10  	lose cover RAM: -256M
> [    0.002638] *BAD*gran_size: 1M 	chunk_size: 1G 	num_reg: 10  	lose cover RAM: -256M
> [    0.002639] *BAD*gran_size: 1M 	chunk_size: 2G 	num_reg: 10  	lose cover RAM: -256M
> [    0.002640]  gran_size: 2M 	chunk_size: 2M 	num_reg: 10  	lose cover RAM: 296704M
> [    0.002641]  gran_size: 2M 	chunk_size: 4M 	num_reg: 10  	lose cover RAM: 296704M
> [    0.002642]  gran_size: 2M 	chunk_size: 8M 	num_reg: 10  	lose cover RAM: 296704M
> [    0.002643]  gran_size: 2M 	chunk_size: 16M 	num_reg: 10  	lose cover RAM: 296704M
> [    0.002644]  gran_size: 2M 	chunk_size: 32M 	num_reg: 10  	lose cover RAM: 768M
> [    0.002645]  gran_size: 2M 	chunk_size: 64M 	num_reg: 10  	lose cover RAM: 768M
> [    0.002646]  gran_size: 2M 	chunk_size: 128M 	num_reg: 10  	lose cover RAM: 768M
> [    0.002648]  gran_size: 2M 	chunk_size: 256M 	num_reg: 10  	lose cover RAM: 768M
> [    0.002649] *BAD*gran_size: 2M 	chunk_size: 512M 	num_reg: 10  	lose cover RAM: -256M
> [    0.002650] *BAD*gran_size: 2M 	chunk_size: 1G 	num_reg: 10  	lose cover RAM: -256M
> [    0.002651] *BAD*gran_size: 2M 	chunk_size: 2G 	num_reg: 10  	lose cover RAM: -256M
> [    0.002652]  gran_size: 4M 	chunk_size: 4M 	num_reg: 10  	lose cover RAM: 296704M
> [    0.002653]  gran_size: 4M 	chunk_size: 8M 	num_reg: 10  	lose cover RAM: 296704M
> [    0.002654]  gran_size: 4M 	chunk_size: 16M 	num_reg: 10  	lose cover RAM: 296704M
> [    0.002655]  gran_size: 4M 	chunk_size: 32M 	num_reg: 10  	lose cover RAM: 768M
> [    0.002656]  gran_size: 4M 	chunk_size: 64M 	num_reg: 10  	lose cover RAM: 768M
> [    0.002657]  gran_size: 4M 	chunk_size: 128M 	num_reg: 10  	lose cover RAM: 768M
> [    0.002659]  gran_size: 4M 	chunk_size: 256M 	num_reg: 10  	lose cover RAM: 768M
> [    0.002660] *BAD*gran_size: 4M 	chunk_size: 512M 	num_reg: 10  	lose cover RAM: -256M
> [    0.002661] *BAD*gran_size: 4M 	chunk_size: 1G 	num_reg: 10  	lose cover RAM: -256M
> [    0.002662] *BAD*gran_size: 4M 	chunk_size: 2G 	num_reg: 10  	lose cover RAM: -256M
> [    0.002663]  gran_size: 8M 	chunk_size: 8M 	num_reg: 10  	lose cover RAM: 296704M
> [    0.002664]  gran_size: 8M 	chunk_size: 16M 	num_reg: 10  	lose cover RAM: 296704M
> [    0.002665]  gran_size: 8M 	chunk_size: 32M 	num_reg: 10  	lose cover RAM: 768M
> [    0.002666]  gran_size: 8M 	chunk_size: 64M 	num_reg: 10  	lose cover RAM: 768M
> [    0.002667]  gran_size: 8M 	chunk_size: 128M 	num_reg: 10  	lose cover RAM: 768M
> [    0.002669]  gran_size: 8M 	chunk_size: 256M 	num_reg: 10  	lose cover RAM: 768M
> [    0.002670] *BAD*gran_size: 8M 	chunk_size: 512M 	num_reg: 10  	lose cover RAM: -256M
> [    0.002671] *BAD*gran_size: 8M 	chunk_size: 1G 	num_reg: 10  	lose cover RAM: -256M
> [    0.002672] *BAD*gran_size: 8M 	chunk_size: 2G 	num_reg: 10  	lose cover RAM: -256M
> [    0.002673]  gran_size: 16M 	chunk_size: 16M 	num_reg: 10  	lose cover RAM: 296704M
> [    0.002674]  gran_size: 16M 	chunk_size: 32M 	num_reg: 10  	lose cover RAM: 768M
> [    0.002675]  gran_size: 16M 	chunk_size: 64M 	num_reg: 10  	lose cover RAM: 768M
> [    0.002676]  gran_size: 16M 	chunk_size: 128M 	num_reg: 10  	lose cover RAM: 768M
> [    0.002677]  gran_size: 16M 	chunk_size: 256M 	num_reg: 10  	lose cover RAM: 768M
> [    0.002679] *BAD*gran_size: 16M 	chunk_size: 512M 	num_reg: 10  	lose cover RAM: -256M
> [    0.002680] *BAD*gran_size: 16M 	chunk_size: 1G 	num_reg: 10  	lose cover RAM: -256M
> [    0.002681] *BAD*gran_size: 16M 	chunk_size: 2G 	num_reg: 10  	lose cover RAM: -256M
> [    0.002682]  gran_size: 32M 	chunk_size: 32M 	num_reg: 10  	lose cover RAM: 263952M
> [    0.002683]  gran_size: 32M 	chunk_size: 64M 	num_reg: 10  	lose cover RAM: 784M
> [    0.002684]  gran_size: 32M 	chunk_size: 128M 	num_reg: 10  	lose cover RAM: 784M
> [    0.002685]  gran_size: 32M 	chunk_size: 256M 	num_reg: 10  	lose cover RAM: 784M
> [    0.002687] *BAD*gran_size: 32M 	chunk_size: 512M 	num_reg: 10  	lose cover RAM: -240M
> [    0.002688] *BAD*gran_size: 32M 	chunk_size: 1G 	num_reg: 10  	lose cover RAM: -240M
> [    0.002689] *BAD*gran_size: 32M 	chunk_size: 2G 	num_reg: 10  	lose cover RAM: -240M
> [    0.002690]  gran_size: 64M 	chunk_size: 64M 	num_reg: 10  	lose cover RAM: 198448M
> [    0.002691]  gran_size: 64M 	chunk_size: 128M 	num_reg: 10  	lose cover RAM: 816M
> [    0.002692]  gran_size: 64M 	chunk_size: 256M 	num_reg: 10  	lose cover RAM: 816M
> [    0.002693] *BAD*gran_size: 64M 	chunk_size: 512M 	num_reg: 10  	lose cover RAM: -208M
> [    0.002694] *BAD*gran_size: 64M 	chunk_size: 1G 	num_reg: 10  	lose cover RAM: -208M
> [    0.002696] *BAD*gran_size: 64M 	chunk_size: 2G 	num_reg: 10  	lose cover RAM: -208M
> [    0.002697]  gran_size: 128M 	chunk_size: 128M 	num_reg: 10  	lose cover RAM: 67440M
> [    0.002698]  gran_size: 128M 	chunk_size: 256M 	num_reg: 10  	lose cover RAM: 880M
> [    0.002699] *BAD*gran_size: 128M 	chunk_size: 512M 	num_reg: 10  	lose cover RAM: -144M
> [    0.002700] *BAD*gran_size: 128M 	chunk_size: 1G 	num_reg: 10  	lose cover RAM: -144M
> [    0.002701] *BAD*gran_size: 128M 	chunk_size: 2G 	num_reg: 10  	lose cover RAM: -144M
> [    0.002702]  gran_size: 256M 	chunk_size: 256M 	num_reg: 10  	lose cover RAM: 2032M
> [    0.002704] *BAD*gran_size: 256M 	chunk_size: 512M 	num_reg: 10  	lose cover RAM: -16M
> [    0.002705] *BAD*gran_size: 256M 	chunk_size: 1G 	num_reg: 10  	lose cover RAM: -16M
> [    0.002706] *BAD*gran_size: 256M 	chunk_size: 2G 	num_reg: 10  	lose cover RAM: -16M
> [    0.002707]  gran_size: 512M 	chunk_size: 512M 	num_reg: 10  	lose cover RAM: 1264M
> [    0.002708]  gran_size: 512M 	chunk_size: 1G 	num_reg: 10  	lose cover RAM: 240M
> [    0.002709]  gran_size: 512M 	chunk_size: 2G 	num_reg: 10  	lose cover RAM: 240M
> [    0.002711]  gran_size: 1G 	chunk_size: 1G 	num_reg: 9  	lose cover RAM: 1776M
> [    0.002712]  gran_size: 1G 	chunk_size: 2G 	num_reg: 10  	lose cover RAM: 1776M
> [    0.002713]  gran_size: 2G 	chunk_size: 2G 	num_reg: 7  	lose cover RAM: 3824M
> [    0.002714] mtrr_cleanup: can not find optimal value
> [    0.002715] please specify mtrr_gran_size/mtrr_chunk_size
> [    0.002719] e820: update [mem 0x7f000000-0xffffffff] usable ==> reserved
> [    0.002722] last_pfn = 0x6f800 max_arch_pfn = 0x400000000
> [    0.028467] check: Scanning 1 areas for low memory corruption
> [    0.028471] kexec: Reserving the low 1M of memory for crashkernel
> [    0.028475] Using GB pages for direct mapping
> [    0.028812] Secure boot disabled
> [    0.028813] RAMDISK: [mem 0x3c803000-0x3fffdfff]
> [    0.028826] ACPI: Early table checksum verification disabled
> [    0.028829] ACPI: RSDP 0x00000000695FD014 000024 (v02 INTEL )
> [    0.028833] ACPI: XSDT 0x0000000068E98188 0000F4 (v01 INTEL  INTEL ID 00000000 INTL 01000013)
> [    0.028839] ACPI: FACP 0x00000000695F4000 000114 (v06 INTEL  INTEL ID 00000000 INTL 20091013)
> [    0.028844] ACPI: DSDT 0x000000006955C000 091BA6 (v02 INTEL  INTEL ID 00000003 INTL 20091013)
> [    0.028848] ACPI: FACS 0x0000000068BE5000 000040
> [    0.028850] ACPI: SSDT 0x00000000695FB000 0004C5 (v02 INTEL  INTEL ID 00000000 MSFT 0100000D)
> [    0.028853] ACPI: SSDT 0x00000000695FA000 000479 (v02 INTEL  RAS_ACPI 00000001 INTL 20181003)
> [    0.028856] ACPI: SSDT 0x00000000695F9000 00060E (v02 INTEL  Tpm2Tabl 00001000 INTL 20181003)
> [    0.028859] ACPI: TPM2 0x00000000695F8000 00004C (v04 INTEL  INTEL ID 00000002 INTL 01000013)
> [    0.028862] ACPI: SSDT 0x00000000695F7000 000663 (v02 INTEL  ADDRXLAT 00000001 INTL 20181003)
> [    0.028865] ACPI: BERT 0x00000000695F6000 000030 (v01 INTEL  INTEL ID 00000001 INTL 00000001)
> [    0.028868] ACPI: ERST 0x00000000695F5000 000230 (v01 INTEL  INTEL ID 00000001 INTL 00000001)
> [    0.028870] ACPI: HMAT 0x00000000695F3000 000270 (v01 INTEL  INTEL ID 00000001 INTL 20091013)
> [    0.028873] ACPI: HPET 0x00000000695F2000 000038 (v01 INTEL  INTEL ID 00000001 INTL 20091013)
> [    0.028876] ACPI: MCFG 0x00000000695F1000 00003C (v01 INTEL  INTEL ID 00000001 INTL 20091013)
> [    0.028879] ACPI: MIGT 0x00000000695F0000 000040 (v01 INTEL  INTEL ID 00000000 INTL 20091013)
> [    0.028882] ACPI: MSCT 0x00000000695EF000 0000E8 (v01 INTEL  INTEL ID 00000001 INTL 20091013)
> [    0.028884] ACPI: WDDT 0x00000000695EE000 000040 (v01 INTEL  INTEL ID 00000000 INTL 20091013)
> [    0.028887] ACPI: APIC 0x000000006955B000 00059E (v04 INTEL  INTEL ID 00000000 INTL 20091013)
> [    0.028890] ACPI: SLIT 0x0000000069556000 00402C (v01 INTEL  INTEL ID 00000001 INTL 01000013)
> [    0.028893] ACPI: SRAT 0x000000006954A000 00B430 (v03 INTEL  INTEL ID 00000002 INTL 01000013)
> [    0.028896] ACPI: OEM4 0x000000006923A000 30F461 (v02 INTEL  CPU  CST 00003000 INTL 20181003)
> [    0.028899] ACPI: OEM1 0x0000000069013000 226889 (v02 INTEL  CPU EIST 00003000 INTL 20181003)
> [    0.028902] ACPI: OEM2 0x0000000068F86000 08C031 (v02 INTEL  CPU  HWP 00003000 INTL 20181003)
> [    0.028905] ACPI: SSDT 0x0000000068E99000 0EC8A5 (v02 INTEL  SSDT  PM 00004000 INTL 20181003)
> [    0.028907] ACPI: SSDT 0x00000000695FC000 000943 (v02 INTEL  INTEL ID 00000000 INTL 20091013)
> [    0.028910] ACPI: HEST 0x0000000068E97000 00013C (v01 INTEL  INTEL ID 00000001 INTL 00000001)
> [    0.028913] ACPI: SSDT 0x0000000068E88000 00E497 (v02 INTEL  SpsNm    00000002 INTL 20181003)
> [    0.028916] ACPI: SPCR 0x0000000068E87000 000050 (v02 INTEL  INTEL ID 00000000 INTL 01000013)
> [    0.028919] ACPI: FPDT 0x0000000068E86000 000044 (v01 INTEL  INTEL ID 00000002 INTL 01000013)
> [    0.028926] ACPI: Local APIC address 0xfee00000
> [    0.029007] SRAT: PXM 0 -> APIC 0x00 -> Node 0
> [    0.029008] SRAT: PXM 0 -> APIC 0x02 -> Node 0
> [    0.029008] SRAT: PXM 0 -> APIC 0x04 -> Node 0
> [    0.029009] SRAT: PXM 0 -> APIC 0x06 -> Node 0
> [    0.029010] SRAT: PXM 0 -> APIC 0x08 -> Node 0
> [    0.029011] SRAT: PXM 0 -> APIC 0x10 -> Node 0
> [    0.029012] SRAT: PXM 0 -> APIC 0x12 -> Node 0
> [    0.029012] SRAT: PXM 0 -> APIC 0x14 -> Node 0
> [    0.029013] SRAT: PXM 0 -> APIC 0x16 -> Node 0
> [    0.029014] SRAT: PXM 0 -> APIC 0x20 -> Node 0
> [    0.029015] SRAT: PXM 0 -> APIC 0x22 -> Node 0
> [    0.029015] SRAT: PXM 0 -> APIC 0x24 -> Node 0
> [    0.029016] SRAT: PXM 0 -> APIC 0x26 -> Node 0
> [    0.029017] SRAT: PXM 0 -> APIC 0x28 -> Node 0
> [    0.029018] SRAT: PXM 0 -> APIC 0x30 -> Node 0
> [    0.029018] SRAT: PXM 0 -> APIC 0x32 -> Node 0
> [    0.029019] SRAT: PXM 0 -> APIC 0x34 -> Node 0
> [    0.029020] SRAT: PXM 0 -> APIC 0x36 -> Node 0
> [    0.029021] SRAT: PXM 1 -> APIC 0x40 -> Node 1
> [    0.029021] SRAT: PXM 1 -> APIC 0x42 -> Node 1
> [    0.029022] SRAT: PXM 1 -> APIC 0x44 -> Node 1
> [    0.029023] SRAT: PXM 1 -> APIC 0x46 -> Node 1
> [    0.029024] SRAT: PXM 1 -> APIC 0x48 -> Node 1
> [    0.029024] SRAT: PXM 1 -> APIC 0x50 -> Node 1
> [    0.029025] SRAT: PXM 1 -> APIC 0x52 -> Node 1
> [    0.029026] SRAT: PXM 1 -> APIC 0x54 -> Node 1
> [    0.029027] SRAT: PXM 1 -> APIC 0x56 -> Node 1
> [    0.029027] SRAT: PXM 1 -> APIC 0x60 -> Node 1
> [    0.029028] SRAT: PXM 1 -> APIC 0x62 -> Node 1
> [    0.029029] SRAT: PXM 1 -> APIC 0x64 -> Node 1
> [    0.029030] SRAT: PXM 1 -> APIC 0x66 -> Node 1
> [    0.029030] SRAT: PXM 1 -> APIC 0x68 -> Node 1
> [    0.029031] SRAT: PXM 1 -> APIC 0x70 -> Node 1
> [    0.029032] SRAT: PXM 1 -> APIC 0x72 -> Node 1
> [    0.029033] SRAT: PXM 1 -> APIC 0x74 -> Node 1
> [    0.029033] SRAT: PXM 1 -> APIC 0x76 -> Node 1
> [    0.029034] SRAT: PXM 2 -> APIC 0x80 -> Node 2
> [    0.029035] SRAT: PXM 2 -> APIC 0x82 -> Node 2
> [    0.029036] SRAT: PXM 2 -> APIC 0x84 -> Node 2
> [    0.029036] SRAT: PXM 2 -> APIC 0x86 -> Node 2
> [    0.029037] SRAT: PXM 2 -> APIC 0x88 -> Node 2
> [    0.029038] SRAT: PXM 2 -> APIC 0x90 -> Node 2
> [    0.029039] SRAT: PXM 2 -> APIC 0x92 -> Node 2
> [    0.029039] SRAT: PXM 2 -> APIC 0x94 -> Node 2
> [    0.029040] SRAT: PXM 2 -> APIC 0x96 -> Node 2
> [    0.029041] SRAT: PXM 2 -> APIC 0xa0 -> Node 2
> [    0.029042] SRAT: PXM 2 -> APIC 0xa2 -> Node 2
> [    0.029042] SRAT: PXM 2 -> APIC 0xa4 -> Node 2
> [    0.029043] SRAT: PXM 2 -> APIC 0xa6 -> Node 2
> [    0.029044] SRAT: PXM 2 -> APIC 0xa8 -> Node 2
> [    0.029045] SRAT: PXM 2 -> APIC 0xb0 -> Node 2
> [    0.029045] SRAT: PXM 2 -> APIC 0xb2 -> Node 2
> [    0.029046] SRAT: PXM 2 -> APIC 0xb4 -> Node 2
> [    0.029047] SRAT: PXM 2 -> APIC 0xb6 -> Node 2
> [    0.029048] SRAT: PXM 3 -> APIC 0xc0 -> Node 3
> [    0.029048] SRAT: PXM 3 -> APIC 0xc2 -> Node 3
> [    0.029049] SRAT: PXM 3 -> APIC 0xc4 -> Node 3
> [    0.029050] SRAT: PXM 3 -> APIC 0xc6 -> Node 3
> [    0.029051] SRAT: PXM 3 -> APIC 0xc8 -> Node 3
> [    0.029051] SRAT: PXM 3 -> APIC 0xd0 -> Node 3
> [    0.029052] SRAT: PXM 3 -> APIC 0xd2 -> Node 3
> [    0.029053] SRAT: PXM 3 -> APIC 0xd4 -> Node 3
> [    0.029054] SRAT: PXM 3 -> APIC 0xd6 -> Node 3
> [    0.029054] SRAT: PXM 3 -> APIC 0xe0 -> Node 3
> [    0.029055] SRAT: PXM 3 -> APIC 0xe2 -> Node 3
> [    0.029056] SRAT: PXM 3 -> APIC 0xe4 -> Node 3
> [    0.029057] SRAT: PXM 3 -> APIC 0xe6 -> Node 3
> [    0.029057] SRAT: PXM 3 -> APIC 0xe8 -> Node 3
> [    0.029058] SRAT: PXM 3 -> APIC 0xf0 -> Node 3
> [    0.029059] SRAT: PXM 3 -> APIC 0xf2 -> Node 3
> [    0.029060] SRAT: PXM 3 -> APIC 0xf4 -> Node 3
> [    0.029060] SRAT: PXM 3 -> APIC 0xf6 -> Node 3
> [    0.029061] SRAT: PXM 0 -> APIC 0x01 -> Node 0
> [    0.029062] SRAT: PXM 0 -> APIC 0x03 -> Node 0
> [    0.029063] SRAT: PXM 0 -> APIC 0x05 -> Node 0
> [    0.029063] SRAT: PXM 0 -> APIC 0x07 -> Node 0
> [    0.029064] SRAT: PXM 0 -> APIC 0x09 -> Node 0
> [    0.029065] SRAT: PXM 0 -> APIC 0x11 -> Node 0
> [    0.029066] SRAT: PXM 0 -> APIC 0x13 -> Node 0
> [    0.029066] SRAT: PXM 0 -> APIC 0x15 -> Node 0
> [    0.029067] SRAT: PXM 0 -> APIC 0x17 -> Node 0
> [    0.029068] SRAT: PXM 0 -> APIC 0x21 -> Node 0
> [    0.029069] SRAT: PXM 0 -> APIC 0x23 -> Node 0
> [    0.029069] SRAT: PXM 0 -> APIC 0x25 -> Node 0
> [    0.029070] SRAT: PXM 0 -> APIC 0x27 -> Node 0
> [    0.029071] SRAT: PXM 0 -> APIC 0x29 -> Node 0
> [    0.029071] SRAT: PXM 0 -> APIC 0x31 -> Node 0
> [    0.029072] SRAT: PXM 0 -> APIC 0x33 -> Node 0
> [    0.029073] SRAT: PXM 0 -> APIC 0x35 -> Node 0
> [    0.029074] SRAT: PXM 0 -> APIC 0x37 -> Node 0
> [    0.029074] SRAT: PXM 1 -> APIC 0x41 -> Node 1
> [    0.029075] SRAT: PXM 1 -> APIC 0x43 -> Node 1
> [    0.029076] SRAT: PXM 1 -> APIC 0x45 -> Node 1
> [    0.029077] SRAT: PXM 1 -> APIC 0x47 -> Node 1
> [    0.029077] SRAT: PXM 1 -> APIC 0x49 -> Node 1
> [    0.029078] SRAT: PXM 1 -> APIC 0x51 -> Node 1
> [    0.029079] SRAT: PXM 1 -> APIC 0x53 -> Node 1
> [    0.029080] SRAT: PXM 1 -> APIC 0x55 -> Node 1
> [    0.029080] SRAT: PXM 1 -> APIC 0x57 -> Node 1
> [    0.029081] SRAT: PXM 1 -> APIC 0x61 -> Node 1
> [    0.029082] SRAT: PXM 1 -> APIC 0x63 -> Node 1
> [    0.029083] SRAT: PXM 1 -> APIC 0x65 -> Node 1
> [    0.029083] SRAT: PXM 1 -> APIC 0x67 -> Node 1
> [    0.029084] SRAT: PXM 1 -> APIC 0x69 -> Node 1
> [    0.029085] SRAT: PXM 1 -> APIC 0x71 -> Node 1
> [    0.029086] SRAT: PXM 1 -> APIC 0x73 -> Node 1
> [    0.029086] SRAT: PXM 1 -> APIC 0x75 -> Node 1
> [    0.029087] SRAT: PXM 1 -> APIC 0x77 -> Node 1
> [    0.029088] SRAT: PXM 2 -> APIC 0x81 -> Node 2
> [    0.029089] SRAT: PXM 2 -> APIC 0x83 -> Node 2
> [    0.029089] SRAT: PXM 2 -> APIC 0x85 -> Node 2
> [    0.029090] SRAT: PXM 2 -> APIC 0x87 -> Node 2
> [    0.029091] SRAT: PXM 2 -> APIC 0x89 -> Node 2
> [    0.029092] SRAT: PXM 2 -> APIC 0x91 -> Node 2
> [    0.029092] SRAT: PXM 2 -> APIC 0x93 -> Node 2
> [    0.029093] SRAT: PXM 2 -> APIC 0x95 -> Node 2
> [    0.029094] SRAT: PXM 2 -> APIC 0x97 -> Node 2
> [    0.029095] SRAT: PXM 2 -> APIC 0xa1 -> Node 2
> [    0.029095] SRAT: PXM 2 -> APIC 0xa3 -> Node 2
> [    0.029096] SRAT: PXM 2 -> APIC 0xa5 -> Node 2
> [    0.029097] SRAT: PXM 2 -> APIC 0xa7 -> Node 2
> [    0.029097] SRAT: PXM 2 -> APIC 0xa9 -> Node 2
> [    0.029098] SRAT: PXM 2 -> APIC 0xb1 -> Node 2
> [    0.029099] SRAT: PXM 2 -> APIC 0xb3 -> Node 2
> [    0.029100] SRAT: PXM 2 -> APIC 0xb5 -> Node 2
> [    0.029100] SRAT: PXM 2 -> APIC 0xb7 -> Node 2
> [    0.029101] SRAT: PXM 3 -> APIC 0xc1 -> Node 3
> [    0.029102] SRAT: PXM 3 -> APIC 0xc3 -> Node 3
> [    0.029103] SRAT: PXM 3 -> APIC 0xc5 -> Node 3
> [    0.029103] SRAT: PXM 3 -> APIC 0xc7 -> Node 3
> [    0.029104] SRAT: PXM 3 -> APIC 0xc9 -> Node 3
> [    0.029105] SRAT: PXM 3 -> APIC 0xd1 -> Node 3
> [    0.029106] SRAT: PXM 3 -> APIC 0xd3 -> Node 3
> [    0.029106] SRAT: PXM 3 -> APIC 0xd5 -> Node 3
> [    0.029107] SRAT: PXM 3 -> APIC 0xd7 -> Node 3
> [    0.029108] SRAT: PXM 3 -> APIC 0xe1 -> Node 3
> [    0.029109] SRAT: PXM 3 -> APIC 0xe3 -> Node 3
> [    0.029109] SRAT: PXM 3 -> APIC 0xe5 -> Node 3
> [    0.029110] SRAT: PXM 3 -> APIC 0xe7 -> Node 3
> [    0.029111] SRAT: PXM 3 -> APIC 0xe9 -> Node 3
> [    0.029112] SRAT: PXM 3 -> APIC 0xf1 -> Node 3
> [    0.029112] SRAT: PXM 3 -> APIC 0xf3 -> Node 3
> [    0.029113] SRAT: PXM 3 -> APIC 0xf5 -> Node 3
> [    0.029114] SRAT: PXM 3 -> APIC 0xf7 -> Node 3
> [    0.029167] ACPI: SRAT: Node 0 PXM 0 [mem 0x00000000-0x7fffffff]
> [    0.029168] ACPI: SRAT: Node 0 PXM 0 [mem 0x100000000-0x186fffffff]
> [    0.029169] ACPI: SRAT: Node 1 PXM 1 [mem 0x1870000000-0x306fffffff]
> [    0.029170] ACPI: SRAT: Node 2 PXM 2 [mem 0x3070000000-0x406fffffff]
> [    0.029171] ACPI: SRAT: Node 3 PXM 3 [mem 0x4070000000-0x506fffffff]
> [    0.029184] NUMA: Initialized distance table, cnt=4
> [    0.029187] NUMA: Node 0 [mem 0x00000000-0x7fffffff] + [mem 0x100000000-0x186fffffff] -> [mem 0x00000000-0x186fffffff]
> [    0.029193] NODE_DATA(0) allocated [mem 0x186fffb000-0x186fffffff]
> [    0.029198] NODE_DATA(1) allocated [mem 0x306fffb000-0x306fffffff]
> [    0.029205] NODE_DATA(2) allocated [mem 0x406fffb000-0x406fffffff]
> [    0.029213] NODE_DATA(3) allocated [mem 0x506fffa000-0x506fffefff]
> [    0.029230] Reserving 768MB of memory at 192MB for crashkernel (System RAM: 327103MB)
> [    0.029595] Zone ranges:
> [    0.029596]   DMA      [mem 0x0000000000001000-0x0000000000ffffff]
> [    0.029597]   DMA32    [mem 0x0000000001000000-0x00000000ffffffff]
> [    0.029598]   Normal   [mem 0x0000000100000000-0x000000506fffffff]
> [    0.029599]   Device   empty
> [    0.029600] Movable zone start for each node
> [    0.029601] Early memory node ranges
> [    0.029602]   node   0: [mem 0x0000000000001000-0x000000000009dfff]
> [    0.029604]   node   0: [mem 0x0000000000100000-0x0000000065e0efff]
> [    0.029605]   node   0: [mem 0x00000000695fe000-0x000000006f7fffff]
> [    0.029606]   node   0: [mem 0x0000000100000000-0x000000186fffffff]
> [    0.029614]   node   1: [mem 0x0000001870000000-0x000000306fffffff]
> [    0.029623]   node   2: [mem 0x0000003070000000-0x000000406fffffff]
> [    0.029629]   node   3: [mem 0x0000004070000000-0x000000506fffffff]
> [    0.029819] Zeroed struct page in unavailable ranges: 16466 pages
> [    0.029820] Initmem setup node 0 [mem 0x0000000000001000-0x000000186fffffff]
> [    0.029822] On node 0 totalpages: 25018286
> [    0.029823]   DMA zone: 64 pages used for memmap
> [    0.029824]   DMA zone: 157 pages reserved
> [    0.029825]   DMA zone: 3997 pages, LIFO batch:0
> [    0.029895]   DMA32 zone: 6849 pages used for memmap
> [    0.029896]   DMA32 zone: 438289 pages, LIFO batch:63
> [    0.037451]   Normal zone: 384000 pages used for memmap
> [    0.037452]   Normal zone: 24576000 pages, LIFO batch:63
> [    0.437523] Initmem setup node 1 [mem 0x0000001870000000-0x000000306fffffff]
> [    0.437525] On node 1 totalpages: 25165824
> [    0.437526]   Normal zone: 393216 pages used for memmap
> [    0.437526]   Normal zone: 25165824 pages, LIFO batch:63
> [    0.886342] Initmem setup node 2 [mem 0x0000003070000000-0x000000406fffffff]
> [    0.886344] On node 2 totalpages: 16777216
> [    0.886344]   Normal zone: 262144 pages used for memmap
> [    0.886345]   Normal zone: 16777216 pages, LIFO batch:63
> [    1.187252] Initmem setup node 3 [mem 0x0000004070000000-0x000000506fffffff]
> [    1.187253] On node 3 totalpages: 16777216
> [    1.187254]   Normal zone: 262144 pages used for memmap
> [    1.187254]   Normal zone: 16777216 pages, LIFO batch:63
> [    1.485872] ACPI: PM-Timer IO Port: 0x508
> [    1.485874] ACPI: Local APIC address 0xfee00000
> [    1.485897] ACPI: X2APIC_NMI (uid[0xffffffff] high edge lint[0x1])
> [    1.485900] ACPI: LAPIC_NMI (acpi_id[0xff] high edge lint[0x1])
> [    1.485922] IOAPIC[0]: apic_id 8, version 32, address 0xfec00000, GSI 0-23
> [    1.485926] IOAPIC[1]: apic_id 9, version 32, address 0xfec01000, GSI 24-31
> [    1.485931] IOAPIC[2]: apic_id 10, version 32, address 0xfec08000, GSI 32-39
> [    1.485935] IOAPIC[3]: apic_id 11, version 32, address 0xfec10000, GSI 40-47
> [    1.485939] IOAPIC[4]: apic_id 12, version 32, address 0xfec18000, GSI 48-55
> [    1.485944] IOAPIC[5]: apic_id 13, version 32, address 0xfec20000, GSI 56-63
> [    1.485948] IOAPIC[6]: apic_id 14, version 32, address 0xfec28000, GSI 64-71
> [    1.485953] IOAPIC[7]: apic_id 15, version 32, address 0xfec30000, GSI 72-79
> [    1.485957] IOAPIC[8]: apic_id 16, version 32, address 0xfec38000, GSI 80-87
> [    1.485962] IOAPIC[9]: apic_id 17, version 32, address 0xfec40000, GSI 88-95
> [    1.485967] IOAPIC[10]: apic_id 18, version 32, address 0xfec48000, GSI 96-103
> [    1.485972] IOAPIC[11]: apic_id 19, version 32, address 0xfec50000, GSI 104-111
> [    1.485976] IOAPIC[12]: apic_id 20, version 32, address 0xfec58000, GSI 112-119
> [    1.485981] IOAPIC[13]: apic_id 21, version 32, address 0xfec60000, GSI 120-127
> [    1.485986] IOAPIC[14]: apic_id 22, version 32, address 0xfec68000, GSI 128-135
> [    1.485991] IOAPIC[15]: apic_id 23, version 32, address 0xfec70000, GSI 136-143
> [    1.485995] IOAPIC[16]: apic_id 24, version 32, address 0xfec78000, GSI 144-151
> [    1.485998] ACPI: INT_SRC_OVR (bus 0 bus_irq 0 global_irq 2 dfl dfl)
> [    1.486000] ACPI: INT_SRC_OVR (bus 0 bus_irq 9 global_irq 9 high level)
> [    1.486002] ACPI: IRQ0 used by override.
> [    1.486003] ACPI: IRQ9 used by override.
> [    1.486006] Using ACPI (MADT) for SMP configuration information
> [    1.486007] ACPI: HPET id: 0x8086a701 base: 0xfed00000
> [    1.486011] ACPI: SPCR: console: uart,io,0x3f8,115200
> [    1.486012] TSC deadline timer available
> [    1.486013] smpboot: Allowing 144 CPUs, 0 hotplug CPUs
> [    1.486040] PM: hibernation: Registered nosave memory: [mem 0x00000000-0x00000fff]
> [    1.486042] PM: hibernation: Registered nosave memory: [mem 0x0009e000-0x0009efff]
> [    1.486043] PM: hibernation: Registered nosave memory: [mem 0x0009f000-0x0009ffff]
> [    1.486044] PM: hibernation: Registered nosave memory: [mem 0x000a0000-0x000fffff]
> [    1.486046] PM: hibernation: Registered nosave memory: [mem 0x5c81a000-0x5c81afff]
> [    1.486048] PM: hibernation: Registered nosave memory: [mem 0x5c84e000-0x5c84efff]
> [    1.486049] PM: hibernation: Registered nosave memory: [mem 0x5c84f000-0x5c84ffff]
> [    1.486051] PM: hibernation: Registered nosave memory: [mem 0x5c883000-0x5c883fff]
> [    1.486053] PM: hibernation: Registered nosave memory: [mem 0x65e0f000-0x6764efff]
> [    1.486054] PM: hibernation: Registered nosave memory: [mem 0x6764f000-0x68ca7fff]
> [    1.486054] PM: hibernation: Registered nosave memory: [mem 0x68ca8000-0x695fdfff]
> [    1.486056] PM: hibernation: Registered nosave memory: [mem 0x6f800000-0x8fffffff]
> [    1.486057] PM: hibernation: Registered nosave memory: [mem 0x90000000-0xfdffffff]
> [    1.486058] PM: hibernation: Registered nosave memory: [mem 0xfe000000-0xfe010fff]
> [    1.486059] PM: hibernation: Registered nosave memory: [mem 0xfe011000-0xffffffff]
> [    1.486061] [mem 0x90000000-0xfdffffff] available for PCI devices
> [    1.486062] Booting paravirtualized kernel on bare hardware
> [    1.486065] clocksource: refined-jiffies: mask: 0xffffffff max_cycles: 0xffffffff, max_idle_ns: 7645519600211568 ns
> [    1.491035] setup_percpu: NR_CPUS:512 nr_cpumask_bits:512 nr_cpu_ids:144 nr_node_ids:4
> [    1.507188] percpu: Embedded 56 pages/cpu s188440 r8192 d32744 u262144
> [    1.507206] pcpu-alloc: s188440 r8192 d32744 u262144 alloc=1*2097152
> [    1.507207] pcpu-alloc: [0] 000 001 002 003 004 005 006 007 
> [    1.507209] pcpu-alloc: [0] 008 009 010 011 012 013 014 015 
> [    1.507211] pcpu-alloc: [0] 016 017 072 073 074 075 076 077 
> [    1.507213] pcpu-alloc: [0] 078 079 080 081 082 083 084 085 
> [    1.507215] pcpu-alloc: [0] 086 087 088 089 --- --- --- --- 
> [    1.507217] pcpu-alloc: [1] 018 019 020 021 022 023 024 025 
> [    1.507219] pcpu-alloc: [1] 026 027 028 029 030 031 032 033 
> [    1.507221] pcpu-alloc: [1] 034 035 090 091 092 093 094 095 
> [    1.507222] pcpu-alloc: [1] 096 097 098 099 100 101 102 103 
> [    1.507224] pcpu-alloc: [1] 104 105 106 107 --- --- --- --- 
> [    1.507226] pcpu-alloc: [2] 036 037 038 039 040 041 042 043 
> [    1.507228] pcpu-alloc: [2] 044 045 046 047 048 049 050 051 
> [    1.507230] pcpu-alloc: [2] 052 053 108 109 110 111 112 113 
> [    1.507232] pcpu-alloc: [2] 114 115 116 117 118 119 120 121 
> [    1.507233] pcpu-alloc: [2] 122 123 124 125 --- --- --- --- 
> [    1.507235] pcpu-alloc: [3] 054 055 056 057 058 059 060 061 
> [    1.507237] pcpu-alloc: [3] 062 063 064 065 066 067 068 069 
> [    1.507239] pcpu-alloc: [3] 070 071 126 127 128 129 130 131 
> [    1.507241] pcpu-alloc: [3] 132 133 134 135 136 137 138 139 
> [    1.507242] pcpu-alloc: [3] 140 141 142 143 --- --- --- --- 
> [    1.507310] Built 4 zonelists, mobility grouping on.  Total pages: 82429968
> [    1.507311] Policy zone: Normal
> [    1.507313] Kernel command line: BOOT_IMAGE=/vmlinuz-5.7.6+ root=/dev/mapper/ubuntu--vg-ubuntu--lv ro console=tty0 console=ttyS0,115200n8 softlockup_panic=1 crashkernel=512M-:768M
> [    1.507452] printk: log_buf_len individual max cpu contribution: 4096 bytes
> [    1.507453] printk: log_buf_len total cpu_extra contributions: 585728 bytes
> [    1.507453] printk: log_buf_len min size: 262144 bytes
> [    1.507789] printk: log_buf_len: 1048576 bytes
> [    1.507790] printk: early log buf free: 224012(85%)
> [    1.510295] mem auto-init: stack:off, heap alloc:off, heap free:off
> [    2.362842] Memory: 328546464K/334954168K available (12291K kernel code, 1669K rwdata, 8216K rodata, 1780K init, 2752K bss, 6407704K reserved, 0K cma-reserved)
> [    2.364642] SLUB: HWalign=64, Order=0-3, MinObjects=0, CPUs=144, Nodes=4
> [    2.364729] ftrace: allocating 42557 entries in 167 pages
> [    2.384214] ftrace: allocated 167 pages with 5 groups
> [    2.384329] 
> [    2.384330] **********************************************************
> [    2.384330] **   NOTICE NOTICE NOTICE NOTICE NOTICE NOTICE NOTICE   **
> [    2.384331] **                                                      **
> [    2.384331] ** trace_printk() being used. Allocating extra memory.  **
> [    2.384332] **                                                      **
> [    2.384333] ** This means that this is a DEBUG kernel and it is     **
> [    2.384333] ** unsafe for production use.                           **
> [    2.384334] **                                                      **
> [    2.384335] ** If you see this message and you are not debugging    **
> [    2.384335] ** the kernel, report this immediately to your vendor!  **
> [    2.384336] **                                                      **
> [    2.384336] **   NOTICE NOTICE NOTICE NOTICE NOTICE NOTICE NOTICE   **
> [    2.384337] **********************************************************
> [    2.385516] rcu: Hierarchical RCU implementation.
> [    2.385518] rcu: 	RCU restricting CPUs from NR_CPUS=512 to nr_cpu_ids=144.
> [    2.385520] rcu: RCU calculated value of scheduler-enlistment delay is 25 jiffies.
> [    2.385521] rcu: Adjusting geometry for rcu_fanout_leaf=16, nr_cpu_ids=144
> [    2.389286] NR_IRQS: 33024, nr_irqs: 3752, preallocated irqs: 16
> [    2.390192] random: get_random_bytes called from start_kernel+0x371/0x558 with crng_init=0
> [    2.390433] Console: colour dummy device 80x25
> [    2.391152] printk: console [tty0] enabled
> [    5.520858] printk: console [ttyS0] enabled
> [    5.525370] mempolicy: Enabling automatic NUMA balancing. Configure with numa_balancing= or the kernel.numa_balancing sysctl
> [    5.536556] ACPI: Core revision 20200326
> [    5.546943] clocksource: hpet: mask: 0xffffffff max_cycles: 0xffffffff, max_idle_ns: 79635855245 ns
> [    5.556022] APIC: Switch to symmetric I/O mode setup
> [    5.561290] x2apic: IRQ remapping doesn't support X2APIC mode
> [    5.567225] Switched APIC routing to physical flat.
> [    5.573427] ..TIMER: vector=0x30 apic1=0 pin1=2 apic2=-1 pin2=-1
> [    5.595930] clocksource: tsc-early: mask: 0xffffffffffffffff max_cycles: 0x240939f1bb2, max_idle_ns: 440795263295 ns
> [    5.606425] Calibrating delay loop (skipped), value calculated using timer frequency.. 5000.00 BogoMIPS (lpj=10000000)
> [    5.610424] pid_max: default: 147456 minimum: 1152
> [    5.624339] LSM: Security Framework initializing
> [    5.626431] Yama: becoming mindful.
> [    5.630494] AppArmor: AppArmor initialized
> [    5.634425] TOMOYO Linux initialized
> [    5.664730] Dentry cache hash table entries: 16777216 (order: 15, 134217728 bytes, vmalloc)
> [    5.680915] Inode-cache hash table entries: 8388608 (order: 14, 67108864 bytes, vmalloc)
> [    5.682900] Mount-cache hash table entries: 262144 (order: 9, 2097152 bytes, vmalloc)
> [    5.686785] Mountpoint-cache hash table entries: 262144 (order: 9, 2097152 bytes, vmalloc)
> [    5.695446] mce: CPU0: Thermal monitoring enabled (TM1)
> [    5.698484] process: using mwait in idle threads
> [    5.702426] Last level iTLB entries: 4KB 64, 2MB 8, 4MB 8
> [    5.706423] Last level dTLB entries: 4KB 64, 2MB 0, 4MB 0, 1GB 4
> [    5.710429] Spectre V1 : Mitigation: usercopy/swapgs barriers and __user pointer sanitization
> [    5.714424] Spectre V2 : Mitigation: Enhanced IBRS
> [    5.718423] Spectre V2 : Spectre v2 / SpectreRSB mitigation: Filling RSB on context switch
> [    5.722425] Spectre V2 : mitigation: Enabling conditional Indirect Branch Prediction Barrier
> [    5.726425] Speculative Store Bypass: Mitigation: Speculative Store Bypass disabled via prctl and seccomp
> [    5.730905] Freeing SMP alternatives memory: 40K
> [    5.740732] smpboot: CPU0: Genuine Intel(R) CPU 0000%@ (family: 0x6, model: 0x55, stepping: 0xb)
> [    5.742751] Performance Events: PEBS fmt3+, Skylake events, 32-deep LBR, full-width counters, Intel PMU driver.
> [    5.746427] ... version:                4
> [    5.750424] ... bit width:              48
> [    5.754423] ... generic registers:      4
> [    5.758424] ... value mask:             0000ffffffffffff
> [    5.762424] ... max period:             00007fffffffffff
> [    5.766423] ... fixed-purpose events:   3
> [    5.770424] ... event mask:             000000070000000f
> [    5.774621] core: 0 -> 0
> [    5.777154] rcu: Hierarchical SRCU implementation.
> [    5.793265] NMI watchdog: Enabled. Permanently consumes one hw-PMU counter.
> [    5.796304] smp: Bringing up secondary CPUs ...
> [    5.798631] x86: Booting SMP configuration:
> [    5.802425] .... node  #0, CPUs:          #1
> [    3.180284] core: 1 -> 1
> [    5.811825]    #2
> [    3.180284] core: 2 -> 2
> [    5.819129]    #3
> [    3.180284] core: 3 -> 3
> [    5.826649]    #4
> [    3.180284] core: 4 -> 4
> [    5.833874]    #5
> [    3.180284] core: 5 -> 5
> [    5.841260]    #6
> [    3.180284] core: 6 -> 6
> [    5.848513]    #7
> [    3.180284] core: 7 -> 7
> [    5.855778]    #8
> [    3.180284] core: 8 -> 8
> [    5.863078]    #9
> [    3.180284] core: 9 -> 9
> [    5.870650]   #10
> [    3.180284] core: 10 -> 10
> [    5.877912]   #11
> [    3.180284] core: 11 -> 11
> [    5.885305]   #12
> [    3.180284] core: 12 -> 12
> [    5.892804]   #13
> [    3.180284] core: 13 -> 13
> [    5.900433]   #14
> [    3.180284] core: 14 -> 14
> [    5.907905]   #15
> [    3.180284] core: 15 -> 15
> [    5.915299]   #16
> [    3.180284] core: 16 -> 16
> [    5.922814]   #17
> [    3.180284] core: 17 -> 17
> [    5.930718] .... node  #1, CPUs:    #18
> [    3.180284] smpboot: CPU 18 Converting physical 0 to logical die 1
> [    3.180284] core: 18 -> 18
> [    6.026679]   #19
> [    3.180284] core: 19 -> 19
> [    6.034470]   #20
> [    3.180284] core: 20 -> 20
> [    6.041621]   #21
> [    3.180284] core: 21 -> 21
> [    6.049191]   #22
> [    3.180284] core: 22 -> 22
> [    6.056874]   #23
> [    3.180284] core: 23 -> 23
> [    6.064488]   #24
> [    3.180284] core: 24 -> 24
> [    6.071963]   #25
> [    3.180284] core: 25 -> 25
> [    6.079457]   #26
> [    3.180284] core: 26 -> 26
> [    6.087035]   #27
> [    3.180284] core: 27 -> 27
> [    6.094683]   #28
> [    3.180284] core: 28 -> 28
> [    6.102664]   #29
> [    3.180284] core: 29 -> 29
> [    6.109793]   #30
> [    3.180284] core: 30 -> 30
> [    6.117405]   #31
> [    3.180284] core: 31 -> 31
> [    6.125147]   #32
> [    3.180284] core: 32 -> 32
> [    6.132735]   #33
> [    3.180284] core: 33 -> 33
> [    6.140281]   #34
> [    3.180284] core: 34 -> 34
> [    6.147827]   #35
> [    3.180284] core: 35 -> 35
> [    6.155499] .... node  #2, CPUs:    #36
> [    3.180284] smpboot: CPU 36 Converting physical 0 to logical die 2
> [    3.180284] core: 36 -> 36
> [    6.250677]   #37
> [    3.180284] core: 37 -> 37
> [    6.258524]   #38
> [    3.180284] core: 38 -> 38
> [    6.265713]   #39
> [    3.180284] core: 39 -> 39
> [    6.273291]   #40
> [    3.180284] core: 40 -> 40
> [    6.280915]   #41
> [    3.180284] core: 41 -> 41
> [    6.288556]   #42
> [    3.180284] core: 42 -> 42
> [    6.296104]   #43
> [    3.180284] core: 43 -> 43
> [    6.303635]   #44
> [    3.180284] core: 44 -> 44
> [    6.311240]   #45
> [    3.180284] core: 45 -> 45
> [    6.318939]   #46
> [    3.180284] core: 46 -> 46
> [    6.326672]   #47
> [    3.180284] core: 47 -> 47
> [    6.334513]   #48
> [    3.180284] core: 48 -> 48
> [    6.341710]   #49
> [    3.180284] core: 49 -> 49
> [    6.349393]   #50
> [    3.180284] core: 50 -> 50
> [    6.357069]   #51
> [    3.180284] core: 51 -> 51
> [    6.364647]   #52
> [    3.180284] core: 52 -> 52
> [    6.372279]   #53
> [    3.180284] core: 53 -> 53
> [    6.379986] .... node  #3, CPUs:    #54
> [    3.180284] smpboot: CPU 54 Converting physical 0 to logical die 3
> [    3.180284] core: 54 -> 54
> [    6.474698]   #55
> [    3.180284] core: 55 -> 55
> [    6.482665]   #56
> [    3.180284] core: 56 -> 56
> [    6.489900]   #57
> [    3.180284] core: 57 -> 57
> [    6.497557]   #58
> [    3.180284] core: 58 -> 58
> [    6.505282]   #59
> [    3.180284] core: 59 -> 59
> [    6.513000]   #60
> [    3.180284] core: 60 -> 60
> [    6.520607]   #61
> [    3.180284] core: 61 -> 61
> [    6.528202]   #62
> [    3.180284] core: 62 -> 62
> [    6.535894]   #63
> [    3.180284] core: 63 -> 63
> [    6.543752]   #64
> [    3.180284] core: 64 -> 64
> [    6.551475]   #65
> [    3.180284] core: 65 -> 65
> [    6.559134]   #66
> [    3.180284] core: 66 -> 66
> [    6.566790]   #67
> [    3.180284] core: 67 -> 67
> [    6.574673]   #68
> [    3.180284] core: 68 -> 68
> [    6.582690]   #69
> [    3.180284] core: 69 -> 69
> [    6.589978]   #70
> [    3.180284] core: 70 -> 70
> [    6.597673]   #71
> [    3.180284] core: 71 -> 71
> [    6.605486] .... node  #0, CPUs:    #72
> [    3.180284] core: 72 -> 0
> [    6.613660]   #73
> [    3.180284] core: 73 -> 1
> [    6.621322]   #74
> [    3.180284] core: 74 -> 2
> [    6.628771]   #75
> [    3.180284] core: 75 -> 3
> [    6.636258]   #76
> [    3.180284] core: 76 -> 4
> [    6.643814]   #77
> [    3.180284] core: 77 -> 5
> [    6.651394]   #78
> [    3.180284] core: 78 -> 6
> [    6.658850]   #79
> [    3.180284] core: 79 -> 7
> [    6.666659]   #80
> [    3.180284] core: 80 -> 8
> [    6.673780]   #81
> [    3.180284] core: 81 -> 9
> [    6.681287]   #82
> [    3.180284] core: 82 -> 10
> [    6.688870]   #83
> [    3.180284] core: 83 -> 11
> [    6.696357]   #84
> [    3.180284] core: 84 -> 12
> [    6.704053]   #85
> [    3.180284] core: 85 -> 13
> [    6.711881]   #86
> [    3.180284] core: 86 -> 14
> [    6.719458]   #87
> [    3.180284] core: 87 -> 15
> [    6.726971]   #88
> [    3.180284] core: 88 -> 16
> [    6.734662]   #89
> [    3.180284] core: 89 -> 17
> [    6.742727] .... node  #1, CPUs:    #90
> [    3.180284] core: 90 -> 18
> [    6.751856]   #91
> [    3.180284] core: 91 -> 19
> [    6.759556]   #92
> [    3.180284] core: 92 -> 20
> [    6.767150]   #93
> [    3.180284] core: 93 -> 21
> [    6.774786]   #94
> [    3.180284] core: 94 -> 22
> [    6.782696]   #95
> [    3.180284] core: 95 -> 23
> [    6.790660]   #96
> [    3.180284] core: 96 -> 24
> [    6.797792]   #97
> [    3.180284] core: 97 -> 25
> [    6.805373]   #98
> [    3.180284] core: 98 -> 26
> [    6.813082]   #99
> [    3.180284] core: 99 -> 27
> [    6.820835]  #100
> [    3.180284] core: 100 -> 28
> [    6.828563]  #101
> [    3.180284] core: 101 -> 29
> [    6.836315]  #102
> [    3.180284] core: 102 -> 30
> [    6.844093]  #103
> [    3.180284] core: 103 -> 31
> [    6.852007]  #104
> [    3.180284] core: 104 -> 32
> [    6.859778]  #105
> [    3.180284] core: 105 -> 33
> [    6.867486]  #106
> [    3.180284] core: 106 -> 34
> [    6.875230]  #107
> [    3.180284] core: 107 -> 35
> [    6.883085] .... node  #2, CPUs:   #108
> [    3.180284] core: 108 -> 36
> [    6.892931]  #109
> [    3.180284] core: 109 -> 37
> [    6.900752]  #110
> [    3.180284] core: 110 -> 38
> [    6.908510]  #111
> [    3.180284] core: 111 -> 39
> [    6.916281]  #112
> [    3.180284] core: 112 -> 40
> [    6.924094]  #113
> [    3.180284] core: 113 -> 41
> [    6.931914]  #114
> [    3.180284] core: 114 -> 42
> [    6.939622]  #115
> [    3.180284] core: 115 -> 43
> [    6.947351]  #116
> [    3.180284] core: 116 -> 44
> [    6.955130]  #117
> [    3.180284] core: 117 -> 45
> [    6.962991]  #118
> [    3.180284] core: 118 -> 46
> [    6.970725]  #119
> [    3.180284] core: 119 -> 47
> [    6.978680]  #120
> [    3.180284] core: 120 -> 48
> [    6.986676]  #121
> [    3.180284] core: 121 -> 49
> [    6.994641]  #122
> [    3.180284] core: 122 -> 50
> [    7.002541]  #123
> [    3.180284] core: 123 -> 51
> [    7.009793]  #124
> [    3.180284] core: 124 -> 52
> [    7.017584]  #125
> [    3.180284] core: 125 -> 53
> [    7.025473] .... node  #3, CPUs:   #126
> [    3.180284] core: 126 -> 54
> [    7.035294]  #127
> [    3.180284] core: 127 -> 55
> [    7.043254]  #128
> [    3.180284] core: 128 -> 56
> [    7.051111]  #129
> [    3.180284] core: 129 -> 57
> [    7.058952]  #130
> [    3.180284] core: 130 -> 58
> [    7.066914]  #131
> [    3.180284] core: 131 -> 59
> [    7.074839]  #132
> [    3.180284] core: 132 -> 60
> [    7.082708]  #133
> [    3.180284] core: 133 -> 61
> [    7.090720]  #134
> [    3.180284] core: 134 -> 62
> [    7.098679]  #135
> [    3.180284] core: 135 -> 63
> [    7.106669]  #136
> [    3.180284] core: 136 -> 64
> [    7.114697]  #137
> [    3.180284] core: 137 -> 65
> [    7.122632]  #138
> [    3.180284] core: 138 -> 66
> [    7.130491]  #139
> [    3.180284] core: 139 -> 67
> [    7.138475]  #140
> [    3.180284] core: 140 -> 68
> [    7.145811]  #141
> [    3.180284] core: 141 -> 69
> [    7.153662]  #142
> [    3.180284] core: 142 -> 70
> [    7.161531]  #143
> [    3.180284] core: 143 -> 71
> [    7.169477] smp: Brought up 4 nodes, 144 CPUs
> [    7.170425] smpboot: Max logical packages: 4
> [    7.174428] smpboot: Total of 144 processors activated (720297.64 BogoMIPS)
> [    7.205286] devtmpfs: initialized
> [    7.206478] x86/mm: Memory block size: 256MB
> [    7.263082] PM: Registering ACPI NVS region [mem 0x0009f000-0x0009ffff] (4096 bytes)
> [    7.266425] PM: Registering ACPI NVS region [mem 0x6764f000-0x68ca7fff] (23433216 bytes)
> [    7.271171] clocksource: jiffies: mask: 0xffffffff max_cycles: 0xffffffff, max_idle_ns: 7645041785100000 ns
> [    7.274548] futex hash table entries: 65536 (order: 10, 4194304 bytes, vmalloc)
> [    7.280264] pinctrl core: initialized pinctrl subsystem
> [    7.282603] PM: RTC time: 01:14:52, date: 2020-07-13
> [    7.286426] thermal_sys: Registered thermal governor 'fair_share'
> [    7.286427] thermal_sys: Registered thermal governor 'bang_bang'
> [    7.290424] thermal_sys: Registered thermal governor 'step_wise'
> [    7.294424] thermal_sys: Registered thermal governor 'user_space'
> [    7.298952] NET: Registered protocol family 16
> [    7.306519] audit: initializing netlink subsys (disabled)
> [    7.310453] audit: type=2000 audit(1594602887.744:1): state=initialized audit_enabled=0 res=1
> [    7.318428] cpuidle: using governor ladder
> [    7.322458] cpuidle: using governor menu
> [    7.326558] ACPI: bus type PCI registered
> [    7.330427] acpiphp: ACPI Hot Plug PCI Controller Driver version: 0.5
> [    7.334676] PCI: MMCONFIG for domain 0000 [bus 00-ff] at [mem 0x80000000-0x8fffffff] (base 0x80000000)
> [    7.346506] PCI: MMCONFIG at [mem 0x80000000-0x8fffffff] reserved in E820
> [    7.350447] pmd_set_huge: Cannot satisfy [mem 0x80000000-0x80200000] with a huge-page mapping due to MTRR override.
> [    7.362838] PCI: Using configuration type 1 for base access
> [    7.418430] ENERGY_PERF_BIAS: Set to 'normal', was 'performance'
> [    7.426888] HugeTLB registered 1.00 GiB page size, pre-allocated 0 pages
> [    7.430426] HugeTLB registered 2.00 MiB page size, pre-allocated 0 pages
> [    7.443003] ACPI: Added _OSI(Module Device)
> [    7.446425] ACPI: Added _OSI(Processor Device)
> [    7.450424] ACPI: Added _OSI(3.0 _SCP Extensions)
> [    7.454424] ACPI: Added _OSI(Processor Aggregator Device)
> [    7.462424] ACPI: Added _OSI(Linux-Dell-Video)
> [    7.466424] ACPI: Added _OSI(Linux-Lenovo-NV-HDMI-Audio)
> [    7.470424] ACPI: Added _OSI(Linux-HPI-Hybrid-Graphics)
> [    7.733400] ACPI: 8 ACPI AML tables successfully acquired and loaded
> [    7.802010] ACPI: Dynamic OEM Table Load:
> [    8.057172] ACPI: Dynamic OEM Table Load:
> [    8.105768] ACPI: Dynamic OEM Table Load:
> [    8.632513] ACPI: Interpreter enabled
> [    8.638445] ACPI: (supports S0 S3 S4 S5)
> [    8.642365] ACPI: Using IOAPIC for interrupt routing
> [    8.646524] HEST: Table parsing has been initialized.
> [    8.650426] PCI: Using host bridge windows from ACPI; if necessary, use "pci=nocrs" and report a bug
> [    8.696839] ACPI: Enabled 6 GPEs in block 00 to 7F
> [    8.885041] ACPI: PCI Root Bridge [PC00] (domain 0000 [bus 00-14])
> [    8.890428] acpi PNP0A08:00: _OSC: OS supports [ExtendedConfig ASPM ClockPM Segments MSI HPX-Type3]
> [    8.902460] acpi PNP0A08:00: PCIe AER handled by firmware
> [    8.906456] acpi PNP0A08:00: _OSC: platform does not support [LTR]
> [    8.910480] acpi PNP0A08:00: _OSC: OS now controls [PCIeHotplug PME PCIeCapability]
> [    8.919970] PCI host bridge to bus 0000:00
> [    8.926425] pci_bus 0000:00: root bus resource [io  0x0000-0x0cf7 window]
> [    8.930424] pci_bus 0000:00: root bus resource [io  0x1000-0x4fff window]
> [    8.938424] pci_bus 0000:00: root bus resource [mem 0x000a0000-0x000bffff window]
> [    8.946424] pci_bus 0000:00: root bus resource [mem 0x000c4000-0x000c7fff window]
> [    8.954424] pci_bus 0000:00: root bus resource [mem 0xfe010000-0xfe010fff window]
> [    8.962425] pci_bus 0000:00: root bus resource [mem 0x90000000-0x96bfffff window]
> [    8.970424] pci_bus 0000:00: root bus resource [mem 0x200000000000-0x200fffffffff window]
> [    8.978424] pci_bus 0000:00: root bus resource [bus 00-14]
> [    8.982434] pci 0000:00:00.0: [8086:2020] type 00 class 0x060000
> [    8.991125] pci 0000:00:04.0: [8086:2021] type 00 class 0x088000
> [    8.994435] pci 0000:00:04.0: reg 0x10: [mem 0x200ffff2c000-0x200ffff2ffff 64bit]
> [    9.003060] pci 0000:00:04.1: [8086:2021] type 00 class 0x088000
> [    9.010434] pci 0000:00:04.1: reg 0x10: [mem 0x200ffff28000-0x200ffff2bfff 64bit]
> [    9.019058] pci 0000:00:04.2: [8086:2021] type 00 class 0x088000
> [    9.022434] pci 0000:00:04.2: reg 0x10: [mem 0x200ffff24000-0x200ffff27fff 64bit]
> [    9.031055] pci 0000:00:04.3: [8086:2021] type 00 class 0x088000
> [    9.038434] pci 0000:00:04.3: reg 0x10: [mem 0x200ffff20000-0x200ffff23fff 64bit]
> [    9.047057] pci 0000:00:04.4: [8086:2021] type 00 class 0x088000
> [    9.050433] pci 0000:00:04.4: reg 0x10: [mem 0x200ffff1c000-0x200ffff1ffff 64bit]
> [    9.059054] pci 0000:00:04.5: [8086:2021] type 00 class 0x088000
> [    9.066434] pci 0000:00:04.5: reg 0x10: [mem 0x200ffff18000-0x200ffff1bfff 64bit]
> [    9.075053] pci 0000:00:04.6: [8086:2021] type 00 class 0x088000
> [    9.078433] pci 0000:00:04.6: reg 0x10: [mem 0x200ffff14000-0x200ffff17fff 64bit]
> [    9.087053] pci 0000:00:04.7: [8086:2021] type 00 class 0x088000
> [    9.094435] pci 0000:00:04.7: reg 0x10: [mem 0x200ffff10000-0x200ffff13fff 64bit]
> [    9.103057] pci 0000:00:05.0: [8086:2024] type 00 class 0x088000
> [    9.107053] pci 0000:00:05.2: [8086:2025] type 00 class 0x088000
> [    9.115047] pci 0000:00:05.4: [8086:2026] type 00 class 0x080020
> [    9.122434] pci 0000:00:05.4: reg 0x10: [mem 0x9230b000-0x9230bfff]
> [    9.127048] pci 0000:00:08.0: [8086:2014] type 00 class 0x088000
> [    9.135044] pci 0000:00:08.1: [8086:2015] type 00 class 0x110100
> [    9.143023] pci 0000:00:08.2: [8086:2016] type 00 class 0x088000
> [    9.147048] pci 0000:00:11.0: [8086:a1ec] type 00 class 0xff0000
> [    9.155067] pci 0000:00:11.1: [8086:a1ed] type 00 class 0xff0000
> [    9.163068] pci 0000:00:11.5: [8086:a1d2] type 00 class 0x010601
> [    9.166441] pci 0000:00:11.5: reg 0x10: [mem 0x92306000-0x92307fff]
> [    9.174430] pci 0000:00:11.5: reg 0x14: [mem 0x9230a000-0x9230a0ff]
> [    9.178430] pci 0000:00:11.5: reg 0x18: [io  0x4068-0x406f]
> [    9.186430] pci 0000:00:11.5: reg 0x1c: [io  0x4074-0x4077]
> [    9.190430] pci 0000:00:11.5: reg 0x20: [io  0x4040-0x405f]
> [    9.194430] pci 0000:00:11.5: reg 0x24: [mem 0x92280000-0x922fffff]
> [    9.202462] pci 0000:00:11.5: PME# supported from D3hot
> [    9.207075] pci 0000:00:14.0: [8086:a1af] type 00 class 0x0c0330
> [    9.214445] pci 0000:00:14.0: reg 0x10: [mem 0x200ffff00000-0x200ffff0ffff 64bit]
> [    9.222488] pci 0000:00:14.0: PME# supported from D3hot D3cold
> [    9.227060] pci 0000:00:14.2: [8086:a1b1] type 00 class 0x118000
> [    9.234444] pci 0000:00:14.2: reg 0x10: [mem 0x200ffff34000-0x200ffff34fff 64bit]
> [    9.243100] pci 0000:00:16.0: [8086:a1ba] type 00 class 0x078000
> [    9.250456] pci 0000:00:16.0: reg 0x10: [mem 0x200ffff33000-0x200ffff33fff 64bit]
> [    9.254508] pci 0000:00:16.0: PME# supported from D3hot
> [    9.263037] pci 0000:00:16.1: [8086:a1bb] type 00 class 0x078000
> [    9.266452] pci 0000:00:16.1: reg 0x10: [mem 0x200ffff32000-0x200ffff32fff 64bit]
> [    9.274508] pci 0000:00:16.1: PME# supported from D3hot
> [    9.283041] pci 0000:00:16.4: [8086:a1be] type 00 class 0x078000
> [    9.286451] pci 0000:00:16.4: reg 0x10: [mem 0x200ffff31000-0x200ffff31fff 64bit]
> [    9.294506] pci 0000:00:16.4: PME# supported from D3hot
> [    9.299040] pci 0000:00:17.0: [8086:a182] type 00 class 0x010601
> [    9.306441] pci 0000:00:17.0: reg 0x10: [mem 0x92304000-0x92305fff]
> [    9.314436] pci 0000:00:17.0: reg 0x14: [mem 0x92309000-0x923090ff]
> [    9.318430] pci 0000:00:17.0: reg 0x18: [io  0x4060-0x4067]
> [    9.326430] pci 0000:00:17.0: reg 0x1c: [io  0x4070-0x4073]
> [    9.330430] pci 0000:00:17.0: reg 0x20: [io  0x4020-0x403f]
> [    9.334430] pci 0000:00:17.0: reg 0x24: [mem 0x92200000-0x9227ffff]
> [    9.342487] pci 0000:00:17.0: PME# supported from D3hot
> [    9.347101] pci 0000:00:1c.0: [8086:a194] type 01 class 0x060400
> [    9.354503] pci 0000:00:1c.0: PME# supported from D0 D3hot D3cold
> [    9.359109] pci 0000:00:1c.5: [8086:a195] type 01 class 0x060400
> [    9.366500] pci 0000:00:1c.5: PME# supported from D0 D3hot D3cold
> [    9.375097] pci 0000:00:1f.0: [8086:a1c6] type 00 class 0x060100
> [    9.379124] pci 0000:00:1f.2: [8086:a1a1] type 00 class 0x058000
> [    9.386437] pci 0000:00:1f.2: reg 0x10: [mem 0x92300000-0x92303fff]
> [    9.395086] pci 0000:00:1f.4: [8086:a1a3] type 00 class 0x0c0500
> [    9.398441] pci 0000:00:1f.4: reg 0x10: [mem 0x200ffff30000-0x200ffff300ff 64bit]
> [    9.406440] pci 0000:00:1f.4: reg 0x20: [io  0x4000-0x401f]
> [    9.411041] pci 0000:00:1f.5: [8086:a1a4] type 00 class 0x0c8000
> [    9.418440] pci 0000:00:1f.5: reg 0x10: [mem 0xfe010000-0xfe010fff]
> [    9.427146] pci 0000:01:00.0: [8086:1533] type 00 class 0x020000
> [    9.430463] pci 0000:01:00.0: reg 0x10: [mem 0x92100000-0x9217ffff]
> [    9.438450] pci 0000:01:00.0: reg 0x18: [io  0x3000-0x301f]
> [    9.442441] pci 0000:01:00.0: reg 0x1c: [mem 0x92180000-0x92183fff]
> [    9.450559] pci 0000:01:00.0: PME# supported from D0 D3hot D3cold
> [    9.454571] pci 0000:00:1c.0: PCI bridge to [bus 01]
> [    9.462426] pci 0000:00:1c.0:   bridge window [io  0x3000-0x3fff]
> [    9.466426] pci 0000:00:1c.0:   bridge window [mem 0x92100000-0x921fffff]
> [    9.474487] pci 0000:02:00.0: [1a03:1150] type 01 class 0x060400
> [    9.478505] pci 0000:02:00.0: enabling Extended Tags
> [    9.486506] pci 0000:02:00.0: supports D1 D2
> [    9.490424] pci 0000:02:00.0: PME# supported from D0 D1 D2 D3hot D3cold
> [    9.494540] pci 0000:00:1c.5: PCI bridge to [bus 02-03]
> [    9.502426] pci 0000:00:1c.5:   bridge window [io  0x2000-0x2fff]
> [    9.506425] pci 0000:00:1c.5:   bridge window [mem 0x91000000-0x920fffff]
> [    9.514477] pci_bus 0000:03: extended config space not accessible
> [    9.518451] pci 0000:03:00.0: [1a03:2000] type 00 class 0x030000
> [    9.526451] pci 0000:03:00.0: reg 0x10: [mem 0x91000000-0x91ffffff]
> [    9.534439] pci 0000:03:00.0: reg 0x14: [mem 0x92000000-0x9201ffff]
> [    9.538438] pci 0000:03:00.0: reg 0x18: [io  0x2000-0x207f]
> [    9.542492] pci 0000:03:00.0: BAR 0: assigned to efifb
> [    9.550478] pci 0000:03:00.0: supports D1 D2
> [    9.554424] pci 0000:03:00.0: PME# supported from D0 D1 D2 D3hot D3cold
> [    9.562538] pci 0000:02:00.0: PCI bridge to [bus 03]
> [    9.566432] pci 0000:02:00.0:   bridge window [io  0x2000-0x2fff]
> [    9.570430] pci 0000:02:00.0:   bridge window [mem 0x91000000-0x920fffff]
> [    9.578451] pci_bus 0000:00: on NUMA node 0
> [    9.578969] ACPI: PCI Root Bridge [PC01] (domain 0000 [bus 15-22])
> [    9.586427] acpi PNP0A08:01: _OSC: OS supports [ExtendedConfig ASPM ClockPM Segments MSI HPX-Type3]
> [    9.594489] acpi PNP0A08:01: PCIe AER handled by firmware
> [    9.598845] acpi PNP0A08:01: _OSC: OS now controls [PCIeHotplug PME PCIeCapability LTR]
> [    9.606583] PCI host bridge to bus 0000:15
> [    9.610425] pci_bus 0000:15: root bus resource [io  0x5000-0x5fff window]
> [    9.618424] pci_bus 0000:15: root bus resource [mem 0x96c00000-0x9d7fffff window]
> [    9.626424] pci_bus 0000:15: root bus resource [mem 0x201000000000-0x201fffffffff window]
> [    9.634425] pci_bus 0000:15: root bus resource [bus 15-22]
> [    9.638433] pci 0000:15:05.0: [8086:2034] type 00 class 0x088000
> [    9.646515] pci 0000:15:05.2: [8086:2035] type 00 class 0x088000
> [    9.650505] pci 0000:15:05.4: [8086:2036] type 00 class 0x080020
> [    9.658432] pci 0000:15:05.4: reg 0x10: [mem 0x96c00000-0x96c00fff]
> [    9.662511] pci 0000:15:08.0: [8086:208d] type 00 class 0x088000
> [    9.670496] pci 0000:15:08.1: [8086:208d] type 00 class 0x088000
> [    9.678480] pci 0000:15:08.2: [8086:208d] type 00 class 0x088000
> [    9.682481] pci 0000:15:08.3: [8086:208d] type 00 class 0x088000
> [    9.690480] pci 0000:15:08.4: [8086:208d] type 00 class 0x088000
> [    9.694481] pci 0000:15:08.5: [8086:208d] type 00 class 0x088000
> [    9.702480] pci 0000:15:08.6: [8086:208d] type 00 class 0x088000
> [    9.706477] pci 0000:15:08.7: [8086:208d] type 00 class 0x088000
> [    9.714481] pci 0000:15:09.0: [8086:208d] type 00 class 0x088000
> [    9.718491] pci 0000:15:09.1: [8086:208d] type 00 class 0x088000
> [    9.726478] pci 0000:15:09.2: [8086:208d] type 00 class 0x088000
> [    9.730480] pci 0000:15:09.3: [8086:208d] type 00 class 0x088000
> [    9.738480] pci 0000:15:09.4: [8086:208d] type 00 class 0x088000
> [    9.742481] pci 0000:15:09.5: [8086:208d] type 00 class 0x088000
> [    9.750478] pci 0000:15:09.6: [8086:208d] type 00 class 0x088000
> [    9.754479] pci 0000:15:09.7: [8086:208d] type 00 class 0x088000
> [    9.762481] pci 0000:15:0a.0: [8086:208d] type 00 class 0x088000
> [    9.766488] pci 0000:15:0a.1: [8086:208d] type 00 class 0x088000
> [    9.774480] pci 0000:15:0a.2: [8086:208d] type 00 class 0x088000
> [    9.778480] pci 0000:15:0a.3: [8086:208d] type 00 class 0x088000
> [    9.786480] pci 0000:15:0a.4: [8086:208d] type 00 class 0x088000
> [    9.790482] pci 0000:15:0a.5: [8086:208d] type 00 class 0x088000
> [    9.798479] pci 0000:15:0a.6: [8086:208d] type 00 class 0x088000
> [    9.802479] pci 0000:15:0a.7: [8086:208d] type 00 class 0x088000
> [    9.810481] pci 0000:15:0b.0: [8086:208d] type 00 class 0x088000
> [    9.814488] pci 0000:15:0b.1: [8086:208d] type 00 class 0x088000
> [    9.822483] pci 0000:15:0b.2: [8086:208d] type 00 class 0x088000
> [    9.826479] pci 0000:15:0b.3: [8086:208d] type 00 class 0x088000
> [    9.834485] pci 0000:15:0e.0: [8086:208e] type 00 class 0x088000
> [    9.838490] pci 0000:15:0e.1: [8086:208e] type 00 class 0x088000
> [    9.846482] pci 0000:15:0e.2: [8086:208e] type 00 class 0x088000
> [    9.850481] pci 0000:15:0e.3: [8086:208e] type 00 class 0x088000
> [    9.858481] pci 0000:15:0e.4: [8086:208e] type 00 class 0x088000
> [    9.862478] pci 0000:15:0e.5: [8086:208e] type 00 class 0x088000
> [    9.870481] pci 0000:15:0e.6: [8086:208e] type 00 class 0x088000
> [    9.874478] pci 0000:15:0e.7: [8086:208e] type 00 class 0x088000
> [    9.882483] pci 0000:15:0f.0: [8086:208e] type 00 class 0x088000
> [    9.886495] pci 0000:15:0f.1: [8086:208e] type 00 class 0x088000
> [    9.894479] pci 0000:15:0f.2: [8086:208e] type 00 class 0x088000
> [    9.898480] pci 0000:15:0f.3: [8086:208e] type 00 class 0x088000
> [    9.906482] pci 0000:15:0f.4: [8086:208e] type 00 class 0x088000
> [    9.910480] pci 0000:15:0f.5: [8086:208e] type 00 class 0x088000
> [    9.918482] pci 0000:15:0f.6: [8086:208e] type 00 class 0x088000
> [    9.926480] pci 0000:15:0f.7: [8086:208e] type 00 class 0x088000
> [    9.930484] pci 0000:15:10.0: [8086:208e] type 00 class 0x088000
> [    9.938492] pci 0000:15:10.1: [8086:208e] type 00 class 0x088000
> [    9.942479] pci 0000:15:10.2: [8086:208e] type 00 class 0x088000
> [    9.950479] pci 0000:15:10.3: [8086:208e] type 00 class 0x088000
> [    9.954481] pci 0000:15:10.4: [8086:208e] type 00 class 0x088000
> [    9.962484] pci 0000:15:10.5: [8086:208e] type 00 class 0x088000
> [    9.966487] pci 0000:15:10.6: [8086:208e] type 00 class 0x088000
> [    9.974477] pci 0000:15:10.7: [8086:208e] type 00 class 0x088000
> [    9.978483] pci 0000:15:11.0: [8086:208e] type 00 class 0x088000
> [    9.986490] pci 0000:15:11.1: [8086:208e] type 00 class 0x088000
> [    9.990479] pci 0000:15:11.2: [8086:208e] type 00 class 0x088000
> [    9.998482] pci 0000:15:11.3: [8086:208e] type 00 class 0x088000
> [   10.002493] pci 0000:15:1d.0: [8086:2054] type 00 class 0x088000
> [   10.010492] pci 0000:15:1d.1: [8086:2055] type 00 class 0x088000
> [   10.014482] pci 0000:15:1d.2: [8086:2056] type 00 class 0x088000
> [   10.022479] pci 0000:15:1d.3: [8086:2057] type 00 class 0x088000
> [   10.026488] pci 0000:15:1e.0: [8086:2080] type 00 class 0x088000
> [   10.034492] pci 0000:15:1e.1: [8086:2081] type 00 class 0x088000
> [   10.038484] pci 0000:15:1e.2: [8086:2082] type 00 class 0x088000
> [   10.046482] pci 0000:15:1e.3: [8086:2083] type 00 class 0x088000
> [   10.050603] pci 0000:15:1e.4: [8086:2084] type 00 class 0x088000
> [   10.058478] pci 0000:15:1e.5: [8086:2085] type 00 class 0x088000
> [   10.062483] pci 0000:15:1e.6: [8086:2086] type 00 class 0x088000
> [   10.070483] pci_bus 0000:15: on NUMA node 0
> [   10.070637] ACPI: PCI Root Bridge [PC02] (domain 0000 [bus 23-30])
> [   10.074426] acpi PNP0A08:02: _OSC: OS supports [ExtendedConfig ASPM ClockPM Segments MSI HPX-Type3]
> [   10.086489] acpi PNP0A08:02: PCIe AER handled by firmware
> [   10.090843] acpi PNP0A08:02: _OSC: OS now controls [PCIeHotplug PME PCIeCapability LTR]
> [   10.098539] PCI host bridge to bus 0000:23
> [   10.102425] pci_bus 0000:23: root bus resource [io  0x6000-0x6fff window]
> [   10.110424] pci_bus 0000:23: root bus resource [mem 0x9d800000-0xa43fffff window]
> [   10.118424] pci_bus 0000:23: root bus resource [mem 0x202000000000-0x202fffffffff window]
> [   10.126424] pci_bus 0000:23: root bus resource [bus 23-30]
> [   10.130433] pci 0000:23:05.0: [8086:2034] type 00 class 0x088000
> [   10.138507] pci 0000:23:05.2: [8086:2035] type 00 class 0x088000
> [   10.142498] pci 0000:23:05.4: [8086:2036] type 00 class 0x080020
> [   10.150432] pci 0000:23:05.4: reg 0x10: [mem 0x9d800000-0x9d800fff]
> [   10.154505] pci 0000:23:08.0: [8086:2066] type 00 class 0x088000
> [   10.162504] pci 0000:23:09.0: [8086:2066] type 00 class 0x088000
> [   10.166504] pci 0000:23:0a.0: [8086:2040] type 00 class 0x088000
> [   10.174513] pci 0000:23:0a.1: [8086:2041] type 00 class 0x088000
> [   10.178488] pci 0000:23:0a.2: [8086:2042] type 00 class 0x088000
> [   10.186498] pci 0000:23:0a.3: [8086:2043] type 00 class 0x088000
> [   10.190490] pci 0000:23:0a.4: [8086:2044] type 00 class 0x088000
> [   10.198486] pci 0000:23:0a.5: [8086:2045] type 00 class 0x088000
> [   10.202495] pci 0000:23:0a.6: [8086:2046] type 00 class 0x088000
> [   10.210489] pci 0000:23:0a.7: [8086:2047] type 00 class 0x088000
> [   10.214487] pci 0000:23:0b.0: [8086:2048] type 00 class 0x088000
> [   10.222499] pci 0000:23:0b.1: [8086:2049] type 00 class 0x088000
> [   10.226489] pci 0000:23:0b.2: [8086:204a] type 00 class 0x088000
> [   10.234487] pci 0000:23:0b.3: [8086:204b] type 00 class 0x088000
> [   10.238490] pci 0000:23:0c.0: [8086:2040] type 00 class 0x088000
> [   10.246500] pci 0000:23:0c.1: [8086:2041] type 00 class 0x088000
> [   10.250490] pci 0000:23:0c.2: [8086:2042] type 00 class 0x088000
> [   10.258487] pci 0000:23:0c.3: [8086:2043] type 00 class 0x088000
> [   10.262489] pci 0000:23:0c.4: [8086:2044] type 00 class 0x088000
> [   10.270491] pci 0000:23:0c.5: [8086:2045] type 00 class 0x088000
> [   10.278488] pci 0000:23:0c.6: [8086:2046] type 00 class 0x088000
> [   10.282490] pci 0000:23:0c.7: [8086:2047] type 00 class 0x088000
> [   10.290492] pci 0000:23:0d.0: [8086:2048] type 00 class 0x088000
> [   10.294498] pci 0000:23:0d.1: [8086:2049] type 00 class 0x088000
> [   10.302494] pci 0000:23:0d.2: [8086:204a] type 00 class 0x088000
> [   10.306491] pci 0000:23:0d.3: [8086:204b] type 00 class 0x088000
> [   10.314499] pci_bus 0000:23: on NUMA node 0
> [   10.314626] ACPI: PCI Root Bridge [UC03] (domain 0000 [bus 31])
> [   10.318426] acpi PNP0A08:03: _OSC: OS supports [ExtendedConfig ASPM ClockPM Segments MSI HPX-Type3]
> [   10.326476] acpi PNP0A08:03: PCIe AER handled by firmware
> [   10.334490] acpi PNP0A08:03: _OSC: platform does not support [LTR]
> [   10.338545] acpi PNP0A08:03: _OSC: OS now controls [PCIeHotplug PME PCIeCapability]
> [   10.346477] PCI host bridge to bus 0000:31
> [   10.350424] pci_bus 0000:31: root bus resource [bus 31]
> [   10.358435] pci 0000:31:0e.0: [8086:2058] type 00 class 0x110100
> [   10.362483] pci 0000:31:0e.1: [8086:2059] type 00 class 0x088000
> [   10.370480] pci 0000:31:0e.4: [8086:2058] type 00 class 0xffffff
> [   10.374478] pci 0000:31:0e.5: [8086:2059] type 00 class 0xffffff
> [   10.382489] pci 0000:31:0e.6: [8086:205a] type 00 class 0xffffff
> [   10.386475] pci 0000:31:0f.0: [8086:2058] type 00 class 0x110100
> [   10.394478] pci 0000:31:0f.1: [8086:2059] type 00 class 0x088000
> [   10.398480] pci 0000:31:0f.3: [8086:205b] type 00 class 0xffffff
> [   10.406475] pci 0000:31:0f.4: [8086:2058] type 00 class 0xffffff
> [   10.410477] pci 0000:31:0f.5: [8086:2059] type 00 class 0xffffff
> [   10.418479] pci 0000:31:0f.6: [8086:205a] type 00 class 0xffffff
> [   10.422476] pci 0000:31:10.0: [8086:2058] type 00 class 0x110100
> [   10.430480] pci 0000:31:10.1: [8086:2059] type 00 class 0x088000
> [   10.434478] pci 0000:31:10.4: [8086:2058] type 00 class 0xffffff
> [   10.442479] pci 0000:31:10.5: [8086:2059] type 00 class 0xffffff
> [   10.446480] pci 0000:31:10.6: [8086:205a] type 00 class 0xffffff
> [   10.454477] pci 0000:31:12.0: [8086:204c] type 00 class 0x110100
> [   10.458476] pci 0000:31:12.1: [8086:204d] type 00 class 0x110100
> [   10.466466] pci 0000:31:12.2: [8086:204e] type 00 class 0x088000
> [   10.470466] pci 0000:31:13.0: [8086:204c] type 00 class 0xffffff
> [   10.478478] pci 0000:31:13.1: [8086:204d] type 00 class 0xffffff
> [   10.482463] pci 0000:31:13.2: [8086:204e] type 00 class 0xffffff
> [   10.490463] pci 0000:31:13.3: [8086:204f] type 00 class 0xffffff
> [   10.494468] pci 0000:31:14.0: [8086:204c] type 00 class 0xffffff
> [   10.502475] pci 0000:31:14.1: [8086:204d] type 00 class 0xffffff
> [   10.506465] pci 0000:31:14.2: [8086:204e] type 00 class 0xffffff
> [   10.514462] pci 0000:31:14.3: [8086:204f] type 00 class 0xffffff
> [   10.518467] pci 0000:31:15.0: [8086:2018] type 00 class 0x088000
> [   10.526464] pci 0000:31:15.1: [8086:2088] type 00 class 0x110100
> [   10.530464] pci 0000:31:16.0: [8086:2018] type 00 class 0x088000
> [   10.538462] pci 0000:31:16.1: [8086:2088] type 00 class 0x110100
> [   10.542465] pci 0000:31:17.0: [8086:2018] type 00 class 0x088000
> [   10.550464] pci 0000:31:17.1: [8086:2088] type 00 class 0x110100
> [   10.554469] pci_bus 0000:31: on NUMA node 0
> [   10.554538] ACPI: PCI Root Bridge [PC04] (domain 0000 [bus 32-3d])
> [   10.562426] acpi PNP0A08:04: _OSC: OS supports [ExtendedConfig ASPM ClockPM Segments MSI HPX-Type3]
> [   10.570485] acpi PNP0A08:04: PCIe AER handled by firmware
> [   10.578839] acpi PNP0A08:04: _OSC: OS now controls [PCIeHotplug PME PCIeCapability LTR]
> [   10.586501] PCI host bridge to bus 0000:32
> [   10.590425] pci_bus 0000:32: root bus resource [io  0x7000-0x7fff window]
> [   10.594424] pci_bus 0000:32: root bus resource [mem 0xa4400000-0xaaafffff window]
> [   10.602424] pci_bus 0000:32: root bus resource [mem 0x203000000000-0x203fffffffff window]
> [   10.610424] pci_bus 0000:32: root bus resource [bus 32-3d]
> [   10.618433] pci 0000:32:05.0: [8086:2034] type 00 class 0x088000
> [   10.622512] pci 0000:32:05.2: [8086:2035] type 00 class 0x088000
> [   10.630492] pci 0000:32:05.4: [8086:2036] type 00 class 0x080020
> [   10.634432] pci 0000:32:05.4: reg 0x10: [mem 0xa4400000-0xa4400fff]
> [   10.642504] pci_bus 0000:32: on NUMA node 0
> [   10.642613] ACPI: PCI Root Bridge [PC06] (domain 0000 [bus 40-42])
> [   10.646425] acpi PNP0A08:05: _OSC: OS supports [ExtendedConfig ASPM ClockPM Segments MSI HPX-Type3]
> [   10.658484] acpi PNP0A08:05: PCIe AER handled by firmware
> [   10.662708] acpi PNP0A08:05: _OSC: OS now controls [PCIeHotplug PME PCIeCapability LTR]
> [   10.670526] PCI host bridge to bus 0000:40
> [   10.674424] pci_bus 0000:40: root bus resource [io  0x8000-0x8fff window]
> [   10.682424] pci_bus 0000:40: root bus resource [mem 0xab000000-0xb1bfffff window]
> [   10.690425] pci_bus 0000:40: root bus resource [mem 0x204000000000-0x204fffffffff window]
> [   10.698424] pci_bus 0000:40: root bus resource [bus 40-42]
> [   10.702432] pci 0000:40:04.0: [8086:2021] type 00 class 0x088000
> [   10.710433] pci 0000:40:04.0: reg 0x10: [mem 0x204ffff1c000-0x204ffff1ffff 64bit]
> [   10.714511] pci 0000:40:04.1: [8086:2021] type 00 class 0x088000
> [   10.722433] pci 0000:40:04.1: reg 0x10: [mem 0x204ffff18000-0x204ffff1bfff 64bit]
> [   10.730508] pci 0000:40:04.2: [8086:2021] type 00 class 0x088000
> [   10.734432] pci 0000:40:04.2: reg 0x10: [mem 0x204ffff14000-0x204ffff17fff 64bit]
> [   10.742503] pci 0000:40:04.3: [8086:2021] type 00 class 0x088000
> [   10.750432] pci 0000:40:04.3: reg 0x10: [mem 0x204ffff10000-0x204ffff13fff 64bit]
> [   10.758502] pci 0000:40:04.4: [8086:2021] type 00 class 0x088000
> [   10.762432] pci 0000:40:04.4: reg 0x10: [mem 0x204ffff0c000-0x204ffff0ffff 64bit]
> [   10.770501] pci 0000:40:04.5: [8086:2021] type 00 class 0x088000
> [   10.774432] pci 0000:40:04.5: reg 0x10: [mem 0x204ffff08000-0x204ffff0bfff 64bit]
> [   10.782505] pci 0000:40:04.6: [8086:2021] type 00 class 0x088000
> [   10.790432] pci 0000:40:04.6: reg 0x10: [mem 0x204ffff04000-0x204ffff07fff 64bit]
> [   10.798501] pci 0000:40:04.7: [8086:2021] type 00 class 0x088000
> [   10.802432] pci 0000:40:04.7: reg 0x10: [mem 0x204ffff00000-0x204ffff03fff 64bit]
> [   10.810510] pci 0000:40:05.0: [8086:2024] type 00 class 0x088000
> [   10.818504] pci 0000:40:05.2: [8086:2025] type 00 class 0x088000
> [   10.822502] pci 0000:40:05.4: [8086:2026] type 00 class 0x080020
> [   10.830431] pci 0000:40:05.4: reg 0x10: [mem 0xab000000-0xab000fff]
> [   10.834495] pci 0000:40:08.0: [8086:2014] type 00 class 0x088000
> [   10.842490] pci 0000:40:08.1: [8086:2015] type 00 class 0x110100
> [   10.846472] pci 0000:40:08.2: [8086:2016] type 00 class 0x088000
> [   10.854489] pci_bus 0000:40: on NUMA node 1
> [   10.854574] ACPI: PCI Root Bridge [PC07] (domain 0000 [bus 43-56])
> [   10.858426] acpi PNP0A08:06: _OSC: OS supports [ExtendedConfig ASPM ClockPM Segments MSI HPX-Type3]
> [   10.870486] acpi PNP0A08:06: PCIe AER handled by firmware
> [   10.874840] acpi PNP0A08:06: _OSC: OS now controls [PCIeHotplug PME PCIeCapability LTR]
> [   10.882568] PCI host bridge to bus 0000:43
> [   10.886425] pci_bus 0000:43: root bus resource [io  0x9000-0x9fff window]
> [   10.894424] pci_bus 0000:43: root bus resource [mem 0xb1c00000-0xb87fffff window]
> [   10.902424] pci_bus 0000:43: root bus resource [mem 0x205000000000-0x205fffffffff window]
> [   10.910424] pci_bus 0000:43: root bus resource [bus 43-56]
> [   10.914432] pci 0000:43:05.0: [8086:2034] type 00 class 0x088000
> [   10.922507] pci 0000:43:05.2: [8086:2035] type 00 class 0x088000
> [   10.926502] pci 0000:43:05.4: [8086:2036] type 00 class 0x080020
> [   10.934432] pci 0000:43:05.4: reg 0x10: [mem 0xb1c00000-0xb1c00fff]
> [   10.938502] pci 0000:43:08.0: [8086:208d] type 00 class 0x088000
> [   10.946493] pci 0000:43:08.1: [8086:208d] type 00 class 0x088000
> [   10.950478] pci 0000:43:08.2: [8086:208d] type 00 class 0x088000
> [   10.958475] pci 0000:43:08.3: [8086:208d] type 00 class 0x088000
> [   10.962477] pci 0000:43:08.4: [8086:208d] type 00 class 0x088000
> [   10.970475] pci 0000:43:08.5: [8086:208d] type 00 class 0x088000
> [   10.974476] pci 0000:43:08.6: [8086:208d] type 00 class 0x088000
> [   10.982479] pci 0000:43:08.7: [8086:208d] type 00 class 0x088000
> [   10.986475] pci 0000:43:09.0: [8086:208d] type 00 class 0x088000
> [   10.994487] pci 0000:43:09.1: [8086:208d] type 00 class 0x088000
> [   10.998479] pci 0000:43:09.2: [8086:208d] type 00 class 0x088000
> [   11.006475] pci 0000:43:09.3: [8086:208d] type 00 class 0x088000
> [   11.010477] pci 0000:43:09.4: [8086:208d] type 00 class 0x088000
> [   11.018476] pci 0000:43:09.5: [8086:208d] type 00 class 0x088000
> [   11.022478] pci 0000:43:09.6: [8086:208d] type 00 class 0x088000
> [   11.030479] pci 0000:43:09.7: [8086:208d] type 00 class 0x088000
> [   11.034476] pci 0000:43:0a.0: [8086:208d] type 00 class 0x088000
> [   11.042488] pci 0000:43:0a.1: [8086:208d] type 00 class 0x088000
> [   11.046478] pci 0000:43:0a.2: [8086:208d] type 00 class 0x088000
> [   11.054474] pci 0000:43:0a.3: [8086:208d] type 00 class 0x088000
> [   11.058476] pci 0000:43:0a.4: [8086:208d] type 00 class 0x088000
> [   11.066474] pci 0000:43:0a.5: [8086:208d] type 00 class 0x088000
> [   11.070476] pci 0000:43:0a.6: [8086:208d] type 00 class 0x088000
> [   11.078478] pci 0000:43:0a.7: [8086:208d] type 00 class 0x088000
> [   11.082478] pci 0000:43:0b.0: [8086:208d] type 00 class 0x088000
> [   11.090488] pci 0000:43:0b.1: [8086:208d] type 00 class 0x088000
> [   11.094475] pci 0000:43:0b.2: [8086:208d] type 00 class 0x088000
> [   11.102477] pci 0000:43:0b.3: [8086:208d] type 00 class 0x088000
> [   11.106485] pci 0000:43:0e.0: [8086:208e] type 00 class 0x088000
> [   11.114484] pci 0000:43:0e.1: [8086:208e] type 00 class 0x088000
> [   11.118476] pci 0000:43:0e.2: [8086:208e] type 00 class 0x088000
> [   11.126478] pci 0000:43:0e.3: [8086:208e] type 00 class 0x088000
> [   11.130474] pci 0000:43:0e.4: [8086:208e] type 00 class 0x088000
> [   11.138476] pci 0000:43:0e.5: [8086:208e] type 00 class 0x088000
> [   11.142475] pci 0000:43:0e.6: [8086:208e] type 00 class 0x088000
> [   11.150477] pci 0000:43:0e.7: [8086:208e] type 00 class 0x088000
> [   11.154476] pci 0000:43:0f.0: [8086:208e] type 00 class 0x088000
> [   11.162486] pci 0000:43:0f.1: [8086:208e] type 00 class 0x088000
> [   11.170486] pci 0000:43:0f.2: [8086:208e] type 00 class 0x088000
> [   11.174479] pci 0000:43:0f.3: [8086:208e] type 00 class 0x088000
> [   11.182476] pci 0000:43:0f.4: [8086:208e] type 00 class 0x088000
> [   11.186478] pci 0000:43:0f.5: [8086:208e] type 00 class 0x088000
> [   11.194475] pci 0000:43:0f.6: [8086:208e] type 00 class 0x088000
> [   11.198478] pci 0000:43:0f.7: [8086:208e] type 00 class 0x088000
> [   11.206481] pci 0000:43:10.0: [8086:208e] type 00 class 0x088000
> [   11.210492] pci 0000:43:10.1: [8086:208e] type 00 class 0x088000
> [   11.218478] pci 0000:43:10.2: [8086:208e] type 00 class 0x088000
> [   11.222477] pci 0000:43:10.3: [8086:208e] type 00 class 0x088000
> [   11.230477] pci 0000:43:10.4: [8086:208e] type 00 class 0x088000
> [   11.234477] pci 0000:43:10.5: [8086:208e] type 00 class 0x088000
> [   11.242475] pci 0000:43:10.6: [8086:208e] type 00 class 0x088000
> [   11.246477] pci 0000:43:10.7: [8086:208e] type 00 class 0x088000
> [   11.254476] pci 0000:43:11.0: [8086:208e] type 00 class 0x088000
> [   11.258488] pci 0000:43:11.1: [8086:208e] type 00 class 0x088000
> [   11.266477] pci 0000:43:11.2: [8086:208e] type 00 class 0x088000
> [   11.270477] pci 0000:43:11.3: [8086:208e] type 00 class 0x088000
> [   11.278490] pci 0000:43:1d.0: [8086:2054] type 00 class 0x088000
> [   11.282489] pci 0000:43:1d.1: [8086:2055] type 00 class 0x088000
> [   11.290476] pci 0000:43:1d.2: [8086:2056] type 00 class 0x088000
> [   11.294478] pci 0000:43:1d.3: [8086:2057] type 00 class 0x088000
> [   11.302481] pci 0000:43:1e.0: [8086:2080] type 00 class 0x088000
> [   11.306485] pci 0000:43:1e.1: [8086:2081] type 00 class 0x088000
> [   11.314487] pci 0000:43:1e.2: [8086:2082] type 00 class 0x088000
> [   11.318481] pci 0000:43:1e.3: [8086:2083] type 00 class 0x088000
> [   11.326477] pci 0000:43:1e.4: [8086:2084] type 00 class 0x088000
> [   11.330477] pci 0000:43:1e.5: [8086:2085] type 00 class 0x088000
> [   11.338476] pci 0000:43:1e.6: [8086:2086] type 00 class 0x088000
> [   11.342480] pci_bus 0000:43: on NUMA node 1
> [   11.342648] ACPI: PCI Root Bridge [PC08] (domain 0000 [bus 57-6a])
> [   11.350426] acpi PNP0A08:07: _OSC: OS supports [ExtendedConfig ASPM ClockPM Segments MSI HPX-Type3]
> [   11.358486] acpi PNP0A08:07: PCIe AER handled by firmware
> [   11.366841] acpi PNP0A08:07: _OSC: OS now controls [PCIeHotplug PME PCIeCapability LTR]
> [   11.374545] PCI host bridge to bus 0000:57
> [   11.378425] pci_bus 0000:57: root bus resource [io  0xa000-0xafff window]
> [   11.382424] pci_bus 0000:57: root bus resource [mem 0xb8800000-0xbf3fffff window]
> [   11.390424] pci_bus 0000:57: root bus resource [mem 0x206000000000-0x206fffffffff window]
> [   11.398424] pci_bus 0000:57: root bus resource [bus 57-6a]
> [   11.406432] pci 0000:57:05.0: [8086:2034] type 00 class 0x088000
> [   11.410499] pci 0000:57:05.2: [8086:2035] type 00 class 0x088000
> [   11.418494] pci 0000:57:05.4: [8086:2036] type 00 class 0x080020
> [   11.422431] pci 0000:57:05.4: reg 0x10: [mem 0xb8800000-0xb8800fff]
> [   11.430498] pci 0000:57:08.0: [8086:2066] type 00 class 0x088000
> [   11.434499] pci 0000:57:09.0: [8086:2066] type 00 class 0x088000
> [   11.442497] pci 0000:57:0a.0: [8086:2040] type 00 class 0x088000
> [   11.446492] pci 0000:57:0a.1: [8086:2041] type 00 class 0x088000
> [   11.454486] pci 0000:57:0a.2: [8086:2042] type 00 class 0x088000
> [   11.458484] pci 0000:57:0a.3: [8086:2043] type 00 class 0x088000
> [   11.466482] pci 0000:57:0a.4: [8086:2044] type 00 class 0x088000
> [   11.470483] pci 0000:57:0a.5: [8086:2045] type 00 class 0x088000
> [   11.478480] pci 0000:57:0a.6: [8086:2046] type 00 class 0x088000
> [   11.482484] pci 0000:57:0a.7: [8086:2047] type 00 class 0x088000
> [   11.490487] pci 0000:57:0b.0: [8086:2048] type 00 class 0x088000
> [   11.494494] pci 0000:57:0b.1: [8086:2049] type 00 class 0x088000
> [   11.502482] pci 0000:57:0b.2: [8086:204a] type 00 class 0x088000
> [   11.506484] pci 0000:57:0b.3: [8086:204b] type 00 class 0x088000
> [   11.514483] pci 0000:57:0c.0: [8086:2040] type 00 class 0x088000
> [   11.518497] pci 0000:57:0c.1: [8086:2041] type 00 class 0x088000
> [   11.526482] pci 0000:57:0c.2: [8086:2042] type 00 class 0x088000
> [   11.530486] pci 0000:57:0c.3: [8086:2043] type 00 class 0x088000
> [   11.538483] pci 0000:57:0c.4: [8086:2044] type 00 class 0x088000
> [   11.542483] pci 0000:57:0c.5: [8086:2045] type 00 class 0x088000
> [   11.550486] pci 0000:57:0c.6: [8086:2046] type 00 class 0x088000
> [   11.558484] pci 0000:57:0c.7: [8086:2047] type 00 class 0x088000
> [   11.562485] pci 0000:57:0d.0: [8086:2048] type 00 class 0x088000
> [   11.570498] pci 0000:57:0d.1: [8086:2049] type 00 class 0x088000
> [   11.574485] pci 0000:57:0d.2: [8086:204a] type 00 class 0x088000
> [   11.582494] pci 0000:57:0d.3: [8086:204b] type 00 class 0x088000
> [   11.586494] pci_bus 0000:57: on NUMA node 1
> [   11.586624] ACPI: PCI Root Bridge [UC13] (domain 0000 [bus 6b])
> [   11.594427] acpi PNP0A08:08: _OSC: OS supports [ExtendedConfig ASPM ClockPM Segments MSI HPX-Type3]
> [   11.602475] acpi PNP0A08:08: PCIe AER handled by firmware
> [   11.606490] acpi PNP0A08:08: _OSC: platform does not support [LTR]
> [   11.614546] acpi PNP0A08:08: _OSC: OS now controls [PCIeHotplug PME PCIeCapability]
> [   11.622478] PCI host bridge to bus 0000:6b
> [   11.626424] pci_bus 0000:6b: root bus resource [bus 6b]
> [   11.630433] pci 0000:6b:0e.0: [8086:2058] type 00 class 0x110100
> [   11.638474] pci 0000:6b:0e.1: [8086:2059] type 00 class 0x088000
> [   11.642474] pci 0000:6b:0e.4: [8086:2058] type 00 class 0xffffff
> [   11.650474] pci 0000:6b:0e.5: [8086:2059] type 00 class 0xffffff
> [   11.654470] pci 0000:6b:0e.6: [8086:205a] type 00 class 0xffffff
> [   11.662472] pci 0000:6b:0f.0: [8086:2058] type 00 class 0x110100
> [   11.666471] pci 0000:6b:0f.1: [8086:2059] type 00 class 0x088000
> [   11.674475] pci 0000:6b:0f.3: [8086:205b] type 00 class 0xffffff
> [   11.678471] pci 0000:6b:0f.4: [8086:2058] type 00 class 0xffffff
> [   11.686470] pci 0000:6b:0f.5: [8086:2059] type 00 class 0xffffff
> [   11.690471] pci 0000:6b:0f.6: [8086:205a] type 00 class 0xffffff
> [   11.698473] pci 0000:6b:10.0: [8086:2058] type 00 class 0x110100
> [   11.702471] pci 0000:6b:10.1: [8086:2059] type 00 class 0x088000
> [   11.710473] pci 0000:6b:10.4: [8086:2058] type 00 class 0xffffff
> [   11.714474] pci 0000:6b:10.5: [8086:2059] type 00 class 0xffffff
> [   11.722473] pci 0000:6b:10.6: [8086:205a] type 00 class 0xffffff
> [   11.726476] pci 0000:6b:12.0: [8086:204c] type 00 class 0x110100
> [   11.734470] pci 0000:6b:12.1: [8086:204d] type 00 class 0x110100
> [   11.738459] pci 0000:6b:12.2: [8086:204e] type 00 class 0x088000
> [   11.746466] pci 0000:6b:13.0: [8086:204c] type 00 class 0xffffff
> [   11.750469] pci 0000:6b:13.1: [8086:204d] type 00 class 0xffffff
> [   11.758461] pci 0000:6b:13.2: [8086:204e] type 00 class 0xffffff
> [   11.762459] pci 0000:6b:13.3: [8086:204f] type 00 class 0xffffff
> [   11.770465] pci 0000:6b:14.0: [8086:204c] type 00 class 0xffffff
> [   11.774473] pci 0000:6b:14.1: [8086:204d] type 00 class 0xffffff
> [   11.782458] pci 0000:6b:14.2: [8086:204e] type 00 class 0xffffff
> [   11.786460] pci 0000:6b:14.3: [8086:204f] type 00 class 0xffffff
> [   11.794459] pci 0000:6b:15.0: [8086:2018] type 00 class 0x088000
> [   11.798459] pci 0000:6b:15.1: [8086:2088] type 00 class 0x110100
> [   11.806462] pci 0000:6b:16.0: [8086:2018] type 00 class 0x088000
> [   11.810458] pci 0000:6b:16.1: [8086:2088] type 00 class 0x110100
> [   11.818464] pci 0000:6b:17.0: [8086:2018] type 00 class 0x088000
> [   11.822457] pci 0000:6b:17.1: [8086:2088] type 00 class 0x110100
> [   11.830467] pci_bus 0000:6b: on NUMA node 1
> [   11.830535] ACPI: PCI Root Bridge [PC10] (domain 0000 [bus 6c-7d])
> [   11.834425] acpi PNP0A08:09: _OSC: OS supports [ExtendedConfig ASPM ClockPM Segments MSI HPX-Type3]
> [   11.846484] acpi PNP0A08:09: PCIe AER handled by firmware
> [   11.850840] acpi PNP0A08:09: _OSC: OS now controls [PCIeHotplug PME PCIeCapability LTR]
> [   11.858503] PCI host bridge to bus 0000:6c
> [   11.862425] pci_bus 0000:6c: root bus resource [io  0xb000-0xbfff window]
> [   11.870424] pci_bus 0000:6c: root bus resource [mem 0xbf400000-0xc5afffff window]
