Return-Path: <linux-kernel-owner@vger.kernel.org>
X-Original-To: lists+linux-kernel@lfdr.de
Delivered-To: lists+linux-kernel@lfdr.de
Received: from vger.kernel.org (vger.kernel.org [23.128.96.18])
	by mail.lfdr.de (Postfix) with ESMTP id A0CA8269E0C
	for <lists+linux-kernel@lfdr.de>; Tue, 15 Sep 2020 07:49:28 +0200 (CEST)
Received: (majordomo@vger.kernel.org) by vger.kernel.org via listexpand
        id S1726171AbgIOFt0 (ORCPT <rfc822;lists+linux-kernel@lfdr.de>);
        Tue, 15 Sep 2020 01:49:26 -0400
Received: from mga02.intel.com ([134.134.136.20]:9618 "EHLO mga02.intel.com"
        rhost-flags-OK-OK-OK-OK) by vger.kernel.org with ESMTP
        id S1726131AbgIOFtN (ORCPT <rfc822;linux-kernel@vger.kernel.org>);
        Tue, 15 Sep 2020 01:49:13 -0400
IronPort-SDR: Q5FmER5qeQPVf4dvQSK922PT1Vee2JUKk1uE7x8COYLgNlDWgcwKJWh5xYc4qq9ykbhXIQ3FGE
 Vcuwy38sGVBw==
X-IronPort-AV: E=McAfee;i="6000,8403,9744"; a="146892712"
X-IronPort-AV: E=Sophos;i="5.76,428,1592895600"; 
   d="scan'208";a="146892712"
X-Amp-Result: UNKNOWN
X-Amp-Original-Verdict: FILE UNKNOWN
X-Amp-File-Uploaded: False
Received: from orsmga005.jf.intel.com ([10.7.209.41])
  by orsmga101.jf.intel.com with ESMTP/TLS/ECDHE-RSA-AES256-GCM-SHA384; 14 Sep 2020 22:42:34 -0700
IronPort-SDR: 4U+nf6SDSvJ+gR3ujRzxnplZ5wtzVf4WJwV97oGxIuoAIB0j6fjsG+5v/+e4lf+MIxkgOHvm0d
 sGBVpTMaW0ew==
X-IronPort-AV: E=Sophos;i="5.76,428,1592895600"; 
   d="scan'208";a="482626395"
Received: from xsang-optiplex-9020.sh.intel.com (HELO xsang-OptiPlex-9020) ([10.239.159.140])
  by orsmga005-auth.jf.intel.com with ESMTP/TLS/ECDHE-RSA-AES256-GCM-SHA384; 14 Sep 2020 22:42:30 -0700
Date:   Tue, 15 Sep 2020 13:54:11 +0800
From:   Oliver Sang <oliver.sang@intel.com>
To:     Qu Wenruo <wqu@suse.com>
Cc:     linux-btrfs@vger.kernel.org, 0day robot <lkp@intel.com>,
        LKML <linux-kernel@vger.kernel.org>, lkp@lists.01.org
Subject: Re: [btrfs] 3b54a0a703:
 WARNING:at_fs/btrfs/inode.c:#btrfs_finish_ordered_io[btrfs]
Message-ID: <20200915055411.GC17463@xsang-OptiPlex-9020>
References: <20200909070857.GA25950@xsang-OptiPlex-9020>
 <29350c54-fb8e-433e-404c-d72c83f3989a@suse.com>
MIME-Version: 1.0
Content-Type: multipart/mixed; boundary="dc+cDN39EJAMEtIO"
Content-Disposition: inline
Content-Transfer-Encoding: 8bit
In-Reply-To: <29350c54-fb8e-433e-404c-d72c83f3989a@suse.com>
User-Agent: Mutt/1.9.4 (2018-02-28)
Sender: linux-kernel-owner@vger.kernel.org
Precedence: bulk
List-ID: <linux-kernel.vger.kernel.org>
X-Mailing-List: linux-kernel@vger.kernel.org


--dc+cDN39EJAMEtIO
Content-Type: text/plain; charset=utf-8
Content-Disposition: inline
Content-Transfer-Encoding: 8bit

On Wed, Sep 09, 2020 at 03:49:30PM +0800, Qu Wenruo wrote:
> 
> 
> On 2020/9/9 下午3:08, kernel test robot wrote:
> > Greeting,
> > 
> > FYI, we noticed the following commit (built with gcc-9):
> > 
> > commit: 3b54a0a703f17d2b1317d24beefcdcca587a7667 ("[PATCH v3 3/5] btrfs: Detect unbalanced tree with empty leaf before crashing btree operations")
> > url: https://github.com/0day-ci/linux/commits/Qu-Wenruo/btrfs-Enhanced-runtime-defence-against-fuzzed-images/20200809-201720
> > base: https://git.kernel.org/cgit/linux/kernel/git/kdave/linux.git for-next
> > 
> > in testcase: fio-basic
> > with following parameters:
> > 
> > 	runtime: 300s
> > 	disk: 1SSD
> > 	fs: btrfs
> > 	nr_task: 100%
> > 	test_size: 128G
> > 	rw: write
> > 	bs: 4k
> > 	ioengine: sync
> > 	cpufreq_governor: performance
> > 	ucode: 0x400002c
> > 	fs2: nfsv4
> > 
> > test-description: Fio is a tool that will spawn a number of threads or processes doing a particular type of I/O action as specified by the user.
> > test-url: https://github.com/axboe/fio
> > 
> > 
> > on test machine: 96 threads Intel(R) Xeon(R) Platinum 8260L CPU @ 2.40GHz with 128G memory
> > 
> > caused below changes (please refer to attached dmesg/kmsg for entire log/backtrace):
> > 
> > 
> > +----------------------------------------------------------------------------+------------+------------+
> > |                                                                            | 2703206ff5 | 3b54a0a703 |
> > +----------------------------------------------------------------------------+------------+------------+
> > | boot_successes                                                             | 9          | 0          |
> > | boot_failures                                                              | 4          |            |
> > | Kernel_panic-not_syncing:VFS:Unable_to_mount_root_fs_on_unknown-block(#,#) | 4          |            |
> > +----------------------------------------------------------------------------+------------+------------+
> > 
> > 
> > If you fix the issue, kindly add following tag
> > Reported-by: kernel test robot <oliver.sang@intel.com>
> > 
> > 
> 
> According to the full dmesg, it's invalid nritems causing transaction abort.
> 
> I'm not sure if it's caused by corrupts fs or something else.
> 
> If intel guys can reproduce it reliably, would you please add such debug
> diff to output extra info?

Hi Qu, sorry for late. we double confirmed the issue can be reproduced reliably.
The error will only occur on fbc but not parent commit.

below from applying your path for extra info
[   42.539443] [task_0]$
[   42.539445]~$
[   42.546125] rw=write$
[   42.546126]~$
[   42.551637] directory=/fs/nvme1n1p1$
[   42.551638]~$
[   42.559135] numjobs=96' | fio --output-format=json -$
[   42.559136]~$
[   42.574513] perf version 5.9.rc4.g34d4ddd359db$
[   42.574518]~$
[   56.152662] BTRFS error (device nvme1n1p1): invalid tree nritems, bytenr=13238272 owner=7 level=0 first_key=(18446744073709551606 128 96941895680) nritems=0
 expect >0$
[   56.152664] BTRFS error (device nvme1n1p1): invalid tree nritems, bytenr=13238272 owner=7 level=0 first_key=(18446744073709551606 128 96941895680) nritems=0
 expect >0$
[   56.152666] ------------[ cut here ]------------$
[   56.168263] BTRFS: error (device nvme1n1p1) in btrfs_finish_ordered_io:2687: errno=-117 Filesystem corrupted$
[   56.168264] BTRFS info (device nvme1n1p1): forced readonly$
[   56.205009] BTRFS: Transaction aborted (error -117)$
[   56.210368] WARNING: CPU: 71 PID: 537 at fs/btrfs/inode.c:2687 btrfs_finish_ordered_io+0x70a/0x820 [btrfs]$
[   56.220466] Modules linked in: rpcsec_gss_krb5 nfsv4 dns_resolver nfsd auth_rpcgss dm_mod dax_pmem_compat nd_pmem device_dax nd_btt dax_pmem_core btrfs blak
e2b_generic sr_mod xor cdrom sd_mod zstd_decompress sg zstd_compress raid6_pq libcrc32c intel_rapl_msr intel_rapl_common skx_edac x86_pkg_temp_thermal intel_po
werclamp coretemp kvm_intel ipmi_ssif kvm irqbypass ast drm_vram_helper crct10dif_pclmul drm_ttm_helper crc32_pclmul ttm crc32c_intel ghash_clmulni_intel rapl
drm_kms_helper acpi_ipmi syscopyarea intel_cstate sysfillrect ahci sysimgblt nvme libahci fb_sys_fops intel_uncore mei_me nvme_core ioatdma t10_pi drm mei liba
ta joydev ipmi_si dca wmi ipmi_devintf ipmi_msghandler nfit libnvdimm ip_tables$
[   56.285795] CPU: 71 PID: 537 Comm: kworker/u193:28 Not tainted 5.8.0-rc7-00166-g6e85ab8532a52 #1$
[   56.295218] Workqueue: btrfs-endio-write btrfs_work_helper [btrfs]$
[   56.302044] RIP: 0010:btrfs_finish_ordered_io+0x70a/0x820 [btrfs]$
[   56.308762] Code: 48 0a 00 00 02 72 25 41 83 ff fb 0f 84 f2 00 00 00 41 83 ff e2 0f 84 e8 00 00 00 44 89 fe 48 c7 c7 a0 9c 2c c1 e8 58 2e ec bf <0f> 0b 44 8
9 f9 ba 7f 0a 00 00 48 c7 c6 50 c7 2b c1 48 89 df e8 15$
[   56.328846] RSP: 0018:ffffc90007babd58 EFLAGS: 00010282$
[   56.334755] RAX: 0000000000000000 RBX: ffff888fb85984e0 RCX: 0000000000000000$
[   56.342577] RDX: ffff8890401e82a0 RSI: ffff8890401d7f60 RDI: ffff8890401d7f60$
[   56.350415] RBP: ffff889007e2e4c0 R08: 0000000001200000 R09: 0000000000000000$
[   56.358255] R10: 0000000000000001 R11: ffffffffc00bd060 R12: 0000000010e7e000$
[   56.366121] R13: 0000000010e7efff R14: ffff888fb86622a8 R15: 00000000ffffff8b$
[   56.373983] FS:  0000000000000000(0000) GS:ffff8890401c0000(0000) knlGS:0000000000000000$
[   56.382806] CS:  0010 DS: 0000 ES: 0000 CR0: 0000000080050033$
[   56.389291] CR2: 00007fa44c4cc448 CR3: 0000005eac7c0006 CR4: 00000000007606e0$
[   56.397176] DR0: 0000000000000000 DR1: 0000000000000000 DR2: 0000000000000000$
[   56.405065] DR3: 0000000000000000 DR6: 00000000fffe0ff0 DR7: 0000000000000400$
[   56.412952] PKRU: 55555554$
[   56.416419] Call Trace:$
[   56.419631]  ? update_curr+0xc0/0x200$
[   56.424060]  ? newidle_balance+0x232/0x3e0$
[   56.428958]  btrfs_work_helper+0xc9/0x400 [btrfs]$
[   56.434441]  ? __schedule+0x378/0x860$
[   56.438895]  process_one_work+0x1b5/0x3a0$
[   56.443690]  worker_thread+0x50/0x3c0$
[   56.446698] /usr/bin/wget -q --timeout=1800 --tries=1 --local-encoding=UTF-8 http://inn:80/~lkp/cgi-bin/lkp-jobfile-append-var?job_file=/lkp/jobs/scheduled/
lkp-csl-2sp3/fio-basic-4k-performance-1SSD-btrfs-nfsv4-sync-100%25-300s-write-128G-ucode=0x400002c-monitor=a122c70f-debian-10.4-x86_64-20200603-20200915-84129-
1i8kzyy-0.yaml&job_state=post_run -O /dev/null$
[   56.446700]~$
[   56.448144]  ? process_one_work+0x3a0/0x3a0$
[   56.491886]  kthread+0x114/0x160$
[   56.495986]  ? kthread_park+0xa0/0xa0$
[   56.500522]  ret_from_fork+0x1f/0x30$
[   56.504966] ---[ end trace fbe43e164e851f97 ]---$
[   56.510432] BTRFS: error (device nvme1n1p1) in btrfs_finish_ordered_io:2687: errno=-117 Filesystem corrupted$


I also attached full dmesg 'dmesg-with-debug' for your reference.

> 
> diff --git a/fs/btrfs/disk-io.c b/fs/btrfs/disk-io.c
> index b1a148058773..b050d6fcb90a 100644
> --- a/fs/btrfs/disk-io.c
> +++ b/fs/btrfs/disk-io.c
> @@ -406,8 +406,9 @@ int btrfs_verify_level_key(struct extent_buffer *eb,
> int level,
>         /* We have @first_key, so this @eb must have at least one item */
>         if (btrfs_header_nritems(eb) == 0) {
>                 btrfs_err(fs_info,
> -               "invalid tree nritems, bytenr=%llu nritems=0 expect >0",
> -                         eb->start);
> +               "invalid tree nritems, bytenr=%llu owner=%llu level=%d
> first_key=(%llu %u %llu) nritems=0 expect >0",
> +                         eb->start, btrfs_header_owner(eb),
> btrfs_header_level(eb),
> +                         first_key->objectid, first_key->type,
> first_key->offset);
>                 WARN_ON(IS_ENABLED(CONFIG_BTRFS_DEBUG));
>                 return -EUCLEAN;
>         }
> 
> Thanks,
> Qu
> 
> > [   50.226906] WARNING: CPU: 71 PID: 500 at fs/btrfs/inode.c:2687 btrfs_finish_ordered_io+0x70a/0x820 [btrfs]
> > [   50.236913] Modules linked in: rpcsec_gss_krb5 nfsv4 dns_resolver nfsd auth_rpcgss dm_mod dax_pmem_compat nd_pmem device_dax nd_btt dax_pmem_core btrfs sr_mod blake2b_generic xor cdrom sd_mod zstd_decompress sg zstd_compress raid6_pq libcrc32c intel_rapl_msr intel_rapl_common skx_edac x86_pkg_temp_thermal ipmi_ssif intel_powerclamp coretemp kvm_intel kvm irqbypass ast crct10dif_pclmul drm_vram_helper crc32_pclmul crc32c_intel acpi_ipmi drm_ttm_helper ghash_clmulni_intel ttm rapl drm_kms_helper intel_cstate syscopyarea sysfillrect nvme sysimgblt intel_uncore fb_sys_fops nvme_core ahci libahci t10_pi drm mei_me ioatdma libata mei ipmi_si joydev dca wmi ipmi_devintf ipmi_msghandler nfit libnvdimm ip_tables
> > [   50.301669] CPU: 71 PID: 500 Comm: kworker/u193:5 Not tainted 5.8.0-rc7-00165-g3b54a0a703f17 #1
> > [   50.310904] Workqueue: btrfs-endio-write btrfs_work_helper [btrfs]
> > [   50.317626] RIP: 0010:btrfs_finish_ordered_io+0x70a/0x820 [btrfs]
> > [   50.324255] Code: 48 0a 00 00 02 72 25 41 83 ff fb 0f 84 f2 00 00 00 41 83 ff e2 0f 84 e8 00 00 00 44 89 fe 48 c7 c7 70 1c 2b c1 e8 58 ae ed bf <0f> 0b 44 89 f9 ba 7f 0a 00 00 48 c7 c6 50 47 2a c1 48 89 df e8 15
> > [   50.344116] RSP: 0018:ffffc90007a83d58 EFLAGS: 00010282
> > [   50.349923] RAX: 0000000000000000 RBX: ffff888a93ca5ea0 RCX: 0000000000000000
> > [   50.357656] RDX: ffff8890401e82a0 RSI: ffff8890401d7f60 RDI: ffff8890401d7f60
> > [   50.365385] RBP: ffff8890300ab8a8 R08: 0000000000000bd4 R09: 0000000000000000
> > [   50.373133] R10: 0000000000000001 R11: ffffffffc0714060 R12: 000000000f83e000
> > [   50.381060] R13: 000000000f83ffff R14: ffff888fb6c39968 R15: 00000000ffffff8b
> > [   50.388824] FS:  0000000000000000(0000) GS:ffff8890401c0000(0000) knlGS:0000000000000000
> > [   50.397545] CS:  0010 DS: 0000 ES: 0000 CR0: 0000000080050033
> > [   50.404300] CR2: 00007feacc500f98 CR3: 0000000f74422006 CR4: 00000000007606e0
> > [   50.412477] DR0: 0000000000000000 DR1: 0000000000000000 DR2: 0000000000000000
> > [   50.420281] DR3: 0000000000000000 DR6: 00000000fffe0ff0 DR7: 0000000000000400
> > [   50.428082] PKRU: 55555554
> > [   50.431451] Call Trace:
> > [   50.434570]  ? update_curr+0xc0/0x200
> > [   50.438919]  ? newidle_balance+0x232/0x3e0
> > [   50.443700]  ? __wake_up_common+0x80/0x180
> > [   50.448491]  btrfs_work_helper+0xc9/0x400 [btrfs]
> > [   50.453880]  ? __schedule+0x378/0x860
> > [   50.458218]  process_one_work+0x1b5/0x3a0
> > [   50.462917]  worker_thread+0x50/0x3c0
> > [   50.467262]  ? process_one_work+0x3a0/0x3a0
> > [   50.472148]  kthread+0x114/0x160
> > [   50.476084]  ? kthread_park+0xa0/0xa0
> > [   50.480445]  ret_from_fork+0x1f/0x30
> > [   50.484731] ---[ end trace cc096c1a2068030e ]---
> > 
> > 
> > To reproduce:
> > 
> >         git clone https://github.com/intel/lkp-tests.git
> >         cd lkp-tests
> >         bin/lkp install job.yaml  # job file is attached in this email
> >         bin/lkp run     job.yaml
> > 
> > 
> > 
> > Thanks,
> > Oliver Sang
> > 
> 

--dc+cDN39EJAMEtIO
Content-Type: text/plain; charset=us-ascii
Content-Disposition: attachment; filename=dmesg-with-debug
Content-Transfer-Encoding: quoted-printable

Decompressing Linux... Parsing ELF... No relocation needed... done.
Booting the kernel.
[    0.000000] Linux version 5.8.0-rc7-00166-g6e85ab8532a52 (kbuild@c2e36c1=
1e9d5) (gcc-9 (Debian 9.3.0-15) 9.3.0, GNU ld (GNU Binutils for Debian) 2.3=
5) #1 SMP Tue Sep 15 06:58:00 CST 2020
[    0.000000] Command line: ip=3D::::lkp-csl-2sp3::dhcp root=3D/dev/ram0 u=
ser=3Dlkp job=3D/lkp/jobs/scheduled/lkp-csl-2sp3/fio-basic-4k-performance-1=
SSD-btrfs-nfsv4-sync-100%-300s-write-128G-ucode=3D0x400002c-monitor=3Da122c=
70f-debian-10.4-x86_64-20200603-20200915-84129-1i8kzyy-0.yaml ARCH=3Dx86_64=
 kconfig=3Dx86_64-rhel-8.3 branch=3Dlinux-devel/fixup-3b54a0a703f17d2b1317d=
24beefcdcca587a7667 commit=3D6e85ab8532a52e24a614dfc017c5e8a699c53cc6 BOOT_=
IMAGE=3D/pkg/linux/x86_64-rhel-8.3/gcc-9/6e85ab8532a52e24a614dfc017c5e8a699=
c53cc6/vmlinuz-5.8.0-rc7-00166-g6e85ab8532a52 acpi_rsdp=3D0x68b85014 max_up=
time=3D1500 RESULT_ROOT=3D/result/fio-basic/4k-performance-1SSD-btrfs-nfsv4=
-sync-100%-300s-write-128G-ucode=3D0x400002c-monitor=3Da122c70f/lkp-csl-2sp=
3/debian-10.4-x86_64-20200603.cgz/x86_64-rhel-8.3/gcc-9/6e85ab8532a52e24a61=
4dfc017c5e8a699c53cc6/2 LKP_SERVER=3Dinn nokaslr selinux=3D0 debug apic=3Dd=
ebug sysrq_always_enabled rcupdate.rcu_cpu_stall_timeout=3D100 net.ifnames=
=3D0 printk.devkmsg=3Don panic=3D-1 softlockup_panic=3D1 nmi_watchdog=3Dpan=
ic oo
[    0.000000] x86/fpu: Supporting XSAVE feature 0x001: 'x87 floating point=
 registers'
[    0.000000] x86/fpu: Supporting XSAVE feature 0x002: 'SSE registers'
[    0.000000] x86/fpu: Supporting XSAVE feature 0x004: 'AVX registers'
[    0.000000] x86/fpu: Supporting XSAVE feature 0x008: 'MPX bounds registe=
rs'
[    0.000000] x86/fpu: Supporting XSAVE feature 0x010: 'MPX CSR'
[    0.000000] x86/fpu: Supporting XSAVE feature 0x020: 'AVX-512 opmask'
[    0.000000] x86/fpu: Supporting XSAVE feature 0x040: 'AVX-512 Hi256'
[    0.000000] x86/fpu: Supporting XSAVE feature 0x080: 'AVX-512 ZMM_Hi256'
[    0.000000] x86/fpu: Supporting XSAVE feature 0x200: 'Protection Keys Us=
er registers'
[    0.000000] x86/fpu: xstate_offset[2]:  576, xstate_sizes[2]:  256
[    0.000000] x86/fpu: xstate_offset[3]:  832, xstate_sizes[3]:   64
[    0.000000] x86/fpu: xstate_offset[4]:  896, xstate_sizes[4]:   64
[    0.000000] x86/fpu: xstate_offset[5]:  960, xstate_sizes[5]:   64
[    0.000000] x86/fpu: xstate_offset[6]: 1024, xstate_sizes[6]:  512
[    0.000000] x86/fpu: xstate_offset[7]: 1536, xstate_sizes[7]: 1024
[    0.000000] x86/fpu: xstate_offset[9]: 2560, xstate_sizes[9]:    8
[    0.000000] x86/fpu: Enabled xstate features 0x2ff, context size is 2568=
 bytes, using 'compacted' format.
[    0.000000] BIOS-provided physical RAM map:
[    0.000000] BIOS-e820: [mem 0x0000000000000100-0x000000000009ffff] usable
[    0.000000] BIOS-e820: [mem 0x00000000000a0000-0x00000000000fffff] reser=
ved
[    0.000000] BIOS-e820: [mem 0x0000000000100000-0x000000005a817fff] usable
[    0.000000] BIOS-e820: [mem 0x000000005a818000-0x000000005a8b4fff] reser=
ved
[    0.000000] BIOS-e820: [mem 0x000000005a8b5000-0x000000005c713fff] usable
[    0.000000] BIOS-e820: [mem 0x000000005c714000-0x000000005c9a5fff] ACPI =
data
[    0.000000] BIOS-e820: [mem 0x000000005c9a6000-0x000000005ca10fff] usable
[    0.000000] BIOS-e820: [mem 0x000000005ca11000-0x000000005cc37fff] reser=
ved
[    0.000000] BIOS-e820: [mem 0x000000005cc38000-0x0000000060775fff] usable
[    0.000000] BIOS-e820: [mem 0x0000000060776000-0x00000000607d0fff] ACPI =
data
[    0.000000] BIOS-e820: [mem 0x00000000607d1000-0x0000000060838fff] usable
[    0.000000] BIOS-e820: [mem 0x0000000060839000-0x0000000060866fff] ACPI =
data
[    0.000000] BIOS-e820: [mem 0x0000000060867000-0x0000000064649fff] usable
[    0.000000] BIOS-e820: [mem 0x000000006464a000-0x00000000646f8fff] reser=
ved
[    0.000000] BIOS-e820: [mem 0x00000000646f9000-0x00000000648a6fff] usable
[    0.000000] BIOS-e820: [mem 0x00000000648a7000-0x0000000064923fff] reser=
ved
[    0.000000] BIOS-e820: [mem 0x0000000064924000-0x0000000064bedfff] usable
[    0.000000] BIOS-e820: [mem 0x0000000064bee000-0x00000000651effff] reser=
ved
[    0.000000] BIOS-e820: [mem 0x00000000651f0000-0x00000000652d3fff] usable
[    0.000000] BIOS-e820: [mem 0x00000000652d4000-0x00000000662d3fff] reser=
ved
[    0.000000] BIOS-e820: [mem 0x00000000662d4000-0x0000000067d55fff] usable
[    0.000000] BIOS-e820: [mem 0x0000000067d56000-0x0000000068055fff] reser=
ved
[    0.000000] BIOS-e820: [mem 0x0000000068056000-0x0000000068a85fff] ACPI =
NVS
[    0.000000] BIOS-e820: [mem 0x0000000068a86000-0x0000000068b85fff] ACPI =
data
[    0.000000] BIOS-e820: [mem 0x0000000068b86000-0x000000006fafffff] usable
[    0.000000] BIOS-e820: [mem 0x000000006fb00000-0x000000008fffffff] reser=
ved
[    0.000000] BIOS-e820: [mem 0x00000000fe000000-0x00000000fe010fff] reser=
ved
[    0.000000] BIOS-e820: [mem 0x0000000100000000-0x000000107fffffff] usable
[    0.000000] BIOS-e820: [mem 0x0000001080000000-0x0000004f7fffffff] persi=
stent (type 7)
[    0.000000] BIOS-e820: [mem 0x0000004f80000000-0x0000005f7fffffff] usable
[    0.000000] BIOS-e820: [mem 0x0000005f80000000-0x0000009e7fffffff] persi=
stent (type 7)
[    0.000000] BIOS-e820: [mem 0x0000009e80000000-0x0000009e9fffffff] reser=
ved
[    0.000000] printk: debug: ignoring loglevel setting.
[    0.000000] printk: bootconsole [earlyser0] enabled
[    0.000000] NX (Execute Disable) protection: active
[    0.000000] DMI not present or invalid.
[    0.000000] tsc: Detected 2400.000 MHz processor
[    0.000014] e820: update [mem 0x00000000-0x00000fff] usable =3D=3D> rese=
rved
[    0.006655] e820: remove [mem 0x000a0000-0x000fffff] usable
[    0.012196] last_pfn =3D 0x5f80000 max_arch_pfn =3D 0x400000000
[    0.017726] MTRR default type: uncachable
[    0.021700] MTRR fixed ranges enabled:
[    0.025418]   00000-9FFFF write-back
[    0.028964]   A0000-FFFFF uncachable
[    0.032508] MTRR variable ranges enabled:
[    0.036486]   0 base 000000000000 mask 3F8000000000 write-back
[    0.042279]   1 base 008000000000 mask 3FE000000000 write-back
[    0.048071]   2 base 009E80000000 mask 3FFF80000000 uncachable
[    0.053863]   3 base 009F00000000 mask 3FFF00000000 uncachable
[    0.059655]   4 base 000080000000 mask 3FFF80000000 uncachable
[    0.065450]   5 base 00007F000000 mask 3FFFFF000000 uncachable
[    0.071242]   6 disabled
[    0.073748]   7 disabled
[    0.076257]   8 disabled
[    0.078763]   9 disabled
[    0.081758] x86/PAT: Configuration [0-7]: WB  WC  UC- UC  WB  WP  UC- WT=
 =20
[    0.089052] total RAM covered: 647152M
[    0.092709]  gran_size: 64K 	chunk_size: 64K 	num_reg: 10  	lose cover R=
AM: 602G
[    0.099972]  gran_size: 64K 	chunk_size: 128K 	num_reg: 10  	lose cover =
RAM: 602G
[    0.107410]  gran_size: 64K 	chunk_size: 256K 	num_reg: 10  	lose cover =
RAM: 602G
[    0.114843]  gran_size: 64K 	chunk_size: 512K 	num_reg: 10  	lose cover =
RAM: 602G
[    0.122280]  gran_size: 64K 	chunk_size: 1M 	num_reg: 10  	lose cover RA=
M: 602G
[    0.129542]  gran_size: 64K 	chunk_size: 2M 	num_reg: 10  	lose cover RA=
M: 602G
[    0.136806]  gran_size: 64K 	chunk_size: 4M 	num_reg: 10  	lose cover RA=
M: 602G
[    0.144067]  gran_size: 64K 	chunk_size: 8M 	num_reg: 10  	lose cover RA=
M: 602G
[    0.151330]  gran_size: 64K 	chunk_size: 16M 	num_reg: 10  	lose cover R=
AM: 602G
[    0.158679]  gran_size: 64K 	chunk_size: 32M 	num_reg: 10  	lose cover R=
AM: 58G
[    0.165943]  gran_size: 64K 	chunk_size: 64M 	num_reg: 10  	lose cover R=
AM: 58G
[    0.173206]  gran_size: 64K 	chunk_size: 128M 	num_reg: 10  	lose cover =
RAM: 58G
[    0.180554]  gran_size: 64K 	chunk_size: 256M 	num_reg: 10  	lose cover =
RAM: 58G
[    0.187903]  gran_size: 64K 	chunk_size: 512M 	num_reg: 10  	lose cover =
RAM: 58G
[    0.195253]  gran_size: 64K 	chunk_size: 1G 	num_reg: 10  	lose cover RA=
M: 58G
[    0.202429]  gran_size: 64K 	chunk_size: 2G 	num_reg: 10  	lose cover RA=
M: 58G
[    0.209605]  gran_size: 128K 	chunk_size: 128K 	num_reg: 10  	lose cover=
 RAM: 602G
[    0.217126]  gran_size: 128K 	chunk_size: 256K 	num_reg: 10  	lose cover=
 RAM: 602G
[    0.224649]  gran_size: 128K 	chunk_size: 512K 	num_reg: 10  	lose cover=
 RAM: 602G
[    0.232173]  gran_size: 128K 	chunk_size: 1M 	num_reg: 10  	lose cover R=
AM: 602G
[    0.239519]  gran_size: 128K 	chunk_size: 2M 	num_reg: 10  	lose cover R=
AM: 602G
[    0.246868]  gran_size: 128K 	chunk_size: 4M 	num_reg: 10  	lose cover R=
AM: 602G
[    0.254218]  gran_size: 128K 	chunk_size: 8M 	num_reg: 10  	lose cover R=
AM: 602G
[    0.261568]  gran_size: 128K 	chunk_size: 16M 	num_reg: 10  	lose cover =
RAM: 602G
[    0.269005]  gran_size: 128K 	chunk_size: 32M 	num_reg: 10  	lose cover =
RAM: 58G
[    0.276352]  gran_size: 128K 	chunk_size: 64M 	num_reg: 10  	lose cover =
RAM: 58G
[    0.283703]  gran_size: 128K 	chunk_size: 128M 	num_reg: 10  	lose cover=
 RAM: 58G
[    0.291136]  gran_size: 128K 	chunk_size: 256M 	num_reg: 10  	lose cover=
 RAM: 58G
[    0.298573]  gran_size: 128K 	chunk_size: 512M 	num_reg: 10  	lose cover=
 RAM: 58G
[    0.306010]  gran_size: 128K 	chunk_size: 1G 	num_reg: 10  	lose cover R=
AM: 58G
[    0.313270]  gran_size: 128K 	chunk_size: 2G 	num_reg: 10  	lose cover R=
AM: 58G
[    0.320533]  gran_size: 256K 	chunk_size: 256K 	num_reg: 10  	lose cover=
 RAM: 602G
[    0.328057]  gran_size: 256K 	chunk_size: 512K 	num_reg: 10  	lose cover=
 RAM: 602G
[    0.335577]  gran_size: 256K 	chunk_size: 1M 	num_reg: 10  	lose cover R=
AM: 602G
[    0.342927]  gran_size: 256K 	chunk_size: 2M 	num_reg: 10  	lose cover R=
AM: 602G
[    0.350276]  gran_size: 256K 	chunk_size: 4M 	num_reg: 10  	lose cover R=
AM: 602G
[    0.357626]  gran_size: 256K 	chunk_size: 8M 	num_reg: 10  	lose cover R=
AM: 602G
[    0.364975]  gran_size: 256K 	chunk_size: 16M 	num_reg: 10  	lose cover =
RAM: 602G
[    0.372410]  gran_size: 256K 	chunk_size: 32M 	num_reg: 10  	lose cover =
RAM: 58G
[    0.379760]  gran_size: 256K 	chunk_size: 64M 	num_reg: 10  	lose cover =
RAM: 58G
[    0.387109]  gran_size: 256K 	chunk_size: 128M 	num_reg: 10  	lose cover=
 RAM: 58G
[    0.394546]  gran_size: 256K 	chunk_size: 256M 	num_reg: 10  	lose cover=
 RAM: 58G
[    0.401979]  gran_size: 256K 	chunk_size: 512M 	num_reg: 10  	lose cover=
 RAM: 58G
[    0.409415]  gran_size: 256K 	chunk_size: 1G 	num_reg: 10  	lose cover R=
AM: 58G
[    0.416678]  gran_size: 256K 	chunk_size: 2G 	num_reg: 10  	lose cover R=
AM: 58G
[    0.423942]  gran_size: 512K 	chunk_size: 512K 	num_reg: 10  	lose cover=
 RAM: 602G
[    0.431462]  gran_size: 512K 	chunk_size: 1M 	num_reg: 10  	lose cover R=
AM: 602G
[    0.438812]  gran_size: 512K 	chunk_size: 2M 	num_reg: 10  	lose cover R=
AM: 602G
[    0.446161]  gran_size: 512K 	chunk_size: 4M 	num_reg: 10  	lose cover R=
AM: 602G
[    0.453512]  gran_size: 512K 	chunk_size: 8M 	num_reg: 10  	lose cover R=
AM: 602G
[    0.460858]  gran_size: 512K 	chunk_size: 16M 	num_reg: 10  	lose cover =
RAM: 602G
[    0.468295]  gran_size: 512K 	chunk_size: 32M 	num_reg: 10  	lose cover =
RAM: 58G
[    0.475646]  gran_size: 512K 	chunk_size: 64M 	num_reg: 10  	lose cover =
RAM: 58G
[    0.482992]  gran_size: 512K 	chunk_size: 128M 	num_reg: 10  	lose cover=
 RAM: 58G
[    0.490429]  gran_size: 512K 	chunk_size: 256M 	num_reg: 10  	lose cover=
 RAM: 58G
[    0.497865]  gran_size: 512K 	chunk_size: 512M 	num_reg: 10  	lose cover=
 RAM: 58G
[    0.505302]  gran_size: 512K 	chunk_size: 1G 	num_reg: 10  	lose cover R=
AM: 58G
[    0.512562]  gran_size: 512K 	chunk_size: 2G 	num_reg: 10  	lose cover R=
AM: 58G
[    0.519826]  gran_size: 1M 	chunk_size: 1M 	num_reg: 10  	lose cover RAM=
: 602G
[    0.527001]  gran_size: 1M 	chunk_size: 2M 	num_reg: 10  	lose cover RAM=
: 602G
[    0.534177]  gran_size: 1M 	chunk_size: 4M 	num_reg: 10  	lose cover RAM=
: 602G
[    0.541354]  gran_size: 1M 	chunk_size: 8M 	num_reg: 10  	lose cover RAM=
: 602G
[    0.548530]  gran_size: 1M 	chunk_size: 16M 	num_reg: 10  	lose cover RA=
M: 602G
[    0.555793]  gran_size: 1M 	chunk_size: 32M 	num_reg: 10  	lose cover RA=
M: 58G
[    0.562969]  gran_size: 1M 	chunk_size: 64M 	num_reg: 10  	lose cover RA=
M: 58G
[    0.570146]  gran_size: 1M 	chunk_size: 128M 	num_reg: 10  	lose cover R=
AM: 58G
[    0.577409]  gran_size: 1M 	chunk_size: 256M 	num_reg: 10  	lose cover R=
AM: 58G
[    0.584673]  gran_size: 1M 	chunk_size: 512M 	num_reg: 10  	lose cover R=
AM: 58G
[    0.591936]  gran_size: 1M 	chunk_size: 1G 	num_reg: 10  	lose cover RAM=
: 58G
[    0.599025]  gran_size: 1M 	chunk_size: 2G 	num_reg: 10  	lose cover RAM=
: 58G
[    0.606113]  gran_size: 2M 	chunk_size: 2M 	num_reg: 10  	lose cover RAM=
: 602G
[    0.613290]  gran_size: 2M 	chunk_size: 4M 	num_reg: 10  	lose cover RAM=
: 602G
[    0.620466]  gran_size: 2M 	chunk_size: 8M 	num_reg: 10  	lose cover RAM=
: 602G
[    0.627642]  gran_size: 2M 	chunk_size: 16M 	num_reg: 10  	lose cover RA=
M: 602G
[    0.634905]  gran_size: 2M 	chunk_size: 32M 	num_reg: 10  	lose cover RA=
M: 58G
[    0.642081]  gran_size: 2M 	chunk_size: 64M 	num_reg: 10  	lose cover RA=
M: 58G
[    0.649258]  gran_size: 2M 	chunk_size: 128M 	num_reg: 10  	lose cover R=
AM: 58G
[    0.656521]  gran_size: 2M 	chunk_size: 256M 	num_reg: 10  	lose cover R=
AM: 58G
[    0.663784]  gran_size: 2M 	chunk_size: 512M 	num_reg: 10  	lose cover R=
AM: 58G
[    0.671047]  gran_size: 2M 	chunk_size: 1G 	num_reg: 10  	lose cover RAM=
: 58G
[    0.678134]  gran_size: 2M 	chunk_size: 2G 	num_reg: 10  	lose cover RAM=
: 58G
[    0.685224]  gran_size: 4M 	chunk_size: 4M 	num_reg: 10  	lose cover RAM=
: 602G
[    0.692400]  gran_size: 4M 	chunk_size: 8M 	num_reg: 10  	lose cover RAM=
: 602G
[    0.699576]  gran_size: 4M 	chunk_size: 16M 	num_reg: 10  	lose cover RA=
M: 602G
[    0.706839]  gran_size: 4M 	chunk_size: 32M 	num_reg: 10  	lose cover RA=
M: 58G
[    0.714016]  gran_size: 4M 	chunk_size: 64M 	num_reg: 10  	lose cover RA=
M: 58G
[    0.721192]  gran_size: 4M 	chunk_size: 128M 	num_reg: 10  	lose cover R=
AM: 58G
[    0.728455]  gran_size: 4M 	chunk_size: 256M 	num_reg: 10  	lose cover R=
AM: 58G
[    0.735718]  gran_size: 4M 	chunk_size: 512M 	num_reg: 10  	lose cover R=
AM: 58G
[    0.742982]  gran_size: 4M 	chunk_size: 1G 	num_reg: 10  	lose cover RAM=
: 58G
[    0.750071]  gran_size: 4M 	chunk_size: 2G 	num_reg: 10  	lose cover RAM=
: 58G
[    0.757162]  gran_size: 8M 	chunk_size: 8M 	num_reg: 10  	lose cover RAM=
: 602G
[    0.764336]  gran_size: 8M 	chunk_size: 16M 	num_reg: 10  	lose cover RA=
M: 602G
[    0.771598]  gran_size: 8M 	chunk_size: 32M 	num_reg: 10  	lose cover RA=
M: 58G
[    0.778775]  gran_size: 8M 	chunk_size: 64M 	num_reg: 10  	lose cover RA=
M: 58G
[    0.785951]  gran_size: 8M 	chunk_size: 128M 	num_reg: 10  	lose cover R=
AM: 58G
[    0.793214]  gran_size: 8M 	chunk_size: 256M 	num_reg: 10  	lose cover R=
AM: 58G
[    0.800477]  gran_size: 8M 	chunk_size: 512M 	num_reg: 10  	lose cover R=
AM: 58G
[    0.807741]  gran_size: 8M 	chunk_size: 1G 	num_reg: 10  	lose cover RAM=
: 58G
[    0.814831]  gran_size: 8M 	chunk_size: 2G 	num_reg: 10  	lose cover RAM=
: 58G
[    0.821920]  gran_size: 16M 	chunk_size: 16M 	num_reg: 10  	lose cover R=
AM: 602G
[    0.829270]  gran_size: 16M 	chunk_size: 32M 	num_reg: 10  	lose cover R=
AM: 58G
[    0.836530]  gran_size: 16M 	chunk_size: 64M 	num_reg: 10  	lose cover R=
AM: 58G
[    0.843793]  gran_size: 16M 	chunk_size: 128M 	num_reg: 10  	lose cover =
RAM: 58G
[    0.851143]  gran_size: 16M 	chunk_size: 256M 	num_reg: 10  	lose cover =
RAM: 58G
[    0.858493]  gran_size: 16M 	chunk_size: 512M 	num_reg: 10  	lose cover =
RAM: 58G
[    0.865840]  gran_size: 16M 	chunk_size: 1G 	num_reg: 10  	lose cover RA=
M: 58G
[    0.873017]  gran_size: 16M 	chunk_size: 2G 	num_reg: 10  	lose cover RA=
M: 58G
[    0.880193]  gran_size: 32M 	chunk_size: 32M 	num_reg: 10  	lose cover R=
AM: 583696M
[    0.887803]  gran_size: 32M 	chunk_size: 64M 	num_reg: 10  	lose cover R=
AM: 59408M
[    0.895324]  gran_size: 32M 	chunk_size: 128M 	num_reg: 10  	lose cover =
RAM: 59408M
[    0.902934]  gran_size: 32M 	chunk_size: 256M 	num_reg: 10  	lose cover =
RAM: 59408M
[    0.910540]  gran_size: 32M 	chunk_size: 512M 	num_reg: 10  	lose cover =
RAM: 59408M
[    0.918150]  gran_size: 32M 	chunk_size: 1G 	num_reg: 10  	lose cover RA=
M: 59408M
[    0.925587]  gran_size: 32M 	chunk_size: 2G 	num_reg: 10  	lose cover RA=
M: 59408M
[    0.933023]  gran_size: 64M 	chunk_size: 64M 	num_reg: 10  	lose cover R=
AM: 518192M
[    0.940630]  gran_size: 64M 	chunk_size: 128M 	num_reg: 10  	lose cover =
RAM: 59440M
[    0.948238]  gran_size: 64M 	chunk_size: 256M 	num_reg: 10  	lose cover =
RAM: 59440M
[    0.955849]  gran_size: 64M 	chunk_size: 512M 	num_reg: 10  	lose cover =
RAM: 59440M
[    0.963455]  gran_size: 64M 	chunk_size: 1G 	num_reg: 10  	lose cover RA=
M: 59440M
[    0.970892]  gran_size: 64M 	chunk_size: 2G 	num_reg: 10  	lose cover RA=
M: 59440M
[    0.978326]  gran_size: 128M 	chunk_size: 128M 	num_reg: 10  	lose cover=
 RAM: 387184M
[    0.986109]  gran_size: 128M 	chunk_size: 256M 	num_reg: 10  	lose cover=
 RAM: 59504M
[    0.993803]  gran_size: 128M 	chunk_size: 512M 	num_reg: 10  	lose cover=
 RAM: 59504M
[    1.001500]  gran_size: 128M 	chunk_size: 1G 	num_reg: 10  	lose cover R=
AM: 59504M
[    1.009020]  gran_size: 128M 	chunk_size: 2G 	num_reg: 10  	lose cover R=
AM: 59504M
[    1.016542]  gran_size: 256M 	chunk_size: 256M 	num_reg: 10  	lose cover=
 RAM: 125168M
[    1.024323]  gran_size: 256M 	chunk_size: 512M 	num_reg: 10  	lose cover=
 RAM: 59632M
[    1.032021]  gran_size: 256M 	chunk_size: 1G 	num_reg: 10  	lose cover R=
AM: 59632M
[    1.039541]  gran_size: 256M 	chunk_size: 2G 	num_reg: 10  	lose cover R=
AM: 59632M
[    1.047065]  gran_size: 512M 	chunk_size: 512M 	num_reg: 10  	lose cover=
 RAM: 59888M
[    1.054759]  gran_size: 512M 	chunk_size: 1G 	num_reg: 10  	lose cover R=
AM: 59888M
[    1.062279]  gran_size: 512M 	chunk_size: 2G 	num_reg: 10  	lose cover R=
AM: 59888M
[    1.069803]  gran_size: 1G 	chunk_size: 1G 	num_reg: 10  	lose cover RAM=
: 27632M
[    1.077153]  gran_size: 1G 	chunk_size: 2G 	num_reg: 10  	lose cover RAM=
: 27632M
[    1.084500]  gran_size: 2G 	chunk_size: 2G 	num_reg: 10  	lose cover RAM=
: 12272M
[    1.091850] mtrr_cleanup: can not find optimal value
[    1.096778] please specify mtrr_gran_size/mtrr_chunk_size
[    1.102142] e820: update [mem 0x7f000000-0xffffffff] usable =3D=3D> rese=
rved
[    1.108797] last_pfn =3D 0x6fb00 max_arch_pfn =3D 0x400000000
[    1.114156] Scan for SMP in [mem 0x00000000-0x000003ff]
[    1.119360] Scan for SMP in [mem 0x0009fc00-0x0009ffff]
[    1.124546] Scan for SMP in [mem 0x000f0000-0x000fffff]
[    1.136389] Scan for SMP in [mem 0x0009c000-0x0009c3ff]
[    1.141366] Using GB pages for direct mapping
[    1.147264] RAMDISK: [mem 0x5f6c2ed000-0x5f7cffffff]
[    1.151951] ACPI: Early table checksum verification disabled
[    1.157572] ACPI: RSDP 0x0000000068B85014 000024 (v02 INTEL )
[    1.163276] ACPI: XSDT 0x0000000068AA3188 000114 (v01 INTEL  S2600WF  00=
000000 INTL 20091013)
[    1.171753] ACPI: FACP 0x0000000068B82000 00010C (v05 INTEL  S2600WF  00=
000000 INTL 20091013)
[    1.180225] ACPI: DSDT 0x000000005C714000 291A31 (v02 INTEL  S2600WF  00=
000003 INTL 20091013)
[    1.188694] ACPI: FACS 0x00000000689C8000 000040
[    1.193278] ACPI: SSDT 0x0000000068B83000 0004B0 (v02 INTEL  S2600WF  00=
000000 MSFT 0100000D)
[    1.201750] ACPI: UEFI 0x0000000068A2C000 000042 (v01 INTEL  S2600WF  00=
000002 INTL 20091013)
[    1.210225] ACPI: UEFI 0x00000000689CA000 00005C (v01 INTEL  RstUefiV 00=
000000      00000000)
[    1.218699] ACPI: HPET 0x0000000068B81000 000038 (v01 INTEL  S2600WF  00=
000001 INTL 20091013)
[    1.227171] ACPI: APIC 0x0000000068B7F000 0016DE (v03 INTEL  S2600WF  00=
000000 INTL 20091013)
[    1.235644] ACPI: MCFG 0x0000000068B7E000 00003C (v01 INTEL  S2600WF  00=
000001 INTL 20091013)
[    1.244116] ACPI: MSCT 0x0000000068B7D000 000090 (v01 INTEL  S2600WF  00=
000001 INTL 20091013)
[    1.252589] ACPI: PCAT 0x0000000068B7C000 000088 (v02 INTEL  S2600WF  00=
000002 INTL 20091013)
[    1.261064] ACPI: PCCT 0x0000000068B7B000 00006E (v01 INTEL  S2600WF  00=
000002 INTL 20091013)
[    1.269536] ACPI: PMTT 0x0000000068B7A000 000538 (v01 INTEL  S2600WF  00=
000001 INTL 20091013)
[    1.278009] ACPI: RASF 0x0000000068B79000 000030 (v01 INTEL  S2600WF  00=
000001 INTL 20091013)
[    1.286481] ACPI: SLIT 0x0000000068B78000 00042C (v01 INTEL  S2600WF  00=
000001 INTL 20091013)
[    1.294957] ACPI: SRAT 0x0000000068B75000 002D30 (v03 INTEL  S2600WF  00=
000002 INTL 20091013)
[    1.303429] ACPI: SPMI 0x0000000068B74000 000041 (v05 INTEL  S2600WF  00=
000001 INTL 20091013)
[    1.311901] ACPI: WDDT 0x0000000068B73000 000040 (v01 INTEL  S2600WF  00=
000000 INTL 20091013)
[    1.320376] ACPI: WSMT 0x0000000068B72000 000028 (v01 INTEL  S2600WF  00=
000000 INTL 20091013)
[    1.328849] ACPI: OEM4 0x0000000068ACF000 0A27C4 (v02 INTEL  CPU  CST 00=
003000 INTL 20140828)
[    1.337321] ACPI: OEM1 0x0000000068AA4000 02A2C4 (v02 INTEL  CPU EIST 00=
003000 INTL 20140828)
[    1.345794] ACPI: OEM2 0x0000000060839000 02DC84 (v02 INTEL  CPU  HWP 00=
003000 INTL 20140828)
[    1.354266] ACPI: SSDT 0x000000006079D000 033990 (v02 INTEL  S2600WF  00=
004000 INTL 20091013)
[    1.362742] ACPI: OEM3 0x0000000060776000 026664 (v02 INTEL  CPU  TST 00=
003000 INTL 20140828)
[    1.371214] ACPI: NFIT 0x0000000068B84000 0004D0 (v01 INTEL  S2600WF  00=
000002 INTL 20091013)
[    1.379686] ACPI: SSDT 0x0000000068AA0000 002B10 (v02 INTEL  S2600WF  00=
000002 INTL 20091013)
[    1.388159] ACPI: SPCR 0x0000000068A9F000 000050 (v02 INTEL  S2600WF  00=
000000 INTL 20091013)
[    1.396635] ACPI: HEST 0x0000000068A9E000 0000A8 (v01 INTEL  S2600WF  00=
000001 INTL 00000001)
[    1.405106] ACPI: BERT 0x0000000068A9D000 000030 (v01 INTEL  S2600WF  00=
000001 INTL 00000001)
[    1.413579] ACPI: ERST 0x0000000068A9C000 000230 (v01 INTEL  S2600WF  00=
000001 INTL 00000001)
[    1.422051] ACPI: EINJ 0x0000000068A9B000 000150 (v01 INTEL  S2600WF  00=
000001 INTL 00000001)
[    1.430527] ACPI: FPDT 0x0000000068A9A000 000044 (v01 INTEL  S2600WF  00=
000002 INTL 20091013)
[    1.439002] ACPI: Local APIC address 0xfee00000
[    1.443501] mapped APIC to ffffffffff5fc000 (        fee00000)
[    1.449345] SRAT: PXM 0 -> APIC 0x00 -> Node 0
[    1.453698] SRAT: PXM 0 -> APIC 0x02 -> Node 0
[    1.458106] SRAT: PXM 0 -> APIC 0x04 -> Node 0
[    1.462517] SRAT: PXM 0 -> APIC 0x06 -> Node 0
[    1.466924] SRAT: PXM 0 -> APIC 0x08 -> Node 0
[    1.471335] SRAT: PXM 0 -> APIC 0x0a -> Node 0
[    1.475743] SRAT: PXM 0 -> APIC 0x0c -> Node 0
[    1.480153] SRAT: PXM 0 -> APIC 0x12 -> Node 0
[    1.484564] SRAT: PXM 0 -> APIC 0x14 -> Node 0
[    1.488971] SRAT: PXM 0 -> APIC 0x16 -> Node 0
[    1.493382] SRAT: PXM 0 -> APIC 0x18 -> Node 0
[    1.497793] SRAT: PXM 0 -> APIC 0x1a -> Node 0
[    1.502200] SRAT: PXM 0 -> APIC 0x20 -> Node 0
[    1.506611] SRAT: PXM 0 -> APIC 0x22 -> Node 0
[    1.511019] SRAT: PXM 0 -> APIC 0x24 -> Node 0
[    1.515430] SRAT: PXM 0 -> APIC 0x26 -> Node 0
[    1.519838] SRAT: PXM 0 -> APIC 0x28 -> Node 0
[    1.524249] SRAT: PXM 0 -> APIC 0x2a -> Node 0
[    1.528660] SRAT: PXM 0 -> APIC 0x30 -> Node 0
[    1.533067] SRAT: PXM 0 -> APIC 0x32 -> Node 0
[    1.537478] SRAT: PXM 0 -> APIC 0x34 -> Node 0
[    1.541886] SRAT: PXM 0 -> APIC 0x36 -> Node 0
[    1.546296] SRAT: PXM 0 -> APIC 0x38 -> Node 0
[    1.550704] SRAT: PXM 0 -> APIC 0x3a -> Node 0
[    1.555115] SRAT: PXM 1 -> APIC 0x40 -> Node 1
[    1.559526] SRAT: PXM 1 -> APIC 0x42 -> Node 1
[    1.563934] SRAT: PXM 1 -> APIC 0x44 -> Node 1
[    1.568344] SRAT: PXM 1 -> APIC 0x46 -> Node 1
[    1.572752] SRAT: PXM 1 -> APIC 0x48 -> Node 1
[    1.577163] SRAT: PXM 1 -> APIC 0x4a -> Node 1
[    1.581573] SRAT: PXM 1 -> APIC 0x4c -> Node 1
[    1.585981] SRAT: PXM 1 -> APIC 0x52 -> Node 1
[    1.590391] SRAT: PXM 1 -> APIC 0x54 -> Node 1
[    1.594799] SRAT: PXM 1 -> APIC 0x56 -> Node 1
[    1.599210] SRAT: PXM 1 -> APIC 0x58 -> Node 1
[    1.603621] SRAT: PXM 1 -> APIC 0x5a -> Node 1
[    1.608028] SRAT: PXM 1 -> APIC 0x60 -> Node 1
[    1.612439] SRAT: PXM 1 -> APIC 0x62 -> Node 1
[    1.616847] SRAT: PXM 1 -> APIC 0x64 -> Node 1
[    1.621258] SRAT: PXM 1 -> APIC 0x66 -> Node 1
[    1.625668] SRAT: PXM 1 -> APIC 0x68 -> Node 1
[    1.630076] SRAT: PXM 1 -> APIC 0x6a -> Node 1
[    1.634487] SRAT: PXM 1 -> APIC 0x70 -> Node 1
[    1.638895] SRAT: PXM 1 -> APIC 0x72 -> Node 1
[    1.643305] SRAT: PXM 1 -> APIC 0x74 -> Node 1
[    1.647713] SRAT: PXM 1 -> APIC 0x76 -> Node 1
[    1.652123] SRAT: PXM 1 -> APIC 0x78 -> Node 1
[    1.656534] SRAT: PXM 1 -> APIC 0x7a -> Node 1
[    1.660942] SRAT: PXM 0 -> APIC 0x01 -> Node 0
[    1.665353] SRAT: PXM 0 -> APIC 0x03 -> Node 0
[    1.669763] SRAT: PXM 0 -> APIC 0x05 -> Node 0
[    1.674171] SRAT: PXM 0 -> APIC 0x07 -> Node 0
[    1.678582] SRAT: PXM 0 -> APIC 0x09 -> Node 0
[    1.682989] SRAT: PXM 0 -> APIC 0x0b -> Node 0
[    1.687400] SRAT: PXM 0 -> APIC 0x0d -> Node 0
[    1.691808] SRAT: PXM 0 -> APIC 0x13 -> Node 0
[    1.696219] SRAT: PXM 0 -> APIC 0x15 -> Node 0
[    1.700627] SRAT: PXM 0 -> APIC 0x17 -> Node 0
[    1.705038] SRAT: PXM 0 -> APIC 0x19 -> Node 0
[    1.709449] SRAT: PXM 0 -> APIC 0x1b -> Node 0
[    1.713856] SRAT: PXM 0 -> APIC 0x21 -> Node 0
[    1.718267] SRAT: PXM 0 -> APIC 0x23 -> Node 0
[    1.722674] SRAT: PXM 0 -> APIC 0x25 -> Node 0
[    1.727085] SRAT: PXM 0 -> APIC 0x27 -> Node 0
[    1.731496] SRAT: PXM 0 -> APIC 0x29 -> Node 0
[    1.735904] SRAT: PXM 0 -> APIC 0x2b -> Node 0
[    1.740314] SRAT: PXM 0 -> APIC 0x31 -> Node 0
[    1.744722] SRAT: PXM 0 -> APIC 0x33 -> Node 0
[    1.749133] SRAT: PXM 0 -> APIC 0x35 -> Node 0
[    1.753544] SRAT: PXM 0 -> APIC 0x37 -> Node 0
[    1.757952] SRAT: PXM 0 -> APIC 0x39 -> Node 0
[    1.762362] SRAT: PXM 0 -> APIC 0x3b -> Node 0
[    1.766770] SRAT: PXM 1 -> APIC 0x41 -> Node 1
[    1.771181] SRAT: PXM 1 -> APIC 0x43 -> Node 1
[    1.775588] SRAT: PXM 1 -> APIC 0x45 -> Node 1
[    1.779999] SRAT: PXM 1 -> APIC 0x47 -> Node 1
[    1.784410] SRAT: PXM 1 -> APIC 0x49 -> Node 1
[    1.788818] SRAT: PXM 1 -> APIC 0x4b -> Node 1
[    1.793229] SRAT: PXM 1 -> APIC 0x4d -> Node 1
[    1.797637] SRAT: PXM 1 -> APIC 0x53 -> Node 1
[    1.802048] SRAT: PXM 1 -> APIC 0x55 -> Node 1
[    1.806455] SRAT: PXM 1 -> APIC 0x57 -> Node 1
[    1.810866] SRAT: PXM 1 -> APIC 0x59 -> Node 1
[    1.815277] SRAT: PXM 1 -> APIC 0x5b -> Node 1
[    1.819685] SRAT: PXM 1 -> APIC 0x61 -> Node 1
[    1.824096] SRAT: PXM 1 -> APIC 0x63 -> Node 1
[    1.828503] SRAT: PXM 1 -> APIC 0x65 -> Node 1
[    1.832914] SRAT: PXM 1 -> APIC 0x67 -> Node 1
[    1.837323] SRAT: PXM 1 -> APIC 0x69 -> Node 1
[    1.841733] SRAT: PXM 1 -> APIC 0x6b -> Node 1
[    1.846141] SRAT: PXM 1 -> APIC 0x71 -> Node 1
[    1.850552] SRAT: PXM 1 -> APIC 0x73 -> Node 1
[    1.854960] SRAT: PXM 1 -> APIC 0x75 -> Node 1
[    1.859371] SRAT: PXM 1 -> APIC 0x77 -> Node 1
[    1.863781] SRAT: PXM 1 -> APIC 0x79 -> Node 1
[    1.868189] SRAT: PXM 1 -> APIC 0x7b -> Node 1
[    1.872610] ACPI: SRAT: Node 0 PXM 0 [mem 0x00000000-0x7fffffff]
[    1.878566] ACPI: SRAT: Node 0 PXM 0 [mem 0x100000000-0x107fffffff]
[    1.884792] ACPI: SRAT: Node 2 PXM 2 [mem 0x1080000000-0x4f7fffffff] non=
-volatile
[    1.892225] ACPI: SRAT: Node 1 PXM 1 [mem 0x4f80000000-0x5f7fffffff]
[    1.898537] ACPI: SRAT: Node 3 PXM 3 [mem 0x5f80000000-0x9e7fffffff] non=
-volatile
[    1.905979] NUMA: Initialized distance table, cnt=3D4
[    1.910815] NUMA: Node 0 [mem 0x00000000-0x7fffffff] + [mem 0x100000000-=
0x107fffffff] -> [mem 0x00000000-0x107fffffff]
[    1.921456] NODE_DATA(0) allocated [mem 0x107ffd5000-0x107fffffff]
[    1.927613] NODE_DATA(1) allocated [mem 0x5f7ffcc000-0x5f7fff6fff]
[    1.933930] cma: Reserved 200 MiB at 0x0000005f5f800000
[    1.939057] Zone ranges:
[    1.941422]   DMA      [mem 0x0000000000001000-0x0000000000ffffff]
[    1.947561]   DMA32    [mem 0x0000000001000000-0x00000000ffffffff]
[    1.953700]   Normal   [mem 0x0000000100000000-0x0000005f7fffffff]
[    1.959836]   Device   empty
[    1.962689] Movable zone start for each node
[    1.966929] Early memory node ranges
[    1.970473]   node   0: [mem 0x0000000000001000-0x000000000009ffff]
[    1.976699]   node   0: [mem 0x0000000000100000-0x000000005a817fff]
[    1.982922]   node   0: [mem 0x000000005a8b5000-0x000000005c713fff]
[    1.989148]   node   0: [mem 0x000000005c9a6000-0x000000005ca10fff]
[    1.995373]   node   0: [mem 0x000000005cc38000-0x0000000060775fff]
[    2.001598]   node   0: [mem 0x00000000607d1000-0x0000000060838fff]
[    2.007824]   node   0: [mem 0x0000000060867000-0x0000000064649fff]
[    2.014049]   node   0: [mem 0x00000000646f9000-0x00000000648a6fff]
[    2.020275]   node   0: [mem 0x0000000064924000-0x0000000064bedfff]
[    2.026498]   node   0: [mem 0x00000000651f0000-0x00000000652d3fff]
[    2.032723]   node   0: [mem 0x00000000662d4000-0x0000000067d55fff]
[    2.038949]   node   0: [mem 0x0000000068b86000-0x000000006fafffff]
[    2.045174]   node   0: [mem 0x0000000100000000-0x000000107fffffff]
[    2.051405]   node   1: [mem 0x0000004f80000000-0x0000005f7fffffff]
[    2.058427] Zeroed struct page in unavailable ranges: 12446 pages
[    2.058428] Initmem setup node 0 [mem 0x0000000000001000-0x000000107ffff=
fff]
[    2.071243] On node 0 totalpages: 16699234
[    2.075308]   DMA zone: 64 pages used for memmap
[    2.079890]   DMA zone: 25 pages reserved
[    2.083864]   DMA zone: 3999 pages, LIFO batch:0
[    2.088492]   DMA32 zone: 6912 pages used for memmap
[    2.093376]   DMA32 zone: 442307 pages, LIFO batch:63
[    2.102300]   Normal zone: 253952 pages used for memmap
[    2.107244]   Normal zone: 16252928 pages, LIFO batch:63
[    2.112850] Initmem setup node 1 [mem 0x0000004f80000000-0x0000005f7ffff=
fff]
[    2.119619] On node 1 totalpages: 16777216
[    2.123682]   Normal zone: 262144 pages used for memmap
[    2.128867]   Normal zone: 16777216 pages, LIFO batch:63
[    2.134702] ACPI: PM-Timer IO Port: 0x508
[    2.138439] ACPI: Local APIC address 0xfee00000
[    2.142958] ACPI: X2APIC_NMI (uid[0xffffffff] high level lint[0x1])
[    2.149164] ACPI: LAPIC_NMI (acpi_id[0xff] high level lint[0x1])
[    2.155144] IOAPIC[0]: apic_id 8, version 32, address 0xfec00000, GSI 0-=
23
[    2.161961] IOAPIC[1]: apic_id 9, version 32, address 0xfec01000, GSI 24=
-31
[    2.168877] IOAPIC[2]: apic_id 10, version 32, address 0xfec08000, GSI 3=
2-39
[    2.175880] IOAPIC[3]: apic_id 11, version 32, address 0xfec10000, GSI 4=
0-47
[    2.182884] IOAPIC[4]: apic_id 12, version 32, address 0xfec18000, GSI 4=
8-55
[    2.189887] IOAPIC[5]: apic_id 15, version 32, address 0xfec20000, GSI 7=
2-79
[    2.196891] IOAPIC[6]: apic_id 16, version 32, address 0xfec28000, GSI 8=
0-87
[    2.203894] IOAPIC[7]: apic_id 17, version 32, address 0xfec30000, GSI 8=
8-95
[    2.210898] IOAPIC[8]: apic_id 18, version 32, address 0xfec38000, GSI 9=
6-103
[    2.217988] ACPI: INT_SRC_OVR (bus 0 bus_irq 0 global_irq 2 dfl dfl)
[    2.224295] Int: type 0, pol 0, trig 0, bus 00, IRQ 00, APIC ID 8, APIC =
INT 02
[    2.231472] ACPI: INT_SRC_OVR (bus 0 bus_irq 9 global_irq 9 high level)
[    2.238042] Int: type 0, pol 1, trig 3, bus 00, IRQ 09, APIC ID 8, APIC =
INT 09
[    2.245220] ACPI: IRQ0 used by override.
[    2.249108] Int: type 0, pol 0, trig 0, bus 00, IRQ 01, APIC ID 8, APIC =
INT 01
[    2.256284] Int: type 0, pol 0, trig 0, bus 00, IRQ 03, APIC ID 8, APIC =
INT 03
[    2.263461] Int: type 0, pol 0, trig 0, bus 00, IRQ 04, APIC ID 8, APIC =
INT 04
[    2.270638] Int: type 0, pol 0, trig 0, bus 00, IRQ 05, APIC ID 8, APIC =
INT 05
[    2.277815] Int: type 0, pol 0, trig 0, bus 00, IRQ 06, APIC ID 8, APIC =
INT 06
[    2.284991] Int: type 0, pol 0, trig 0, bus 00, IRQ 07, APIC ID 8, APIC =
INT 07
[    2.292168] Int: type 0, pol 0, trig 0, bus 00, IRQ 08, APIC ID 8, APIC =
INT 08
[    2.299341] ACPI: IRQ9 used by override.
[    2.303235] Int: type 0, pol 0, trig 0, bus 00, IRQ 0a, APIC ID 8, APIC =
INT 0a
[    2.310411] Int: type 0, pol 0, trig 0, bus 00, IRQ 0b, APIC ID 8, APIC =
INT 0b
[    2.317587] Int: type 0, pol 0, trig 0, bus 00, IRQ 0c, APIC ID 8, APIC =
INT 0c
[    2.324763] Int: type 0, pol 0, trig 0, bus 00, IRQ 0d, APIC ID 8, APIC =
INT 0d
[    2.331940] Int: type 0, pol 0, trig 0, bus 00, IRQ 0e, APIC ID 8, APIC =
INT 0e
[    2.339116] Int: type 0, pol 0, trig 0, bus 00, IRQ 0f, APIC ID 8, APIC =
INT 0f
[    2.346296] Using ACPI (MADT) for SMP configuration information
[    2.352169] ACPI: HPET id: 0x8086a701 base: 0xfed00000
[    2.357273] ACPI: SPCR: console: uart,io,0x3f8,115200
[    2.362288] TSC deadline timer available
[    2.366176] smpboot: Allowing 96 CPUs, 0 hotplug CPUs
[    2.371194] mapped IOAPIC to ffffffffff5fb000 (fec00000)
[    2.376466] mapped IOAPIC to ffffffffff5fa000 (fec01000)
[    2.381741] mapped IOAPIC to ffffffffff5f9000 (fec08000)
[    2.387013] mapped IOAPIC to ffffffffff5f8000 (fec10000)
[    2.392288] mapped IOAPIC to ffffffffff5f7000 (fec18000)
[    2.397563] mapped IOAPIC to ffffffffff5f6000 (fec20000)
[    2.402837] mapped IOAPIC to ffffffffff5f5000 (fec28000)
[    2.408109] mapped IOAPIC to ffffffffff5f4000 (fec30000)
[    2.413384] mapped IOAPIC to ffffffffff5f3000 (fec38000)
[    2.418684] PM: hibernation: Registered nosave memory: [mem 0x00000000-0=
x00000fff]
[    2.426182] PM: hibernation: Registered nosave memory: [mem 0x000a0000-0=
x000fffff]
[    2.433704] PM: hibernation: Registered nosave memory: [mem 0x5a818000-0=
x5a8b4fff]
[    2.441225] PM: hibernation: Registered nosave memory: [mem 0x5c714000-0=
x5c9a5fff]
[    2.448749] PM: hibernation: Registered nosave memory: [mem 0x5ca11000-0=
x5cc37fff]
[    2.456270] PM: hibernation: Registered nosave memory: [mem 0x60776000-0=
x607d0fff]
[    2.463791] PM: hibernation: Registered nosave memory: [mem 0x60839000-0=
x60866fff]
[    2.471315] PM: hibernation: Registered nosave memory: [mem 0x6464a000-0=
x646f8fff]
[    2.478836] PM: hibernation: Registered nosave memory: [mem 0x648a7000-0=
x64923fff]
[    2.486360] PM: hibernation: Registered nosave memory: [mem 0x64bee000-0=
x651effff]
[    2.493881] PM: hibernation: Registered nosave memory: [mem 0x652d4000-0=
x662d3fff]
[    2.501402] PM: hibernation: Registered nosave memory: [mem 0x67d56000-0=
x68055fff]
[    2.508925] PM: hibernation: Registered nosave memory: [mem 0x68056000-0=
x68a85fff]
[    2.516444] PM: hibernation: Registered nosave memory: [mem 0x68a86000-0=
x68b85fff]
[    2.523970] PM: hibernation: Registered nosave memory: [mem 0x6fb00000-0=
x8fffffff]
[    2.531490] PM: hibernation: Registered nosave memory: [mem 0x90000000-0=
xfdffffff]
[    2.539010] PM: hibernation: Registered nosave memory: [mem 0xfe000000-0=
xfe010fff]
[    2.546534] PM: hibernation: Registered nosave memory: [mem 0xfe011000-0=
xffffffff]
[    2.554059] PM: hibernation: Registered nosave memory: [mem 0x1080000000=
-0x4f7fffffff]
[    2.561924] [mem 0x90000000-0xfdffffff] available for PCI devices
[    2.567976] Booting paravirtualized kernel on bare hardware
[    2.573513] clocksource: refined-jiffies: mask: 0xffffffff max_cycles: 0=
xffffffff, max_idle_ns: 1910969940391419 ns
[    2.588498] setup_percpu: NR_CPUS:8192 nr_cpumask_bits:96 nr_cpu_ids:96 =
nr_node_ids:4
[    2.602539] percpu: Embedded 55 pages/cpu s188416 r8192 d28672 u262144
[    2.608795] pcpu-alloc: s188416 r8192 d28672 u262144 alloc=3D1*2097152
[    2.615099] pcpu-alloc: [0] 00 01 02 03 04 05 06 07 [0] 08 09 10 11 12 1=
3 14 15=20
[    2.622445] pcpu-alloc: [0] 16 17 18 19 20 21 22 23 [0] 48 49 50 51 52 5=
3 54 55=20
[    2.629794] pcpu-alloc: [0] 56 57 58 59 60 61 62 63 [0] 64 65 66 67 68 6=
9 70 71=20
[    2.637146] pcpu-alloc: [1] 24 25 26 27 28 29 30 31 [1] 32 33 34 35 36 3=
7 38 39=20
[    2.644495] pcpu-alloc: [1] 40 41 42 43 44 45 46 47 [1] 72 73 74 75 76 7=
7 78 79=20
[    2.651844] pcpu-alloc: [1] 80 81 82 83 84 85 86 87 [1] 88 89 90 91 92 9=
3 94 95=20
[    2.659248] Built 2 zonelists, mobility grouping on.  Total pages: 32953=
353
[    2.666110] Policy zone: Normal
[    2.669223] Kernel command line: ip=3D::::lkp-csl-2sp3::dhcp root=3D/dev=
/ram0 user=3Dlkp job=3D/lkp/jobs/scheduled/lkp-csl-2sp3/fio-basic-4k-perfor=
mance-1SSD-btrfs-nfsv4-sync-100%-300s-write-128G-ucode=3D0x400002c-monitor=
=3Da122c70f-debian-10.4-x86_64-20200603-20200915-84129-1i8kzyy-0.yaml ARCH=
=3Dx86_64 kconfig=3Dx86_64-rhel-8.3 branch=3Dlinux-devel/fixup-3b54a0a703f1=
7d2b1317d24beefcdcca587a7667 commit=3D6e85ab8532a52e24a614dfc017c5e8a699c53=
cc6 BOOT_IMAGE=3D/pkg/linux/x86_64-rhel-8.3/gcc-9/6e85ab8532a52e24a614dfc01=
7c5e8a699c53cc6/vmlinuz-5.8.0-rc7-00166-g6e85ab8532a52 acpi_rsdp=3D0x68b850=
14 max_uptime=3D1500 RESULT_ROOT=3D/result/fio-basic/4k-performance-1SSD-bt=
rfs-nfsv4-sync-100%-300s-write-128G-ucode=3D0x400002c-monitor=3Da122c70f/lk=
p-csl-2sp3/debian-10.4-x86_64-20200603.cgz/x86_64-rhel-8.3/gcc-9/6e85ab8532=
a52e24a614dfc017c5e8a699c53cc6/2 LKP_SERVER=3Dinn nokaslr selinux=3D0 debug=
 apic=3Ddebug sysrq_always_enabled rcupdate.rcu_cpu_stall_timeout=3D100 net=
=2Eifnames=3D0 printk.devkmsg=3Don panic=3D-1 softlockup_panic=3D1 nmi_watc=
hdog=3Dp
[    2.669542] sysrq: sysrq always enabled.
[    2.761274] mem auto-init: stack:off, heap alloc:off, heap free:off
[    2.815518] Memory: 1981732K/133905800K available (14340K kernel code, 2=
529K rwdata, 4892K rodata, 2412K init, 4892K bss, 2493192K reserved, 204800=
K cma-reserved)
[    2.830190] random: get_random_u64 called from cache_random_seq_create+0=
x7c/0x140 with crng_init=3D0
[    2.830663] SLUB: HWalign=3D64, Order=3D0-3, MinObjects=3D0, CPUs=3D96, =
Nodes=3D4
[    2.845952] ftrace: allocating 44744 entries in 175 pages
[    2.869319] ftrace: allocated 175 pages with 6 groups
[    2.874698] rcu: Hierarchical RCU implementation.
[    2.879132] rcu: 	RCU restricting CPUs from NR_CPUS=3D8192 to nr_cpu_ids=
=3D96.
[    2.885962] 	RCU CPU stall warnings timeout set to 100 (rcu_cpu_stall_ti=
meout).
[    2.893225] 	Trampoline variant of Tasks RCU enabled.
[    2.898239] 	Rude variant of Tasks RCU enabled.
[    2.902733] 	Tracing variant of Tasks RCU enabled.
[    2.907491] rcu: RCU calculated value of scheduler-enlistment delay is 1=
00 jiffies.
[    2.915099] rcu: Adjusting geometry for rcu_fanout_leaf=3D16, nr_cpu_ids=
=3D96
[    2.924848] NR_IRQS: 524544, nr_irqs: 2552, preallocated irqs: 16
[    2.931217] Console: colour dummy device 80x25
[    2.936021] printk: console [tty0] enabled
[    2.939874] printk: console [ttyS0] enabled
[    2.939874] printk: console [ttyS0] enabled
[    2.948163] printk: bootconsole [earlyser0] disabled
[    2.948163] printk: bootconsole [earlyser0] disabled
[    2.958174] mempolicy: Enabling automatic NUMA balancing. Configure with=
 numa_balancing=3D or the kernel.numa_balancing sysctl
[    2.969454] ACPI: Core revision 20200528
[    2.976319] clocksource: hpet: mask: 0xffffffff max_cycles: 0xffffffff, =
max_idle_ns: 79635855245 ns
[    2.985389] APIC: Switch to symmetric I/O mode setup
[    2.990575] x2apic: IRQ remapping doesn't support X2APIC mode
[    2.996421] Switched APIC routing to physical flat.
[    3.001307] masked ExtINT on CPU#0
[    3.005446] ENABLING IO-APIC IRQs
[    3.008760] init IO_APIC IRQs
[    3.011730]  apic 8 pin 0 not connected
[    3.015568] IOAPIC[0]: Set routing entry (8-1 -> 0xef -> IRQ 1 Mode:0 Ac=
tive:0 Dest:0)
[    3.023468] IOAPIC[0]: Set routing entry (8-2 -> 0x30 -> IRQ 0 Mode:0 Ac=
tive:0 Dest:0)
[    3.031370] IOAPIC[0]: Set routing entry (8-3 -> 0xef -> IRQ 3 Mode:0 Ac=
tive:0 Dest:0)
[    3.039271] IOAPIC[0]: Set routing entry (8-4 -> 0xef -> IRQ 4 Mode:0 Ac=
tive:0 Dest:0)
[    3.047172] IOAPIC[0]: Set routing entry (8-5 -> 0xef -> IRQ 5 Mode:0 Ac=
tive:0 Dest:0)
[    3.055066] IOAPIC[0]: Set routing entry (8-6 -> 0xef -> IRQ 6 Mode:0 Ac=
tive:0 Dest:0)
[    3.062960] IOAPIC[0]: Set routing entry (8-7 -> 0xef -> IRQ 7 Mode:0 Ac=
tive:0 Dest:0)
[    3.070853] IOAPIC[0]: Set routing entry (8-8 -> 0xef -> IRQ 8 Mode:0 Ac=
tive:0 Dest:0)
[    3.078748] IOAPIC[0]: Set routing entry (8-9 -> 0xef -> IRQ 9 Mode:1 Ac=
tive:0 Dest:0)
[    3.086642] IOAPIC[0]: Set routing entry (8-10 -> 0xef -> IRQ 10 Mode:0 =
Active:0 Dest:0)
[    3.094708] IOAPIC[0]: Set routing entry (8-11 -> 0xef -> IRQ 11 Mode:0 =
Active:0 Dest:0)
[    3.102775] IOAPIC[0]: Set routing entry (8-12 -> 0xef -> IRQ 12 Mode:0 =
Active:0 Dest:0)
[    3.110844] IOAPIC[0]: Set routing entry (8-13 -> 0xef -> IRQ 13 Mode:0 =
Active:0 Dest:0)
[    3.118919] IOAPIC[0]: Set routing entry (8-14 -> 0xef -> IRQ 14 Mode:0 =
Active:0 Dest:0)
[    3.126993] IOAPIC[0]: Set routing entry (8-15 -> 0xef -> IRQ 15 Mode:0 =
Active:0 Dest:0)
[    3.135056]  apic 8 pin 16 not connected
[    3.138975]  apic 8 pin 17 not connected
[    3.142889]  apic 8 pin 18 not connected
[    3.146808]  apic 8 pin 19 not connected
[    3.150723]  apic 8 pin 20 not connected
[    3.154638]  apic 8 pin 21 not connected
[    3.158557]  apic 8 pin 22 not connected
[    3.162472]  apic 8 pin 23 not connected
[    3.166391]  apic 9 pin 0 not connected
[    3.170220]  apic 9 pin 1 not connected
[    3.174049]  apic 9 pin 2 not connected
[    3.177881]  apic 9 pin 3 not connected
[    3.181709]  apic 9 pin 4 not connected
[    3.185541]  apic 9 pin 5 not connected
[    3.189370]  apic 9 pin 6 not connected
[    3.193203]  apic 9 pin 7 not connected
[    3.197031]  apic 10 pin 0 not connected
[    3.200947]  apic 10 pin 1 not connected
[    3.204866]  apic 10 pin 2 not connected
[    3.208782]  apic 10 pin 3 not connected
[    3.212696]  apic 10 pin 4 not connected
[    3.216615]  apic 10 pin 5 not connected
[    3.220530]  apic 10 pin 6 not connected
[    3.224448]  apic 10 pin 7 not connected
[    3.228363]  apic 11 pin 0 not connected
[    3.232282]  apic 11 pin 1 not connected
[    3.236197]  apic 11 pin 2 not connected
[    3.240115]  apic 11 pin 3 not connected
[    3.244030]  apic 11 pin 4 not connected
[    3.247948]  apic 11 pin 5 not connected
[    3.251863]  apic 11 pin 6 not connected
[    3.255782]  apic 11 pin 7 not connected
[    3.259697]  apic 12 pin 0 not connected
[    3.263616]  apic 12 pin 1 not connected
[    3.267531]  apic 12 pin 2 not connected
[    3.271449]  apic 12 pin 3 not connected
[    3.275364]  apic 12 pin 4 not connected
[    3.279282]  apic 12 pin 5 not connected
[    3.283197]  apic 12 pin 6 not connected
[    3.287116]  apic 12 pin 7 not connected
[    3.291031]  apic 15 pin 0 not connected
[    3.294950]  apic 15 pin 1 not connected
[    3.298865]  apic 15 pin 2 not connected
[    3.302783]  apic 15 pin 3 not connected
[    3.306697]  apic 15 pin 4 not connected
[    3.310616]  apic 15 pin 5 not connected
[    3.314531]  apic 15 pin 6 not connected
[    3.318450]  apic 15 pin 7 not connected
[    3.322365]  apic 16 pin 0 not connected
[    3.326283]  apic 16 pin 1 not connected
[    3.330198]  apic 16 pin 2 not connected
[    3.334113]  apic 16 pin 3 not connected
[    3.338032]  apic 16 pin 4 not connected
[    3.341946]  apic 16 pin 5 not connected
[    3.345865]  apic 16 pin 6 not connected
[    3.349783]  apic 16 pin 7 not connected
[    3.353698]  apic 17 pin 0 not connected
[    3.357616]  apic 17 pin 1 not connected
[    3.361531]  apic 17 pin 2 not connected
[    3.365450]  apic 17 pin 3 not connected
[    3.369365]  apic 17 pin 4 not connected
[    3.373280]  apic 17 pin 5 not connected
[    3.377198]  apic 17 pin 6 not connected
[    3.381113]  apic 17 pin 7 not connected
[    3.385032]  apic 18 pin 0 not connected
[    3.388947]  apic 18 pin 1 not connected
[    3.392866]  apic 18 pin 2 not connected
[    3.396782]  apic 18 pin 3 not connected
[    3.400697]  apic 18 pin 4 not connected
[    3.404616]  apic 18 pin 5 not connected
[    3.408531]  apic 18 pin 6 not connected
[    3.412449]  apic 18 pin 7 not connected
[    3.416482] ..TIMER: vector=3D0x30 apic1=3D0 pin1=3D2 apic2=3D-1 pin2=3D=
-1
[    3.427322] clocksource: tsc-early: mask: 0xffffffffffffffff max_cycles:=
 0x22983777dd9, max_idle_ns: 440795300422 ns
[    3.437814] Calibrating delay loop (skipped), value calculated using tim=
er frequency.. 4800.00 BogoMIPS (lpj=3D2400000)
[    3.438814] pid_max: default: 98304 minimum: 768
[    3.439982] LSM: Security Framework initializing
[    3.440828] Yama: becoming mindful.
[    3.441852] AppArmor: AppArmor initialized
[    3.454253] Dentry cache hash table entries: 8388608 (order: 14, 6710886=
4 bytes, vmalloc)
[    3.460947] Inode-cache hash table entries: 4194304 (order: 13, 33554432=
 bytes, vmalloc)
[    3.462038] Mount-cache hash table entries: 131072 (order: 8, 1048576 by=
tes, vmalloc)
[    3.462986] Mountpoint-cache hash table entries: 131072 (order: 8, 10485=
76 bytes, vmalloc)
Poking KASLR using RDRAND RDTSC...
[    3.468388] mce: CPU0: Thermal monitoring enabled (TM1)
[    3.468846] process: using mwait in idle threads
[    3.469815] Last level iTLB entries: 4KB 64, 2MB 8, 4MB 8
[    3.470813] Last level dTLB entries: 4KB 64, 2MB 0, 4MB 0, 1GB 4
[    3.471818] Spectre V1 : Mitigation: usercopy/swapgs barriers and __user=
 pointer sanitization
[    3.472816] Spectre V2 : Mitigation: Enhanced IBRS
[    3.473813] Spectre V2 : Spectre v2 / SpectreRSB mitigation: Filling RSB=
 on context switch
[    3.474815] Spectre V2 : mitigation: Enabling conditional Indirect Branc=
h Prediction Barrier
[    3.475816] Speculative Store Bypass: Mitigation: Speculative Store Bypa=
ss disabled via prctl and seccomp
[    3.476813] TAA: Mitigation: TSX disabled
[    3.478135] Freeing SMP alternatives memory: 44K
[    3.481031] smpboot: CPU0: Intel(R) Xeon(R) Platinum 8260L CPU @ 2.40GHz=
 (family: 0x6, model: 0x55, stepping: 0x6)
[    3.482014] Performance Events: PEBS fmt3+, Skylake events, 32-deep LBR,=
 full-width counters, Intel PMU driver.
[    3.482814] ... version:                4
[    3.483813] ... bit width:              48
[    3.484813] ... generic registers:      4
[    3.485813] ... value mask:             0000ffffffffffff
[    3.486813] ... max period:             00007fffffffffff
[    3.487813] ... fixed-purpose events:   3
[    3.488813] ... event mask:             000000070000000f
[    3.489937] rcu: Hierarchical SRCU implementation.
[    3.498454] NMI watchdog: Enabled. Permanently consumes one hw-PMU count=
er.
[    3.499976] smp: Bringing up secondary CPUs ...
[    3.500906] x86: Booting SMP configuration:
[    3.501814] .... node  #0, CPUs:        #1
[    0.497775] masked ExtINT on CPU#1
[    3.516126]   #2
[    0.497775] masked ExtINT on CPU#2
[    3.524164]   #3
[    0.497775] masked ExtINT on CPU#3
[    3.532298]   #4
[    0.497775] masked ExtINT on CPU#4
[    3.540294]   #5
[    0.497775] masked ExtINT on CPU#5
[    3.548458]   #6
[    0.497775] masked ExtINT on CPU#6
[    3.556936]   #7
[    0.497775] masked ExtINT on CPU#7
[    3.564949]   #8
[    0.497775] masked ExtINT on CPU#8
[    3.572957]   #9
[    0.497775] masked ExtINT on CPU#9
[    3.580948]  #10
[    0.497775] masked ExtINT on CPU#10
[    3.588992]  #11
[    0.497775] masked ExtINT on CPU#11
[    3.597424]  #12
[    0.497775] masked ExtINT on CPU#12
[    3.605924]  #13
[    0.497775] masked ExtINT on CPU#13
[    3.613947]  #14
[    0.497775] masked ExtINT on CPU#14
[    3.622037]  #15
[    0.497775] masked ExtINT on CPU#15
[    3.630155]  #16
[    0.497775] masked ExtINT on CPU#16
[    3.638295]  #17
[    0.497775] masked ExtINT on CPU#17
[    3.646841]  #18
[    0.497775] masked ExtINT on CPU#18
[    3.654955]  #19
[    0.497775] masked ExtINT on CPU#19
[    3.663062]  #20
[    0.497775] masked ExtINT on CPU#20
[    3.671161]  #21
[    0.497775] masked ExtINT on CPU#21
[    3.679223]  #22
[    0.497775] masked ExtINT on CPU#22
[    3.687433]  #23
[    0.497775] masked ExtINT on CPU#23
[    3.696003] .... node  #1, CPUs:   #24
[    0.497775] masked ExtINT on CPU#24
[    0.497775] smpboot: CPU 24 Converting physical 0 to logical die 1
[    3.776940]  #25
[    0.497775] masked ExtINT on CPU#25
[    3.785116]  #26
[    0.497775] masked ExtINT on CPU#26
[    3.793288]  #27
[    0.497775] masked ExtINT on CPU#27
[    3.801478]  #28
[    0.497775] masked ExtINT on CPU#28
[    3.809887]  #29
[    0.497775] masked ExtINT on CPU#29
[    3.817982]  #30
[    0.497775] masked ExtINT on CPU#30
[    3.826373]  #31
[    0.497775] masked ExtINT on CPU#31
[    3.834876]  #32
[    0.497775] masked ExtINT on CPU#32
[    3.842931]  #33
[    0.497775] masked ExtINT on CPU#33
[    3.850942]  #34
[    0.497775] masked ExtINT on CPU#34
[    3.859208]  #35
[    0.497775] masked ExtINT on CPU#35
[    3.867873]  #36
[    0.497775] masked ExtINT on CPU#36
[    3.875967]  #37
[    0.497775] masked ExtINT on CPU#37
[    3.884204]  #38
[    0.497775] masked ExtINT on CPU#38
[    3.892366]  #39
[    0.497775] masked ExtINT on CPU#39
[    3.900561]  #40
[    0.497775] masked ExtINT on CPU#40
[    3.908937]  #41
[    0.497775] masked ExtINT on CPU#41
[    3.917190]  #42
[    0.497775] masked ExtINT on CPU#42
[    3.925484]  #43
[    0.497775] masked ExtINT on CPU#43
[    3.933943]  #44
[    0.497775] masked ExtINT on CPU#44
[    3.941999]  #45
[    0.497775] masked ExtINT on CPU#45
[    3.950139]  #46
[    0.497775] masked ExtINT on CPU#46
[    3.958444]  #47
[    0.497775] masked ExtINT on CPU#47
[    3.966945] .... node  #0, CPUs:   #48
[    0.497775] masked ExtINT on CPU#48
[    3.975170]  #49
[    0.497775] masked ExtINT on CPU#49
[    3.983453]  #50
[    0.497775] masked ExtINT on CPU#50
[    3.991885]  #51
[    0.497775] masked ExtINT on CPU#51
[    3.999961]  #52
[    0.497775] masked ExtINT on CPU#52
[    4.007962]  #53
[    0.497775] masked ExtINT on CPU#53
[    4.016160]  #54
[    0.497775] masked ExtINT on CPU#54
[    4.024522]  #55
[    0.497775] masked ExtINT on CPU#55
[    4.032969]  #56
[    0.497775] masked ExtINT on CPU#56
[    4.040981]  #57
[    0.497775] masked ExtINT on CPU#57
[    4.048963]  #58
[    0.497775] masked ExtINT on CPU#58
[    4.057227]  #59
[    0.497775] masked ExtINT on CPU#59
[    4.065886]  #60
[    0.497775] masked ExtINT on CPU#60
[    4.074012]  #61
[    0.497775] masked ExtINT on CPU#61
[    4.082211]  #62
[    0.497775] masked ExtINT on CPU#62
[    4.090344]  #63
[    0.497775] masked ExtINT on CPU#63
[    4.098494]  #64
[    0.497775] masked ExtINT on CPU#64
[    4.106949]  #65
[    0.497775] masked ExtINT on CPU#65
[    4.115017]  #66
[    0.497775] masked ExtINT on CPU#66
[    4.123277]  #67
[    0.497775] masked ExtINT on CPU#67
[    4.131845]  #68
[    0.497775] masked ExtINT on CPU#68
[    4.139969]  #69
[    0.497775] masked ExtINT on CPU#69
[    4.147971]  #70
[    0.497775] masked ExtINT on CPU#70
[    4.156066]  #71
[    0.497775] masked ExtINT on CPU#71
[    4.164427] .... node  #1, CPUs:   #72
[    0.497775] masked ExtINT on CPU#72
[    4.174948]  #73
[    0.497775] masked ExtINT on CPU#73
[    4.183073]  #74
[    0.497775] masked ExtINT on CPU#74
[    4.191295]  #75
[    0.497775] masked ExtINT on CPU#75
[    4.199542]  #76
[    0.497775] masked ExtINT on CPU#76
[    4.207949]  #77
[    0.497775] masked ExtINT on CPU#77
[    4.216137]  #78
[    0.497775] masked ExtINT on CPU#78
[    4.224869]  #79
[    0.497775] masked ExtINT on CPU#79
[    4.232958]  #80
[    0.497775] masked ExtINT on CPU#80
[    4.241061]  #81
[    0.497775] masked ExtINT on CPU#81
[    4.249285]  #82
[    0.497775] masked ExtINT on CPU#82
[    4.257912]  #83
[    0.497775] masked ExtINT on CPU#83
[    4.266088]  #84
[    0.497775] masked ExtINT on CPU#84
[    4.274480]  #85
[    0.497775] masked ExtINT on CPU#85
[    4.282937]  #86
[    0.497775] masked ExtINT on CPU#86
[    4.290963]  #87
[    0.497775] masked ExtINT on CPU#87
[    4.299209]  #88
[    0.497775] masked ExtINT on CPU#88
[    4.307463]  #89
[    0.497775] masked ExtINT on CPU#89
[    4.315965]  #90
[    0.497775] masked ExtINT on CPU#90
[    4.324278]  #91
[    0.497775] masked ExtINT on CPU#91
[    4.332934]  #92
[    0.497775] masked ExtINT on CPU#92
[    4.340969]  #93
[    0.497775] masked ExtINT on CPU#93
[    4.349078]  #94
[    0.497775] masked ExtINT on CPU#94
[    4.357437]  #95
[    0.497775] masked ExtINT on CPU#95
[    4.365964] smp: Brought up 2 nodes, 96 CPUs
[    4.366815] smpboot: Max logical packages: 2
[    4.367817] smpboot: Total of 96 processors activated (461070.14 BogoMIP=
S)
[    4.401972] node 1 deferred pages initialised in 30ms
[    4.402877] node 0 deferred pages initialised in 30ms
[    4.418356] devtmpfs: initialized
[    4.418860] x86/mm: Memory block size: 2048MB
[    4.420504] PM: Registering ACPI NVS region [mem 0x68056000-0x68a85fff] =
(10682368 bytes)
[    4.421225] clocksource: jiffies: mask: 0xffffffff max_cycles: 0xfffffff=
f, max_idle_ns: 1911260446275000 ns
[    4.421889] futex hash table entries: 32768 (order: 9, 2097152 bytes, vm=
alloc)
[    4.424395] pinctrl core: initialized pinctrl subsystem
[    4.424852] thermal_sys: Registered thermal governor 'fair_share'
[    4.424853] thermal_sys: Registered thermal governor 'bang_bang'
[    4.425813] thermal_sys: Registered thermal governor 'step_wise'
[    4.426813] thermal_sys: Registered thermal governor 'user_space'
[    4.428138] NET: Registered protocol family 16
[    4.430027] DMA: preallocated 4096 KiB GFP_KERNEL pool for atomic alloca=
tions
[    4.430821] DMA: preallocated 4096 KiB GFP_KERNEL|GFP_DMA pool for atomi=
c allocations
[    4.431822] DMA: preallocated 4096 KiB GFP_KERNEL|GFP_DMA32 pool for ato=
mic allocations
[    4.432819] audit: initializing netlink subsys (disabled)
[    4.433834] audit: type=3D2000 audit(1421187173.006:1): state=3Dinitiali=
zed audit_enabled=3D0 res=3D1
[    4.441816] cpuidle: using governor menu
[    4.442818] Detected 1 PCC Subspaces
[    4.443832] Registering PCC driver as Mailbox controller
[    4.444910] ACPI FADT declares the system doesn't support PCIe ASPM, so =
disable it
[    4.452815] ACPI: bus type PCI registered
[    4.456814] acpiphp: ACPI Hot Plug PCI Controller Driver version: 0.5
[    4.463112] PCI: MMCONFIG for domain 0000 [bus 00-ff] at [mem 0x80000000=
-0x8fffffff] (base 0x80000000)
[    4.472859] PCI: MMCONFIG at [mem 0x80000000-0x8fffffff] reserved in E820
[    4.479831] pmd_set_huge: Cannot satisfy [mem 0x80000000-0x80200000] wit=
h a huge-page mapping due to MTRR override.
[    4.490072] PCI: Using configuration type 1 for base access
[    4.501838] HugeTLB registered 1.00 GiB page size, pre-allocated 0 pages
[    4.507816] HugeTLB registered 2.00 MiB page size, pre-allocated 0 pages
[    4.515943] cryptd: max_cpu_qlen set to 1000
[    4.522110] ACPI: Added _OSI(Module Device)
[    4.525814] ACPI: Added _OSI(Processor Device)
[    4.530813] ACPI: Added _OSI(3.0 _SCP Extensions)
[    4.535813] ACPI: Added _OSI(Processor Aggregator Device)
[    4.540814] ACPI: Added _OSI(Linux-Dell-Video)
[    4.544813] ACPI: Added _OSI(Linux-Lenovo-NV-HDMI-Audio)
[    4.550813] ACPI: Added _OSI(Linux-HPI-Hybrid-Graphics)
[    4.612008] ACPI: 4 ACPI AML tables successfully acquired and loaded
[    4.622471] ACPI: [Firmware Bug]: BIOS _OSI(Linux) query ignored
[    4.647045] ACPI: Dynamic OEM Table Load:
[    4.670461] ACPI: Dynamic OEM Table Load:
[    4.688365] ACPI: Dynamic OEM Table Load:
[    4.722519] ACPI: Dynamic OEM Table Load:
[    4.844879] ACPI: Interpreter enabled
[    4.848828] ACPI: (supports S0 S5)
[    4.851814] ACPI: Using IOAPIC for interrupt routing
[    4.856868] HEST: Table parsing has been initialized.
[    4.861814] PCI: Using host bridge windows from ACPI; if necessary, use =
"pci=3Dnocrs" and report a bug
[    4.871707] ACPI: Enabled 7 GPEs in block 00 to 7F
[    4.918961] ACPI: PCI Root Bridge [PC00] (domain 0000 [bus 00-16])
[    4.924818] acpi PNP0A08:00: _OSC: OS supports [ExtendedConfig ASPM Cloc=
kPM Segments MSI HPX-Type3]
[    4.933871] acpi PNP0A08:00: _OSC: platform does not support [SHPCHotplu=
g AER LTR]
[    4.941863] acpi PNP0A08:00: _OSC: OS now controls [PCIeHotplug PME PCIe=
Capability]
[    4.949814] acpi PNP0A08:00: FADT indicates ASPM is unsupported, using B=
IOS configuration
[    4.959007] PCI host bridge to bus 0000:00
[    4.962814] pci_bus 0000:00: root bus resource [io  0x0000-0x0cf7 window]
[    4.969814] pci_bus 0000:00: root bus resource [io  0x1000-0x3fff window]
[    4.976814] pci_bus 0000:00: root bus resource [mem 0x000a0000-0x000bfff=
f window]
[    4.983814] pci_bus 0000:00: root bus resource [mem 0x000c4000-0x000c7ff=
f window]
[    4.991814] pci_bus 0000:00: root bus resource [mem 0xfe010000-0xfe010ff=
f window]
[    4.998814] pci_bus 0000:00: root bus resource [mem 0x90000000-0x9d7ffff=
f window]
[    5.005814] pci_bus 0000:00: root bus resource [mem 0x380000000000-0x383=
fffffffff window]
[    5.014814] pci_bus 0000:00: root bus resource [bus 00-16]
[    5.019822] pci 0000:00:00.0: [8086:2020] type 00 class 0x060000
[    5.026369] pci 0000:00:04.0: [8086:2021] type 00 class 0x088000
[    5.032825] pci 0000:00:04.0: reg 0x10: [mem 0x383ffff2c000-0x383ffff2ff=
ff 64bit]
[    5.040321] pci 0000:00:04.1: [8086:2021] type 00 class 0x088000
[    5.046823] pci 0000:00:04.1: reg 0x10: [mem 0x383ffff28000-0x383ffff2bf=
ff 64bit]
[    5.054322] pci 0000:00:04.2: [8086:2021] type 00 class 0x088000
[    5.059823] pci 0000:00:04.2: reg 0x10: [mem 0x383ffff24000-0x383ffff27f=
ff 64bit]
[    5.068320] pci 0000:00:04.3: [8086:2021] type 00 class 0x088000
[    5.073823] pci 0000:00:04.3: reg 0x10: [mem 0x383ffff20000-0x383ffff23f=
ff 64bit]
[    5.082318] pci 0000:00:04.4: [8086:2021] type 00 class 0x088000
[    5.087823] pci 0000:00:04.4: reg 0x10: [mem 0x383ffff1c000-0x383ffff1ff=
ff 64bit]
[    5.096318] pci 0000:00:04.5: [8086:2021] type 00 class 0x088000
[    5.101823] pci 0000:00:04.5: reg 0x10: [mem 0x383ffff18000-0x383ffff1bf=
ff 64bit]
[    5.110320] pci 0000:00:04.6: [8086:2021] type 00 class 0x088000
[    5.115823] pci 0000:00:04.6: reg 0x10: [mem 0x383ffff14000-0x383ffff17f=
ff 64bit]
[    5.124318] pci 0000:00:04.7: [8086:2021] type 00 class 0x088000
[    5.129823] pci 0000:00:04.7: reg 0x10: [mem 0x383ffff10000-0x383ffff13f=
ff 64bit]
[    5.138319] pci 0000:00:05.0: [8086:2024] type 00 class 0x088000
[    5.144314] pci 0000:00:05.2: [8086:2025] type 00 class 0x088000
[    5.151304] pci 0000:00:05.4: [8086:2026] type 00 class 0x080020
[    5.156821] pci 0000:00:05.4: reg 0x10: [mem 0x9220a000-0x9220afff]
[    5.163307] pci 0000:00:08.0: [8086:2014] type 00 class 0x088000
[    5.170299] pci 0000:00:08.1: [8086:2015] type 00 class 0x110100
[    5.176280] pci 0000:00:08.2: [8086:2016] type 00 class 0x088000
[    5.183302] pci 0000:00:11.0: [8086:a1ec] type 00 class 0xff0000
[    5.190001] pci 0000:00:11.1: [8086:a1ed] type 00 class 0xff0000
[    5.196333] pci 0000:00:11.5: [8086:a1d2] type 00 class 0x010601
[    5.201830] pci 0000:00:11.5: reg 0x10: [mem 0x92206000-0x92207fff]
[    5.208820] pci 0000:00:11.5: reg 0x14: [mem 0x92209000-0x922090ff]
[    5.214819] pci 0000:00:11.5: reg 0x18: [io  0x3068-0x306f]
[    5.219819] pci 0000:00:11.5: reg 0x1c: [io  0x3074-0x3077]
[    5.225819] pci 0000:00:11.5: reg 0x20: [io  0x3040-0x305f]
[    5.231819] pci 0000:00:11.5: reg 0x24: [mem 0x92180000-0x921fffff]
[    5.237849] pci 0000:00:11.5: PME# supported from D3hot
[    5.243333] pci 0000:00:14.0: [8086:a1af] type 00 class 0x0c0330
[    5.249834] pci 0000:00:14.0: reg 0x10: [mem 0x383ffff00000-0x383ffff0ff=
ff 64bit]
[    5.256873] pci 0000:00:14.0: PME# supported from D3hot D3cold
[    5.263318] pci 0000:00:14.2: [8086:a1b1] type 00 class 0x118000
[    5.268833] pci 0000:00:14.2: reg 0x10: [mem 0x383ffff33000-0x383ffff33f=
ff 64bit]
[    5.277356] pci 0000:00:16.0: [8086:a1ba] type 00 class 0x078000
[    5.282840] pci 0000:00:16.0: reg 0x10: [mem 0x383ffff32000-0x383ffff32f=
ff 64bit]
[    5.290893] pci 0000:00:16.0: PME# supported from D3hot
[    5.296305] pci 0000:00:16.4: [8086:a1be] type 00 class 0x078000
[    5.302840] pci 0000:00:16.4: reg 0x10: [mem 0x383ffff31000-0x383ffff31f=
ff 64bit]
[    5.309893] pci 0000:00:16.4: PME# supported from D3hot
[    5.315298] pci 0000:00:17.0: [8086:a182] type 00 class 0x010601
[    5.321830] pci 0000:00:17.0: reg 0x10: [mem 0x92204000-0x92205fff]
[    5.327819] pci 0000:00:17.0: reg 0x14: [mem 0x92208000-0x922080ff]
[    5.333820] pci 0000:00:17.0: reg 0x18: [io  0x3060-0x3067]
[    5.339819] pci 0000:00:17.0: reg 0x1c: [io  0x3070-0x3073]
[    5.344819] pci 0000:00:17.0: reg 0x20: [io  0x3020-0x303f]
[    5.350819] pci 0000:00:17.0: reg 0x24: [mem 0x92100000-0x9217ffff]
[    5.356848] pci 0000:00:17.0: PME# supported from D3hot
[    5.362319] pci 0000:00:1c.0: [8086:a193] type 01 class 0x060400
[    5.368883] pci 0000:00:1c.0: PME# supported from D0 D3hot D3cold
[    5.375353] pci 0000:00:1f.0: [8086:a1c3] type 00 class 0x060100
[    5.382371] pci 0000:00:1f.2: [8086:a1a1] type 00 class 0x058000
[    5.387826] pci 0000:00:1f.2: reg 0x10: [mem 0x92200000-0x92203fff]
[    5.394335] pci 0000:00:1f.4: [8086:a1a3] type 00 class 0x0c0500
[    5.400832] pci 0000:00:1f.4: reg 0x10: [mem 0x383ffff30000-0x383ffff300=
ff 64bit]
[    5.407834] pci 0000:00:1f.4: reg 0x20: [io  0x3000-0x301f]
[    5.414300] pci 0000:00:1f.5: [8086:a1a4] type 00 class 0x0c8000
[    5.419828] pci 0000:00:1f.5: reg 0x10: [mem 0xfe010000-0xfe010fff]
[    5.427377] pci 0000:01:00.0: [1a03:1150] type 01 class 0x060400
[    5.432926] pci 0000:01:00.0: supports D1 D2
[    5.437814] pci 0000:01:00.0: PME# supported from D0 D1 D2 D3hot D3cold
[    5.443894] pci 0000:00:1c.0: PCI bridge to [bus 01-02]
[    5.448815] pci 0000:00:1c.0:   bridge window [io  0x2000-0x2fff]
[    5.455816] pci 0000:00:1c.0:   bridge window [mem 0x91000000-0x920fffff]
[    5.461850] pci_bus 0000:02: extended config space not accessible
[    5.467831] pci 0000:02:00.0: [1a03:2000] type 00 class 0x030000
[    5.473833] pci 0000:02:00.0: reg 0x10: [mem 0x91000000-0x91ffffff]
[    5.480824] pci 0000:02:00.0: reg 0x14: [mem 0x92000000-0x9201ffff]
[    5.486824] pci 0000:02:00.0: reg 0x18: [io  0x2000-0x207f]
[    5.491898] pci 0000:02:00.0: supports D1 D2
[    5.496814] pci 0000:02:00.0: PME# supported from D0 D1 D2 D3hot D3cold
[    5.502894] pci 0000:01:00.0: PCI bridge to [bus 02]
[    5.507818] pci 0000:01:00.0:   bridge window [io  0x2000-0x2fff]
[    5.514816] pci 0000:01:00.0:   bridge window [mem 0x91000000-0x920fffff]
[    5.520829] pci_bus 0000:00: on NUMA node 0
[    5.525054] ACPI: PCI Interrupt Link [LNKA] (IRQs 3 4 5 6 10 *11 12 14 1=
5), disabled.
[    5.533870] ACPI: PCI Interrupt Link [LNKB] (IRQs 3 4 5 6 *10 11 12 14 1=
5), disabled.
[    5.540868] ACPI: PCI Interrupt Link [LNKC] (IRQs 3 4 5 6 10 *11 12 14 1=
5), disabled.
[    5.548867] ACPI: PCI Interrupt Link [LNKD] (IRQs 3 4 5 6 10 *11 12 14 1=
5), disabled.
[    5.556867] ACPI: PCI Interrupt Link [LNKE] (IRQs 3 4 5 6 10 *11 12 14 1=
5), disabled.
[    5.564867] ACPI: PCI Interrupt Link [LNKF] (IRQs 3 4 5 6 10 *11 12 14 1=
5), disabled.
[    5.572867] ACPI: PCI Interrupt Link [LNKG] (IRQs 3 4 5 6 10 *11 12 14 1=
5), disabled.
[    5.580869] ACPI: PCI Interrupt Link [LNKH] (IRQs 3 4 5 6 10 *11 12 14 1=
5), disabled.
[    5.588064] ACPI: PCI Root Bridge [PC01] (domain 0000 [bus 17-39])
[    5.594816] acpi PNP0A08:01: _OSC: OS supports [ExtendedConfig ASPM Cloc=
kPM Segments MSI HPX-Type3]
[    5.604093] acpi PNP0A08:01: _OSC: platform does not support [SHPCHotplu=
g AER LTR]
[    5.611966] acpi PNP0A08:01: _OSC: OS now controls [PCIeHotplug PME PCIe=
Capability]
[    5.618814] acpi PNP0A08:01: FADT indicates ASPM is unsupported, using B=
IOS configuration
[    5.627993] PCI host bridge to bus 0000:17
[    5.631814] pci_bus 0000:17: root bus resource [io  0x4000-0x5fff window]
[    5.638814] pci_bus 0000:17: root bus resource [mem 0x9d800000-0xaafffff=
f window]
[    5.645814] pci_bus 0000:17: root bus resource [mem 0x384000000000-0x387=
fffffffff window]
[    5.653814] pci_bus 0000:17: root bus resource [bus 17-39]
[    5.659821] pci 0000:17:00.0: [8086:2030] type 01 class 0x060400
[    5.665870] pci 0000:17:00.0: PME# supported from D0 D3hot D3cold
[    5.671914] pci 0000:17:05.0: [8086:2034] type 00 class 0x088000
[    5.677907] pci 0000:17:05.2: [8086:2035] type 00 class 0x088000
[    5.683903] pci 0000:17:05.4: [8086:2036] type 00 class 0x080020
[    5.689821] pci 0000:17:05.4: reg 0x10: [mem 0x9dd00000-0x9dd00fff]
[    5.695906] pci 0000:17:08.0: [8086:208d] type 00 class 0x088000
[    5.701892] pci 0000:17:08.1: [8086:208d] type 00 class 0x088000
[    5.707879] pci 0000:17:08.2: [8086:208d] type 00 class 0x088000
[    5.713879] pci 0000:17:08.3: [8086:208d] type 00 class 0x088000
[    5.720880] pci 0000:17:08.4: [8086:208d] type 00 class 0x088000
[    5.726878] pci 0000:17:08.5: [8086:208d] type 00 class 0x088000
[    5.732879] pci 0000:17:08.6: [8086:208d] type 00 class 0x088000
[    5.738880] pci 0000:17:08.7: [8086:208d] type 00 class 0x088000
[    5.744879] pci 0000:17:09.0: [8086:208d] type 00 class 0x088000
[    5.750892] pci 0000:17:09.1: [8086:208d] type 00 class 0x088000
[    5.756880] pci 0000:17:09.2: [8086:208d] type 00 class 0x088000
[    5.762880] pci 0000:17:09.3: [8086:208d] type 00 class 0x088000
[    5.768880] pci 0000:17:09.4: [8086:208d] type 00 class 0x088000
[    5.774880] pci 0000:17:09.5: [8086:208d] type 00 class 0x088000
[    5.780880] pci 0000:17:09.6: [8086:208d] type 00 class 0x088000
[    5.786881] pci 0000:17:09.7: [8086:208d] type 00 class 0x088000
[    5.792880] pci 0000:17:0a.0: [8086:208d] type 00 class 0x088000
[    5.798892] pci 0000:17:0a.1: [8086:208d] type 00 class 0x088000
[    5.804883] pci 0000:17:0a.2: [8086:208d] type 00 class 0x088000
[    5.810879] pci 0000:17:0a.3: [8086:208d] type 00 class 0x088000
[    5.816880] pci 0000:17:0a.4: [8086:208d] type 00 class 0x088000
[    5.822881] pci 0000:17:0a.5: [8086:208d] type 00 class 0x088000
[    5.828882] pci 0000:17:0a.6: [8086:208d] type 00 class 0x088000
[    5.834883] pci 0000:17:0a.7: [8086:208d] type 00 class 0x088000
[    5.841881] pci 0000:17:0b.0: [8086:208d] type 00 class 0x088000
[    5.847890] pci 0000:17:0b.1: [8086:208d] type 00 class 0x088000
[    5.853884] pci 0000:17:0b.2: [8086:208d] type 00 class 0x088000
[    5.859883] pci 0000:17:0b.3: [8086:208d] type 00 class 0x088000
[    5.865885] pci 0000:17:0e.0: [8086:208e] type 00 class 0x088000
[    5.871890] pci 0000:17:0e.1: [8086:208e] type 00 class 0x088000
[    5.877882] pci 0000:17:0e.2: [8086:208e] type 00 class 0x088000
[    5.883882] pci 0000:17:0e.3: [8086:208e] type 00 class 0x088000
[    5.889881] pci 0000:17:0e.4: [8086:208e] type 00 class 0x088000
[    5.895880] pci 0000:17:0e.5: [8086:208e] type 00 class 0x088000
[    5.901879] pci 0000:17:0e.6: [8086:208e] type 00 class 0x088000
[    5.907880] pci 0000:17:0e.7: [8086:208e] type 00 class 0x088000
[    5.913880] pci 0000:17:0f.0: [8086:208e] type 00 class 0x088000
[    5.919892] pci 0000:17:0f.1: [8086:208e] type 00 class 0x088000
[    5.925881] pci 0000:17:0f.2: [8086:208e] type 00 class 0x088000
[    5.931881] pci 0000:17:0f.3: [8086:208e] type 00 class 0x088000
[    5.937880] pci 0000:17:0f.4: [8086:208e] type 00 class 0x088000
[    5.943880] pci 0000:17:0f.5: [8086:208e] type 00 class 0x088000
[    5.949880] pci 0000:17:0f.6: [8086:208e] type 00 class 0x088000
[    5.956881] pci 0000:17:0f.7: [8086:208e] type 00 class 0x088000
[    5.962880] pci 0000:17:10.0: [8086:208e] type 00 class 0x088000
[    5.968892] pci 0000:17:10.1: [8086:208e] type 00 class 0x088000
[    5.974884] pci 0000:17:10.2: [8086:208e] type 00 class 0x088000
[    5.980897] pci 0000:17:10.3: [8086:208e] type 00 class 0x088000
[    5.986882] pci 0000:17:10.4: [8086:208e] type 00 class 0x088000
[    5.992882] pci 0000:17:10.5: [8086:208e] type 00 class 0x088000
[    5.998882] pci 0000:17:10.6: [8086:208e] type 00 class 0x088000
[    6.004883] pci 0000:17:10.7: [8086:208e] type 00 class 0x088000
[    6.010882] pci 0000:17:11.0: [8086:208e] type 00 class 0x088000
[    6.016896] pci 0000:17:11.1: [8086:208e] type 00 class 0x088000
[    6.022882] pci 0000:17:11.2: [8086:208e] type 00 class 0x088000
[    6.028883] pci 0000:17:11.3: [8086:208e] type 00 class 0x088000
[    6.034892] pci 0000:17:1d.0: [8086:2054] type 00 class 0x088000
[    6.040894] pci 0000:17:1d.1: [8086:2055] type 00 class 0x088000
[    6.046882] pci 0000:17:1d.2: [8086:2056] type 00 class 0x088000
[    6.052881] pci 0000:17:1d.3: [8086:2057] type 00 class 0x088000
[    6.058884] pci 0000:17:1e.0: [8086:2080] type 00 class 0x088000
[    6.064893] pci 0000:17:1e.1: [8086:2081] type 00 class 0x088000
[    6.071883] pci 0000:17:1e.2: [8086:2082] type 00 class 0x088000
[    6.077883] pci 0000:17:1e.3: [8086:2083] type 00 class 0x088000
[    6.083930] pci 0000:17:1e.4: [8086:2084] type 00 class 0x088000
[    6.089883] pci 0000:17:1e.5: [8086:2085] type 00 class 0x088000
[    6.095881] pci 0000:17:1e.6: [8086:2086] type 00 class 0x088000
[    6.101915] pci 0000:18:00.0: [8086:1521] type 00 class 0x020000
[    6.107832] pci 0000:18:00.0: reg 0x10: [mem 0x9db00000-0x9dbfffff]
[    6.113831] pci 0000:18:00.0: reg 0x1c: [mem 0x9dc0c000-0x9dc0ffff]
[    6.119894] pci 0000:18:00.0: PME# supported from D0 D3hot D3cold
[    6.126839] pci 0000:18:00.0: reg 0x184: [mem 0x387ffffe0000-0x387ffffe3=
fff 64bit pref]
[    6.134814] pci 0000:18:00.0: VF(n) BAR0 space: [mem 0x387ffffe0000-0x38=
7fffffffff 64bit pref] (contains BAR0 for 8 VFs)
[    6.144827] pci 0000:18:00.0: reg 0x190: [mem 0x387ffffc0000-0x387ffffc3=
fff 64bit pref]
[    6.152814] pci 0000:18:00.0: VF(n) BAR3 space: [mem 0x387ffffc0000-0x38=
7ffffdffff 64bit pref] (contains BAR3 for 8 VFs)
[    6.163901] pci 0000:18:00.1: [8086:1521] type 00 class 0x020000
[    6.169831] pci 0000:18:00.1: reg 0x10: [mem 0x9da00000-0x9dafffff]
[    6.175830] pci 0000:18:00.1: reg 0x1c: [mem 0x9dc08000-0x9dc0bfff]
[    6.182890] pci 0000:18:00.1: PME# supported from D0 D3hot D3cold
[    6.188835] pci 0000:18:00.1: reg 0x184: [mem 0x387ffffa0000-0x387ffffa3=
fff 64bit pref]
[    6.196814] pci 0000:18:00.1: VF(n) BAR0 space: [mem 0x387ffffa0000-0x38=
7ffffbffff 64bit pref] (contains BAR0 for 8 VFs)
[    6.207826] pci 0000:18:00.1: reg 0x190: [mem 0x387ffff80000-0x387ffff83=
fff 64bit pref]
[    6.215814] pci 0000:18:00.1: VF(n) BAR3 space: [mem 0x387ffff80000-0x38=
7ffff9ffff 64bit pref] (contains BAR3 for 8 VFs)
[    6.225896] pci 0000:18:00.2: [8086:1521] type 00 class 0x020000
[    6.232831] pci 0000:18:00.2: reg 0x10: [mem 0x9d900000-0x9d9fffff]
[    6.238830] pci 0000:18:00.2: reg 0x1c: [mem 0x9dc04000-0x9dc07fff]
[    6.244889] pci 0000:18:00.2: PME# supported from D0 D3hot D3cold
[    6.250835] pci 0000:18:00.2: reg 0x184: [mem 0x387ffff60000-0x387ffff63=
fff 64bit pref]
[    6.258814] pci 0000:18:00.2: VF(n) BAR0 space: [mem 0x387ffff60000-0x38=
7ffff7ffff 64bit pref] (contains BAR0 for 8 VFs)
[    6.269826] pci 0000:18:00.2: reg 0x190: [mem 0x387ffff40000-0x387ffff43=
fff 64bit pref]
[    6.277814] pci 0000:18:00.2: VF(n) BAR3 space: [mem 0x387ffff40000-0x38=
7ffff5ffff 64bit pref] (contains BAR3 for 8 VFs)
[    6.288890] pci 0000:18:00.3: [8086:1521] type 00 class 0x020000
[    6.294831] pci 0000:18:00.3: reg 0x10: [mem 0x9d800000-0x9d8fffff]
[    6.300830] pci 0000:18:00.3: reg 0x1c: [mem 0x9dc00000-0x9dc03fff]
[    6.306889] pci 0000:18:00.3: PME# supported from D0 D3hot D3cold
[    6.313835] pci 0000:18:00.3: reg 0x184: [mem 0x387ffff20000-0x387ffff23=
fff 64bit pref]
[    6.321814] pci 0000:18:00.3: VF(n) BAR0 space: [mem 0x387ffff20000-0x38=
7ffff3ffff 64bit pref] (contains BAR0 for 8 VFs)
[    6.331826] pci 0000:18:00.3: reg 0x190: [mem 0x387ffff00000-0x387ffff03=
fff 64bit pref]
[    6.339814] pci 0000:18:00.3: VF(n) BAR3 space: [mem 0x387ffff00000-0x38=
7ffff1ffff 64bit pref] (contains BAR3 for 8 VFs)
[    6.350909] pci 0000:17:00.0: PCI bridge to [bus 18-19]
[    6.355815] pci 0000:17:00.0:   bridge window [mem 0x9d800000-0x9dcfffff]
[    6.362815] pci 0000:17:00.0:   bridge window [mem 0x387ffff00000-0x387f=
ffffffff 64bit pref]
[    6.371820] pci_bus 0000:17: on NUMA node 0
[    6.375907] ACPI: PCI Root Bridge [PC02] (domain 0000 [bus 3a-5c])
[    6.381817] acpi PNP0A08:02: _OSC: OS supports [ExtendedConfig ASPM Cloc=
kPM Segments MSI HPX-Type3]
[    6.391099] acpi PNP0A08:02: _OSC: platform does not support [SHPCHotplu=
g AER LTR]
[    6.398964] acpi PNP0A08:02: _OSC: OS now controls [PCIeHotplug PME PCIe=
Capability]
[    6.406814] acpi PNP0A08:02: FADT indicates ASPM is unsupported, using B=
IOS configuration
[    6.414931] PCI host bridge to bus 0000:3a
[    6.418814] pci_bus 0000:3a: root bus resource [io  0x6000-0x7fff window]
[    6.425814] pci_bus 0000:3a: root bus resource [mem 0xab000000-0xb87ffff=
f window]
[    6.432814] pci_bus 0000:3a: root bus resource [mem 0x388000000000-0x38b=
fffffffff window]
[    6.440814] pci_bus 0000:3a: root bus resource [bus 3a-5c]
[    6.446821] pci 0000:3a:00.0: [8086:2030] type 01 class 0x060400
[    6.452867] pci 0000:3a:00.0: PME# supported from D0 D3hot D3cold
[    6.458887] pci 0000:3a:05.0: [8086:2034] type 00 class 0x088000
[    6.464881] pci 0000:3a:05.2: [8086:2035] type 00 class 0x088000
[    6.470879] pci 0000:3a:05.4: [8086:2036] type 00 class 0x080020
[    6.476821] pci 0000:3a:05.4: reg 0x10: [mem 0xadb00000-0xadb00fff]
[    6.482884] pci 0000:3a:08.0: [8086:2066] type 00 class 0x088000
[    6.488881] pci 0000:3a:09.0: [8086:2066] type 00 class 0x088000
[    6.494881] pci 0000:3a:0a.0: [8086:2040] type 00 class 0x088000
[    6.500881] pci 0000:3a:0a.1: [8086:2041] type 00 class 0x088000
[    6.506870] pci 0000:3a:0a.2: [8086:2042] type 00 class 0x088000
[    6.513870] pci 0000:3a:0a.3: [8086:2043] type 00 class 0x088000
[    6.519870] pci 0000:3a:0a.4: [8086:2044] type 00 class 0x088000
[    6.525870] pci 0000:3a:0a.5: [8086:2045] type 00 class 0x088000
[    6.531869] pci 0000:3a:0a.6: [8086:2046] type 00 class 0x088000
[    6.537869] pci 0000:3a:0a.7: [8086:2047] type 00 class 0x088000
[    6.543869] pci 0000:3a:0b.0: [8086:2048] type 00 class 0x088000
[    6.549883] pci 0000:3a:0b.1: [8086:2049] type 00 class 0x088000
[    6.555869] pci 0000:3a:0b.2: [8086:204a] type 00 class 0x088000
[    6.561869] pci 0000:3a:0b.3: [8086:204b] type 00 class 0x088000
[    6.567870] pci 0000:3a:0c.0: [8086:2040] type 00 class 0x088000
[    6.573883] pci 0000:3a:0c.1: [8086:2041] type 00 class 0x088000
[    6.579872] pci 0000:3a:0c.2: [8086:2042] type 00 class 0x088000
[    6.585871] pci 0000:3a:0c.3: [8086:2043] type 00 class 0x088000
[    6.591872] pci 0000:3a:0c.4: [8086:2044] type 00 class 0x088000
[    6.597873] pci 0000:3a:0c.5: [8086:2045] type 00 class 0x088000
[    6.603870] pci 0000:3a:0c.6: [8086:2046] type 00 class 0x088000
[    6.609871] pci 0000:3a:0c.7: [8086:2047] type 00 class 0x088000
[    6.615872] pci 0000:3a:0d.0: [8086:2048] type 00 class 0x088000
[    6.621884] pci 0000:3a:0d.1: [8086:2049] type 00 class 0x088000
[    6.627871] pci 0000:3a:0d.2: [8086:204a] type 00 class 0x088000
[    6.633871] pci 0000:3a:0d.3: [8086:204b] type 00 class 0x088000
[    6.639910] pci 0000:3b:00.0: [8086:37c0] type 01 class 0x060400
[    6.645830] pci 0000:3b:00.0: reg 0x10: [mem 0xada00000-0xada1ffff 64bit]
[    6.652818] pci 0000:3b:00.0: reg 0x38: [mem 0xfff00000-0xffffffff pref]
[    6.659858] pci 0000:3b:00.0: PME# supported from D0 D3hot D3cold
[    6.665884] pci 0000:3a:00.0: PCI bridge to [bus 3b-3e]
[    6.670816] pci 0000:3a:00.0:   bridge window [mem 0xada00000-0xadafffff]
[    6.677816] pci 0000:3a:00.0:   bridge window [mem 0xab000000-0xad9fffff=
 64bit pref]
[    6.685862] pci 0000:3c:03.0: [8086:37c5] type 01 class 0x060400
[    6.691890] pci 0000:3c:03.0: PME# supported from D0 D3hot D3cold
[    6.697888] pci 0000:3b:00.0: PCI bridge to [bus 3c-3e]
[    6.702819] pci 0000:3b:00.0:   bridge window [mem 0xab000000-0xad9fffff=
 64bit pref]
[    6.710862] pci 0000:3d:00.0: [8086:37d2] type 00 class 0x020000
[    6.716835] pci 0000:3d:00.0: reg 0x10: [mem 0xac000000-0xacffffff 64bit=
 pref]
[    6.723830] pci 0000:3d:00.0: reg 0x1c: [mem 0xad808000-0xad80ffff 64bit=
 pref]
[    6.730826] pci 0000:3d:00.0: reg 0x30: [mem 0xfff80000-0xffffffff pref]
[    6.737877] pci 0000:3d:00.0: PME# supported from D0 D3hot D3cold
[    6.743840] pci 0000:3d:00.0: reg 0x184: [mem 0xad400000-0xad41ffff 64bi=
t pref]
[    6.751814] pci 0000:3d:00.0: VF(n) BAR0 space: [mem 0xad400000-0xad7fff=
ff 64bit pref] (contains BAR0 for 32 VFs)
[    6.761827] pci 0000:3d:00.0: reg 0x190: [mem 0xad890000-0xad893fff 64bi=
t pref]
[    6.768814] pci 0000:3d:00.0: VF(n) BAR3 space: [mem 0xad890000-0xad90ff=
ff 64bit pref] (contains BAR3 for 32 VFs)
[    6.778964] pci 0000:3d:00.1: [8086:37d2] type 00 class 0x020000
[    6.784835] pci 0000:3d:00.1: reg 0x10: [mem 0xab000000-0xabffffff 64bit=
 pref]
[    6.792829] pci 0000:3d:00.1: reg 0x1c: [mem 0xad800000-0xad807fff 64bit=
 pref]
[    6.799826] pci 0000:3d:00.1: reg 0x30: [mem 0xfff80000-0xffffffff pref]
[    6.806877] pci 0000:3d:00.1: PME# supported from D0 D3hot D3cold
[    6.812836] pci 0000:3d:00.1: reg 0x184: [mem 0xad000000-0xad01ffff 64bi=
t pref]
[    6.819814] pci 0000:3d:00.1: VF(n) BAR0 space: [mem 0xad000000-0xad3fff=
ff 64bit pref] (contains BAR0 for 32 VFs)
[    6.829827] pci 0000:3d:00.1: reg 0x190: [mem 0xad810000-0xad813fff 64bi=
t pref]
[    6.836814] pci 0000:3d:00.1: VF(n) BAR3 space: [mem 0xad810000-0xad88ff=
ff 64bit pref] (contains BAR3 for 32 VFs)
[    6.847968] pci 0000:3c:03.0: PCI bridge to [bus 3d-3e]
[    6.852820] pci 0000:3c:03.0:   bridge window [mem 0xab000000-0xad9fffff=
 64bit pref]
[    6.860826] pci_bus 0000:3a: on NUMA node 0
[    6.864896] ACPI: PCI Root Bridge [PC03] (domain 0000 [bus 5d-7f])
[    6.870815] acpi PNP0A08:03: _OSC: OS supports [ExtendedConfig ASPM Cloc=
kPM Segments MSI HPX-Type3]
[    6.880091] acpi PNP0A08:03: _OSC: platform does not support [SHPCHotplu=
g AER LTR]
[    6.887967] acpi PNP0A08:03: _OSC: OS now controls [PCIeHotplug PME PCIe=
Capability]
[    6.895814] acpi PNP0A08:03: FADT indicates ASPM is unsupported, using B=
IOS configuration
[    6.903944] PCI host bridge to bus 0000:5d
[    6.907815] pci_bus 0000:5d: root bus resource [io  0x8000-0x9fff window]
[    6.914814] pci_bus 0000:5d: root bus resource [mem 0xb8800000-0xc5fffff=
f window]
[    6.921820] pci_bus 0000:5d: root bus resource [mem 0x38c000000000-0x38f=
fffffffff window]
[    6.929814] pci_bus 0000:5d: root bus resource [bus 5d-7f]
[    6.935822] pci 0000:5d:02.0: [8086:2032] type 01 class 0x060400
[    6.941886] pci 0000:5d:02.0: PME# supported from D0 D3hot D3cold
[    6.947888] pci 0000:5d:03.0: [8086:2033] type 01 class 0x060400
[    6.953884] pci 0000:5d:03.0: PME# supported from D0 D3hot D3cold
[    6.959882] pci 0000:5d:05.0: [8086:2034] type 00 class 0x088000
[    6.965886] pci 0000:5d:05.2: [8086:2035] type 00 class 0x088000
[    6.971883] pci 0000:5d:05.4: [8086:2036] type 00 class 0x080020
[    6.977822] pci 0000:5d:05.4: reg 0x10: [mem 0xb8800000-0xb8800fff]
[    6.984889] pci 0000:5d:0e.0: [8086:2058] type 00 class 0x110100
[    6.990879] pci 0000:5d:0e.1: [8086:2059] type 00 class 0x088000
[    6.996870] pci 0000:5d:0f.0: [8086:2058] type 00 class 0x110100
[    7.002881] pci 0000:5d:0f.1: [8086:2059] type 00 class 0x088000
[    7.008872] pci 0000:5d:10.0: [8086:2058] type 00 class 0x110100
[    7.014882] pci 0000:5d:10.1: [8086:2059] type 00 class 0x088000
[    7.020872] pci 0000:5d:12.0: [8086:204c] type 00 class 0x110100
[    7.026876] pci 0000:5d:12.1: [8086:204d] type 00 class 0x110100
[    7.032857] pci 0000:5d:12.2: [8086:204e] type 00 class 0x088000
[    7.038860] pci 0000:5d:12.4: [8086:204c] type 00 class 0x110100
[    7.044867] pci 0000:5d:12.5: [8086:204d] type 00 class 0x110100
[    7.050858] pci 0000:5d:15.0: [8086:2018] type 00 class 0x088000
[    7.056865] pci 0000:5d:15.1: [8086:2088] type 00 class 0x110100
[    7.062858] pci 0000:5d:16.0: [8086:2018] type 00 class 0x088000
[    7.068866] pci 0000:5d:16.1: [8086:2088] type 00 class 0x110100
[    7.074857] pci 0000:5d:16.4: [8086:2018] type 00 class 0x088000
[    7.080865] pci 0000:5d:16.5: [8086:2088] type 00 class 0x110100
[    7.086856] pci 0000:5d:17.0: [8086:2018] type 00 class 0x088000
[    7.092867] pci 0000:5d:17.1: [8086:2088] type 00 class 0x110100
[    7.098884] pci 0000:5d:02.0: PCI bridge to [bus 5e]
[    7.103815] pci 0000:5d:02.0:   bridge window [io  0x8000-0x8fff]
[    7.110815] pci 0000:5d:02.0:   bridge window [mem 0xb8900000-0xb8afffff]
[    7.116816] pci 0000:5d:02.0:   bridge window [mem 0x38c000000000-0x38c0=
001fffff 64bit pref]
[    7.125837] pci 0000:5d:03.0: PCI bridge to [bus 5f]
[    7.130815] pci 0000:5d:03.0:   bridge window [io  0x9000-0x9fff]
[    7.136815] pci 0000:5d:03.0:   bridge window [mem 0xb8b00000-0xb8cfffff]
[    7.142815] pci 0000:5d:03.0:   bridge window [mem 0x38c000200000-0x38c0=
003fffff 64bit pref]
[    7.151822] pci_bus 0000:5d: on NUMA node 0
[    7.155925] ACPI: PCI Root Bridge [PC06] (domain 0000 [bus 80-84])
[    7.161815] acpi PNP0A08:06: _OSC: OS supports [ExtendedConfig ASPM Cloc=
kPM Segments MSI HPX-Type3]
[    7.170970] acpi PNP0A08:06: _OSC: platform does not support [SHPCHotplu=
g AER LTR]
[    7.178925] acpi PNP0A08:06: _OSC: OS now controls [PCIeHotplug PME PCIe=
Capability]
[    7.186814] acpi PNP0A08:06: FADT indicates ASPM is unsupported, using B=
IOS configuration
[    7.194920] PCI host bridge to bus 0000:80
[    7.198814] pci_bus 0000:80: root bus resource [io  0xa000-0xbfff window]
[    7.205814] pci_bus 0000:80: root bus resource [mem 0xc6000000-0xd37ffff=
f window]
[    7.212814] pci_bus 0000:80: root bus resource [mem 0x390000000000-0x393=
fffffffff window]
[    7.220814] pci_bus 0000:80: root bus resource [bus 80-84]
[    7.226827] pci 0000:80:00.0: [8086:2030] type 01 class 0x060400
[    7.232836] pci 0000:80:00.0: enabling Extended Tags
[    7.237840] pci 0000:80:00.0: PME# supported from D0 D3hot D3cold
[    7.243884] pci 0000:80:04.0: [8086:2021] type 00 class 0x088000
[    7.249822] pci 0000:80:04.0: reg 0x10: [mem 0x393ffff1c000-0x393ffff1ff=
ff 64bit]
[    7.256892] pci 0000:80:04.1: [8086:2021] type 00 class 0x088000
[    7.263822] pci 0000:80:04.1: reg 0x10: [mem 0x393ffff18000-0x393ffff1bf=
ff 64bit]
[    7.270890] pci 0000:80:04.2: [8086:2021] type 00 class 0x088000
[    7.276822] pci 0000:80:04.2: reg 0x10: [mem 0x393ffff14000-0x393ffff17f=
ff 64bit]
[    7.284890] pci 0000:80:04.3: [8086:2021] type 00 class 0x088000
[    7.290822] pci 0000:80:04.3: reg 0x10: [mem 0x393ffff10000-0x393ffff13f=
ff 64bit]
[    7.297888] pci 0000:80:04.4: [8086:2021] type 00 class 0x088000
[    7.303823] pci 0000:80:04.4: reg 0x10: [mem 0x393ffff0c000-0x393ffff0ff=
ff 64bit]
[    7.311890] pci 0000:80:04.5: [8086:2021] type 00 class 0x088000
[    7.317822] pci 0000:80:04.5: reg 0x10: [mem 0x393ffff08000-0x393ffff0bf=
ff 64bit]
[    7.324891] pci 0000:80:04.6: [8086:2021] type 00 class 0x088000
[    7.330821] pci 0000:80:04.6: reg 0x10: [mem 0x393ffff04000-0x393ffff07f=
ff 64bit]
[    7.338887] pci 0000:80:04.7: [8086:2021] type 00 class 0x088000
[    7.344822] pci 0000:80:04.7: reg 0x10: [mem 0x393ffff00000-0x393ffff03f=
ff 64bit]
[    7.351887] pci 0000:80:05.0: [8086:2024] type 00 class 0x088000
[    7.357884] pci 0000:80:05.2: [8086:2025] type 00 class 0x088000
[    7.363876] pci 0000:80:05.4: [8086:2026] type 00 class 0x080020
[    7.369820] pci 0000:80:05.4: reg 0x10: [mem 0xc6300000-0xc6300fff]
[    7.375878] pci 0000:80:08.0: [8086:2014] type 00 class 0x088000
[    7.382874] pci 0000:80:08.1: [8086:2015] type 00 class 0x110100
[    7.388855] pci 0000:80:08.2: [8086:2016] type 00 class 0x088000
[    7.394897] pci 0000:81:00.0: [10b5:8718] type 01 class 0x060400
[    7.400828] pci 0000:81:00.0: reg 0x10: [mem 0xc6200000-0xc623ffff]
[    7.406880] pci 0000:81:00.0: PME# supported from D0 D3hot D3cold
[    7.412847] pci 0000:81:00.0: 31.504 Gb/s available PCIe bandwidth, limi=
ted by 8.0 GT/s PCIe x4 link at 0000:80:00.0 (capable of 63.008 Gb/s with 8=
=2E0 GT/s PCIe x8 link)
[    7.430824] pci 0000:80:00.0: PCI bridge to [bus 81-84]
[    7.435816] pci 0000:80:00.0:   bridge window [mem 0xc6000000-0xc62fffff]
[    7.442847] pci 0000:82:01.0: [10b5:8718] type 01 class 0x060400
[    7.448895] pci 0000:82:01.0: PME# supported from D0 D3hot D3cold
[    7.454871] pci 0000:82:02.0: [10b5:8718] type 01 class 0x060400
[    7.460895] pci 0000:82:02.0: PME# supported from D0 D3hot D3cold
[    7.467882] pci 0000:81:00.0: PCI bridge to [bus 82-84]
[    7.472817] pci 0000:81:00.0:   bridge window [mem 0xc6000000-0xc61fffff]
[    7.479845] pci 0000:83:00.0: [8086:0953] type 00 class 0x010802
[    7.485833] pci 0000:83:00.0: reg 0x10: [mem 0xc6100000-0xc6103fff 64bit]
[    7.491841] pci 0000:83:00.0: reg 0x30: [mem 0xffff0000-0xffffffff pref]
[    7.501827] pci 0000:82:01.0: PCI bridge to [bus 83]
[    7.506818] pci 0000:82:01.0:   bridge window [mem 0xc6100000-0xc61fffff]
[    7.513849] pci 0000:84:00.0: [8086:0953] type 00 class 0x010802
[    7.519833] pci 0000:84:00.0: reg 0x10: [mem 0xc6000000-0xc6003fff 64bit]
[    7.526840] pci 0000:84:00.0: reg 0x30: [mem 0xffff0000-0xffffffff pref]
[    7.535827] pci 0000:82:02.0: PCI bridge to [bus 84]
[    7.540818] pci 0000:82:02.0:   bridge window [mem 0xc6000000-0xc60fffff]
[    7.547829] pci_bus 0000:80: on NUMA node 1
[    7.551891] ACPI: PCI Root Bridge [PC07] (domain 0000 [bus 85-ad])
[    7.557815] acpi PNP0A08:07: _OSC: OS supports [ExtendedConfig ASPM Cloc=
kPM Segments MSI HPX-Type3]
[    7.567094] acpi PNP0A08:07: _OSC: platform does not support [SHPCHotplu=
g AER LTR]
[    7.574964] acpi PNP0A08:07: _OSC: OS now controls [PCIeHotplug PME PCIe=
Capability]
[    7.582814] acpi PNP0A08:07: FADT indicates ASPM is unsupported, using B=
IOS configuration
[    7.591011] PCI host bridge to bus 0000:85
[    7.594814] pci_bus 0000:85: root bus resource [io  0xc000-0xdfff window]
[    7.601814] pci_bus 0000:85: root bus resource [mem 0xd3800000-0xe0fffff=
f window]
[    7.609814] pci_bus 0000:85: root bus resource [mem 0x394000000000-0x397=
fffffffff window]
[    7.617814] pci_bus 0000:85: root bus resource [bus 85-ad]
[    7.622821] pci 0000:85:05.0: [8086:2034] type 00 class 0x088000
