Return-Path: <linux-kernel-owner@vger.kernel.org>
X-Original-To: lists+linux-kernel@lfdr.de
Delivered-To: lists+linux-kernel@lfdr.de
Received: from vger.kernel.org (vger.kernel.org [23.128.96.18])
	by mail.lfdr.de (Postfix) with ESMTP id 48DA01EDA37
	for <lists+linux-kernel@lfdr.de>; Thu,  4 Jun 2020 02:59:57 +0200 (CEST)
Received: (majordomo@vger.kernel.org) by vger.kernel.org via listexpand
        id S1726744AbgFDA7t (ORCPT <rfc822;lists+linux-kernel@lfdr.de>);
        Wed, 3 Jun 2020 20:59:49 -0400
Received: from out1-smtp.messagingengine.com ([66.111.4.25]:48429 "EHLO
        out1-smtp.messagingengine.com" rhost-flags-OK-OK-OK-OK)
        by vger.kernel.org with ESMTP id S1730357AbgFDA7r (ORCPT
        <rfc822;linux-kernel@vger.kernel.org>);
        Wed, 3 Jun 2020 20:59:47 -0400
Received: from compute3.internal (compute3.nyi.internal [10.202.2.43])
        by mailout.nyi.internal (Postfix) with ESMTP id 3BA165C00A4;
        Wed,  3 Jun 2020 20:59:19 -0400 (EDT)
Received: from mailfrontend1 ([10.202.2.162])
  by compute3.internal (MEProxy); Wed, 03 Jun 2020 20:59:19 -0400
DKIM-Signature: v=1; a=rsa-sha256; c=relaxed/relaxed; d=anarazel.de; h=
        date:from:to:cc:subject:message-id:references:mime-version
        :content-type:in-reply-to; s=fm1; bh=ZgoXrlkPqR4CVxHEWNljIO5tqBh
        tvs0WuBYZvvCCFLw=; b=Uu9EHb3N0S9fjpj9QRmzV4pqLDxlOpJNi6fr8zftD6a
        VaZLAgzF2WX/zjJWJYAw0mr78xfdsMslYe8b8bsitqjHwHqnfgFekyt4cUIPL5QS
        0V8JExAnITciOa5itivALQkmK0SquU5h27++KM2AyUdGqOnn/OesijFgCeiNN/Fa
        qGMBfX/Xw/mkWUp3X+1ZrIm+Jd9zOxK2woj5J2r/g0IZ6+CrnoDE8xKvkFB45sH9
        4KwVQha/abwA5O5lXlWggKH2MbaqX+z3UB0QAsk8mlDCYC84Cda4SE1074yr1pzJ
        UNI7EP4QcoNT6JzRaAUCUCI6GEh5b1YdqUartUmXq1w==
DKIM-Signature: v=1; a=rsa-sha256; c=relaxed/relaxed; d=
        messagingengine.com; h=cc:content-type:date:from:in-reply-to
        :message-id:mime-version:references:subject:to:x-me-proxy
        :x-me-proxy:x-me-sender:x-me-sender:x-sasl-enc; s=fm2; bh=ZgoXrl
        kPqR4CVxHEWNljIO5tqBhtvs0WuBYZvvCCFLw=; b=ztGMO1kO61Iqd1+wzYlOvz
        5U8fcm9Hs5owf69P7bGifJJO/TV9nf1awNB5xzlBKf5PvJntkqTqeneJkzMkE+Q1
        9ITmLZfNmnWccCLcfhahP74hN55JrT/Wngbyws9bg/1aqtOp9QIA3XIuc/tCaUZt
        tv3l2vkYrkGWTAh6jFIVt7H/UM1uZS6PgU46Q0nqPWR85Z1U4yakU7ZkZvtU/Oxu
        Y4XJ/1Z6bDi4+PtW9eaV+C/n5V5AlbyqROVwI2Xkq3IeMJVgZFhuTeD9UkGVa5Tk
        OpuXHV3jMhIbcGLcP1ZRVhcsWKl+AdWcbikZyVfSeR6jAajbeNrq1L0oBabt/Fjg
        ==
X-ME-Sender: <xms:ZUfYXp3Nj6Q5HGTd8eI6gxQ7sgutUy_73yJpQIIMaA946muhd2xrNw>
X-ME-Proxy-Cause: gggruggvucftvghtrhhoucdtuddrgeduhedrudegtddgfeekucetufdoteggodetrfdotf
    fvucfrrhhofhhilhgvmecuhfgrshhtofgrihhlpdfqfgfvpdfurfetoffkrfgpnffqhgen
    uceurghilhhouhhtmecufedttdenucesvcftvggtihhpihgvnhhtshculddquddttddmne
    cujfgurhepfffhvffukfhfgggtuggjsehmtderredttddvnecuhfhrohhmpeetnhgurhgv
    shcuhfhrvghunhguuceorghnughrvghssegrnhgrrhgriigvlhdruggvqeenucggtffrrg
    htthgvrhhnpefgueehveehhedtuefgvdejuedujeeukeelteekkeevjeduheegvddtfeev
    heelkeenucfkphepieejrdduiedtrddvudejrddvhedtnecuvehluhhsthgvrhfuihiivg
    eptdenucfrrghrrghmpehmrghilhhfrhhomheprghnughrvghssegrnhgrrhgriigvlhdr
    uggv
X-ME-Proxy: <xmx:ZkfYXgG2pz7CiIGXO4hrwzry1EzMPMTZEFZTKGo4NxmauPbvAi_iuQ>
    <xmx:ZkfYXp68OfnuWtDxtOuZtWPRDuUYBnWYD0bNu8xUW2B-GByT-SR6Pw>
    <xmx:ZkfYXm2vlifQni_6rw-I6bJEfFCjd0Z4SQNQy3pkBl2rcqOyLR-0FQ>
    <xmx:Z0fYXhTItegeGwBbOWVUAFzinEx-4L3vw1LeYVXrw_axp6Gr_MeWTA>
Received: from intern.anarazel.de (c-67-160-217-250.hsd1.ca.comcast.net [67.160.217.250])
        by mail.messagingengine.com (Postfix) with ESMTPA id 663D7328005E;
        Wed,  3 Jun 2020 20:59:17 -0400 (EDT)
Date:   Wed, 3 Jun 2020 17:59:16 -0700
From:   Andres Freund <andres@anarazel.de>
To:     Jens Axboe <axboe@kernel.dk>
Cc:     io-uring@vger.kernel.org, linux-fsdevel@vger.kernel.org,
        linux-kernel@vger.kernel.org, linux-mm@kvack.org,
        akpm@linux-foundation.org
Subject: Re: [PATCHSET v5 0/12] Add support for async buffered reads
Message-ID: <20200604005916.niy2mejjcsx4sv6t@alap3.anarazel.de>
References: <20200526195123.29053-1-axboe@kernel.dk>
MIME-Version: 1.0
Content-Type: multipart/mixed; boundary="phl2npw7hpcjbj6l"
Content-Disposition: inline
In-Reply-To: <20200526195123.29053-1-axboe@kernel.dk>
Sender: linux-kernel-owner@vger.kernel.org
Precedence: bulk
List-ID: <linux-kernel.vger.kernel.org>
X-Mailing-List: linux-kernel@vger.kernel.org


--phl2npw7hpcjbj6l
Content-Type: text/plain; charset=us-ascii
Content-Disposition: inline

Hi,

I was trying to benchmark the benefits of this for the io_uring using
postgres I am working on. The initial results where quite promising
(reducing cpu usage significantly, to lower than non-uring sync io). But
unfortunately trying another workload triggered both panics and before
that seemingly returned wrong data.

I first saw that problem with b360d424ce02, which was
linux-block/async-buffered.6 at the time. After hitting the issue, I
updated to the current linux-block/async-buffered.6, but the problem
persists.

The workload that triggers the bug within a few seconds is postgres
doing a parallel sequential scan of a large table (and aggregating the
data, but that shouldn't matter). In the triggering case that boils down
to 9 processes sequentially reading a number of 1GB files (we chunk
tables internally into smaller files). Each process will read a 512kB
chunk of the file on its own, and then claim the next 512kB from a
shared memory location. Most of the IO will be READV requests, reading
16 * 8kB into postgres' buffer pool (which may or may not be neighboring
8kB pages).

The io submissions in this case will all be done to the same io_uring,
targeting MAP_HUGETLB | MAP_SHARED | MAP_ANONYMOUS memory. The data is
on xfs.

The benchmark starts with dropping caches, which helpfully is visible in
dmesg... That takes a few seconds, so the actual buffered io_uring load
starts soon after.

[  125.526092] tee (7775): drop_caches: 3
[  146.264327] kill_fasync: bad magic number in fasync_struct!

After this, but before the oops, I see some userspace memory or
non-io-uring pipe reads being corrupted.


[  146.264327] kill_fasync: bad magic number in fasync_struct!
[  146.285175] kill_fasync: bad magic number in fasync_struct!
[  146.290793] kill_fasync: bad magic number in fasync_struct!
[  146.285175] kill_fasync: bad magic number in fasync_struct!
[  146.290793] kill_fasync: bad magic number in fasync_struct!
[  157.071979] BUG: kernel NULL pointer dereference, address: 0000000000000020
[  157.078945] #PF: supervisor read access in kernel mode
[  157.084082] #PF: error_code(0x0000) - not-present page
[  157.089225] PGD 0 P4D 0
[  157.091763] Oops: 0000 [#1] SMP NOPTI
[  157.095429] CPU: 3 PID: 7756 Comm: postgres Not tainted 5.7.0-rc7-andres-00133-gc8707bf69395 #41
[  157.104208] Hardware name: Supermicro SYS-7049A-T/X11DAi-N, BIOS 3.2 11/13/2019
[  157.111518] RIP: 0010:xfs_log_commit_cil+0x356/0x7f0
[  157.116478] Code: 00 00 48 89 7e 08 49 89 76 30 48 89 11 48 89 4a 08 8b 4c 24 2c 48 89 85 c0 00 00 00 48 89 85 c8 00 00 00 49 8b 46 20 45 31 c9 <8b> 70 20 85 f6 0f 84 d9 02 00 00 45 31 c0 85 c9 7e 4f 41 8b 46 2c
[  157.135226] RSP: 0018:ffffc90021fefb00 EFLAGS: 00010246
[  157.140452] RAX: 0000000000000000 RBX: ffff8897a9ea80b0 RCX: 0000000000000458
[  157.147582] RDX: ffff8897a9ea80c0 RSI: ffff88afc39a1200 RDI: ffff88afb1ae2c18
[  157.154715] RBP: ffff8897a9ea8000 R08: ffffc90021fefb30 R09: 0000000000000000
[  157.161848] R10: 0000000000000084 R11: 0000000000000012 R12: ffff8897721bd400
[  157.168983] R13: ffff88afb1ae2c00 R14: ffff88afb19860c0 R15: ffff8897a9ea80a0
[  157.176115] FS:  00007ffbbe9a1980(0000) GS:ffff8897e0cc0000(0000) knlGS:0000000000000000
[  157.184199] CS:  0010 DS: 0000 ES: 0000 CR0: 0000000080050033
[  157.189946] CR2: 0000000000000020 CR3: 000000179c0ac005 CR4: 00000000007606e0
[  157.197081] DR0: 0000000000000000 DR1: 0000000000000000 DR2: 0000000000000000
[  157.204212] DR3: 0000000000000000 DR6: 00000000fffe0ff0 DR7: 0000000000000400
[  157.211343] PKRU: 55555554
[  157.214048] Call Trace:
[  157.216498]  __xfs_trans_commit+0xa1/0x340
[  157.220596]  xfs_create+0x4cc/0x5e0
[  157.224087]  xfs_generic_create+0x241/0x310
[  157.228274]  path_openat+0xdb7/0x1020
[  157.231940]  do_filp_open+0x91/0x100
[  157.235518]  ? __sys_recvfrom+0xe4/0x170
[  157.239444]  ? _cond_resched+0x19/0x30
[  157.243196]  do_sys_openat2+0x215/0x2d0
[  157.247037]  do_sys_open+0x44/0x80
[  157.250443]  do_syscall_64+0x48/0x130
[  157.254108]  entry_SYSCALL_64_after_hwframe+0x44/0xa9
[  157.259161] RIP: 0033:0x7ffbc0ded307
[  157.262738] Code: 25 00 00 41 00 3d 00 00 41 00 74 47 64 8b 04 25 18 00 00 00 85 c0 75 6b 44 89 e2 48 89 ee bf 9c ff ff ff b8 01 01 00 00 0f 05 <48> 3d 00 f0 ff ff 0f 87 95 00 00 00 48 8b 4c 24 28 64 48 33 0c 25
[  157.281485] RSP: 002b:00007fff520a4940 EFLAGS: 00000246 ORIG_RAX: 0000000000000101
[  157.289052] RAX: ffffffffffffffda RBX: 00005561dc02eca0 RCX: 00007ffbc0ded307
[  157.296185] RDX: 0000000000000241 RSI: 00005561dc013470 RDI: 00000000ffffff9c
[  157.303317] RBP: 00005561dc013470 R08: 0000000000000004 R09: 0000000000000001
[  157.310447] R10: 00000000000001b6 R11: 0000000000000246 R12: 0000000000000241
[  157.317575] R13: 00005561dc02eca0 R14: 0000000000000001 R15: 0000000000000000
[  157.324705] Modules linked in: isst_if_common squashfs nls_iso8859_1 nls_cp437 snd_hda_codec_realtek vfat snd_hda_codec_generic fat iwlmvm ledtrig_audio snd_hda_codec_hdmi x86_pkg_temp_thermal intel_powerclamp snd_hda_intel snd_intel_dspcfg iwlwifi efi_pstore btusb snd_hda_codec btrtl btbcm efivars snd_hwdep btintel snd_hda_core iTCO_wdt iTCO_vendor_support mei_me mei loop coretemp hid_logitech_hidpp hid_logitech_dj hid_lenovo amdgpu gpu_sched i40e ixgbe ast drm_vram_helper drm_ttm_helper ttm mdio xhci_pci xhci_hcd
[  157.370249] CR2: 0000000000000020

There's a lot more of these later, some interspersed (possibly related
to grabbing the output via serial->bmc->network->ipmitool). I've
attached the whole dmesg and .config.

What would be helpful for debugging? Should I try the v5 branch instead?

I'll try setting up a VM + passing through NVME to be able to test this
without fear... In one instance I did see some minor corruption on
another device & fs (ext4 on dm-crypt on nvme). It's all backed up,
but...

Greetings,

Andres Freund

--phl2npw7hpcjbj6l
Content-Type: text/plain; charset=us-ascii
Content-Disposition: attachment; filename=dmesg

[    0.000000] Linux version 5.7.0-rc7-andres-00133-gc8707bf69395 (andres@awork3) (gcc version 9.3.0 (Debian 9.3.0-13), GNU ld (GNU Binutils for Debian) 2.34) #41 SMP Wed Jun 3 16:12:42 PDT 2020
[    0.000000] Command line: BOOT_IMAGE=/vmlinuz-5.7.0-rc7-andres-00133-gc8707bf69395 root=/dev/mapper/awork3--vg-root ro apparmor=0 console=ttyS1,115200 console=tty0 systemd.unified_cgroup_hierarchy intel_iommu=on nvme.poll_queues=2 nvme.write_queues=2 quiet
[    0.000000] x86/fpu: Supporting XSAVE feature 0x001: 'x87 floating point registers'
[    0.000000] x86/fpu: Supporting XSAVE feature 0x002: 'SSE registers'
[    0.000000] x86/fpu: Supporting XSAVE feature 0x004: 'AVX registers'
[    0.000000] x86/fpu: Supporting XSAVE feature 0x008: 'MPX bounds registers'
[    0.000000] x86/fpu: Supporting XSAVE feature 0x010: 'MPX CSR'
[    0.000000] x86/fpu: Supporting XSAVE feature 0x020: 'AVX-512 opmask'
[    0.000000] x86/fpu: Supporting XSAVE feature 0x040: 'AVX-512 Hi256'
[    0.000000] x86/fpu: Supporting XSAVE feature 0x080: 'AVX-512 ZMM_Hi256'
[    0.000000] x86/fpu: Supporting XSAVE feature 0x200: 'Protection Keys User registers'
[    0.000000] x86/fpu: xstate_offset[2]:  576, xstate_sizes[2]:  256
[    0.000000] x86/fpu: xstate_offset[3]:  832, xstate_sizes[3]:   64
[    0.000000] x86/fpu: xstate_offset[4]:  896, xstate_sizes[4]:   64
[    0.000000] x86/fpu: xstate_offset[5]:  960, xstate_sizes[5]:   64
[    0.000000] x86/fpu: xstate_offset[6]: 1024, xstate_sizes[6]:  512
[    0.000000] x86/fpu: xstate_offset[7]: 1536, xstate_sizes[7]: 1024
[    0.000000] x86/fpu: xstate_offset[9]: 2560, xstate_sizes[9]:    8
[    0.000000] x86/fpu: Enabled xstate features 0x2ff, context size is 2568 bytes, using 'compacted' format.
[    0.000000] BIOS-provided physical RAM map:
[    0.000000] BIOS-e820: [mem 0x0000000000000000-0x000000000003dfff] usable
[    0.000000] BIOS-e820: [mem 0x000000000003e000-0x000000000003ffff] reserved
[    0.000000] BIOS-e820: [mem 0x0000000000040000-0x000000000009ffff] usable
[    0.000000] BIOS-e820: [mem 0x00000000000a0000-0x00000000000fffff] reserved
[    0.000000] BIOS-e820: [mem 0x0000000000100000-0x0000000069eb5fff] usable
[    0.000000] BIOS-e820: [mem 0x0000000069eb6000-0x000000006bfb5fff] reserved
[    0.000000] BIOS-e820: [mem 0x000000006bfb6000-0x000000006c4edfff] usable
[    0.000000] BIOS-e820: [mem 0x000000006c4ee000-0x000000006d32ffff] ACPI NVS
[    0.000000] BIOS-e820: [mem 0x000000006d330000-0x000000006f966fff] reserved
[    0.000000] BIOS-e820: [mem 0x000000006f967000-0x000000006fb33fff] type 20
[    0.000000] BIOS-e820: [mem 0x000000006fb34000-0x000000006fffffff] usable
[    0.000000] BIOS-e820: [mem 0x0000000070000000-0x000000008fffffff] reserved
[    0.000000] BIOS-e820: [mem 0x00000000fd000000-0x00000000fe7fffff] reserved
[    0.000000] BIOS-e820: [mem 0x00000000fed20000-0x00000000fed44fff] reserved
[    0.000000] BIOS-e820: [mem 0x00000000ff000000-0x00000000ffffffff] reserved
[    0.000000] BIOS-e820: [mem 0x0000000100000000-0x000000303fffffff] usable
[    0.000000] NX (Execute Disable) protection: active
[    0.000000] efi: EFI v2.70 by American Megatrends
[    0.000000] efi:  ACPI 2.0=0x6c4ee000  ACPI=0x6c4ee000  SMBIOS=0x6f5d6000  SMBIOS 3.0=0x6f5d5000  MEMATTR=0x67805018  ESRT=0x64261c98
[    0.000000] SMBIOS 3.2.1 present.
[    0.000000] DMI: Supermicro SYS-7049A-T/X11DAi-N, BIOS 3.2 11/13/2019
[    0.000000] tsc: Detected 2500.000 MHz processor
[    0.000411] e820: update [mem 0x00000000-0x00000fff] usable ==> reserved
[    0.000412] e820: remove [mem 0x000a0000-0x000fffff] usable
[    0.000418] last_pfn = 0x3040000 max_arch_pfn = 0x400000000
[    0.000420] MTRR default type: uncachable
[    0.000421] MTRR fixed ranges enabled:
[    0.000422]   00000-9FFFF write-back
[    0.000423]   A0000-FFFFF uncachable
[    0.000424] MTRR variable ranges enabled:
[    0.000425]   0 base 000000000000 mask 3FE000000000 write-back
[    0.000426]   1 base 002000000000 mask 3FF000000000 write-back
[    0.000427]   2 base 003000000000 mask 3FFFC0000000 write-back
[    0.000428]   3 base 000080000000 mask 3FFF80000000 uncachable
[    0.000429]   4 base 000070000000 mask 3FFFFC000000 uncachable
[    0.000429]   5 disabled
[    0.000429]   6 disabled
[    0.000430]   7 disabled
[    0.000430]   8 disabled
[    0.000431]   9 disabled
[    0.000763] x86/PAT: Configuration [0-7]: WB  WC  UC- UC  WB  WP  UC- WT
[    0.000867] e820: update [mem 0x70000000-0x73ffffff] usable ==> reserved
[    0.000868] e820: update [mem 0x80000000-0xffffffff] usable ==> reserved
[    0.000870] x2apic: enabled by BIOS, switching to x2apic ops
[    0.000871] last_pfn = 0x70000 max_arch_pfn = 0x400000000
[    0.000877] esrt: Reserving ESRT space from 0x0000000064261c98 to 0x0000000064261cd0.
[    0.000881] e820: update [mem 0x64261000-0x64261fff] usable ==> reserved
[    0.000895] Using GB pages for direct mapping
[    0.000897] BRK [0x07201000, 0x07201fff] PGTABLE
[    0.000898] BRK [0x07202000, 0x07202fff] PGTABLE
[    0.000899] BRK [0x07203000, 0x07203fff] PGTABLE
[    0.001151] BRK [0x07204000, 0x07204fff] PGTABLE
[    0.001224] BRK [0x07205000, 0x07205fff] PGTABLE
[    0.001280] BRK [0x07206000, 0x07206fff] PGTABLE
[    0.001376] Secure boot could not be determined
[    0.001377] RAMDISK: [mem 0x0e5ab000-0x232ccfff]
[    0.001382] ACPI: Early table checksum verification disabled
[    0.001385] ACPI: RSDP 0x000000006C4EE000 000024 (v02 ALASKA)
[    0.001388] ACPI: XSDT 0x000000006C4EE0D0 000124 (v01 ALASKA A M I    01072009 AMI  00010013)
[    0.001393] ACPI: FACP 0x000000006C68AE70 000114 (v06 ALASKA A M I    01072009 INTL 20091013)
[    0.001397] ACPI: DSDT 0x000000006C4EE290 19CBDA (v02 ALASKA A M I    01072009 INTL 20091013)
[    0.001400] ACPI: FACS 0x000000006D2EC080 000040
[    0.001402] ACPI: FPDT 0x000000006C68AF88 000044 (v01 ALASKA A M I    01072009 AMI  00010013)
[    0.001404] ACPI: FIDT 0x000000006C68AFD0 00009C (v01 ALASKA A M I    01072009 AMI  00010013)
[    0.001406] ACPI: SPMI 0x000000006C68B070 000041 (v05 ALASKA A M I    00000000 AMI. 00000000)
[    0.001408] ACPI: SSDT 0x000000006C68B0B8 00046C (v02 INTEL  ADDRXLAT 00000001 INTL 20140828)
[    0.001411] ACPI: MCFG 0x000000006C68B528 00003C (v01 ALASKA A M I    01072009 MSFT 00000097)
[    0.001413] ACPI: HPET 0x000000006C68B568 000038 (v01 ALASKA A M I    00000001 INTL 20091013)
[    0.001415] ACPI: APIC 0x000000006C68B5A0 000C5E (v03 ALASKA A M I    00000000 INTL 20091013)
[    0.001417] ACPI: MIGT 0x000000006C68C200 000040 (v01 ALASKA A M I    00000000 INTL 20091013)
[    0.001419] ACPI: MSCT 0x000000006C68C240 000064 (v01 ALASKA A M I    00000001 INTL 20091013)
[    0.001422] ACPI: PCAT 0x000000006C68C2A8 000088 (v02 ALASKA A M I    00000002 INTL 20091013)
[    0.001424] ACPI: PCCT 0x000000006C68C330 00006E (v01 ALASKA A M I    00000002 INTL 20091013)
[    0.001426] ACPI: RASF 0x000000006C68C3A0 000030 (v01 ALASKA A M I    00000001 INTL 20091013)
[    0.001428] ACPI: SLIT 0x000000006C68C3D0 00012C (v01 ALASKA A M I    00000001 INTL 20091013)
[    0.001430] ACPI: SRAT 0x000000006C68C500 0016B0 (v03 ALASKA A M I    00000002 INTL 20091013)
[    0.001432] ACPI: SVOS 0x000000006C68DBB0 000032 (v01 ALASKA A M I    00000000 INTL 20091013)
[    0.001434] ACPI: WDDT 0x000000006C68DBE8 000040 (v01 ALASKA A M I    00000000 INTL 20091013)
[    0.001437] ACPI: OEM1 0x000000006C68DC28 015174 (v02 INTEL  CPU EIST 00003000 INTL 20140828)
[    0.001439] ACPI: OEM2 0x000000006C6A2DA0 017554 (v02 INTEL  CPU  HWP 00003000 INTL 20140828)
[    0.001441] ACPI: SSDT 0x000000006C6BA2F8 019D00 (v02 INTEL  SSDT  PM 00004000 INTL 20140828)
[    0.001444] ACPI: OEM3 0x000000006C6D3FF8 013344 (v02 INTEL  CPU  TST 00003000 INTL 20140828)
[    0.001446] ACPI: SSDT 0x000000006C6E7340 00065B (v02 ALASKA A M I    00000000 INTL 20091013)
[    0.001448] ACPI: VFCT 0x000000006C6E79A0 00DE84 (v01 ALASKA A M I    00000001 AMD  31504F47)
[    0.001451] ACPI: SPCR 0x000000006C6F5828 000050 (v02 A M I  APTIO V  01072009 AMI. 0005000E)
[    0.001453] ACPI: UEFI 0x000000006C6F5878 00005C (v01 INTEL  RstUefiV 00000000      00000000)
[    0.001455] ACPI: SSDT 0x000000006C6F58D8 001B4E (v02 INTEL  SpsNm    00000002 INTL 20140828)
[    0.001458] ACPI: DMAR 0x000000006C6F7428 0002D8 (v01 ALASKA A M I    00000001 INTL 20091013)
[    0.001460] ACPI: HEST 0x000000006C6F7700 0000A8 (v01 ALASKA A M I    00000001 INTL 00000001)
[    0.001462] ACPI: BERT 0x000000006C6F77A8 000030 (v01 ALASKA A M I    00000001 INTL 00000001)
[    0.001464] ACPI: ERST 0x000000006C6F77D8 000230 (v01 ALASKA A M I    00000001 INTL 00000001)
[    0.001466] ACPI: EINJ 0x000000006C6F7A08 000150 (v01 ALASKA A M I    00000001 INTL 00000001)
[    0.001469] ACPI: WSMT 0x000000006C6F7B58 000028 (v01 ALASKA A M I    01072009 AMI  00010013)
[    0.001474] ACPI: Local APIC address 0xfee00000
[    0.001475] Setting APIC routing to cluster x2apic.
[    0.001551] SRAT: PXM 0 -> APIC 0x0000 -> Node 0
[    0.001551] SRAT: PXM 0 -> APIC 0x0002 -> Node 0
[    0.001552] SRAT: PXM 0 -> APIC 0x0004 -> Node 0
[    0.001552] SRAT: PXM 0 -> APIC 0x0006 -> Node 0
[    0.001553] SRAT: PXM 0 -> APIC 0x0008 -> Node 0
[    0.001554] SRAT: PXM 0 -> APIC 0x0010 -> Node 0
[    0.001554] SRAT: PXM 0 -> APIC 0x0012 -> Node 0
[    0.001555] SRAT: PXM 0 -> APIC 0x0014 -> Node 0
[    0.001555] SRAT: PXM 0 -> APIC 0x0016 -> Node 0
[    0.001556] SRAT: PXM 0 -> APIC 0x0018 -> Node 0
[    0.001556] SRAT: PXM 1 -> APIC 0x0020 -> Node 1
[    0.001557] SRAT: PXM 1 -> APIC 0x0022 -> Node 1
[    0.001557] SRAT: PXM 1 -> APIC 0x0024 -> Node 1
[    0.001558] SRAT: PXM 1 -> APIC 0x0026 -> Node 1
[    0.001558] SRAT: PXM 1 -> APIC 0x0028 -> Node 1
[    0.001559] SRAT: PXM 1 -> APIC 0x0030 -> Node 1
[    0.001559] SRAT: PXM 1 -> APIC 0x0032 -> Node 1
[    0.001559] SRAT: PXM 1 -> APIC 0x0034 -> Node 1
[    0.001560] SRAT: PXM 1 -> APIC 0x0036 -> Node 1
[    0.001560] SRAT: PXM 1 -> APIC 0x0038 -> Node 1
[    0.001561] SRAT: PXM 0 -> APIC 0x0001 -> Node 0
[    0.001561] SRAT: PXM 0 -> APIC 0x0003 -> Node 0
[    0.001562] SRAT: PXM 0 -> APIC 0x0005 -> Node 0
[    0.001562] SRAT: PXM 0 -> APIC 0x0007 -> Node 0
[    0.001563] SRAT: PXM 0 -> APIC 0x0009 -> Node 0
[    0.001563] SRAT: PXM 0 -> APIC 0x0011 -> Node 0
[    0.001564] SRAT: PXM 0 -> APIC 0x0013 -> Node 0
[    0.001564] SRAT: PXM 0 -> APIC 0x0015 -> Node 0
[    0.001565] SRAT: PXM 0 -> APIC 0x0017 -> Node 0
[    0.001565] SRAT: PXM 0 -> APIC 0x0019 -> Node 0
[    0.001566] SRAT: PXM 1 -> APIC 0x0021 -> Node 1
[    0.001566] SRAT: PXM 1 -> APIC 0x0023 -> Node 1
[    0.001567] SRAT: PXM 1 -> APIC 0x0025 -> Node 1
[    0.001567] SRAT: PXM 1 -> APIC 0x0027 -> Node 1
[    0.001568] SRAT: PXM 1 -> APIC 0x0029 -> Node 1
[    0.001568] SRAT: PXM 1 -> APIC 0x0031 -> Node 1
[    0.001568] SRAT: PXM 1 -> APIC 0x0033 -> Node 1
[    0.001569] SRAT: PXM 1 -> APIC 0x0035 -> Node 1
[    0.001569] SRAT: PXM 1 -> APIC 0x0037 -> Node 1
[    0.001570] SRAT: PXM 1 -> APIC 0x0039 -> Node 1
[    0.001575] ACPI: SRAT: Node 0 PXM 0 [mem 0x00000000-0x7fffffff]
[    0.001575] ACPI: SRAT: Node 0 PXM 0 [mem 0x100000000-0x183fffffff]
[    0.001576] ACPI: SRAT: Node 1 PXM 1 [mem 0x1840000000-0x303fffffff]
[    0.001580] NUMA: Initialized distance table, cnt=2
[    0.001582] NUMA: Node 0 [mem 0x00000000-0x7fffffff] + [mem 0x100000000-0x183fffffff] -> [mem 0x00000000-0x183fffffff]
[    0.001585] NODE_DATA(0) allocated [mem 0x183fffc000-0x183fffffff]
[    0.001589] NODE_DATA(1) allocated [mem 0x303fff9000-0x303fffcfff]
[    0.001747] Zone ranges:
[    0.001747]   DMA      [mem 0x0000000000001000-0x0000000000ffffff]
[    0.001748]   DMA32    [mem 0x0000000001000000-0x00000000ffffffff]
[    0.001749]   Normal   [mem 0x0000000100000000-0x000000303fffffff]
[    0.001750] Movable zone start for each node
[    0.001751] Early memory node ranges
[    0.001752]   node   0: [mem 0x0000000000001000-0x000000000003dfff]
[    0.001752]   node   0: [mem 0x0000000000040000-0x000000000009ffff]
[    0.001753]   node   0: [mem 0x0000000000100000-0x0000000069eb5fff]
[    0.001754]   node   0: [mem 0x000000006bfb6000-0x000000006c4edfff]
[    0.001754]   node   0: [mem 0x000000006fb34000-0x000000006fffffff]
[    0.001755]   node   0: [mem 0x0000000100000000-0x000000183fffffff]
[    0.001762]   node   1: [mem 0x0000001840000000-0x000000303fffffff]
[    0.001995] Zeroed struct page in unavailable ranges: 22441 pages
[    0.001996] Initmem setup node 0 [mem 0x0000000000001000-0x000000183fffffff]
[    0.001998] On node 0 totalpages: 24815703
[    0.001999]   DMA zone: 64 pages used for memmap
[    0.001999]   DMA zone: 24 pages reserved
[    0.002000]   DMA zone: 3997 pages, LIFO batch:0
[    0.002067]   DMA32 zone: 6755 pages used for memmap
[    0.002068]   DMA32 zone: 432314 pages, LIFO batch:63
[    0.009716]   Normal zone: 380928 pages used for memmap
[    0.009718]   Normal zone: 24379392 pages, LIFO batch:63
[    0.394229] Initmem setup node 1 [mem 0x0000001840000000-0x000000303fffffff]
[    0.394231] On node 1 totalpages: 25165824
[    0.394232]   Normal zone: 393216 pages used for memmap
[    0.394232]   Normal zone: 25165824 pages, LIFO batch:63
[    0.823383] ACPI: PM-Timer IO Port: 0x508
[    0.823385] ACPI: Local APIC address 0xfee00000
[    0.823401] ACPI: X2APIC_NMI (uid[0xffffffff] high level lint[0x1])
[    0.823403] ACPI: LAPIC_NMI (acpi_id[0xff] dfl edge lint[0x1])
[    0.823422] IOAPIC[0]: apic_id 8, version 32, address 0xfec00000, GSI 0-23
[    0.823426] IOAPIC[1]: apic_id 9, version 32, address 0xfec01000, GSI 24-31
[    0.823430] IOAPIC[2]: apic_id 10, version 32, address 0xfec08000, GSI 32-39
[    0.823433] IOAPIC[3]: apic_id 11, version 32, address 0xfec10000, GSI 40-47
[    0.823437] IOAPIC[4]: apic_id 12, version 32, address 0xfec18000, GSI 48-55
[    0.823441] IOAPIC[5]: apic_id 15, version 32, address 0xfec20000, GSI 72-79
[    0.823445] IOAPIC[6]: apic_id 16, version 32, address 0xfec28000, GSI 80-87
[    0.823449] IOAPIC[7]: apic_id 17, version 32, address 0xfec30000, GSI 88-95
[    0.823453] IOAPIC[8]: apic_id 18, version 32, address 0xfec38000, GSI 96-103
[    0.823457] ACPI: INT_SRC_OVR (bus 0 bus_irq 0 global_irq 2 dfl dfl)
[    0.823458] ACPI: INT_SRC_OVR (bus 0 bus_irq 9 global_irq 9 high level)
[    0.823460] ACPI: IRQ0 used by override.
[    0.823461] ACPI: IRQ9 used by override.
[    0.823464] Using ACPI (MADT) for SMP configuration information
[    0.823466] ACPI: HPET id: 0x8086a701 base: 0xfed00000
[    0.823469] ACPI: SPCR: console: uart,io,0x2f8,115200
[    0.823471] smpboot: Allowing 40 CPUs, 0 hotplug CPUs
[    0.823491] PM: hibernation: Registered nosave memory: [mem 0x00000000-0x00000fff]
[    0.823493] PM: hibernation: Registered nosave memory: [mem 0x0003e000-0x0003ffff]
[    0.823494] PM: hibernation: Registered nosave memory: [mem 0x000a0000-0x000fffff]
[    0.823496] PM: hibernation: Registered nosave memory: [mem 0x64261000-0x64261fff]
[    0.823498] PM: hibernation: Registered nosave memory: [mem 0x69eb6000-0x6bfb5fff]
[    0.823499] PM: hibernation: Registered nosave memory: [mem 0x6c4ee000-0x6d32ffff]
[    0.823500] PM: hibernation: Registered nosave memory: [mem 0x6d330000-0x6f966fff]
[    0.823500] PM: hibernation: Registered nosave memory: [mem 0x6f967000-0x6fb33fff]
[    0.823501] PM: hibernation: Registered nosave memory: [mem 0x70000000-0x8fffffff]
[    0.823502] PM: hibernation: Registered nosave memory: [mem 0x90000000-0xfcffffff]
[    0.823502] PM: hibernation: Registered nosave memory: [mem 0xfd000000-0xfe7fffff]
[    0.823503] PM: hibernation: Registered nosave memory: [mem 0xfe800000-0xfed1ffff]
[    0.823503] PM: hibernation: Registered nosave memory: [mem 0xfed20000-0xfed44fff]
[    0.823504] PM: hibernation: Registered nosave memory: [mem 0xfed45000-0xfeffffff]
[    0.823504] PM: hibernation: Registered nosave memory: [mem 0xff000000-0xffffffff]
[    0.823506] [mem 0x90000000-0xfcffffff] available for PCI devices
[    0.823509] clocksource: refined-jiffies: mask: 0xffffffff max_cycles: 0xffffffff, max_idle_ns: 6370452778343963 ns
[    0.831225] setup_percpu: NR_CPUS:512 nr_cpumask_bits:512 nr_cpu_ids:40 nr_node_ids:2
[    0.834245] percpu: Embedded 54 pages/cpu s182232 r8192 d30760 u262144
[    0.834254] pcpu-alloc: s182232 r8192 d30760 u262144 alloc=1*2097152
[    0.834255] pcpu-alloc: [0] 00 01 02 03 04 05 06 07 [0] 08 09 20 21 22 23 24 25
[    0.834259] pcpu-alloc: [0] 26 27 28 29 -- -- -- -- [1] 10 11 12 13 14 15 16 17
[    0.834262] pcpu-alloc: [1] 18 19 30 31 32 33 34 35 [1] 36 37 38 39 -- -- -- --
[    0.834290] Built 2 zonelists, mobility grouping on.  Total pages: 49200540
[    0.834290] Policy zone: Normal
[    0.834292] Kernel command line: BOOT_IMAGE=/vmlinuz-5.7.0-rc7-andres-00133-gc8707bf69395 root=/dev/mapper/awork3--vg-root ro apparmor=0 console=ttyS1,115200 console=tty0 systemd.unified_cgroup_hierarchy intel_iommu=on nvme.poll_queues=2 nvme.write_queues=2 quiet
[    0.834447] DMAR: IOMMU enabled
[    0.834488] printk: log_buf_len individual max cpu contribution: 4096 bytes
[    0.834489] printk: log_buf_len total cpu_extra contributions: 159744 bytes
[    0.834489] printk: log_buf_len min size: 131072 bytes
[    0.834637] printk: log_buf_len: 524288 bytes
[    0.834638] printk: early log buf free: 113584(86%)
[    0.834993] mem auto-init: stack:off, heap alloc:off, heap free:off
[    1.273144] Memory: 196262256K/199926108K available (20486K kernel code, 2439K rwdata, 15292K rodata, 1784K init, 2144K bss, 3663852K reserved, 0K cma-reserved)
[    1.273702] SLUB: HWalign=64, Order=0-3, MinObjects=0, CPUs=40, Nodes=2
[    1.273727] ftrace: allocating 57952 entries in 227 pages
[    1.296364] ftrace: allocated 227 pages with 5 groups
[    1.296644] rcu: Hierarchical RCU implementation.
[    1.296645] rcu: 	RCU restricting CPUs from NR_CPUS=512 to nr_cpu_ids=40.
[    1.296646] rcu: RCU calculated value of scheduler-enlistment delay is 30 jiffies.
[    1.296646] rcu: Adjusting geometry for rcu_fanout_leaf=16, nr_cpu_ids=40
[    1.300110] NR_IRQS: 33024, nr_irqs: 2104, preallocated irqs: 16
[    1.300438] random: get_random_bytes called from start_kernel+0x5c7/0x790 with crng_init=0
[    1.300525] Console: colour dummy device 80x25
[    1.300533] printk: console [tty0] enabled
[    1.300558] printk: console [ttyS1] enabled
[    1.300635] mempolicy: Enabling automatic NUMA balancing. Configure with numa_balancing= or the kernel.numa_balancing sysctl
[    1.300638] ACPI: Core revision 20200326
[    1.302496] clocksource: hpet: mask: 0xffffffff max_cycles: 0xffffffff, max_idle_ns: 79635855245 ns
[    1.302538] APIC: Switch to symmetric I/O mode setup
[    1.302540] DMAR: Host address width 46
[    1.302541] DMAR: DRHD base: 0x000000d37fc000 flags: 0x0
[    1.302546] DMAR: dmar0: reg_base_addr d37fc000 ver 1:0 cap 8d2078c106f0466 ecap f020df
[    1.302547] DMAR: DRHD base: 0x000000e0ffc000 flags: 0x0
[    1.302551] DMAR: dmar1: reg_base_addr e0ffc000 ver 1:0 cap 8d2078c106f0466 ecap f020df
[    1.302552] DMAR: DRHD base: 0x000000ee7fc000 flags: 0x0
[    1.302556] DMAR: dmar2: reg_base_addr ee7fc000 ver 1:0 cap 8d2078c106f0466 ecap f020df
[    1.302557] DMAR: DRHD base: 0x000000fbffc000 flags: 0x0
[    1.302560] DMAR: dmar3: reg_base_addr fbffc000 ver 1:0 cap 8d2078c106f0466 ecap f020df
[    1.302560] DMAR: DRHD base: 0x000000aaffc000 flags: 0x0
[    1.302565] DMAR: dmar4: reg_base_addr aaffc000 ver 1:0 cap 8d2078c106f0466 ecap f020df
[    1.302566] DMAR: DRHD base: 0x000000b87fc000 flags: 0x0
[    1.302569] DMAR: dmar5: reg_base_addr b87fc000 ver 1:0 cap 8d2078c106f0466 ecap f020df
[    1.302569] DMAR: DRHD base: 0x000000c5ffc000 flags: 0x0
[    1.302572] DMAR: dmar6: reg_base_addr c5ffc000 ver 1:0 cap 8d2078c106f0466 ecap f020df
[    1.302573] DMAR: DRHD base: 0x0000009d7fc000 flags: 0x1
[    1.302576] DMAR: dmar7: reg_base_addr 9d7fc000 ver 1:0 cap 8d2078c106f0466 ecap f020df
[    1.302577] DMAR: RMRR base: 0x0000006f60e000 end: 0x0000006f61efff
[    1.302578] DMAR: ATSR flags: 0x0
[    1.302579] DMAR: ATSR flags: 0x0
[    1.302580] DMAR: RHSA base: 0x0000009d7fc000 proximity domain: 0x0
[    1.302580] DMAR: RHSA base: 0x000000aaffc000 proximity domain: 0x0
[    1.302581] DMAR: RHSA base: 0x000000b87fc000 proximity domain: 0x0
[    1.302581] DMAR: RHSA base: 0x000000c5ffc000 proximity domain: 0x0
[    1.302582] DMAR: RHSA base: 0x000000d37fc000 proximity domain: 0x1
[    1.302582] DMAR: RHSA base: 0x000000e0ffc000 proximity domain: 0x1
[    1.302582] DMAR: RHSA base: 0x000000ee7fc000 proximity domain: 0x1
[    1.302583] DMAR: RHSA base: 0x000000fbffc000 proximity domain: 0x1
[    1.302584] DMAR-IR: IOAPIC id 12 under DRHD base  0xc5ffc000 IOMMU 6
[    1.302585] DMAR-IR: IOAPIC id 11 under DRHD base  0xb87fc000 IOMMU 5
[    1.302586] DMAR-IR: IOAPIC id 10 under DRHD base  0xaaffc000 IOMMU 4
[    1.302587] DMAR-IR: IOAPIC id 18 under DRHD base  0xfbffc000 IOMMU 3
[    1.302588] DMAR-IR: IOAPIC id 17 under DRHD base  0xee7fc000 IOMMU 2
[    1.302588] DMAR-IR: IOAPIC id 16 under DRHD base  0xe0ffc000 IOMMU 1
[    1.302589] DMAR-IR: IOAPIC id 15 under DRHD base  0xd37fc000 IOMMU 0
[    1.302590] DMAR-IR: IOAPIC id 8 under DRHD base  0x9d7fc000 IOMMU 7
[    1.302591] DMAR-IR: IOAPIC id 9 under DRHD base  0x9d7fc000 IOMMU 7
[    1.302592] DMAR-IR: HPET id 0 under DRHD base 0x9d7fc000
[    1.302593] DMAR-IR: Queued invalidation will be enabled to support x2apic and Intr-remapping.
[    1.304733] DMAR-IR: Enabled IRQ remapping in x2apic mode
[    1.305807] ..TIMER: vector=0x30 apic1=0 pin1=2 apic2=-1 pin2=-1
[    1.319191] clocksource: tsc-early: mask: 0xffffffffffffffff max_cycles: 0x240939f1bb2, max_idle_ns: 440795263295 ns
[    1.319195] Calibrating delay loop (skipped), value calculated using timer frequency.. 5002.33 BogoMIPS (lpj=8333333)
[    1.319197] pid_max: default: 40960 minimum: 320
[    1.322213] LSM: Security Framework initializing
[    1.343100] Dentry cache hash table entries: 16777216 (order: 15, 134217728 bytes, vmalloc)
[    1.353423] Inode-cache hash table entries: 8388608 (order: 14, 67108864 bytes, vmalloc)
[    1.353768] Mount-cache hash table entries: 262144 (order: 9, 2097152 bytes, vmalloc)
[    1.354078] Mountpoint-cache hash table entries: 262144 (order: 9, 2097152 bytes, vmalloc)
[    1.354539] mce: CPU0: Thermal monitoring enabled (TM1)
[    1.354621] process: using mwait in idle threads
[    1.354624] Last level iTLB entries: 4KB 64, 2MB 8, 4MB 8
[    1.354624] Last level dTLB entries: 4KB 64, 2MB 0, 4MB 0, 1GB 4
[    1.354628] Spectre V1 : Mitigation: usercopy/swapgs barriers and __user pointer sanitization
[    1.354630] Spectre V2 : Mitigation: Enhanced IBRS
[    1.354631] Spectre V2 : Spectre v2 / SpectreRSB mitigation: Filling RSB on context switch
[    1.354632] Spectre V2 : mitigation: Enabling conditional Indirect Branch Prediction Barrier
[    1.354634] Speculative Store Bypass: Mitigation: Speculative Store Bypass disabled via prctl and seccomp
[    1.354634] TAA: Mitigation: TSX disabled
[    1.354926] Freeing SMP alternatives memory: 52K
[    1.355581] smpboot: CPU0: Intel(R) Xeon(R) Gold 5215 CPU @ 2.50GHz (family: 0x6, model: 0x55, stepping: 0x7)
[    1.355735] Performance Events: PEBS fmt3+, Skylake events, 32-deep LBR, full-width counters, Intel PMU driver.
[    1.355741] ... version:                4
[    1.355741] ... bit width:              48
[    1.355742] ... generic registers:      4
[    1.355743] ... value mask:             0000ffffffffffff
[    1.355743] ... max period:             00007fffffffffff
[    1.355744] ... fixed-purpose events:   3
[    1.355744] ... event mask:             000000070000000f
[    1.355813] rcu: Hierarchical SRCU implementation.
[    1.355859] smp: Bringing up secondary CPUs ...
[    1.355859] x86: Booting SMP configuration:
[    1.355859] .... node  #0, CPUs:        #1  #2  #3  #4  #5  #6  #7  #8  #9
[    1.371062] .... node  #1, CPUs:   #10
[    0.002134] smpboot: CPU 10 Converting physical 0 to logical die 1
[    1.459306]  #11 #12 #13 #14 #15 #16 #17 #18 #19
[    1.475963] .... node  #0, CPUs:   #20 #21 #22 #23 #24 #25 #26 #27 #28 #29
[    1.494384] .... node  #1, CPUs:   #30 #31 #32 #33 #34 #35 #36 #37 #38 #39
[    1.514332] smp: Brought up 2 nodes, 40 CPUs
[    1.514332] smpboot: Max logical packages: 2
[    1.514332] smpboot: Total of 40 processors activated (200120.81 BogoMIPS)
[    1.521784] devtmpfs: initialized
[    1.521784] PM: Registering ACPI NVS region [mem 0x6c4ee000-0x6d32ffff] (14950400 bytes)
[    1.522634] clocksource: jiffies: mask: 0xffffffff max_cycles: 0xffffffff, max_idle_ns: 6370867519511994 ns
[    1.522666] futex hash table entries: 16384 (order: 8, 1048576 bytes, vmalloc)
[    1.522989] xor: automatically using best checksumming function   avx
[    1.523030] pinctrl core: initialized pinctrl subsystem

[    1.523118] *************************************************************
[    1.523118] **     NOTICE NOTICE NOTICE NOTICE NOTICE NOTICE NOTICE    **
[    1.523119] **                                                         **
[    1.523119] **  IOMMU DebugFS SUPPORT HAS BEEN ENABLED IN THIS KERNEL  **
[    1.523120] **                                                         **
[    1.523120] ** This means that this kernel is built to expose internal **
[    1.523120] ** IOMMU data structures, which may compromise security on **
[    1.523121] ** your system.                                            **
[    1.523121] **                                                         **
[    1.523122] ** If you see this message and you are not debugging the   **
[    1.523122] ** kernel, report this immediately to your vendor!         **
[    1.523122] **                                                         **
[    1.523123] **     NOTICE NOTICE NOTICE NOTICE NOTICE NOTICE NOTICE    **
[    1.523123] *************************************************************
[    1.523170] PM: RTC time: 00:16:21, date: 2020-06-04
[    1.523171] thermal_sys: Registered thermal governor 'fair_share'
[    1.523172] thermal_sys: Registered thermal governor 'bang_bang'
[    1.523172] thermal_sys: Registered thermal governor 'step_wise'
[    1.523173] thermal_sys: Registered thermal governor 'user_space'
[    1.523174] thermal_sys: Registered thermal governor 'power_allocator'
[    1.523427] NET: Registered protocol family 16
[    1.523597] audit: initializing netlink subsys (disabled)
[    1.523601] audit: type=2000 audit(1591229781.223:1): state=initialized audit_enabled=0 res=1
[    1.523601] cpuidle: using governor ladder
[    1.523601] cpuidle: using governor menu
[    1.523601] Detected 1 PCC Subspaces
[    1.523601] Registering PCC driver as Mailbox controller
[    1.523601] ACPI FADT declares the system doesn't support PCIe ASPM, so disable it
[    1.523601] ACPI: bus type PCI registered
[    1.523601] acpiphp: ACPI Hot Plug PCI Controller Driver version: 0.5
[    1.523601] dca service started, version 1.12.1
[    1.523601] PCI: MMCONFIG for domain 0000 [bus 00-ff] at [mem 0x80000000-0x8fffffff] (base 0x80000000)
[    1.523601] PCI: MMCONFIG at [mem 0x80000000-0x8fffffff] reserved in E820
[    1.523601] pmd_set_huge: Cannot satisfy [mem 0x80000000-0x80200000] with a huge-page mapping due to MTRR override.
[    1.523601] PCI: Using configuration type 1 for base access
[    1.526033] ENERGY_PERF_BIAS: Set to 'normal', was 'performance'
[    1.529711] HugeTLB registered 2.00 MiB page size, pre-allocated 0 pages
[    1.529711] cryptd: max_cpu_qlen set to 1000
[    1.535986] raid6: skip pq benchmark and using algorithm avx512x4
[    1.535986] raid6: using avx512x2 recovery algorithm
[    1.536093] ACPI: Added _OSI(Module Device)
[    1.536094] ACPI: Added _OSI(Processor Device)
[    1.536095] ACPI: Added _OSI(3.0 _SCP Extensions)
[    1.536095] ACPI: Added _OSI(Processor Aggregator Device)
[    1.536096] ACPI: Added _OSI(Linux-Dell-Video)
[    1.536097] ACPI: Added _OSI(Linux-Lenovo-NV-HDMI-Audio)
[    1.536099] ACPI: Added _OSI(Linux-HPI-Hybrid-Graphics)
[    1.584999] ACPI: 5 ACPI AML tables successfully acquired and loaded
[    1.588752] ACPI: [Firmware Bug]: BIOS _OSI(Linux) query ignored
[    1.611204] ACPI: Interpreter enabled
[    1.611223] ACPI: (supports S0 S3 S4 S5)
[    1.611224] ACPI: Using IOAPIC for interrupt routing
[    1.612559] HEST: Table parsing has been initialized.
[    1.612559] PCI: Using host bridge windows from ACPI; if necessary, use "pci=nocrs" and report a bug
[    1.615864] ACPI: Enabled 6 GPEs in block 00 to 7F
[    1.642527] APIC: NR_CPUS/possible_cpus limit of 40 reached. Processor 40/0x7f00 ignored.
[    1.642527] ACPI: Unable to map lapic to logical cpu number
[    1.642540] APIC: NR_CPUS/possible_cpus limit of 40 reached. Processor 41/0x7f02 ignored.
[    1.642540] ACPI: Unable to map lapic to logical cpu number
[    1.642540] APIC: NR_CPUS/possible_cpus limit of 40 reached. Processor 42/0x7f04 ignored.
[    1.642540] ACPI: Unable to map lapic to logical cpu number
[    1.642540] APIC: NR_CPUS/possible_cpus limit of 40 reached. Processor 43/0x7f06 ignored.
[    1.642540] ACPI: Unable to map lapic to logical cpu number
[    1.642624] APIC: NR_CPUS/possible_cpus limit of 40 reached. Processor 44/0x7f08 ignored.
[    1.642625] ACPI: Unable to map lapic to logical cpu number
[    1.642859] APIC: NR_CPUS/possible_cpus limit of 40 reached. Processor 45/0x7f10 ignored.
[    1.642860] ACPI: Unable to map lapic to logical cpu number
[    1.643092] APIC: NR_CPUS/possible_cpus limit of 40 reached. Processor 46/0x7f12 ignored.
[    1.643092] ACPI: Unable to map lapic to logical cpu number
[    1.643326] APIC: NR_CPUS/possible_cpus limit of 40 reached. Processor 47/0x7f14 ignored.
[    1.643327] ACPI: Unable to map lapic to logical cpu number
[    1.643559] APIC: NR_CPUS/possible_cpus limit of 40 reached. Processor 48/0x7f16 ignored.
[    1.643559] ACPI: Unable to map lapic to logical cpu number
[    1.643792] APIC: NR_CPUS/possible_cpus limit of 40 reached. Processor 49/0x7f18 ignored.
[    1.643793] ACPI: Unable to map lapic to logical cpu number
[    1.644024] APIC: NR_CPUS/possible_cpus limit of 40 reached. Processor 50/0x7f01 ignored.
[    1.644025] ACPI: Unable to map lapic to logical cpu number
[    1.644258] APIC: NR_CPUS/possible_cpus limit of 40 reached. Processor 51/0x7f03 ignored.
[    1.644259] ACPI: Unable to map lapic to logical cpu number
[    1.644493] APIC: NR_CPUS/possible_cpus limit of 40 reached. Processor 52/0x7f05 ignored.
[    1.644493] ACPI: Unable to map lapic to logical cpu number
[    1.644724] APIC: NR_CPUS/possible_cpus limit of 40 reached. Processor 53/0x7f07 ignored.
[    1.644725] ACPI: Unable to map lapic to logical cpu number
[    1.645861] APIC: NR_CPUS/possible_cpus limit of 40 reached. Processor 54/0x7f09 ignored.
[    1.645861] ACPI: Unable to map lapic to logical cpu number
[    1.645870] APIC: NR_CPUS/possible_cpus limit of 40 reached. Processor 55/0x7f11 ignored.
[    1.645870] ACPI: Unable to map lapic to logical cpu number
[    1.645871] APIC: NR_CPUS/possible_cpus limit of 40 reached. Processor 56/0x7f13 ignored.
[    1.645871] ACPI: Unable to map lapic to logical cpu number
[    1.645871] APIC: NR_CPUS/possible_cpus limit of 40 reached. Processor 57/0x7f15 ignored.
[    1.645871] ACPI: Unable to map lapic to logical cpu number
[    1.645899] APIC: NR_CPUS/possible_cpus limit of 40 reached. Processor 58/0x7f17 ignored.
[    1.645899] ACPI: Unable to map lapic to logical cpu number
[    1.646133] APIC: NR_CPUS/possible_cpus limit of 40 reached. Processor 59/0x7f19 ignored.
[    1.646133] ACPI: Unable to map lapic to logical cpu number
[    1.647047] APIC: NR_CPUS/possible_cpus limit of 40 reached. Processor 60/0x7f20 ignored.
[    1.647048] ACPI: Unable to map lapic to logical cpu number
[    1.647280] APIC: NR_CPUS/possible_cpus limit of 40 reached. Processor 61/0x7f22 ignored.
[    1.647280] ACPI: Unable to map lapic to logical cpu number
[    1.647514] APIC: NR_CPUS/possible_cpus limit of 40 reached. Processor 62/0x7f24 ignored.
[    1.647514] ACPI: Unable to map lapic to logical cpu number
[    1.647747] APIC: NR_CPUS/possible_cpus limit of 40 reached. Processor 63/0x7f26 ignored.
[    1.647747] ACPI: Unable to map lapic to logical cpu number
[    1.647981] APIC: NR_CPUS/possible_cpus limit of 40 reached. Processor 64/0x7f28 ignored.
[    1.647981] ACPI: Unable to map lapic to logical cpu number
[    1.649193] APIC: NR_CPUS/possible_cpus limit of 40 reached. Processor 65/0x7f30 ignored.
[    1.649193] ACPI: Unable to map lapic to logical cpu number
[    1.649204] APIC: NR_CPUS/possible_cpus limit of 40 reached. Processor 66/0x7f32 ignored.
[    1.649204] ACPI: Unable to map lapic to logical cpu number
[    1.649204] APIC: NR_CPUS/possible_cpus limit of 40 reached. Processor 67/0x7f34 ignored.
[    1.649204] ACPI: Unable to map lapic to logical cpu number
[    1.649204] APIC: NR_CPUS/possible_cpus limit of 40 reached. Processor 68/0x7f36 ignored.
[    1.649204] ACPI: Unable to map lapic to logical cpu number
[    1.649204] APIC: NR_CPUS/possible_cpus limit of 40 reached. Processor 69/0x7f38 ignored.
[    1.649204] ACPI: Unable to map lapic to logical cpu number
[    1.649385] APIC: NR_CPUS/possible_cpus limit of 40 reached. Processor 70/0x7f21 ignored.
[    1.649385] ACPI: Unable to map lapic to logical cpu number
[    1.649618] APIC: NR_CPUS/possible_cpus limit of 40 reached. Processor 71/0x7f23 ignored.
[    1.649618] ACPI: Unable to map lapic to logical cpu number
[    1.649850] APIC: NR_CPUS/possible_cpus limit of 40 reached. Processor 72/0x7f25 ignored.
[    1.649850] ACPI: Unable to map lapic to logical cpu number
[    1.650082] APIC: NR_CPUS/possible_cpus limit of 40 reached. Processor 73/0x7f27 ignored.
[    1.650082] ACPI: Unable to map lapic to logical cpu number
[    1.650314] APIC: NR_CPUS/possible_cpus limit of 40 reached. Processor 74/0x7f29 ignored.
[    1.650315] ACPI: Unable to map lapic to logical cpu number
[    1.650547] APIC: NR_CPUS/possible_cpus limit of 40 reached. Processor 75/0x7f31 ignored.
[    1.650547] ACPI: Unable to map lapic to logical cpu number
[    1.650779] APIC: NR_CPUS/possible_cpus limit of 40 reached. Processor 76/0x7f33 ignored.
[    1.650780] ACPI: Unable to map lapic to logical cpu number
[    1.651011] APIC: NR_CPUS/possible_cpus limit of 40 reached. Processor 77/0x7f35 ignored.
[    1.651011] ACPI: Unable to map lapic to logical cpu number
[    1.651244] APIC: NR_CPUS/possible_cpus limit of 40 reached. Processor 78/0x7f37 ignored.
[    1.651244] ACPI: Unable to map lapic to logical cpu number
[    1.651475] APIC: NR_CPUS/possible_cpus limit of 40 reached. Processor 79/0x7f39 ignored.
[    1.651475] ACPI: Unable to map lapic to logical cpu number
[    1.652539] ACPI: PCI Root Bridge [PC00] (domain 0000 [bus 00-16])
[    1.652539] acpi PNP0A08:00: _OSC: OS supports [ExtendedConfig ASPM ClockPM Segments MSI HPX-Type3]
[    1.652539] acpi PNP0A08:00: _OSC: platform does not support [SHPCHotplug AER LTR]
[    1.652588] acpi PNP0A08:00: _OSC: OS now controls [PCIeHotplug PME PCIeCapability]
[    1.652589] acpi PNP0A08:00: FADT indicates ASPM is unsupported, using BIOS configuration
[    1.653026] PCI host bridge to bus 0000:00
[    1.653027] pci_bus 0000:00: root bus resource [io  0x0000-0x03af window]
[    1.653029] pci_bus 0000:00: root bus resource [io  0x03e0-0x0cf7 window]
[    1.653030] pci_bus 0000:00: root bus resource [io  0x03b0-0x03bb window]
[    1.653031] pci_bus 0000:00: root bus resource [io  0x03c0-0x03df window]
[    1.653032] pci_bus 0000:00: root bus resource [io  0x1000-0x3fff window]
[    1.653033] pci_bus 0000:00: root bus resource [mem 0x000a0000-0x000bffff window]
[    1.653034] pci_bus 0000:00: root bus resource [mem 0x000c4000-0x000c7fff window]
[    1.653035] pci_bus 0000:00: root bus resource [mem 0xfe010000-0xfe010fff window]
[    1.653036] pci_bus 0000:00: root bus resource [mem 0x90000000-0x9d7fffff window]
[    1.653037] pci_bus 0000:00: root bus resource [mem 0x380000000000-0x383fffffffff window]
[    1.653038] pci_bus 0000:00: root bus resource [bus 00-16]
[    1.653047] pci 0000:00:00.0: [8086:2020] type 00 class 0x060000
[    1.653228] pci 0000:00:04.0: [8086:2021] type 00 class 0x088000
[    1.653239] pci 0000:00:04.0: reg 0x10: [mem 0x383ffff40000-0x383ffff43fff 64bit]
[    1.653372] pci 0000:00:04.1: [8086:2021] type 00 class 0x088000
[    1.653381] pci 0000:00:04.1: reg 0x10: [mem 0x383ffff3c000-0x383ffff3ffff 64bit]
[    1.653513] pci 0000:00:04.2: [8086:2021] type 00 class 0x088000
[    1.653522] pci 0000:00:04.2: reg 0x10: [mem 0x383ffff38000-0x383ffff3bfff 64bit]
[    1.653653] pci 0000:00:04.3: [8086:2021] type 00 class 0x088000
[    1.653662] pci 0000:00:04.3: reg 0x10: [mem 0x383ffff34000-0x383ffff37fff 64bit]
[    1.653793] pci 0000:00:04.4: [8086:2021] type 00 class 0x088000
[    1.653801] pci 0000:00:04.4: reg 0x10: [mem 0x383ffff30000-0x383ffff33fff 64bit]
[    1.653930] pci 0000:00:04.5: [8086:2021] type 00 class 0x088000
[    1.653939] pci 0000:00:04.5: reg 0x10: [mem 0x383ffff2c000-0x383ffff2ffff 64bit]
[    1.654068] pci 0000:00:04.6: [8086:2021] type 00 class 0x088000
[    1.654077] pci 0000:00:04.6: reg 0x10: [mem 0x383ffff28000-0x383ffff2bfff 64bit]
[    1.654209] pci 0000:00:04.7: [8086:2021] type 00 class 0x088000
[    1.654218] pci 0000:00:04.7: reg 0x10: [mem 0x383ffff24000-0x383ffff27fff 64bit]
[    1.654347] pci 0000:00:05.0: [8086:2024] type 00 class 0x088000
[    1.654467] pci 0000:00:05.1: [8086:2022] type 00 class 0x088000
[    1.655871] pci 0000:00:05.2: [8086:2025] type 00 class 0x088000
[    1.655871] pci 0000:00:05.4: [8086:2026] type 00 class 0x080020
[    1.655871] pci 0000:00:05.4: reg 0x10: [mem 0x9d30a000-0x9d30afff]
[    1.655871] pci 0000:00:05.6: [8086:2027] type 00 class 0x110100
[    1.655873] pci 0000:00:07.0: [8086:2028] type 00 class 0x088000
[    1.655873] pci 0000:00:07.4: [8086:202c] type 00 class 0x088000
[    1.655873] pci 0000:00:07.7: [8086:202d] type 00 class 0x088000
[    1.655873] pci 0000:00:08.0: [8086:2014] type 00 class 0x088000
[    1.655874] pci 0000:00:08.1: [8086:2015] type 00 class 0x110100
[    1.655874] pci 0000:00:08.2: [8086:2016] type 00 class 0x088000
[    1.655874] pci 0000:00:11.0: [8086:a1ec] type 00 class 0xff0000
[    1.655874] pci 0000:00:11.1: [8086:a1ed] type 00 class 0xff0000
[    1.656022] pci 0000:00:11.5: [8086:a1d2] type 00 class 0x010601
[    1.656038] pci 0000:00:11.5: reg 0x10: [mem 0x9d306000-0x9d307fff]
[    1.656044] pci 0000:00:11.5: reg 0x14: [mem 0x9d309000-0x9d3090ff]
[    1.656051] pci 0000:00:11.5: reg 0x18: [io  0x3070-0x3077]
[    1.656057] pci 0000:00:11.5: reg 0x1c: [io  0x3060-0x3063]
[    1.656064] pci 0000:00:11.5: reg 0x20: [io  0x3020-0x303f]
[    1.656070] pci 0000:00:11.5: reg 0x24: [mem 0x9d280000-0x9d2fffff]
[    1.656106] pci 0000:00:11.5: PME# supported from D3hot
[    1.656256] pci 0000:00:14.0: [8086:a1af] type 00 class 0x0c0330
[    1.656276] pci 0000:00:14.0: reg 0x10: [mem 0x383ffff10000-0x383ffff1ffff 64bit]
[    1.656336] pci 0000:00:14.0: PME# supported from D3hot D3cold
[    1.656471] pci 0000:00:14.2: [8086:a1b1] type 00 class 0x118000
[    1.656491] pci 0000:00:14.2: reg 0x10: [mem 0x383ffff47000-0x383ffff47fff 64bit]
[    1.656660] pci 0000:00:16.0: [8086:a1ba] type 00 class 0x078000
[    1.656687] pci 0000:00:16.0: reg 0x10: [mem 0x383ffff46000-0x383ffff46fff 64bit]
[    1.656768] pci 0000:00:16.0: PME# supported from D3hot
[    1.656882] pci 0000:00:16.1: [8086:a1bb] type 00 class 0x078000
[    1.656909] pci 0000:00:16.1: reg 0x10: [mem 0x383ffff45000-0x383ffff45fff 64bit]
[    1.656989] pci 0000:00:16.1: PME# supported from D3hot
[    1.657106] pci 0000:00:16.4: [8086:a1be] type 00 class 0x078000
[    1.657133] pci 0000:00:16.4: reg 0x10: [mem 0x383ffff44000-0x383ffff44fff 64bit]
[    1.657212] pci 0000:00:16.4: PME# supported from D3hot
[    1.657331] pci 0000:00:17.0: [8086:a182] type 00 class 0x010601
[    1.657346] pci 0000:00:17.0: reg 0x10: [mem 0x9d304000-0x9d305fff]
[    1.657353] pci 0000:00:17.0: reg 0x14: [mem 0x9d308000-0x9d3080ff]
[    1.657359] pci 0000:00:17.0: reg 0x18: [io  0x3050-0x3057]
[    1.657366] pci 0000:00:17.0: reg 0x1c: [io  0x3040-0x3043]
[    1.657372] pci 0000:00:17.0: reg 0x20: [io  0x3000-0x301f]
[    1.657378] pci 0000:00:17.0: reg 0x24: [mem 0x9d200000-0x9d27ffff]
[    1.657413] pci 0000:00:17.0: PME# supported from D3hot
[    1.657558] pci 0000:00:1c.0: [8086:a190] type 01 class 0x060400
[    1.657624] pci 0000:00:1c.0: PME# supported from D0 D3hot D3cold
[    1.657791] pci 0000:00:1c.2: [8086:a192] type 01 class 0x060400
[    1.657863] pci 0000:00:1c.2: PME# supported from D0 D3hot D3cold
[    1.659205] pci 0000:00:1c.5: [8086:a195] type 01 class 0x060400
[    1.659205] pci 0000:00:1c.5: PME# supported from D0 D3hot D3cold
[    1.659208] pci 0000:00:1f.0: [8086:a1c1] type 00 class 0x060100
[    1.659208] pci 0000:00:1f.2: [8086:a1a1] type 00 class 0x058000
[    1.659208] pci 0000:00:1f.2: reg 0x10: [mem 0x9d300000-0x9d303fff]
[    1.659208] pci 0000:00:1f.3: [8086:a1f0] type 00 class 0x040300
[    1.659208] pci 0000:00:1f.3: reg 0x10: [mem 0x383ffff20000-0x383ffff23fff 64bit]
[    1.659208] pci 0000:00:1f.3: reg 0x20: [mem 0x383ffff00000-0x383ffff0ffff 64bit]
[    1.659208] pci 0000:00:1f.3: PME# supported from D3hot D3cold
[    1.659208] pci 0000:00:1f.4: [8086:a1a3] type 00 class 0x0c0500
[    1.659208] pci 0000:00:1f.4: reg 0x10: [mem 0x00000000-0x000000ff 64bit]
[    1.659208] pci 0000:00:1f.4: reg 0x20: [io  0x0780-0x079f]
[    1.659208] pci 0000:00:1f.5: [8086:a1a4] type 00 class 0x0c8000
[    1.659208] pci 0000:00:1f.5: reg 0x10: [mem 0xfe010000-0xfe010fff]
[    1.659270] pci 0000:00:1c.0: PCI bridge to [bus 01]
[    1.659384] pci 0000:02:00.0: [1b21:2142] type 00 class 0x0c0330
[    1.659411] pci 0000:02:00.0: reg 0x10: [mem 0x9d100000-0x9d107fff 64bit]
[    1.659458] pci 0000:02:00.0: enabling Extended Tags
[    1.659521] pci 0000:02:00.0: PME# supported from D0
[    1.659693] pci 0000:00:1c.2: PCI bridge to [bus 02]
[    1.659697] pci 0000:00:1c.2:   bridge window [mem 0x9d100000-0x9d1fffff]
[    1.659750] pci 0000:03:00.0: [1a03:1150] type 01 class 0x060400
[    1.659806] pci 0000:03:00.0: enabling Extended Tags
[    1.659865] pci 0000:03:00.0: supports D1 D2
[    1.659866] pci 0000:03:00.0: PME# supported from D0 D1 D2 D3hot D3cold
[    1.659970] pci 0000:00:1c.5: PCI bridge to [bus 03-04]
[    1.659973] pci 0000:00:1c.5:   bridge window [io  0x2000-0x2fff]
[    1.659975] pci 0000:00:1c.5:   bridge window [mem 0x9c000000-0x9d0fffff]
[    1.660012] pci_bus 0000:04: extended config space not accessible
[    1.660039] pci 0000:04:00.0: [1a03:2000] type 00 class 0x030000
[    1.660059] pci 0000:04:00.0: reg 0x10: [mem 0x9c000000-0x9cffffff]
[    1.660069] pci 0000:04:00.0: reg 0x14: [mem 0x9d000000-0x9d01ffff]
[    1.660080] pci 0000:04:00.0: reg 0x18: [io  0x2000-0x207f]
[    1.660165] pci 0000:04:00.0: supports D1 D2
[    1.660166] pci 0000:04:00.0: PME# supported from D0 D1 D2 D3hot D3cold
[    1.660264] pci 0000:03:00.0: PCI bridge to [bus 04]
[    1.660269] pci 0000:03:00.0:   bridge window [io  0x2000-0x2fff]
[    1.660273] pci 0000:03:00.0:   bridge window [mem 0x9c000000-0x9d0fffff]
[    1.660296] pci_bus 0000:00: on NUMA node 0
[    1.660909] ACPI: PCI Root Bridge [PC01] (domain 0000 [bus 17-39])
[    1.660913] acpi PNP0A08:01: _OSC: OS supports [ExtendedConfig ASPM ClockPM Segments MSI HPX-Type3]
[    1.661266] acpi PNP0A08:01: _OSC: platform does not support [SHPCHotplug AER LTR]
[    1.661466] acpi PNP0A08:01: _OSC: OS now controls [PCIeHotplug PME PCIeCapability]
[    1.661467] acpi PNP0A08:01: FADT indicates ASPM is unsupported, using BIOS configuration
[    1.661630] PCI host bridge to bus 0000:17
[    1.661632] pci_bus 0000:17: root bus resource [io  0x4000-0x5fff window]
[    1.661633] pci_bus 0000:17: root bus resource [mem 0x9d800000-0xaaffffff window]
[    1.661634] pci_bus 0000:17: root bus resource [mem 0x384000000000-0x387fffffffff window]
[    1.661636] pci_bus 0000:17: root bus resource [bus 17-39]
[    1.661644] pci 0000:17:00.0: [8086:2030] type 01 class 0x060400
[    1.661670] pci 0000:17:00.0: enabling Extended Tags
[    1.661700] pci 0000:17:00.0: PME# supported from D0 D3hot D3cold
[    1.662540] pci 0000:17:05.0: [8086:2034] type 00 class 0x088000
[    1.662567] pci 0000:17:05.2: [8086:2035] type 00 class 0x088000
[    1.662567] pci 0000:17:05.4: [8086:2036] type 00 class 0x080020
[    1.662567] pci 0000:17:05.4: reg 0x10: [mem 0xaaf00000-0xaaf00fff]
[    1.662567] pci 0000:17:05.6: [8086:2037] type 00 class 0x110100
[    1.662567] pci 0000:17:07.0: [8086:2038] type 00 class 0x088000
[    1.662567] pci 0000:17:07.1: [8086:2039] type 00 class 0x088000
[    1.662567] pci 0000:17:07.2: [8086:203a] type 00 class 0x088000
[    1.662567] pci 0000:17:07.3: [8086:203b] type 00 class 0x088000
[    1.662567] pci 0000:17:07.4: [8086:203c] type 00 class 0x088000
[    1.662567] pci 0000:17:07.7: [8086:203d] type 00 class 0x088000
[    1.662606] pci 0000:17:08.0: [8086:208d] type 00 class 0x088000
[    1.662677] pci 0000:17:08.1: [8086:208d] type 00 class 0x088000
[    1.662732] pci 0000:17:08.2: [8086:208d] type 00 class 0x088000
[    1.662786] pci 0000:17:08.3: [8086:208d] type 00 class 0x088000
[    1.662840] pci 0000:17:08.4: [8086:208d] type 00 class 0x088000
[    1.662895] pci 0000:17:08.5: [8086:208d] type 00 class 0x088000
[    1.662950] pci 0000:17:08.6: [8086:208d] type 00 class 0x088000
[    1.663007] pci 0000:17:08.7: [8086:208d] type 00 class 0x088000
[    1.663062] pci 0000:17:09.0: [8086:208d] type 00 class 0x088000
[    1.663128] pci 0000:17:09.1: [8086:208d] type 00 class 0x088000
[    1.663183] pci 0000:17:09.2: [8086:208d] type 00 class 0x088000
[    1.663239] pci 0000:17:09.3: [8086:208d] type 00 class 0x088000
[    1.663294] pci 0000:17:09.4: [8086:208d] type 00 class 0x088000
[    1.663349] pci 0000:17:09.5: [8086:208d] type 00 class 0x088000
[    1.663404] pci 0000:17:09.6: [8086:208d] type 00 class 0x088000
[    1.663459] pci 0000:17:09.7: [8086:208d] type 00 class 0x088000
[    1.663514] pci 0000:17:0a.0: [8086:208d] type 00 class 0x088000
[    1.663579] pci 0000:17:0a.1: [8086:208d] type 00 class 0x088000
[    1.663637] pci 0000:17:0e.0: [8086:208e] type 00 class 0x088000
[    1.663707] pci 0000:17:0e.1: [8086:208e] type 00 class 0x088000
[    1.663762] pci 0000:17:0e.2: [8086:208e] type 00 class 0x088000
[    1.663816] pci 0000:17:0e.3: [8086:208e] type 00 class 0x088000
[    1.663873] pci 0000:17:0e.4: [8086:208e] type 00 class 0x088000
[    1.663927] pci 0000:17:0e.5: [8086:208e] type 00 class 0x088000
[    1.663979] pci 0000:17:0e.6: [8086:208e] type 00 class 0x088000
[    1.664032] pci 0000:17:0e.7: [8086:208e] type 00 class 0x088000
[    1.664087] pci 0000:17:0f.0: [8086:208e] type 00 class 0x088000
[    1.664156] pci 0000:17:0f.1: [8086:208e] type 00 class 0x088000
[    1.664211] pci 0000:17:0f.2: [8086:208e] type 00 class 0x088000
[    1.664266] pci 0000:17:0f.3: [8086:208e] type 00 class 0x088000
[    1.664325] pci 0000:17:0f.4: [8086:208e] type 00 class 0x088000
[    1.664378] pci 0000:17:0f.5: [8086:208e] type 00 class 0x088000
[    1.664430] pci 0000:17:0f.6: [8086:208e] type 00 class 0x088000
[    1.664484] pci 0000:17:0f.7: [8086:208e] type 00 class 0x088000
[    1.664540] pci 0000:17:10.0: [8086:208e] type 00 class 0x088000
[    1.664608] pci 0000:17:10.1: [8086:208e] type 00 class 0x088000
[    1.665863] pci 0000:17:14.0: [8086:208f] type 00 class 0x088000
[    1.665881] pci 0000:17:14.1: [8086:208f] type 00 class 0x088000
[    1.665881] pci 0000:17:14.2: [8086:208f] type 00 class 0x088000
[    1.665881] pci 0000:17:14.3: [8086:208f] type 00 class 0x088000
[    1.665881] pci 0000:17:14.4: [8086:208f] type 00 class 0x088000
[    1.665881] pci 0000:17:14.5: [8086:208f] type 00 class 0x088000
[    1.665881] pci 0000:17:14.6: [8086:208f] type 00 class 0x088000
[    1.665881] pci 0000:17:14.7: [8086:208f] type 00 class 0x088000
[    1.665881] pci 0000:17:15.0: [8086:208f] type 00 class 0x088000
[    1.665881] pci 0000:17:15.1: [8086:208f] type 00 class 0x088000
[    1.665881] pci 0000:17:15.2: [8086:208f] type 00 class 0x088000
[    1.665881] pci 0000:17:15.3: [8086:208f] type 00 class 0x088000
[    1.665881] pci 0000:17:15.4: [8086:208f] type 00 class 0x088000
[    1.665881] pci 0000:17:15.5: [8086:208f] type 00 class 0x088000
[    1.665881] pci 0000:17:15.6: [8086:208f] type 00 class 0x088000
[    1.665881] pci 0000:17:15.7: [8086:208f] type 00 class 0x088000
[    1.665881] pci 0000:17:16.0: [8086:208f] type 00 class 0x088000
[    1.665881] pci 0000:17:16.1: [8086:208f] type 00 class 0x088000
[    1.665881] pci 0000:17:1d.0: [8086:2054] type 00 class 0x088000
[    1.665881] pci 0000:17:1d.1: [8086:2055] type 00 class 0x088000
[    1.665881] pci 0000:17:1d.2: [8086:2056] type 00 class 0x088000
[    1.665881] pci 0000:17:1d.3: [8086:2057] type 00 class 0x088000
[    1.665929] pci 0000:17:1e.0: [8086:2080] type 00 class 0x088000
[    1.665996] pci 0000:17:1e.1: [8086:2081] type 00 class 0x088000
[    1.666053] pci 0000:17:1e.2: [8086:2082] type 00 class 0x088000
[    1.666107] pci 0000:17:1e.3: [8086:2083] type 00 class 0x088000
[    1.666265] pci 0000:17:1e.4: [8086:2084] type 00 class 0x088000
[    1.666321] pci 0000:17:1e.5: [8086:2085] type 00 class 0x088000
[    1.666377] pci 0000:17:1e.6: [8086:2086] type 00 class 0x088000
[    1.666434] pci 0000:17:1f.0: [8086:2078] type 00 class 0x088000
[    1.666507] pci 0000:17:1f.1: [8086:2079] type 00 class 0x088000
[    1.666561] pci 0000:17:1f.2: [8086:207a] type 00 class 0x088000
[    1.666614] pci 0000:17:1f.3: [8086:207b] type 00 class 0x088000
[    1.666668] pci 0000:17:1f.4: [8086:207c] type 00 class 0x088000
[    1.666722] pci 0000:17:1f.5: [8086:207d] type 00 class 0x088000
[    1.666777] pci 0000:17:1f.6: [8086:207e] type 00 class 0x088000
[    1.666831] pci 0000:17:1f.7: [8086:207f] type 00 class 0x088000
[    1.666929] pci 0000:18:00.0: [8086:1528] type 00 class 0x020000
[    1.666948] pci 0000:18:00.0: reg 0x10: [mem 0xaa800000-0xaa9fffff 64bit pref]
[    1.666963] pci 0000:18:00.0: reg 0x20: [mem 0xaaa00000-0xaaa03fff 64bit pref]
[    1.666968] pci 0000:18:00.0: reg 0x30: [mem 0xaac00000-0xaac7ffff pref]
[    1.667020] pci 0000:18:00.0: PME# supported from D0 D3hot
[    1.667042] pci 0000:18:00.0: reg 0x184: [mem 0xaad80000-0xaad83fff 64bit]
[    1.667043] pci 0000:18:00.0: VF(n) BAR0 space: [mem 0xaad80000-0xaae7ffff 64bit] (contains BAR0 for 64 VFs)
[    1.667052] pci 0000:18:00.0: reg 0x190: [mem 0xaac80000-0xaac83fff 64bit]
[    1.667053] pci 0000:18:00.0: VF(n) BAR3 space: [mem 0xaac80000-0xaad7ffff 64bit] (contains BAR3 for 64 VFs)
[    1.667242] pci 0000:17:00.0: PCI bridge to [bus 18]
[    1.667245] pci 0000:17:00.0:   bridge window [mem 0xaac00000-0xaaefffff]
[    1.667247] pci 0000:17:00.0:   bridge window [mem 0xaa800000-0xaaafffff 64bit pref]
[    1.667254] pci_bus 0000:17: on NUMA node 0
[    1.667373] ACPI: PCI Root Bridge [PC02] (domain 0000 [bus 3a-5c])
[    1.667376] acpi PNP0A08:02: _OSC: OS supports [ExtendedConfig ASPM ClockPM Segments MSI HPX-Type3]
[    1.667724] acpi PNP0A08:02: _OSC: platform does not support [SHPCHotplug AER LTR]
[    1.667909] acpi PNP0A08:02: _OSC: OS now controls [PCIeHotplug PME PCIeCapability]
[    1.667910] acpi PNP0A08:02: FADT indicates ASPM is unsupported, using BIOS configuration
[    1.668047] PCI host bridge to bus 0000:3a
[    1.668048] pci_bus 0000:3a: root bus resource [io  0x6000-0x7fff window]
[    1.668049] pci_bus 0000:3a: root bus resource [mem 0xab000000-0xb87fffff window]
[    1.668050] pci_bus 0000:3a: root bus resource [mem 0x388000000000-0x38bfffffffff window]
[    1.668051] pci_bus 0000:3a: root bus resource [bus 3a-5c]
[    1.668060] pci 0000:3a:00.0: [8086:2030] type 01 class 0x060400
[    1.668085] pci 0000:3a:00.0: enabling Extended Tags
[    1.668114] pci 0000:3a:00.0: PME# supported from D0 D3hot D3cold
[    1.669204] pci 0000:3a:01.0: [8086:2031] type 01 class 0x060400
[    1.669204] pci 0000:3a:01.0: enabling Extended Tags
[    1.669204] pci 0000:3a:01.0: PME# supported from D0 D3hot D3cold
[    1.669214] pci 0000:3a:02.0: [8086:2032] type 01 class 0x060400
[    1.669214] pci 0000:3a:02.0: enabling Extended Tags
[    1.669214] pci 0000:3a:02.0: PME# supported from D0 D3hot D3cold
[    1.669219] pci 0000:3a:03.0: [8086:2033] type 01 class 0x060400
[    1.669219] pci 0000:3a:03.0: enabling Extended Tags
[    1.669219] pci 0000:3a:03.0: PME# supported from D0 D3hot D3cold
[    1.669219] pci 0000:3a:05.0: [8086:2034] type 00 class 0x088000
[    1.669219] pci 0000:3a:05.2: [8086:2035] type 00 class 0x088000
[    1.669219] pci 0000:3a:05.4: [8086:2036] type 00 class 0x080020
[    1.669219] pci 0000:3a:05.4: reg 0x10: [mem 0xb8700000-0xb8700fff]
[    1.669219] pci 0000:3a:05.6: [8086:2037] type 00 class 0x110100
[    1.669219] pci 0000:3a:07.0: [8086:2038] type 00 class 0x088000
[    1.669219] pci 0000:3a:07.1: [8086:2039] type 00 class 0x088000
[    1.669219] pci 0000:3a:07.2: [8086:203a] type 00 class 0x088000
[    1.669219] pci 0000:3a:07.3: [8086:203b] type 00 class 0x088000
[    1.669219] pci 0000:3a:07.4: [8086:203c] type 00 class 0x088000
[    1.669288] pci 0000:3a:07.7: [8086:203d] type 00 class 0x088000
[    1.669356] pci 0000:3a:08.0: [8086:2066] type 00 class 0x088000
[    1.669432] pci 0000:3a:08.1: [8086:2067] type 00 class 0x088000
[    1.669486] pci 0000:3a:09.0: [8086:2066] type 00 class 0x088000
[    1.669559] pci 0000:3a:09.1: [8086:2067] type 00 class 0x088000
[    1.669612] pci 0000:3a:0a.0: [8086:2040] type 00 class 0x088000
[    1.669683] pci 0000:3a:0a.1: [8086:2041] type 00 class 0x088000
[    1.669743] pci 0000:3a:0a.2: [8086:2042] type 00 class 0x088000
[    1.669802] pci 0000:3a:0a.3: [8086:2043] type 00 class 0x088000
[    1.669863] pci 0000:3a:0a.4: [8086:2044] type 00 class 0x088000
[    1.669922] pci 0000:3a:0a.5: [8086:2045] type 00 class 0x088000
[    1.669983] pci 0000:3a:0a.6: [8086:2046] type 00 class 0x088000
[    1.670043] pci 0000:3a:0a.7: [8086:2047] type 00 class 0x088000
[    1.670103] pci 0000:3a:0b.0: [8086:2048] type 00 class 0x088000
[    1.670175] pci 0000:3a:0b.1: [8086:2049] type 00 class 0x088000
[    1.670234] pci 0000:3a:0b.2: [8086:204a] type 00 class 0x088000
[    1.670294] pci 0000:3a:0b.3: [8086:204b] type 00 class 0x088000
[    1.670355] pci 0000:3a:0c.0: [8086:2040] type 00 class 0x088000
[    1.670428] pci 0000:3a:0c.1: [8086:2041] type 00 class 0x088000
[    1.670490] pci 0000:3a:0c.2: [8086:2042] type 00 class 0x088000
[    1.670557] pci 0000:3a:0c.3: [8086:2043] type 00 class 0x088000
[    1.670618] pci 0000:3a:0c.4: [8086:2044] type 00 class 0x088000
[    1.670679] pci 0000:3a:0c.5: [8086:2045] type 00 class 0x088000
[    1.670738] pci 0000:3a:0c.6: [8086:2046] type 00 class 0x088000
[    1.670797] pci 0000:3a:0c.7: [8086:2047] type 00 class 0x088000
[    1.670861] pci 0000:3a:0d.0: [8086:2048] type 00 class 0x088000
[    1.670937] pci 0000:3a:0d.1: [8086:2049] type 00 class 0x088000
[    1.671000] pci 0000:3a:0d.2: [8086:204a] type 00 class 0x088000
[    1.671065] pci 0000:3a:0d.3: [8086:204b] type 00 class 0x088000
[    1.671170] pci 0000:3a:00.0: PCI bridge to [bus 3b]
[    1.671204] pci 0000:3a:01.0: PCI bridge to [bus 3c]
[    1.671247] pci 0000:3d:00.0: [144d:a808] type 00 class 0x010802
[    1.671267] pci 0000:3d:00.0: reg 0x10: [mem 0xb8600000-0xb8603fff 64bit]
[    1.671427] pci 0000:3a:02.0: PCI bridge to [bus 3d]
[    1.671430] pci 0000:3a:02.0:   bridge window [mem 0xb8600000-0xb86fffff]
[    1.672543] pci 0000:3e:00.0: [144d:a808] type 00 class 0x010802
[    1.672543] pci 0000:3e:00.0: reg 0x10: [mem 0xb8500000-0xb8503fff 64bit]
[    1.672543] pci 0000:3a:03.0: PCI bridge to [bus 3e]
[    1.672543] pci 0000:3a:03.0:   bridge window [mem 0xb8500000-0xb85fffff]
[    1.672543] pci_bus 0000:3a: on NUMA node 0
[    1.672543] ACPI: PCI Root Bridge [PC03] (domain 0000 [bus 5d-7f])
[    1.672543] acpi PNP0A08:03: _OSC: OS supports [ExtendedConfig ASPM ClockPM Segments MSI HPX-Type3]
[    1.672543] acpi PNP0A08:03: _OSC: platform does not support [SHPCHotplug AER LTR]
[    1.672543] acpi PNP0A08:03: _OSC: OS now controls [PCIeHotplug PME PCIeCapability]
[    1.672543] acpi PNP0A08:03: FADT indicates ASPM is unsupported, using BIOS configuration
[    1.672543] PCI host bridge to bus 0000:5d
[    1.672543] pci_bus 0000:5d: root bus resource [io  0x8000-0x9fff window]
[    1.672543] pci_bus 0000:5d: root bus resource [mem 0xb8800000-0xc5ffffff window]
[    1.672543] pci_bus 0000:5d: root bus resource [mem 0x38c000000000-0x38ffffffffff window]
[    1.672543] pci_bus 0000:5d: root bus resource [bus 5d-7f]
[    1.672543] pci 0000:5d:02.0: [8086:2032] type 01 class 0x060400
[    1.672543] pci 0000:5d:02.0: enabling Extended Tags
[    1.672543] pci 0000:5d:02.0: PME# supported from D0 D3hot D3cold
[    1.672616] pci 0000:5d:03.0: [8086:2033] type 01 class 0x060400
[    1.672641] pci 0000:5d:03.0: enabling Extended Tags
[    1.672672] pci 0000:5d:03.0: PME# supported from D0 D3hot D3cold
[    1.672762] pci 0000:5d:05.0: [8086:2034] type 00 class 0x088000
[    1.672835] pci 0000:5d:05.2: [8086:2035] type 00 class 0x088000
[    1.672911] pci 0000:5d:05.4: [8086:2036] type 00 class 0x080020
[    1.672920] pci 0000:5d:05.4: reg 0x10: [mem 0xc4400000-0xc4400fff]
[    1.672997] pci 0000:5d:05.5: [8086:201d] type 00 class 0x010400
[    1.673008] pci 0000:5d:05.5: reg 0x10: [mem 0x38fffc000000-0x38fffdffffff 64bit pref]
[    1.673012] pci 0000:5d:05.5: reg 0x18: [mem 0xc2000000-0xc3ffffff]
[    1.673021] pci 0000:5d:05.5: reg 0x20: [mem 0x38fffff00000-0x38ffffffffff 64bit]
[    1.673076] pci 0000:5d:05.6: [8086:2037] type 00 class 0x110100
[    1.673150] pci 0000:5d:07.0: [8086:2038] type 00 class 0x088000
[    1.673223] pci 0000:5d:07.1: [8086:2039] type 00 class 0x088000
[    1.673293] pci 0000:5d:07.2: [8086:203a] type 00 class 0x088000
[    1.673363] pci 0000:5d:07.3: [8086:203b] type 00 class 0x088000
[    1.673435] pci 0000:5d:07.4: [8086:203c] type 00 class 0x088000
[    1.673510] pci 0000:5d:07.7: [8086:203d] type 00 class 0x088000
[    1.673584] pci 0000:5d:0e.0: [8086:2058] type 00 class 0x110100
[    1.673662] pci 0000:5d:0e.1: [8086:2059] type 00 class 0x088000
[    1.673720] pci 0000:5d:0e.2: [8086:205a] type 00 class 0x088000
[    1.673776] pci 0000:5d:0e.3: [8086:205b] type 00 class 0x088000
[    1.673835] pci 0000:5d:0f.0: [8086:2058] type 00 class 0x110100
[    1.673909] pci 0000:5d:0f.1: [8086:2059] type 00 class 0x088000
[    1.673968] pci 0000:5d:0f.2: [8086:205a] type 00 class 0x088000
[    1.674031] pci 0000:5d:12.0: [8086:204c] type 00 class 0x110100
[    1.674106] pci 0000:5d:12.1: [8086:204d] type 00 class 0x110100
[    1.674153] pci 0000:5d:12.2: [8086:204e] type 00 class 0x088000
[    1.674200] pci 0000:5d:12.3: [8086:204f] type 00 class 0x088000
[    1.674255] pci 0000:5d:15.0: [8086:2018] type 00 class 0x088000
[    1.674318] pci 0000:5d:15.1: [8086:2088] type 00 class 0x110100
[    1.674365] pci 0000:5d:15.3: [8086:2019] type 00 class 0x088000
[    1.674412] pci 0000:5d:16.0: [8086:2018] type 00 class 0x088000
[    1.674473] pci 0000:5d:16.1: [8086:2088] type 00 class 0x110100
[    1.674521] pci 0000:5d:16.3: [8086:2019] type 00 class 0x088000
[    1.674567] pci 0000:5d:16.4: [8086:2018] type 00 class 0x088000
[    1.674615] pci 0000:5d:16.5: [8086:2088] type 00 class 0x110100
[    1.674662] pci 0000:5d:16.7: [8086:2019] type 00 class 0x088000
[    1.675871] pci 0000:5e:00.0: [144d:a808] type 00 class 0x010802
[    1.675871] pci 0000:5e:00.0: reg 0x10: [mem 0xc4300000-0xc4303fff 64bit]
[    1.675875] pci 0000:5d:02.0: PCI bridge to [bus 5e]
[    1.675875] pci 0000:5d:02.0:   bridge window [mem 0xc4300000-0xc43fffff]
[    1.675875] pci 0000:5f:00.0: [8086:37c0] type 01 class 0x060400
[    1.675875] pci 0000:5f:00.0: reg 0x10: [mem 0xc4200000-0xc421ffff 64bit]
[    1.675875] pci 0000:5f:00.0: reg 0x38: [mem 0xc4000000-0xc40fffff pref]
[    1.675875] pci 0000:5f:00.0: PME# supported from D0 D3hot D3cold
[    1.675875] pci 0000:5d:03.0: PCI bridge to [bus 5f-61]
[    1.675875] pci 0000:5d:03.0:   bridge window [mem 0xc4000000-0xc42fffff]
[    1.675875] pci 0000:5d:03.0:   bridge window [mem 0xbf000000-0xc19fffff 64bit pref]
[    1.675875] pci 0000:60:03.0: [8086:37c5] type 01 class 0x060400
[    1.675875] pci 0000:60:03.0: PME# supported from D0 D3hot D3cold
[    1.675875] pci 0000:5f:00.0: PCI bridge to [bus 60-61]
[    1.675875] pci 0000:5f:00.0:   bridge window [mem 0xc4100000-0xc41fffff]
[    1.675875] pci 0000:5f:00.0:   bridge window [mem 0xbf000000-0xc19fffff 64bit pref]
[    1.675875] pci 0000:61:00.0: [8086:37d1] type 00 class 0x020000
[    1.675875] pci 0000:61:00.0: reg 0x10: [mem 0xc0000000-0xc0ffffff 64bit pref]
[    1.675875] pci 0000:61:00.0: reg 0x1c: [mem 0xc1808000-0xc180ffff 64bit pref]
[    1.675875] pci 0000:61:00.0: reg 0x30: [mem 0xc4180000-0xc41fffff pref]
[    1.675875] pci 0000:61:00.0: enabling Extended Tags
[    1.675875] pci 0000:61:00.0: PME# supported from D0 D3hot D3cold
[    1.675875] pci 0000:61:00.0: reg 0x184: [mem 0xc1400000-0xc141ffff 64bit pref]
[    1.675875] pci 0000:61:00.0: VF(n) BAR0 space: [mem 0xc1400000-0xc17fffff 64bit pref] (contains BAR0 for 32 VFs)
[    1.675875] pci 0000:61:00.0: reg 0x190: [mem 0xc1890000-0xc1893fff 64bit pref]
[    1.675875] pci 0000:61:00.0: VF(n) BAR3 space: [mem 0xc1890000-0xc190ffff 64bit pref] (contains BAR3 for 32 VFs)
[    1.675875] pci 0000:61:00.1: [8086:37d1] type 00 class 0x020000
[    1.675875] pci 0000:61:00.1: reg 0x10: [mem 0xbf000000-0xbfffffff 64bit pref]
[    1.675875] pci 0000:61:00.1: reg 0x1c: [mem 0xc1800000-0xc1807fff 64bit pref]
[    1.675875] pci 0000:61:00.1: reg 0x30: [mem 0xc4100000-0xc417ffff pref]
[    1.675875] pci 0000:61:00.1: enabling Extended Tags
[    1.675875] pci 0000:61:00.1: PME# supported from D0 D3hot D3cold
[    1.675875] pci 0000:61:00.1: reg 0x184: [mem 0xc1000000-0xc101ffff 64bit pref]
[    1.675875] pci 0000:61:00.1: VF(n) BAR0 space: [mem 0xc1000000-0xc13fffff 64bit pref] (contains BAR0 for 32 VFs)
[    1.675875] pci 0000:61:00.1: reg 0x190: [mem 0xc1810000-0xc1813fff 64bit pref]
[    1.675875] pci 0000:61:00.1: VF(n) BAR3 space: [mem 0xc1810000-0xc188ffff 64bit pref] (contains BAR3 for 32 VFs)
[    1.675999] pci 0000:60:03.0: PCI bridge to [bus 61]
[    1.676003] pci 0000:60:03.0:   bridge window [mem 0xc4100000-0xc41fffff]
[    1.676007] pci 0000:60:03.0:   bridge window [mem 0xbf000000-0xc19fffff 64bit pref]
[    1.676024] pci_bus 0000:5d: on NUMA node 0
[    1.676175] ACPI: PCI Root Bridge [PC06] (domain 0000 [bus 80-84])
[    1.676178] acpi PNP0A08:06: _OSC: OS supports [ExtendedConfig ASPM ClockPM Segments MSI HPX-Type3]
[    1.676373] acpi PNP0A08:06: _OSC: platform does not support [SHPCHotplug AER LTR]
[    1.676513] acpi PNP0A08:06: _OSC: OS now controls [PCIeHotplug PME PCIeCapability]
[    1.676514] acpi PNP0A08:06: FADT indicates ASPM is unsupported, using BIOS configuration
[    1.676642] PCI host bridge to bus 0000:80
[    1.676643] pci_bus 0000:80: root bus resource [io  0xa000-0xbfff window]
[    1.676644] pci_bus 0000:80: root bus resource [mem 0xc6000000-0xd37fffff window]
[    1.676646] pci_bus 0000:80: root bus resource [mem 0x390000000000-0x393fffffffff window]
[    1.676647] pci_bus 0000:80: root bus resource [bus 80-84]
[    1.676663] pci 0000:80:00.0: [8086:2030] type 01 class 0x060400
[    1.676690] pci 0000:80:00.0: enabling Extended Tags
[    1.676725] pci 0000:80:00.0: PME# supported from D0 D3hot D3cold
[    1.676823] pci 0000:80:04.0: [8086:2021] type 00 class 0x088000
[    1.676834] pci 0000:80:04.0: reg 0x10: [mem 0x393ffff1c000-0x393ffff1ffff 64bit]
[    1.676923] pci 0000:80:04.1: [8086:2021] type 00 class 0x088000
[    1.676934] pci 0000:80:04.1: reg 0x10: [mem 0x393ffff18000-0x393ffff1bfff 64bit]
[    1.677020] pci 0000:80:04.2: [8086:2021] type 00 class 0x088000
[    1.677030] pci 0000:80:04.2: reg 0x10: [mem 0x393ffff14000-0x393ffff17fff 64bit]
[    1.677120] pci 0000:80:04.3: [8086:2021] type 00 class 0x088000
[    1.677130] pci 0000:80:04.3: reg 0x10: [mem 0x393ffff10000-0x393ffff13fff 64bit]
[    1.677220] pci 0000:80:04.4: [8086:2021] type 00 class 0x088000
[    1.677230] pci 0000:80:04.4: reg 0x10: [mem 0x393ffff0c000-0x393ffff0ffff 64bit]
[    1.677318] pci 0000:80:04.5: [8086:2021] type 00 class 0x088000
[    1.677328] pci 0000:80:04.5: reg 0x10: [mem 0x393ffff08000-0x393ffff0bfff 64bit]
[    1.677415] pci 0000:80:04.6: [8086:2021] type 00 class 0x088000
[    1.677425] pci 0000:80:04.6: reg 0x10: [mem 0x393ffff04000-0x393ffff07fff 64bit]
[    1.677509] pci 0000:80:04.7: [8086:2021] type 00 class 0x088000
[    1.677519] pci 0000:80:04.7: reg 0x10: [mem 0x393ffff00000-0x393ffff03fff 64bit]
[    1.677604] pci 0000:80:05.0: [8086:2024] type 00 class 0x088000
[    1.677679] pci 0000:80:05.1: [8086:2022] type 00 class 0x088000
[    1.677781] pci 0000:80:05.2: [8086:2025] type 00 class 0x088000
[    1.677860] pci 0000:80:05.4: [8086:2026] type 00 class 0x080020
[    1.677869] pci 0000:80:05.4: reg 0x10: [mem 0xd3700000-0xd3700fff]
[    1.677949] pci 0000:80:05.6: [8086:2027] type 00 class 0x110100
[    1.679195] pci 0000:80:07.0: [8086:2028] type 00 class 0x088000
[    1.679205] pci 0000:80:07.4: [8086:202c] type 00 class 0x088000
[    1.679205] pci 0000:80:07.7: [8086:202d] type 00 class 0x088000
[    1.679205] pci 0000:80:08.0: [8086:2014] type 00 class 0x088000
[    1.679205] pci 0000:80:08.1: [8086:2015] type 00 class 0x110100
[    1.679205] pci 0000:80:08.2: [8086:2016] type 00 class 0x088000
[    1.679205] pci 0000:80:00.0: PCI bridge to [bus 81]
[    1.679205] pci_bus 0000:80: on NUMA node 1
[    1.679205] ACPI: PCI Root Bridge [PC07] (domain 0000 [bus 85-ad])
[    1.679205] acpi PNP0A08:07: _OSC: OS supports [ExtendedConfig ASPM ClockPM Segments MSI HPX-Type3]
[    1.679205] acpi PNP0A08:07: _OSC: platform does not support [SHPCHotplug AER LTR]
[    1.679205] acpi PNP0A08:07: _OSC: OS now controls [PCIeHotplug PME PCIeCapability]
[    1.679205] acpi PNP0A08:07: FADT indicates ASPM is unsupported, using BIOS configuration
[    1.679307] PCI host bridge to bus 0000:85
[    1.679308] pci_bus 0000:85: root bus resource [io  0xc000-0xdfff window]
[    1.679310] pci_bus 0000:85: root bus resource [mem 0xd3800000-0xe0ffffff window]
[    1.679311] pci_bus 0000:85: root bus resource [mem 0x394000000000-0x397fffffffff window]
[    1.679312] pci_bus 0000:85: root bus resource [bus 85-ad]
[    1.679321] pci 0000:85:00.0: [8086:2030] type 01 class 0x060400
[    1.679349] pci 0000:85:00.0: enabling Extended Tags
[    1.679384] pci 0000:85:00.0: PME# supported from D0 D3hot D3cold
[    1.679508] pci 0000:85:02.0: [8086:2032] type 01 class 0x060400
[    1.679536] pci 0000:85:02.0: enabling Extended Tags
[    1.679570] pci 0000:85:02.0: PME# supported from D0 D3hot D3cold
[    1.679684] pci 0000:85:05.0: [8086:2034] type 00 class 0x088000
[    1.679770] pci 0000:85:05.2: [8086:2035] type 00 class 0x088000
[    1.679852] pci 0000:85:05.4: [8086:2036] type 00 class 0x080020
[    1.679860] pci 0000:85:05.4: reg 0x10: [mem 0xe0f00000-0xe0f00fff]
[    1.679945] pci 0000:85:05.6: [8086:2037] type 00 class 0x110100
[    1.680027] pci 0000:85:07.0: [8086:2038] type 00 class 0x088000
[    1.680107] pci 0000:85:07.1: [8086:2039] type 00 class 0x088000
[    1.680188] pci 0000:85:07.2: [8086:203a] type 00 class 0x088000
[    1.680271] pci 0000:85:07.3: [8086:203b] type 00 class 0x088000
[    1.680351] pci 0000:85:07.4: [8086:203c] type 00 class 0x088000
[    1.680432] pci 0000:85:07.7: [8086:203d] type 00 class 0x088000
[    1.680509] pci 0000:85:08.0: [8086:208d] type 00 class 0x088000
[    1.680578] pci 0000:85:08.1: [8086:208d] type 00 class 0x088000
[    1.680634] pci 0000:85:08.2: [8086:208d] type 00 class 0x088000
[    1.680693] pci 0000:85:08.3: [8086:208d] type 00 class 0x088000
[    1.680749] pci 0000:85:08.4: [8086:208d] type 00 class 0x088000
[    1.680805] pci 0000:85:08.5: [8086:208d] type 00 class 0x088000
[    1.680861] pci 0000:85:08.6: [8086:208d] type 00 class 0x088000
[    1.680918] pci 0000:85:08.7: [8086:208d] type 00 class 0x088000
[    1.680974] pci 0000:85:09.0: [8086:208d] type 00 class 0x088000
[    1.681042] pci 0000:85:09.1: [8086:208d] type 00 class 0x088000
[    1.681098] pci 0000:85:09.2: [8086:208d] type 00 class 0x088000
[    1.681154] pci 0000:85:09.3: [8086:208d] type 00 class 0x088000
[    1.681210] pci 0000:85:09.4: [8086:208d] type 00 class 0x088000
[    1.681267] pci 0000:85:09.5: [8086:208d] type 00 class 0x088000
[    1.681323] pci 0000:85:09.6: [8086:208d] type 00 class 0x088000
[    1.682540] pci 0000:85:09.7: [8086:208d] type 00 class 0x088000
[    1.682542] pci 0000:85:0a.0: [8086:208d] type 00 class 0x088000
[    1.682542] pci 0000:85:0a.1: [8086:208d] type 00 class 0x088000
[    1.682542] pci 0000:85:0e.0: [8086:208e] type 00 class 0x088000
[    1.682542] pci 0000:85:0e.1: [8086:208e] type 00 class 0x088000
[    1.682542] pci 0000:85:0e.2: [8086:208e] type 00 class 0x088000
[    1.682542] pci 0000:85:0e.3: [8086:208e] type 00 class 0x088000
[    1.682542] pci 0000:85:0e.4: [8086:208e] type 00 class 0x088000
[    1.682542] pci 0000:85:0e.5: [8086:208e] type 00 class 0x088000
[    1.682542] pci 0000:85:0e.6: [8086:208e] type 00 class 0x088000
[    1.682542] pci 0000:85:0e.7: [8086:208e] type 00 class 0x088000
[    1.682542] pci 0000:85:0f.0: [8086:208e] type 00 class 0x088000
[    1.682542] pci 0000:85:0f.1: [8086:208e] type 00 class 0x088000
[    1.682542] pci 0000:85:0f.2: [8086:208e] type 00 class 0x088000
[    1.682542] pci 0000:85:0f.3: [8086:208e] type 00 class 0x088000
[    1.682542] pci 0000:85:0f.4: [8086:208e] type 00 class 0x088000
[    1.682542] pci 0000:85:0f.5: [8086:208e] type 00 class 0x088000
[    1.682542] pci 0000:85:0f.6: [8086:208e] type 00 class 0x088000
[    1.682542] pci 0000:85:0f.7: [8086:208e] type 00 class 0x088000
[    1.682542] pci 0000:85:10.0: [8086:208e] type 00 class 0x088000
[    1.682553] pci 0000:85:10.1: [8086:208e] type 00 class 0x088000
[    1.682618] pci 0000:85:14.0: [8086:208f] type 00 class 0x088000
[    1.682687] pci 0000:85:14.1: [8086:208f] type 00 class 0x088000
[    1.682743] pci 0000:85:14.2: [8086:208f] type 00 class 0x088000
[    1.682799] pci 0000:85:14.3: [8086:208f] type 00 class 0x088000
[    1.682854] pci 0000:85:14.4: [8086:208f] type 00 class 0x088000
[    1.682909] pci 0000:85:14.5: [8086:208f] type 00 class 0x088000
[    1.682964] pci 0000:85:14.6: [8086:208f] type 00 class 0x088000
[    1.683021] pci 0000:85:14.7: [8086:208f] type 00 class 0x088000
[    1.683077] pci 0000:85:15.0: [8086:208f] type 00 class 0x088000
[    1.683146] pci 0000:85:15.1: [8086:208f] type 00 class 0x088000
[    1.683204] pci 0000:85:15.2: [8086:208f] type 00 class 0x088000
[    1.683259] pci 0000:85:15.3: [8086:208f] type 00 class 0x088000
[    1.683318] pci 0000:85:15.4: [8086:208f] type 00 class 0x088000
[    1.683373] pci 0000:85:15.5: [8086:208f] type 00 class 0x088000
[    1.683429] pci 0000:85:15.6: [8086:208f] type 00 class 0x088000
[    1.683484] pci 0000:85:15.7: [8086:208f] type 00 class 0x088000
[    1.683541] pci 0000:85:16.0: [8086:208f] type 00 class 0x088000
[    1.683610] pci 0000:85:16.1: [8086:208f] type 00 class 0x088000
[    1.683677] pci 0000:85:1d.0: [8086:2054] type 00 class 0x088000
[    1.683745] pci 0000:85:1d.1: [8086:2055] type 00 class 0x088000
[    1.683801] pci 0000:85:1d.2: [8086:2056] type 00 class 0x088000
[    1.683857] pci 0000:85:1d.3: [8086:2057] type 00 class 0x088000
[    1.683916] pci 0000:85:1e.0: [8086:2080] type 00 class 0x088000
[    1.683986] pci 0000:85:1e.1: [8086:2081] type 00 class 0x088000
[    1.684043] pci 0000:85:1e.2: [8086:2082] type 00 class 0x088000
[    1.684100] pci 0000:85:1e.3: [8086:2083] type 00 class 0x088000
[    1.684159] pci 0000:85:1e.4: [8086:2084] type 00 class 0x088000
[    1.684215] pci 0000:85:1e.5: [8086:2085] type 00 class 0x088000
[    1.684271] pci 0000:85:1e.6: [8086:2086] type 00 class 0x088000
[    1.684327] pci 0000:85:1f.0: [8086:2078] type 00 class 0x088000
[    1.684396] pci 0000:85:1f.1: [8086:2079] type 00 class 0x088000
[    1.684454] pci 0000:85:1f.2: [8086:207a] type 00 class 0x088000
[    1.684510] pci 0000:85:1f.3: [8086:207b] type 00 class 0x088000
[    1.684567] pci 0000:85:1f.4: [8086:207c] type 00 class 0x088000
[    1.684627] pci 0000:85:1f.5: [8086:207d] type 00 class 0x088000
[    1.685861] pci 0000:85:1f.6: [8086:207e] type 00 class 0x088000
[    1.685872] pci 0000:85:1f.7: [8086:207f] type 00 class 0x088000
[    1.685877] pci 0000:85:00.0: PCI bridge to [bus 86]
[    1.685877] pci 0000:85:02.0: PCI bridge to [bus 87]
[    1.685877] pci_bus 0000:85: on NUMA node 1
[    1.685877] ACPI: PCI Root Bridge [PC08] (domain 0000 [bus ae-d6])
[    1.685877] acpi PNP0A08:08: _OSC: OS supports [ExtendedConfig ASPM ClockPM Segments MSI HPX-Type3]
[    1.685877] acpi PNP0A08:08: _OSC: platform does not support [SHPCHotplug AER LTR]
[    1.685877] acpi PNP0A08:08: _OSC: OS now controls [PCIeHotplug PME PCIeCapability]
[    1.685877] acpi PNP0A08:08: FADT indicates ASPM is unsupported, using BIOS configuration
[    1.685877] PCI host bridge to bus 0000:ae
[    1.685877] pci_bus 0000:ae: root bus resource [io  0xe000-0xefff window]
[    1.685877] pci_bus 0000:ae: root bus resource [mem 0xe1000000-0xee7fffff window]
[    1.685877] pci_bus 0000:ae: root bus resource [mem 0x398000000000-0x39bfffffffff window]
[    1.685877] pci_bus 0000:ae: root bus resource [bus ae-d6]
[    1.685877] pci 0000:ae:00.0: [8086:2030] type 01 class 0x060400
[    1.685877] pci 0000:ae:00.0: PME# supported from D0 D3hot D3cold
[    1.685877] pci 0000:ae:05.0: [8086:2034] type 00 class 0x088000
[    1.685948] pci 0000:ae:05.2: [8086:2035] type 00 class 0x088000
[    1.686022] pci 0000:ae:05.4: [8086:2036] type 00 class 0x080020
[    1.686031] pci 0000:ae:05.4: reg 0x10: [mem 0xee700000-0xee700fff]
[    1.686108] pci 0000:ae:05.6: [8086:2037] type 00 class 0x110100
[    1.686183] pci 0000:ae:07.0: [8086:2038] type 00 class 0x088000
[    1.686255] pci 0000:ae:07.1: [8086:2039] type 00 class 0x088000
[    1.686328] pci 0000:ae:07.2: [8086:203a] type 00 class 0x088000
[    1.686399] pci 0000:ae:07.3: [8086:203b] type 00 class 0x088000
[    1.686473] pci 0000:ae:07.4: [8086:203c] type 00 class 0x088000
[    1.686546] pci 0000:ae:07.7: [8086:203d] type 00 class 0x088000
[    1.686618] pci 0000:ae:08.0: [8086:2066] type 00 class 0x088000
[    1.686694] pci 0000:ae:08.1: [8086:2067] type 00 class 0x088000
[    1.686748] pci 0000:ae:09.0: [8086:2066] type 00 class 0x088000
[    1.686820] pci 0000:ae:09.1: [8086:2067] type 00 class 0x088000
[    1.686875] pci 0000:ae:0a.0: [8086:2040] type 00 class 0x088000
[    1.686951] pci 0000:ae:0a.1: [8086:2041] type 00 class 0x088000
[    1.687016] pci 0000:ae:0a.2: [8086:2042] type 00 class 0x088000
[    1.687085] pci 0000:ae:0a.3: [8086:2043] type 00 class 0x088000
[    1.687150] pci 0000:ae:0a.4: [8086:2044] type 00 class 0x088000
[    1.687215] pci 0000:ae:0a.5: [8086:2045] type 00 class 0x088000
[    1.687279] pci 0000:ae:0a.6: [8086:2046] type 00 class 0x088000
[    1.687343] pci 0000:ae:0a.7: [8086:2047] type 00 class 0x088000
[    1.687407] pci 0000:ae:0b.0: [8086:2048] type 00 class 0x088000
[    1.687485] pci 0000:ae:0b.1: [8086:2049] type 00 class 0x088000
[    1.687552] pci 0000:ae:0b.2: [8086:204a] type 00 class 0x088000
[    1.687618] pci 0000:ae:0b.3: [8086:204b] type 00 class 0x088000
[    1.687685] pci 0000:ae:0c.0: [8086:2040] type 00 class 0x088000
[    1.687762] pci 0000:ae:0c.1: [8086:2041] type 00 class 0x088000
[    1.687827] pci 0000:ae:0c.2: [8086:2042] type 00 class 0x088000
[    1.687893] pci 0000:ae:0c.3: [8086:2043] type 00 class 0x088000
[    1.687959] pci 0000:ae:0c.4: [8086:2044] type 00 class 0x088000
[    1.688024] pci 0000:ae:0c.5: [8086:2045] type 00 class 0x088000
[    1.689206] pci 0000:ae:0c.6: [8086:2046] type 00 class 0x088000
[    1.689206] pci 0000:ae:0c.7: [8086:2047] type 00 class 0x088000
[    1.689206] pci 0000:ae:0d.0: [8086:2048] type 00 class 0x088000
[    1.689206] pci 0000:ae:0d.1: [8086:2049] type 00 class 0x088000
[    1.689206] pci 0000:ae:0d.2: [8086:204a] type 00 class 0x088000
[    1.689207] pci 0000:ae:0d.3: [8086:204b] type 00 class 0x088000
[    1.689207] pci 0000:af:00.0: [1002:1478] type 01 class 0x060400
[    1.689207] pci 0000:af:00.0: reg 0x10: [mem 0xee600000-0xee603fff]
[    1.689207] pci 0000:af:00.0: PME# supported from D0 D3hot D3cold
[    1.689207] pci 0000:af:00.0: 63.008 Gb/s available PCIe bandwidth, limited by 8.0 GT/s PCIe x8 link at 0000:ae:00.0 (capable of 126.024 Gb/s with 16.0 GT/s PCIe x8 link)
[    1.689212] pci 0000:ae:00.0: PCI bridge to [bus af-b1]
[    1.689212] pci 0000:ae:00.0:   bridge window [io  0xe000-0xefff]
[    1.689212] pci 0000:ae:00.0:   bridge window [mem 0xee500000-0xee6fffff]
[    1.689212] pci 0000:ae:00.0:   bridge window [mem 0x39bfe0000000-0x39bff01fffff 64bit pref]
[    1.689212] pci 0000:b0:00.0: [1002:1479] type 01 class 0x060400
[    1.689212] pci 0000:b0:00.0: PME# supported from D0 D3hot D3cold
[    1.689212] pci 0000:af:00.0: PCI bridge to [bus b0-b1]
[    1.689212] pci 0000:af:00.0:   bridge window [io  0xe000-0xefff]
[    1.689212] pci 0000:af:00.0:   bridge window [mem 0xee500000-0xee5fffff]
[    1.689212] pci 0000:af:00.0:   bridge window [mem 0x39bfe0000000-0x39bff01fffff 64bit pref]
[    1.689212] pci 0000:b1:00.0: [1002:7340] type 00 class 0x030000
[    1.689212] pci 0000:b1:00.0: reg 0x10: [mem 0x39bfe0000000-0x39bfefffffff 64bit pref]
[    1.689212] pci 0000:b1:00.0: reg 0x18: [mem 0x39bff0000000-0x39bff01fffff 64bit pref]
[    1.689212] pci 0000:b1:00.0: reg 0x20: [io  0xe000-0xe0ff]
[    1.689212] pci 0000:b1:00.0: reg 0x24: [mem 0xee500000-0xee57ffff]
[    1.689212] pci 0000:b1:00.0: reg 0x30: [mem 0xee580000-0xee59ffff pref]
[    1.689212] pci 0000:b1:00.0: BAR 0: assigned to efifb
[    1.689259] pci 0000:b1:00.0: PME# supported from D1 D2 D3hot D3cold
[    1.689325] pci 0000:b1:00.0: 63.008 Gb/s available PCIe bandwidth, limited by 8.0 GT/s PCIe x8 link at 0000:ae:00.0 (capable of 252.048 Gb/s with 16.0 GT/s PCIe x16 link)
[    1.689368] pci 0000:b1:00.1: [1002:ab38] type 00 class 0x040300
[    1.689384] pci 0000:b1:00.1: reg 0x10: [mem 0xee5a0000-0xee5a3fff]
[    1.689462] pci 0000:b1:00.1: PME# supported from D1 D2 D3hot D3cold
[    1.689562] pci 0000:b0:00.0: PCI bridge to [bus b1]
[    1.689566] pci 0000:b0:00.0:   bridge window [io  0xe000-0xefff]
[    1.689569] pci 0000:b0:00.0:   bridge window [mem 0xee500000-0xee5fffff]
[    1.689573] pci 0000:b0:00.0:   bridge window [mem 0x39bfe0000000-0x39bff01fffff 64bit pref]
[    1.689589] pci_bus 0000:ae: on NUMA node 1
[    1.689686] ACPI: PCI Root Bridge [PC09] (domain 0000 [bus d7-ff])
[    1.689688] acpi PNP0A08:09: _OSC: OS supports [ExtendedConfig ASPM ClockPM Segments MSI HPX-Type3]
[    1.690031] acpi PNP0A08:09: _OSC: platform does not support [SHPCHotplug AER LTR]
[    1.690217] acpi PNP0A08:09: _OSC: OS now controls [PCIeHotplug PME PCIeCapability]
[    1.690217] acpi PNP0A08:09: FADT indicates ASPM is unsupported, using BIOS configuration
[    1.690375] PCI host bridge to bus 0000:d7
[    1.690376] pci_bus 0000:d7: root bus resource [io  0xf000-0xffff window]
[    1.690377] pci_bus 0000:d7: root bus resource [mem 0xee800000-0xfbffffff window]
[    1.690379] pci_bus 0000:d7: root bus resource [mem 0x39c000000000-0x39ffffffffff window]
[    1.690380] pci_bus 0000:d7: root bus resource [bus d7-ff]
[    1.690389] pci 0000:d7:00.0: [8086:2030] type 01 class 0x060400
[    1.690418] pci 0000:d7:00.0: enabling Extended Tags
[    1.690453] pci 0000:d7:00.0: PME# supported from D0 D3hot D3cold
[    1.690567] pci 0000:d7:05.0: [8086:2034] type 00 class 0x088000
[    1.690647] pci 0000:d7:05.2: [8086:2035] type 00 class 0x088000
[    1.690722] pci 0000:d7:05.4: [8086:2036] type 00 class 0x080020
[    1.690731] pci 0000:d7:05.4: reg 0x10: [mem 0xfbf00000-0xfbf00fff]
[    1.690813] pci 0000:d7:05.6: [8086:2037] type 00 class 0x110100
[    1.690889] pci 0000:d7:07.0: [8086:2038] type 00 class 0x088000
[    1.690969] pci 0000:d7:07.1: [8086:2039] type 00 class 0x088000
[    1.691045] pci 0000:d7:07.2: [8086:203a] type 00 class 0x088000
[    1.691120] pci 0000:d7:07.3: [8086:203b] type 00 class 0x088000
[    1.691196] pci 0000:d7:07.4: [8086:203c] type 00 class 0x088000
[    1.691270] pci 0000:d7:07.7: [8086:203d] type 00 class 0x088000
[    1.691347] pci 0000:d7:0e.0: [8086:2058] type 00 class 0x110100
[    1.692539] pci 0000:d7:0e.1: [8086:2059] type 00 class 0x088000
[    1.692539] pci 0000:d7:0e.2: [8086:205a] type 00 class 0x088000
[    1.692539] pci 0000:d7:0e.3: [8086:205b] type 00 class 0x088000
[    1.692539] pci 0000:d7:0f.0: [8086:2058] type 00 class 0x110100
[    1.692539] pci 0000:d7:0f.1: [8086:2059] type 00 class 0x088000
[    1.692546] pci 0000:d7:0f.2: [8086:205a] type 00 class 0x088000
[    1.692546] pci 0000:d7:12.0: [8086:204c] type 00 class 0x110100
[    1.692546] pci 0000:d7:12.1: [8086:204d] type 00 class 0x110100
[    1.692546] pci 0000:d7:12.2: [8086:204e] type 00 class 0x088000
[    1.692546] pci 0000:d7:12.3: [8086:204f] type 00 class 0x088000
[    1.692546] pci 0000:d7:15.0: [8086:2018] type 00 class 0x088000
[    1.692546] pci 0000:d7:15.1: [8086:2088] type 00 class 0x110100
[    1.692546] pci 0000:d7:15.3: [8086:2019] type 00 class 0x088000
[    1.692546] pci 0000:d7:16.0: [8086:2018] type 00 class 0x088000
[    1.692546] pci 0000:d7:16.1: [8086:2088] type 00 class 0x110100
[    1.692546] pci 0000:d7:16.3: [8086:2019] type 00 class 0x088000
[    1.692546] pci 0000:d7:16.4: [8086:2018] type 00 class 0x088000
[    1.692547] pci 0000:d7:16.5: [8086:2088] type 00 class 0x110100
[    1.692547] pci 0000:d7:16.7: [8086:2019] type 00 class 0x088000
[    1.692611] pci 0000:d8:00.0: [8086:24fd] type 00 class 0x028000
[    1.692651] pci 0000:d8:00.0: reg 0x10: [mem 0xfbe00000-0xfbe01fff 64bit]
[    1.692804] pci 0000:d8:00.0: PME# supported from D0 D3hot D3cold
[    1.692962] pci 0000:d7:00.0: PCI bridge to [bus d8]
[    1.692965] pci 0000:d7:00.0:   bridge window [mem 0xfbe00000-0xfbefffff]
[    1.692974] pci_bus 0000:d7: on NUMA node 1
[    1.693333] ACPI: PCI Interrupt Link [LNKA] (IRQs 3 4 5 6 7 10 *11 12 14 15)
[    1.693379] ACPI: PCI Interrupt Link [LNKB] (IRQs 3 4 5 6 7 *10 11 12 14 15)
[    1.693424] ACPI: PCI Interrupt Link [LNKC] (IRQs 3 4 5 6 10 *11 12 14 15)
[    1.693468] ACPI: PCI Interrupt Link [LNKD] (IRQs 3 4 5 6 10 *11 12 14 15)
[    1.693511] ACPI: PCI Interrupt Link [LNKE] (IRQs 3 4 5 6 7 10 *11 12 14 15)
[    1.693555] ACPI: PCI Interrupt Link [LNKF] (IRQs 3 4 5 6 7 10 *11 12 14 15)
[    1.693599] ACPI: PCI Interrupt Link [LNKG] (IRQs 3 4 5 6 7 10 *11 12 14 15)
[    1.693643] ACPI: PCI Interrupt Link [LNKH] (IRQs 3 4 5 6 7 10 *11 12 14 15)
[    1.694022] iommu: Default domain type: Translated
[    1.694035] pci 0000:04:00.0: vgaarb: setting as boot VGA device
[    1.694035] pci 0000:04:00.0: vgaarb: VGA device added: decodes=io+mem,owns=io+mem,locks=none
[    1.694035] pci 0000:b1:00.0: vgaarb: VGA device added: decodes=io+mem,owns=none,locks=none
[    1.694035] pci 0000:04:00.0: vgaarb: bridge control possible
[    1.694035] pci 0000:b1:00.0: vgaarb: bridge control possible
[    1.694035] pci 0000:b1:00.0: vgaarb: overriding boot device
[    1.694035] vgaarb: loaded
[    1.694035] SCSI subsystem initialized
[    1.694035] libata version 3.00 loaded.
[    1.694035] ACPI: bus type USB registered
[    1.694035] usbcore: registered new interface driver usbfs
[    1.694035] usbcore: registered new interface driver hub
[    1.694035] usbcore: registered new device driver usb
[    1.694035] mc: Linux media interface: v0.10
[    1.694035] videodev: Linux video capture interface: v2.00
[    1.694035] pps_core: LinuxPPS API ver. 1 registered
[    1.694035] pps_core: Software ver. 5.3.6 - Copyright 2005-2007 Rodolfo Giometti <giometti@linux.it>
[    1.694035] PTP clock support registered
[    1.695861] EDAC MC: Ver: 3.0.0
[    1.695932] Registered efivars operations
[    1.695975] Advanced Linux Sound Architecture Driver Initialized.
[    1.695975] PCI: Using ACPI for IRQ routing
[    1.699145] PCI: pci_cache_line_size set to 64 bytes
[    1.699583] e820: reserve RAM buffer [mem 0x0003e000-0x0003ffff]
[    1.699585] e820: reserve RAM buffer [mem 0x64261000-0x67ffffff]
[    1.699586] e820: reserve RAM buffer [mem 0x69eb6000-0x6bffffff]
[    1.699586] e820: reserve RAM buffer [mem 0x6c4ee000-0x6fffffff]
[    1.699715] Bluetooth: Core ver 2.22
[    1.699721] NET: Registered protocol family 31
[    1.699721] Bluetooth: HCI device and connection manager initialized
[    1.699722] Bluetooth: HCI socket layer initialized
[    1.699723] Bluetooth: L2CAP socket layer initialized
[    1.699725] Bluetooth: SCO socket layer initialized
[    1.699733] NetLabel: Initializing
[    1.699733] NetLabel:  domain hash size = 128
[    1.699734] NetLabel:  protocols = UNLABELED CIPSOv4 CALIPSO
[    1.699746] NetLabel:  unlabeled traffic allowed by default
[    1.699946] hpet0: at MMIO 0xfed00000, IRQs 2, 8, 0, 0, 0, 0, 0, 0
[    1.699949] hpet0: 8 comparators, 64-bit 24.000000 MHz counter
[    1.702610] clocksource: Switched to clocksource tsc-early
[    1.735473] VFS: Disk quotas dquot_6.6.0
[    1.735531] VFS: Dquot-cache hash table entries: 512 (order 0, 4096 bytes)
[    1.735590] FS-Cache: Loaded
[    1.735720] CacheFiles: Loaded
[    1.735748] pnp: PnP ACPI init
[    1.739086] pnp 00:00: Plug and Play ACPI device, IDs PNP0b00 (active)
[    1.739455] system 00:01: [io  0x0500-0x05fe] has been reserved
[    1.739456] system 00:01: [io  0x0400-0x047f] has been reserved
[    1.739457] system 00:01: [io  0x0600-0x061f] has been reserved
[    1.739459] system 00:01: [io  0x0880-0x0883] has been reserved
[    1.739460] system 00:01: [io  0x0800-0x081f] has been reserved
[    1.739464] system 00:01: [mem 0xfed1c000-0xfed3ffff] could not be reserved
[    1.739465] system 00:01: [mem 0xfed45000-0xfed8bfff] has been reserved
[    1.739466] system 00:01: [mem 0xff000000-0xffffffff] has been reserved
[    1.739467] system 00:01: [mem 0xfee00000-0xfeefffff] has been reserved
[    1.739468] system 00:01: [mem 0xfed12000-0xfed1200f] has been reserved
[    1.739469] system 00:01: [mem 0xfed12010-0xfed1201f] has been reserved
[    1.739470] system 00:01: [mem 0xfed1b000-0xfed1bfff] has been reserved
[    1.739476] system 00:01: Plug and Play ACPI device, IDs PNP0c02 (active)
[    1.740000] system 00:02: [io  0x0a00-0x0a0f] has been reserved
[    1.740001] system 00:02: [io  0x0a10-0x0a1f] has been reserved
[    1.740002] system 00:02: [io  0x0a20-0x0a2f] has been reserved
[    1.740003] system 00:02: [io  0x0a30-0x0a3f] has been reserved
[    1.740004] system 00:02: [io  0x0a40-0x0a4f] has been reserved
[    1.740011] system 00:02: Plug and Play ACPI device, IDs PNP0c02 (active)
[    1.740257] pnp 00:03: [dma 0 disabled]
[    1.740293] pnp 00:03: Plug and Play ACPI device, IDs PNP0501 (active)
[    1.740563] system 00:04: [mem 0xfd000000-0xfdabffff] has been reserved
[    1.740566] system 00:04: [mem 0xfdad0000-0xfdadffff] has been reserved
[    1.740567] system 00:04: [mem 0xfdb00000-0xfdffffff] has been reserved
[    1.740568] system 00:04: [mem 0xfe000000-0xfe00ffff] has been reserved
[    1.740569] system 00:04: [mem 0xfe011000-0xfe01ffff] has been reserved
[    1.740570] system 00:04: [mem 0xfe036000-0xfe03bfff] has been reserved
[    1.740571] system 00:04: [mem 0xfe03d000-0xfe3fffff] has been reserved
[    1.740573] system 00:04: [mem 0xfe410000-0xfe7fffff] has been reserved
[    1.740578] system 00:04: Plug and Play ACPI device, IDs PNP0c02 (active)
[    1.740931] system 00:05: [io  0x0f00-0x0ffe] has been reserved
[    1.740937] system 00:05: Plug and Play ACPI device, IDs PNP0c02 (active)
[    1.741668] pnp: PnP ACPI: found 6 devices
[    1.747788] clocksource: acpi_pm: mask: 0xffffff max_cycles: 0xffffff, max_idle_ns: 2085701024 ns
[    1.747861] pci 0000:00:1f.4: BAR 0: assigned [mem 0x380000000000-0x3800000000ff 64bit]
[    1.747871] pci 0000:00:1c.0: PCI bridge to [bus 01]
[    1.747879] pci 0000:00:1c.2: PCI bridge to [bus 02]
[    1.747883] pci 0000:00:1c.2:   bridge window [mem 0x9d100000-0x9d1fffff]
[    1.747889] pci 0000:03:00.0: PCI bridge to [bus 04]
[    1.747891] pci 0000:03:00.0:   bridge window [io  0x2000-0x2fff]
[    1.747896] pci 0000:03:00.0:   bridge window [mem 0x9c000000-0x9d0fffff]
[    1.747904] pci 0000:00:1c.5: PCI bridge to [bus 03-04]
[    1.747906] pci 0000:00:1c.5:   bridge window [io  0x2000-0x2fff]
[    1.747909] pci 0000:00:1c.5:   bridge window [mem 0x9c000000-0x9d0fffff]
[    1.747915] pci_bus 0000:00: resource 4 [io  0x0000-0x03af window]
[    1.747916] pci_bus 0000:00: resource 5 [io  0x03e0-0x0cf7 window]
[    1.747917] pci_bus 0000:00: resource 6 [io  0x03b0-0x03bb window]
[    1.747918] pci_bus 0000:00: resource 7 [io  0x03c0-0x03df window]
[    1.747919] pci_bus 0000:00: resource 8 [io  0x1000-0x3fff window]
[    1.747920] pci_bus 0000:00: resource 9 [mem 0x000a0000-0x000bffff window]
[    1.747921] pci_bus 0000:00: resource 10 [mem 0x000c4000-0x000c7fff window]
[    1.747922] pci_bus 0000:00: resource 11 [mem 0xfe010000-0xfe010fff window]
[    1.747922] pci_bus 0000:00: resource 12 [mem 0x90000000-0x9d7fffff window]
