Return-Path: <linux-kernel-owner@vger.kernel.org>
X-Original-To: lists+linux-kernel@lfdr.de
Delivered-To: lists+linux-kernel@lfdr.de
Received: from vger.kernel.org (vger.kernel.org [23.128.96.18])
	by mail.lfdr.de (Postfix) with ESMTP id 44FBE2FEC57
	for <lists+linux-kernel@lfdr.de>; Thu, 21 Jan 2021 14:53:34 +0100 (CET)
Received: (majordomo@vger.kernel.org) by vger.kernel.org via listexpand
        id S1730352AbhAUNxa (ORCPT <rfc822;lists+linux-kernel@lfdr.de>);
        Thu, 21 Jan 2021 08:53:30 -0500
Received: from mx2.cyber.ee ([193.40.6.72]:49423 "EHLO mx2.cyber.ee"
        rhost-flags-OK-OK-OK-OK) by vger.kernel.org with ESMTP
        id S1728568AbhAUNwo (ORCPT <rfc822;linux-kernel@vger.kernel.org>);
        Thu, 21 Jan 2021 08:52:44 -0500
X-Greylist: delayed 567 seconds by postgrey-1.27 at vger.kernel.org; Thu, 21 Jan 2021 08:51:59 EST
From:   Meelis Roos <mroos@linux.ee>
Subject: 5.11-rc4+git: Shortest NUMA path spans too many nodes
To:     LKML <linux-kernel@vger.kernel.org>
Message-ID: <3ec17983-7959-eccd-af25-400056a5877d@linux.ee>
Date:   Thu, 21 Jan 2021 15:41:33 +0200
User-Agent: Mozilla/5.0 (X11; Linux x86_64; rv:78.0) Gecko/20100101
 Thunderbird/78.6.1
MIME-Version: 1.0
Content-Type: text/plain; charset=utf-8; format=flowed
Content-Language: en-US
Content-Transfer-Encoding: 7bit
Precedence: bulk
List-ID: <linux-kernel.vger.kernel.org>
X-Mailing-List: linux-kernel@vger.kernel.org

This happens on Sun Fire X4600 M2 - 32 cores in 8 CPU slots. 5.10 was silent. Current git and
5.10.0-13256-g5814bc2d4cc2 exhibit this message in dmesg but otherwise seem to work fine
(kernel compilation succeeds).

[    2.810027] smp: Bringing up secondary CPUs ...
[    2.810027] x86: Booting SMP configuration:
[    2.810027] .... node  #0, CPUs:        #1  #2  #3
[    2.816380] .... node  #1, CPUs:    #4  #5  #6  #7
[    2.906453] .... node  #2, CPUs:    #8  #9 #10 #11
[    2.998491] .... node  #3, CPUs:   #12 #13 #14 #15
[    3.090470] .... node  #4, CPUs:   #16 #17 #18 #19
[    3.182453] .... node  #5, CPUs:   #20 #21 #22 #23
[    3.274472] .... node  #6, CPUs:   #24 #25 #26 #27
[    3.366496] .... node  #7, CPUs:   #28 #29 #30 #31
[    3.458319] smp: Brought up 8 nodes, 32 CPUs
[    3.458319] smpboot: Max logical packages: 8
[    3.458319] smpboot: Total of 32 processors activated (147138.09 BogoMIPS)
[    3.463111] ------------[ cut here ]------------
[    3.463127] Shortest NUMA path spans too many nodes
[    3.463139] WARNING: CPU: 0 PID: 1 at kernel/sched/topology.c:753 cpu_attach_domain+0x3f0/0x510
[    3.463161] Modules linked in:
[    3.463167] CPU: 0 PID: 1 Comm: swapper/0 Not tainted 5.11.0-rc4-00015-g45dfb8a5659a #54
[    3.463173] Hardware name: Sun Microsystems     Sun Fire X4600 M2/Sun Fire X4600 M2, BIOS 0ABIT132 12/03/2009
[    3.463176] RIP: 0010:cpu_attach_domain+0x3f0/0x510
[    3.463182] Code: 0f b6 05 1b e8 0a 01 3c 01 0f 87 9d 99 63 00 a8 01 0f 85 9f fd ff ff 48 c7 c7 d8 66 bb af c6 05 fd e7 0a 01 01 e8 38 71 63 00 <0f> 0b e9 85 fd ff ff 44 8b 74 24 04 45 31 ed b8 01 00 00 00 e9 fd
[    3.463187] RSP: 0018:ffff98ee46273e10 EFLAGS: 00010282
[    3.463191] RAX: 0000000000000000 RBX: 0000000000000000 RCX: ffff98ee46273c98
[    3.463193] RDX: 00000000ffffdfff RSI: 0000000000000003 RDI: 0000000000000000
[    3.463195] RBP: 0000000000020ec0 R08: 0000000000000003 R09: 0000000000000001
[    3.463197] R10: 0000000000002000 R11: 0000000000000001 R12: ffff970901303c00
[    3.463200] R13: ffff970c17c20ec0 R14: ffff970901306cc0 R15: ffff97182923d800
[    3.463202] FS:  0000000000000000(0000) GS:ffff970c17c00000(0000) knlGS:0000000000000000
[    3.463205] CS:  0010 DS: 0000 ES: 0000 CR0: 0000000080050033
[    3.463207] CR2: ffff97186b801000 CR3: 000000106b20a000 CR4: 00000000000006f0
[    3.463210] Call Trace:
[    3.463220]  build_sched_domains+0x1115/0x14a0
[    3.463227]  sched_init_smp+0x1d/0x5d
[    3.463236]  kernel_init_freeable+0xb7/0x233
[    3.463241]  ? rest_init+0xcd/0xcd
[    3.466034]  kernel_init+0x6/0x113
[    3.466038]  ? rest_init+0xcd/0xcd
[    3.466040]  ret_from_fork+0x22/0x30
[    3.466050] ---[ end trace abb3d1a04f45130f ]---


Full dmesg:
[    0.000000] Linux version 5.11.0-rc4-00015-g45dfb8a5659a (mroos@x4600m2) (gcc (Debian 10.2.1-6) 10.2.1 20210110, GNU ld (GNU Binutils for Debian) 2.35.1) #54 SMP Wed Jan 20 21:51:48 EET 2021
[    0.000000] Command line: BOOT_IMAGE=/boot/vmlinuz-5.11.0-rc4-00015-g45dfb8a5659a root=/dev/sda1 ro quiet
[    0.000000] x86/fpu: x87 FPU will use FXSAVE
[    0.000000] BIOS-provided physical RAM map:
[    0.000000] BIOS-e820: [mem 0x0000000000000000-0x0000000000099bff] usable
[    0.000000] BIOS-e820: [mem 0x0000000000099c00-0x000000000009ffff] reserved
[    0.000000] BIOS-e820: [mem 0x00000000000e6000-0x00000000000fffff] reserved
[    0.000000] BIOS-e820: [mem 0x0000000000100000-0x00000000d7f9ffff] usable
[    0.000000] BIOS-e820: [mem 0x00000000d7fae000-0x00000000d7faffff] type 9
[    0.000000] BIOS-e820: [mem 0x00000000d7fb0000-0x00000000d7fbdfff] ACPI data
[    0.000000] BIOS-e820: [mem 0x00000000d7fbe000-0x00000000d7feffff] ACPI NVS
[    0.000000] BIOS-e820: [mem 0x00000000d7ff0000-0x00000000d7ffffff] reserved
[    0.000000] BIOS-e820: [mem 0x00000000dc000000-0x00000000efffffff] reserved
[    0.000000] BIOS-e820: [mem 0x00000000fec00000-0x00000000fec00fff] reserved
[    0.000000] BIOS-e820: [mem 0x00000000fee00000-0x00000000fee00fff] reserved
[    0.000000] BIOS-e820: [mem 0x00000000ff700000-0x00000000ffffffff] reserved
[    0.000000] BIOS-e820: [mem 0x0000000100000000-0x0000002027ffffff] usable
[    0.000000] NX (Execute Disable) protection: active
[    0.000000] SMBIOS 2.5 present.
[    0.000000] DMI: Sun Microsystems     Sun Fire X4600 M2/Sun Fire X4600 M2, BIOS 0ABIT132 12/03/2009
[    0.000000] tsc: Fast TSC calibration using PIT
[    0.000000] tsc: Detected 2293.901 MHz processor
[    0.005877] e820: update [mem 0x00000000-0x00000fff] usable ==> reserved
[    0.005882] e820: remove [mem 0x000a0000-0x000fffff] usable
[    0.011599] AGP: No AGP bridge found
[    0.011735] last_pfn = 0x2028000 max_arch_pfn = 0x400000000
[    0.011758] MTRR default type: uncachable
[    0.011761] MTRR fixed ranges enabled:
[    0.011763]   00000-9FFFF write-back
[    0.011767]   A0000-EFFFF uncachable
[    0.011769]   F0000-FFFFF write-protect
[    0.011770] MTRR variable ranges enabled:
[    0.011772]   0 base 000000000000 mask FFFF80000000 write-back
[    0.011776]   1 base 000080000000 mask FFFFC0000000 write-back
[    0.011779]   2 base 0000C0000000 mask FFFFF0000000 write-back
[    0.011782]   3 base 0000D0000000 mask FFFFF8000000 write-back
[    0.011785]   4 disabled
[    0.011786]   5 disabled
[    0.011787]   6 disabled
[    0.011789]   7 disabled
[    0.011790] TOM2: 0000002028000000 aka 131712M
[    0.012826] x86/PAT: Configuration [0-7]: WB  WC  UC- UC  WB  WP  UC- WT
[    0.013142] e820: update [mem 0xd8000000-0xffffffff] usable ==> reserved
[    0.013175] last_pfn = 0xd7fa0 max_arch_pfn = 0x400000000
[    0.018491] found SMP MP-table at [mem 0x000ff780-0x000ff78f]
[    0.018545] Using GB pages for direct mapping
[    0.019097] ACPI: Early table checksum verification disabled
[    0.019106] ACPI: RSDP 0x00000000000F9EE0 000024 (v02 SUN   )
[    0.019115] ACPI: XSDT 0x00000000D7FB0100 00009C (v01 SUN    X4600 M2 00000132 MSFT 00000097)
[    0.019126] ACPI: FACP 0x00000000D7FB0290 0000F4 (v03 SUN    X4600 M2 00000132 MSFT 00000097)
[    0.019136] ACPI BIOS Warning (bug): 32/64X length mismatch in FADT/Gpe0Block: 64/32 (20201113/tbfadt-564)
[    0.019142] ACPI BIOS Warning (bug): 32/64X length mismatch in FADT/Gpe1Block: 128/64 (20201113/tbfadt-564)
[    0.019147] ACPI: DSDT 0x00000000D7FB0710 007DF7 (v01 SUN    X4600 M2 00000132 INTL 20051117)
[    0.019153] ACPI: FACS 0x00000000D7FBE000 000040
[    0.019156] ACPI: FACS 0x00000000D7FBE000 000040
[    0.019160] ACPI: APIC 0x00000000D7FB0390 000170 (v01 SUN    X4600 M2 00000132 MSFT 00000097)
[    0.019165] ACPI: SPCR 0x00000000D7FB0500 000050 (v01 SUN    X4600 M2 00000132 MSFT 00000097)
[    0.019169] ACPI: MCFG 0x00000000D7FB0550 00003C (v01 SUN    X4600 M2 00000132 MSFT 00000097)
[    0.019173] ACPI: SLIT 0x00000000D7FB064C 00006C (v01 SUN    X4600 M2 00000132 MSFT 00000097)
[    0.019178] ACPI: SPMI 0x00000000D7FB06C0 000041 (v05 SUN    OEMSPMI  00000132 MSFT 00000097)
[    0.019182] ACPI: OEMB 0x00000000D7FBE040 000063 (v01 SUN    X4600 M2 00000132 MSFT 00000097)
[    0.019187] ACPI: SRAT 0x00000000D7FB8510 0003C0 (v01 AMD    FAM_F_10 00000002 AMD  00000001)
[    0.019191] ACPI: HPET 0x00000000D7FB88D0 000038 (v01 SUN    X4600 M2 00000132 MSFT 00000097)
[    0.019195] ACPI: IPET 0x00000000D7FB8910 000038 (v01 SUN    X4600 M2 00000132 MSFT 00000097)
[    0.019200] ACPI: EINJ 0x00000000D7FB8950 000130 (v01 AMIER  AMI_EINJ 12000903 MSFT 00000097)
[    0.019205] ACPI: BERT 0x00000000D7FB8AE0 000030 (v01 AMIER  AMI_BERT 12000903 MSFT 00000097)
[    0.019209] ACPI: ERST 0x00000000D7FB8B10 0001B0 (v01 AMIER  AMI_ERST 12000903 MSFT 00000097)
[    0.019214] ACPI: HEST 0x00000000D7FB8CC0 0000A8 (v01 AMIER  ABC_HEST 12000903 MSFT 00000097)
[    0.019218] ACPI: SSDT 0x00000000D7FB8D70 005084 (v01 A M I  POWERNOW 00000001 AMD  00000001)
[    0.019234] ACPI: Local APIC address 0xfee00000
[    0.019342] SRAT: PXM 0 -> APIC 0x04 -> Node 0
[    0.019345] SRAT: PXM 0 -> APIC 0x05 -> Node 0
[    0.019347] SRAT: PXM 0 -> APIC 0x06 -> Node 0
[    0.019348] SRAT: PXM 0 -> APIC 0x07 -> Node 0
[    0.019350] SRAT: PXM 1 -> APIC 0x08 -> Node 1
[    0.019352] SRAT: PXM 1 -> APIC 0x09 -> Node 1
[    0.019354] SRAT: PXM 1 -> APIC 0x0a -> Node 1
[    0.019356] SRAT: PXM 1 -> APIC 0x0b -> Node 1
[    0.019357] SRAT: PXM 2 -> APIC 0x0c -> Node 2
[    0.019359] SRAT: PXM 2 -> APIC 0x0d -> Node 2
[    0.019360] SRAT: PXM 2 -> APIC 0x0e -> Node 2
[    0.019362] SRAT: PXM 2 -> APIC 0x0f -> Node 2
[    0.019364] SRAT: PXM 3 -> APIC 0x10 -> Node 3
[    0.019365] SRAT: PXM 3 -> APIC 0x11 -> Node 3
[    0.019367] SRAT: PXM 3 -> APIC 0x12 -> Node 3
[    0.019369] SRAT: PXM 3 -> APIC 0x13 -> Node 3
[    0.019371] SRAT: PXM 4 -> APIC 0x14 -> Node 4
[    0.019372] SRAT: PXM 4 -> APIC 0x15 -> Node 4
[    0.019374] SRAT: PXM 4 -> APIC 0x16 -> Node 4
[    0.019375] SRAT: PXM 4 -> APIC 0x17 -> Node 4
[    0.019377] SRAT: PXM 5 -> APIC 0x18 -> Node 5
[    0.019379] SRAT: PXM 5 -> APIC 0x19 -> Node 5
[    0.019380] SRAT: PXM 5 -> APIC 0x1a -> Node 5
[    0.019382] SRAT: PXM 5 -> APIC 0x1b -> Node 5
[    0.019384] SRAT: PXM 6 -> APIC 0x1c -> Node 6
[    0.019385] SRAT: PXM 6 -> APIC 0x1d -> Node 6
[    0.019387] SRAT: PXM 6 -> APIC 0x1e -> Node 6
[    0.019388] SRAT: PXM 6 -> APIC 0x1f -> Node 6
[    0.019390] SRAT: PXM 7 -> APIC 0x20 -> Node 7
[    0.019391] SRAT: PXM 7 -> APIC 0x21 -> Node 7
[    0.019393] SRAT: PXM 7 -> APIC 0x22 -> Node 7
[    0.019395] SRAT: PXM 7 -> APIC 0x23 -> Node 7
[    0.019399] ACPI: SRAT: Node 0 PXM 0 [mem 0x00000000-0x0009ffff]
[    0.019402] ACPI: SRAT: Node 0 PXM 0 [mem 0x00100000-0xd7ffffff]
[    0.019404] ACPI: SRAT: Node 0 PXM 0 [mem 0x100000000-0x427ffffff]
[    0.019406] ACPI: SRAT: Node 1 PXM 1 [mem 0x428000000-0x827ffffff]
[    0.019409] ACPI: SRAT: Node 2 PXM 2 [mem 0x828000000-0xc27ffffff]
[    0.019411] ACPI: SRAT: Node 3 PXM 3 [mem 0xc28000000-0x1027ffffff]
[    0.019413] ACPI: SRAT: Node 4 PXM 4 [mem 0x1028000000-0x1427ffffff]
[    0.019415] ACPI: SRAT: Node 5 PXM 5 [mem 0x1428000000-0x1827ffffff]
[    0.019417] ACPI: SRAT: Node 6 PXM 6 [mem 0x1828000000-0x1c27ffffff]
[    0.019419] ACPI: SRAT: Node 7 PXM 7 [mem 0x1c28000000-0x2027ffffff]
[    0.019425] NUMA: Initialized distance table, cnt=8
[    0.019429] NUMA: Node 0 [mem 0x00000000-0x0009ffff] + [mem 0x00100000-0xd7ffffff] -> [mem 0x00000000-0xd7ffffff]
[    0.019433] NUMA: Node 0 [mem 0x00000000-0xd7ffffff] + [mem 0x100000000-0x427ffffff] -> [mem 0x00000000-0x427ffffff]
[    0.019445] NODE_DATA(0) allocated [mem 0x427ffd000-0x427ffffff]
[    0.019452] NODE_DATA(1) allocated [mem 0x827ffd000-0x827ffffff]
[    0.019458] NODE_DATA(2) allocated [mem 0xc27ffd000-0xc27ffffff]
[    0.019465] NODE_DATA(3) allocated [mem 0x1027ffd000-0x1027ffffff]
[    0.019472] NODE_DATA(4) allocated [mem 0x1427ffd000-0x1427ffffff]
[    0.019479] NODE_DATA(5) allocated [mem 0x1827ffd000-0x1827ffffff]
[    0.019485] NODE_DATA(6) allocated [mem 0x1c27ffd000-0x1c27ffffff]
[    0.019492] NODE_DATA(7) allocated [mem 0x2027ffc000-0x2027ffefff]
[    0.019769] Zone ranges:
[    0.019771]   DMA      [mem 0x0000000000001000-0x0000000000ffffff]
[    0.019774]   DMA32    [mem 0x0000000001000000-0x00000000ffffffff]
[    0.019777]   Normal   [mem 0x0000000100000000-0x0000002027ffffff]
[    0.019780] Movable zone start for each node
[    0.019781] Early memory node ranges
[    0.019782]   node   0: [mem 0x0000000000001000-0x0000000000098fff]
[    0.019785]   node   0: [mem 0x0000000000100000-0x00000000d7f9ffff]
[    0.019787]   node   0: [mem 0x0000000100000000-0x0000000427ffffff]
[    0.019790]   node   1: [mem 0x0000000428000000-0x0000000827ffffff]
[    0.019793]   node   2: [mem 0x0000000828000000-0x0000000c27ffffff]
[    0.019797]   node   3: [mem 0x0000000c28000000-0x0000001027ffffff]
[    0.019800]   node   4: [mem 0x0000001028000000-0x0000001427ffffff]
[    0.019803]   node   5: [mem 0x0000001428000000-0x0000001827ffffff]
[    0.019806]   node   6: [mem 0x0000001828000000-0x0000001c27ffffff]
[    0.019809]   node   7: [mem 0x0000001c28000000-0x0000002027ffffff]
[    0.019826] Zeroed struct page in unavailable ranges: 200 pages
[    0.019828] Initmem setup node 0 [mem 0x0000000000001000-0x0000000427ffffff]
[    0.019833] On node 0 totalpages: 4194104
[    0.019836]   DMA zone: 64 pages used for memmap
[    0.019838]   DMA zone: 21 pages reserved
[    0.019840]   DMA zone: 3992 pages, LIFO batch:0
[    0.019968]   DMA32 zone: 13759 pages used for memmap
[    0.019970]   DMA32 zone: 880544 pages, LIFO batch:63
[    0.048459]   Normal zone: 51712 pages used for memmap
[    0.048466]   Normal zone: 3309568 pages, LIFO batch:63
[    0.154146] Initmem setup node 1 [mem 0x0000000428000000-0x0000000827ffffff]
[    0.154153] On node 1 totalpages: 4194304
[    0.154156]   Normal zone: 65536 pages used for memmap
[    0.154159]   Normal zone: 4194304 pages, LIFO batch:63
[    0.296569] Initmem setup node 2 [mem 0x0000000828000000-0x0000000c27ffffff]
[    0.296577] On node 2 totalpages: 4194304
[    0.296579]   Normal zone: 65536 pages used for memmap
[    0.296581]   Normal zone: 4194304 pages, LIFO batch:63
[    0.457530] Initmem setup node 3 [mem 0x0000000c28000000-0x0000001027ffffff]
[    0.457537] On node 3 totalpages: 4194304
[    0.457539]   Normal zone: 65536 pages used for memmap
[    0.457541]   Normal zone: 4194304 pages, LIFO batch:63
[    0.632336] Initmem setup node 4 [mem 0x0000001028000000-0x0000001427ffffff]
[    0.632343] On node 4 totalpages: 4194304
[    0.632345]   Normal zone: 65536 pages used for memmap
[    0.632348]   Normal zone: 4194304 pages, LIFO batch:63
[    0.792877] Initmem setup node 5 [mem 0x0000001428000000-0x0000001827ffffff]
[    0.792884] On node 5 totalpages: 4194304
[    0.792887]   Normal zone: 65536 pages used for memmap
[    0.792889]   Normal zone: 4194304 pages, LIFO batch:63
[    0.951184] Initmem setup node 6 [mem 0x0000001828000000-0x0000001c27ffffff]
[    0.951191] On node 6 totalpages: 4194304
[    0.951194]   Normal zone: 65536 pages used for memmap
[    0.951196]   Normal zone: 4194304 pages, LIFO batch:63
[    1.109349] Initmem setup node 7 [mem 0x0000001c28000000-0x0000002027ffffff]
[    1.109356] On node 7 totalpages: 4194304
[    1.109359]   Normal zone: 65536 pages used for memmap
[    1.109361]   Normal zone: 4194304 pages, LIFO batch:63
[    1.288969] ACPI: PM-Timer IO Port: 0xe008
[    1.288976] ACPI: Local APIC address 0xfee00000
[    1.288999] IOAPIC[0]: apic_id 0, version 17, address 0xfec00000, GSI 0-23
[    1.289006] IOAPIC[1]: apic_id 1, version 17, address 0xfe7fd000, GSI 48-54
[    1.289012] IOAPIC[2]: apic_id 2, version 17, address 0xfe7fc000, GSI 56-62
[    1.289020] IOAPIC[3]: apic_id 3, version 17, address 0xfeaff000, GSI 24-47
[    1.289024] ACPI: INT_SRC_OVR (bus 0 bus_irq 0 global_irq 2 dfl dfl)
[    1.289029] ACPI: INT_SRC_OVR (bus 0 bus_irq 9 global_irq 9 high level)
[    1.289032] ACPI: IRQ0 used by override.
[    1.289035] ACPI: IRQ9 used by override.
[    1.289037] Using ACPI (MADT) for SMP configuration information
[    1.289040] ACPI: HPET id: 0x10de8201 base: 0xfed00000
[    1.289048] ACPI: SPCR: SPCR table version 1
[    1.289052] ACPI: SPCR: console: uart,io,0x3f8,9600
[    1.289056] smpboot: Allowing 32 CPUs, 0 hotplug CPUs
[    1.289093] PM: hibernation: Registered nosave memory: [mem 0x00000000-0x00000fff]
[    1.289097] PM: hibernation: Registered nosave memory: [mem 0x00099000-0x00099fff]
[    1.289099] PM: hibernation: Registered nosave memory: [mem 0x0009a000-0x0009ffff]
[    1.289101] PM: hibernation: Registered nosave memory: [mem 0x000a0000-0x000e5fff]
[    1.289102] PM: hibernation: Registered nosave memory: [mem 0x000e6000-0x000fffff]
[    1.289105] PM: hibernation: Registered nosave memory: [mem 0xd7fa0000-0xd7fadfff]
[    1.289107] PM: hibernation: Registered nosave memory: [mem 0xd7fae000-0xd7faffff]
[    1.289109] PM: hibernation: Registered nosave memory: [mem 0xd7fb0000-0xd7fbdfff]
[    1.289110] PM: hibernation: Registered nosave memory: [mem 0xd7fbe000-0xd7feffff]
[    1.289112] PM: hibernation: Registered nosave memory: [mem 0xd7ff0000-0xd7ffffff]
[    1.289113] PM: hibernation: Registered nosave memory: [mem 0xd8000000-0xdbffffff]
[    1.289115] PM: hibernation: Registered nosave memory: [mem 0xdc000000-0xefffffff]
[    1.289117] PM: hibernation: Registered nosave memory: [mem 0xf0000000-0xfebfffff]
[    1.289118] PM: hibernation: Registered nosave memory: [mem 0xfec00000-0xfec00fff]
[    1.289120] PM: hibernation: Registered nosave memory: [mem 0xfec01000-0xfedfffff]
[    1.289121] PM: hibernation: Registered nosave memory: [mem 0xfee00000-0xfee00fff]
[    1.289123] PM: hibernation: Registered nosave memory: [mem 0xfee01000-0xff6fffff]
[    1.289125] PM: hibernation: Registered nosave memory: [mem 0xff700000-0xffffffff]
[    1.289129] [mem 0xf0000000-0xfebfffff] available for PCI devices
[    1.289135] clocksource: refined-jiffies: mask: 0xffffffff max_cycles: 0xffffffff, max_idle_ns: 7645519600211568 ns
[    1.294074] setup_percpu: NR_CPUS:32 nr_cpumask_bits:32 nr_cpu_ids:32 nr_node_ids:8
[    1.304962] percpu: Embedded 44 pages/cpu s139544 r8192 d32488 u524288
[    1.304980] pcpu-alloc: s139544 r8192 d32488 u524288 alloc=1*2097152
[    1.304986] pcpu-alloc: [0] 00 01 02 03 [1] 04 05 06 07
[    1.304997] pcpu-alloc: [2] 08 09 10 11 [3] 12 13 14 15
[    1.305006] pcpu-alloc: [4] 16 17 18 19 [5] 20 21 22 23
[    1.305018] pcpu-alloc: [6] 24 25 26 27 [7] 28 29 30 31
[    1.305100] Built 8 zonelists, mobility grouping on.  Total pages: 33029924
[    1.305103] Policy zone: Normal
[    1.305107] Kernel command line: BOOT_IMAGE=/boot/vmlinuz-5.11.0-rc4-00015-g45dfb8a5659a root=/dev/sda1 ro quiet
[    1.305179] printk: log_buf_len individual max cpu contribution: 4096 bytes
[    1.305181] printk: log_buf_len total cpu_extra contributions: 126976 bytes
[    1.305183] printk: log_buf_len min size: 131072 bytes
[    1.306071] printk: log_buf_len: 262144 bytes
[    1.306078] printk: early log buf free: 116912(89%)
[    1.306433] mem auto-init: stack:off, heap alloc:off, heap free:off
[    1.335519] AGP: Checking aperture...
[    1.341226] AGP: No AGP bridge found
[    1.341253] AGP: Node 0: aperture [bus addr 0xdc000000-0xdfffffff] (64MB)
[    1.341258] AGP: Node 1: aperture [bus addr 0xdc000000-0xdfffffff] (64MB)
[    1.341262] AGP: Node 2: aperture [bus addr 0xdc000000-0xdfffffff] (64MB)
[    1.341265] AGP: Node 3: aperture [bus addr 0xdc000000-0xdfffffff] (64MB)
[    1.341268] AGP: Node 4: aperture [bus addr 0xdc000000-0xdfffffff] (64MB)
[    1.341270] AGP: Node 5: aperture [bus addr 0xdc000000-0xdfffffff] (64MB)
[    1.341273] AGP: Node 6: aperture [bus addr 0xdc000000-0xdfffffff] (64MB)
[    1.341276] AGP: Node 7: aperture [bus addr 0xdc000000-0xdfffffff] (64MB)
[    2.611862] Memory: 132023920K/134216928K available (10243K kernel code, 1493K rwdata, 2480K rodata, 984K init, 1316K bss, 2192748K reserved, 0K cma-reserved)
[    2.612606] rcu: Hierarchical RCU implementation.
[    2.612611] 	Tracing variant of Tasks RCU enabled.
[    2.612613] rcu: RCU calculated value of scheduler-enlistment delay is 25 jiffies.
[    2.612670] NR_IRQS: 4352, nr_irqs: 1343, preallocated irqs: 16
[    2.613165] random: get_random_bytes called from start_kernel+0x314/0x460 with crng_init=0
[    2.613255] spurious 8259A interrupt: IRQ7.
[    2.617233] Console: colour VGA+ 80x25
[    2.617291] printk: console [tty0] enabled
[    2.617634] mempolicy: Enabling automatic NUMA balancing. Configure with numa_balancing= or the kernel.numa_balancing sysctl
[    2.617644] ACPI: Core revision 20201113
[    2.617977] clocksource: hpet: mask: 0xffffffff max_cycles: 0xffffffff, max_idle_ns: 76450417870 ns
[    2.618011] APIC: Switch to symmetric I/O mode setup
[    2.618013] Switched APIC routing to physical flat.
[    2.618701] ..TIMER: vector=0x30 apic1=0 pin1=2 apic2=0 pin2=0
[    2.638019] clocksource: tsc-early: mask: 0xffffffffffffffff max_cycles: 0x2110b3d692c, max_idle_ns: 440795319259 ns
[    2.638030] Calibrating delay loop (skipped), value calculated using timer frequency.. 4587.80 BogoMIPS (lpj=9175604)
[    2.638038] pid_max: default: 32768 minimum: 301
[    2.638463] LSM: Security Framework initializing
[    2.638606] AppArmor: AppArmor initialized
[    2.677893] Dentry cache hash table entries: 8388608 (order: 14, 67108864 bytes, vmalloc)
[    2.697301] Inode-cache hash table entries: 4194304 (order: 13, 33554432 bytes, vmalloc)
[    2.698107] Mount-cache hash table entries: 131072 (order: 8, 1048576 bytes, vmalloc)
[    2.698693] Mountpoint-cache hash table entries: 131072 (order: 8, 1048576 bytes, vmalloc)
[    2.699966] LVT offset 0 assigned for vector 0xf9
[    2.699977] process: using AMD E400 aware idle routine
[    2.699981] Last level iTLB entries: 4KB 512, 2MB 16, 4MB 8
[    2.699984] Last level dTLB entries: 4KB 512, 2MB 128, 4MB 64, 1GB 0
[    2.699996] Spectre V1 : Mitigation: usercopy/swapgs barriers and __user pointer sanitization
[    2.700000] Spectre V2 : Mitigation: Full AMD retpoline
[    2.700003] Spectre V2 : Spectre v2 / SpectreRSB mitigation: Filling RSB on context switch
[    2.700190] Freeing SMP alternatives memory: 28K
[    2.808986] smpboot: CPU0: Quad-Core AMD Opteron(tm) Processor 8356 (family: 0x10, model: 0x2, stepping: 0x3)
[    2.809310] Performance Events: AMD PMU driver.
[    2.809320] ... version:                0
[    2.809321] ... bit width:              48
[    2.809323] ... generic registers:      4
[    2.809325] ... value mask:             0000ffffffffffff
[    2.809327] ... max period:             00007fffffffffff
[    2.809328] ... fixed-purpose events:   0
[    2.809330] ... event mask:             000000000000000f
[    2.809510] rcu: Hierarchical SRCU implementation.
[    2.810021] NMI watchdog: Enabled. Permanently consumes one hw-PMU counter.
[    2.810027] smp: Bringing up secondary CPUs ...
[    2.810027] x86: Booting SMP configuration:
[    2.810027] .... node  #0, CPUs:        #1  #2  #3
[    2.816380] .... node  #1, CPUs:    #4  #5  #6  #7
[    2.906453] .... node  #2, CPUs:    #8  #9 #10 #11
[    2.998491] .... node  #3, CPUs:   #12 #13 #14 #15
[    3.090470] .... node  #4, CPUs:   #16 #17 #18 #19
[    3.182453] .... node  #5, CPUs:   #20 #21 #22 #23
[    3.274472] .... node  #6, CPUs:   #24 #25 #26 #27
[    3.366496] .... node  #7, CPUs:   #28 #29 #30 #31
[    3.458319] smp: Brought up 8 nodes, 32 CPUs
[    3.458319] smpboot: Max logical packages: 8
[    3.458319] smpboot: Total of 32 processors activated (147138.09 BogoMIPS)
[    3.463111] ------------[ cut here ]------------
[    3.463127] Shortest NUMA path spans too many nodes
[    3.463139] WARNING: CPU: 0 PID: 1 at kernel/sched/topology.c:753 cpu_attach_domain+0x3f0/0x510
[    3.463161] Modules linked in:
[    3.463167] CPU: 0 PID: 1 Comm: swapper/0 Not tainted 5.11.0-rc4-00015-g45dfb8a5659a #54
[    3.463173] Hardware name: Sun Microsystems     Sun Fire X4600 M2/Sun Fire X4600 M2, BIOS 0ABIT132 12/03/2009
[    3.463176] RIP: 0010:cpu_attach_domain+0x3f0/0x510
[    3.463182] Code: 0f b6 05 1b e8 0a 01 3c 01 0f 87 9d 99 63 00 a8 01 0f 85 9f fd ff ff 48 c7 c7 d8 66 bb af c6 05 fd e7 0a 01 01 e8 38 71 63 00 <0f> 0b e9 85 fd ff ff 44 8b 74 24 04 45 31 ed b8 01 00 00 00 e9 fd
[    3.463187] RSP: 0018:ffff98ee46273e10 EFLAGS: 00010282
[    3.463191] RAX: 0000000000000000 RBX: 0000000000000000 RCX: ffff98ee46273c98
[    3.463193] RDX: 00000000ffffdfff RSI: 0000000000000003 RDI: 0000000000000000
[    3.463195] RBP: 0000000000020ec0 R08: 0000000000000003 R09: 0000000000000001
[    3.463197] R10: 0000000000002000 R11: 0000000000000001 R12: ffff970901303c00
[    3.463200] R13: ffff970c17c20ec0 R14: ffff970901306cc0 R15: ffff97182923d800
[    3.463202] FS:  0000000000000000(0000) GS:ffff970c17c00000(0000) knlGS:0000000000000000
[    3.463205] CS:  0010 DS: 0000 ES: 0000 CR0: 0000000080050033
[    3.463207] CR2: ffff97186b801000 CR3: 000000106b20a000 CR4: 00000000000006f0
[    3.463210] Call Trace:
[    3.463220]  build_sched_domains+0x1115/0x14a0
[    3.463227]  sched_init_smp+0x1d/0x5d
[    3.463236]  kernel_init_freeable+0xb7/0x233
[    3.463241]  ? rest_init+0xcd/0xcd
[    3.466034]  kernel_init+0x6/0x113
[    3.466038]  ? rest_init+0xcd/0xcd
[    3.466040]  ret_from_fork+0x22/0x30
[    3.466050] ---[ end trace abb3d1a04f45130f ]---
[    3.484046] devtmpfs: initialized
[    3.484046] PM: Registering ACPI NVS region [mem 0xd7fbe000-0xd7feffff] (204800 bytes)
[    3.484046] clocksource: jiffies: mask: 0xffffffff max_cycles: 0xffffffff, max_idle_ns: 7645041785100000 ns
[    3.484046] futex hash table entries: 8192 (order: 7, 524288 bytes, vmalloc)
[    3.486349] NET: Registered protocol family 16
[    3.486533] audit: initializing netlink subsys (disabled)
[    3.486547] audit: type=2000 audit(1611172719.868:1): state=initialized audit_enabled=0 res=1
[    3.486547] thermal_sys: Registered thermal governor 'step_wise'
[    3.486547] cpuidle: using governor ladder
[    3.486547] cpuidle: using governor menu
[    3.486547] node 0 link 2: io port [8000, bfff]
[    3.486547] node 7 link 2: io port [c000, cfff]
[    3.486547] node 0 link 2: io port [e000, efff]
[    3.486547] node 7 link 2: io port [f000, ffff]
[    3.486547] TOM: 00000000d8000000 aka 3456M
[    3.486547] Fam 10h mmconf [mem 0xe0000000-0xefffffff]
[    3.486547] node 0 link 2: mmio [fbf00000, fe8fffff]
[    3.486547] node 7 link 2: mmio [fe900000, febfffff]
[    3.486547] node 7 link 2: mmio [fed10000, fed1ffff]
[    3.486547] node 7 link 2: mmio [e8000000, efffffff] ==> none
[    3.486547] node 0 link 2: mmio [a0000, bffff]
[    3.486547] node 0 link 2: mmio [e0000000, e7ffffff] ==> none
[    3.486547] TOM2: 0000002028000000 aka 131712M
[    3.486547] bus: [bus 00-06] on node 0 link 2
[    3.486547] bus: 00 [io  0x0000-0xbfff]
[    3.486547] bus: 00 [io  0xd000-0xefff]
[    3.486547] bus: 00 [mem 0xf0000000-0xfe8fffff]
[    3.486547] bus: 00 [mem 0x000a0000-0x000bffff]
[    3.486547] bus: 00 [mem 0xd8000000-0xdfffffff]
[    3.486547] bus: 00 [mem 0xfec00000-0xfed0ffff]
[    3.486547] bus: 00 [mem 0xfed20000-0xffffffff]
[    3.486547] bus: 00 [mem 0x2028000000-0xfcffffffff]
[    3.486547] bus: [bus 80-83] on node 7 link 2
[    3.486547] bus: 80 [io  0xc000-0xcfff]
[    3.486547] bus: 80 [io  0xf000-0xffff]
[    3.486547] bus: 80 [mem 0xfe900000-0xfebfffff]
[    3.486547] bus: 80 [mem 0xfed10000-0xfed1ffff]
[    3.486547] ACPI FADT declares the system doesn't support PCIe ASPM, so disable it
[    3.486547] ACPI: bus type PCI registered
[    3.486547] acpiphp: ACPI Hot Plug PCI Controller Driver version: 0.5
[    3.486547] PCI: MMCONFIG for domain 0000 [bus 00-ff] at [mem 0xe0000000-0xefffffff] (base 0xe0000000)
[    3.486547] PCI: AMD Family 10h NB with MMCONFIG support
[    3.486547] PCI: MMCONFIG at [mem 0xe0000000-0xefffffff] reserved in E820
[    3.486547] PCI: Using configuration type 1 for base access
[    3.491599] HugeTLB registered 1.00 GiB page size, pre-allocated 0 pages
[    3.491599] HugeTLB registered 2.00 MiB page size, pre-allocated 0 pages
[    3.491599] ACPI: Added _OSI(Module Device)
[    3.491599] ACPI: Added _OSI(Processor Device)
[    3.491599] ACPI: Added _OSI(3.0 _SCP Extensions)
[    3.491599] ACPI: Added _OSI(Processor Aggregator Device)
[    3.491599] ACPI: Added _OSI(Linux-Dell-Video)
[    3.491599] ACPI: Added _OSI(Linux-Lenovo-NV-HDMI-Audio)
[    3.491599] ACPI: Added _OSI(Linux-HPI-Hybrid-Graphics)
[    3.508474] ACPI: 2 ACPI AML tables successfully acquired and loaded
[    3.512482] ACPI: Interpreter enabled
[    3.512513] ACPI: (supports S0 S1 S5)
[    3.512517] ACPI: Using IOAPIC for interrupt routing
[    3.512659] HEST: Table parsing has been initialized.
[    3.512664] PCI: Using host bridge windows from ACPI; if necessary, use "pci=nocrs" and report a bug
[    3.513314] ACPI: Enabled 4 GPEs in block 00 to 1F
[    3.558858] ACPI: PCI Root Bridge [PCI0] (domain 0000 [bus 00-06])
[    3.558881] acpi PNP0A03:00: _OSC: OS supports [ExtendedConfig ASPM ClockPM Segments MSI EDR HPX-Type3]
[    3.559143] acpi PNP0A03:00: _OSC: platform does not support [LTR DPC]
[    3.559385] acpi PNP0A03:00: _OSC: OS now controls [PCIeHotplug PME AER PCIeCapability]
[    3.559388] acpi PNP0A03:00: FADT indicates ASPM is unsupported, using BIOS configuration
[    3.568207] PCI host bridge to bus 0000:00
[    3.568210] pci_bus 0000:00: root bus resource [io  0x0000-0x03af window]
[    3.568215] pci_bus 0000:00: root bus resource [io  0x03b0-0x03bb window]
[    3.568217] pci_bus 0000:00: root bus resource [io  0x03bc-0x03bf window]
[    3.568220] pci_bus 0000:00: root bus resource [io  0x03c0-0x03df window]
[    3.568223] pci_bus 0000:00: root bus resource [io  0x03e0-0xbfff window]
[    3.568226] pci_bus 0000:00: root bus resource [io  0xd000-0xefff window]
[    3.568228] pci_bus 0000:00: root bus resource [mem 0xd8000000-0xe7ffffff window]
[    3.568232] pci_bus 0000:00: root bus resource [mem 0xf0000000-0xfe8fffff window]
[    3.568234] pci_bus 0000:00: root bus resource [mem 0xfec00000-0xfed0ffff window]
[    3.568237] pci_bus 0000:00: root bus resource [mem 0x000a0000-0x000bffff window]
[    3.568240] pci_bus 0000:00: root bus resource [mem 0xfed20000-0xffffffff window]
[    3.568243] pci_bus 0000:00: root bus resource [bus 00-06]
[    3.568270] pci 0000:00:00.0: [10de:005e] type 00 class 0x058000
[    3.568491] pci 0000:00:01.0: [10de:0051] type 00 class 0x060100
[    3.568663] pci 0000:00:01.1: [10de:0052] type 00 class 0x0c0500
[    3.568709] pci 0000:00:01.1: reg 0x10: [io  0xee00-0xee1f]
[    3.568724] pci 0000:00:01.1: reg 0x20: [io  0xed00-0xed3f]
[    3.568739] pci 0000:00:01.1: reg 0x24: [io  0xed40-0xed7f]
[    3.568785] pci 0000:00:01.1: PME# supported from D3hot D3cold
[    3.568923] pci 0000:00:02.0: [10de:005a] type 00 class 0x0c0310
[    3.568935] pci 0000:00:02.0: reg 0x10: [mem 0xfe7ff000-0xfe7fffff]
[    3.568992] pci 0000:00:02.0: supports D1 D2
[    3.569008] pci 0000:00:02.0: PME# supported from D0 D1 D2 D3hot D3cold
[    3.569126] pci 0000:00:02.1: [10de:005b] type 00 class 0x0c0320
[    3.569135] pci 0000:00:02.1: reg 0x10: [mem 0xfe7fec00-0xfe7fecff]
[    3.569224] pci 0000:00:02.1: supports D1 D2
[    3.569234] pci 0000:00:02.1: PME# supported from D0 D1 D2 D3hot D3cold
[    3.569390] pci 0000:00:06.0: [10de:0053] type 00 class 0x01018a
[    3.569426] pci 0000:00:06.0: reg 0x20: [io  0xefa0-0xefaf]
[    3.569464] pci 0000:00:06.0: legacy IDE quirk: reg 0x10: [io  0x01f0-0x01f7]
[    3.569475] pci 0000:00:06.0: legacy IDE quirk: reg 0x14: [io  0x03f6]
[    3.569478] pci 0000:00:06.0: legacy IDE quirk: reg 0x18: [io  0x0170-0x0177]
[    3.569480] pci 0000:00:06.0: legacy IDE quirk: reg 0x1c: [io  0x0376]
[    3.569641] pci 0000:00:09.0: [10de:005c] type 01 class 0x060401
[    3.569838] pci 0000:00:0c.0: [10de:005d] type 01 class 0x060400
[    3.569945] pci 0000:00:0c.0: PME# supported from D0 D1 D2 D3hot D3cold
[    3.570100] pci 0000:00:0d.0: [10de:005d] type 01 class 0x060400
[    3.570193] pci 0000:00:0d.0: PME# supported from D0 D1 D2 D3hot D3cold
[    3.570343] pci 0000:00:0e.0: [10de:005d] type 01 class 0x060400
[    3.570415] pci 0000:00:0e.0: PME# supported from D0 D1 D2 D3hot D3cold
[    3.570576] pci 0000:00:10.0: [1022:7458] type 01 class 0x060400
[    3.570622] pci 0000:00:10.0: Enabling HT MSI Mapping
[    3.570752] pci 0000:00:10.1: [1022:7459] type 00 class 0x080010
[    3.570765] pci 0000:00:10.1: reg 0x10: [mem 0xfe7fd000-0xfe7fdfff 64bit]
[    3.570924] pci 0000:00:11.0: [1022:7458] type 01 class 0x060400
[    3.570960] pci 0000:00:11.0: Enabling HT MSI Mapping
[    3.571116] pci 0000:00:11.1: [1022:7459] type 00 class 0x080010
[    3.571130] pci 0000:00:11.1: reg 0x10: [mem 0xfe7fc000-0xfe7fcfff 64bit]
[    3.571325] pci 0000:00:18.0: [1022:1200] type 00 class 0x060000
[    3.571468] pci 0000:00:18.1: [1022:1201] type 00 class 0x060000
[    3.571595] pci 0000:00:18.2: [1022:1202] type 00 class 0x060000
[    3.571712] pci 0000:00:18.3: [1022:1203] type 00 class 0x060000
[    3.571831] pci 0000:00:18.4: [1022:1204] type 00 class 0x060000
[    3.571953] pci 0000:00:19.0: [1022:1200] type 00 class 0x060000
[    3.572063] pci 0000:00:19.1: [1022:1201] type 00 class 0x060000
[    3.572167] pci 0000:00:19.2: [1022:1202] type 00 class 0x060000
[    3.572284] pci 0000:00:19.3: [1022:1203] type 00 class 0x060000
[    3.572443] pci 0000:00:19.4: [1022:1204] type 00 class 0x060000
[    3.572584] pci 0000:00:1a.0: [1022:1200] type 00 class 0x060000
[    3.572700] pci 0000:00:1a.1: [1022:1201] type 00 class 0x060000
[    3.572841] pci 0000:00:1a.2: [1022:1202] type 00 class 0x060000
[    3.572977] pci 0000:00:1a.3: [1022:1203] type 00 class 0x060000
[    3.573105] pci 0000:00:1a.4: [1022:1204] type 00 class 0x060000
[    3.573228] pci 0000:00:1b.0: [1022:1200] type 00 class 0x060000
[    3.573352] pci 0000:00:1b.1: [1022:1201] type 00 class 0x060000
[    3.573494] pci 0000:00:1b.2: [1022:1202] type 00 class 0x060000
[    3.573620] pci 0000:00:1b.3: [1022:1203] type 00 class 0x060000
[    3.573737] pci 0000:00:1b.4: [1022:1204] type 00 class 0x060000
[    3.573867] pci 0000:00:1c.0: [1022:1200] type 00 class 0x060000
[    3.574014] pci 0000:00:1c.1: [1022:1201] type 00 class 0x060000
[    3.574147] pci 0000:00:1c.2: [1022:1202] type 00 class 0x060000
[    3.574277] pci 0000:00:1c.3: [1022:1203] type 00 class 0x060000
[    3.574407] pci 0000:00:1c.4: [1022:1204] type 00 class 0x060000
[    3.574530] pci 0000:00:1d.0: [1022:1200] type 00 class 0x060000
[    3.574663] pci 0000:00:1d.1: [1022:1201] type 00 class 0x060000
[    3.574801] pci 0000:00:1d.2: [1022:1202] type 00 class 0x060000
[    3.574933] pci 0000:00:1d.3: [1022:1203] type 00 class 0x060000
[    3.575068] pci 0000:00:1d.4: [1022:1204] type 00 class 0x060000
[    3.575224] pci 0000:00:1e.0: [1022:1200] type 00 class 0x060000
[    3.575378] pci 0000:00:1e.1: [1022:1201] type 00 class 0x060000
[    3.575507] pci 0000:00:1e.2: [1022:1202] type 00 class 0x060000
[    3.575661] pci 0000:00:1e.3: [1022:1203] type 00 class 0x060000
[    3.575794] pci 0000:00:1e.4: [1022:1204] type 00 class 0x060000
[    3.575915] pci 0000:00:1f.0: [1022:1200] type 00 class 0x060000
[    3.576038] pci 0000:00:1f.1: [1022:1201] type 00 class 0x060000
[    3.576171] pci 0000:00:1f.2: [1022:1202] type 00 class 0x060000
[    3.576293] pci 0000:00:1f.3: [1022:1203] type 00 class 0x060000
[    3.576429] pci 0000:00:1f.4: [1022:1204] type 00 class 0x060000
[    3.576580] pci_bus 0000:01: extended config space not accessible
[    3.576616] pci 0000:01:06.0: [1002:4752] type 00 class 0x030000
[    3.576633] pci 0000:01:06.0: reg 0x10: [mem 0xfd000000-0xfdffffff]
[    3.576654] pci 0000:01:06.0: reg 0x14: [io  0x8800-0x88ff]
[    3.576665] pci 0000:01:06.0: reg 0x18: [mem 0xfcfff000-0xfcffffff]
[    3.576700] pci 0000:01:06.0: reg 0x30: [mem 0xfcfc0000-0xfcfdffff pref]
[    3.576772] pci 0000:01:06.0: supports D1 D2
[    3.576874] pci 0000:00:09.0: PCI bridge to [bus 01] (subtractive decode)
[    3.576905] pci 0000:00:09.0:   bridge window [io  0x8000-0x8fff]
[    3.576908] pci 0000:00:09.0:   bridge window [mem 0xfbf00000-0xfdffffff]
[    3.576913] pci 0000:00:09.0:   bridge window [io  0x0000-0x03af window] (subtractive decode)
[    3.576916] pci 0000:00:09.0:   bridge window [io  0x03b0-0x03bb window] (subtractive decode)
[    3.576919] pci 0000:00:09.0:   bridge window [io  0x03bc-0x03bf window] (subtractive decode)
[    3.576922] pci 0000:00:09.0:   bridge window [io  0x03c0-0x03df window] (subtractive decode)
[    3.576925] pci 0000:00:09.0:   bridge window [io  0x03e0-0xbfff window] (subtractive decode)
[    3.576928] pci 0000:00:09.0:   bridge window [io  0xd000-0xefff window] (subtractive decode)
[    3.576930] pci 0000:00:09.0:   bridge window [mem 0xd8000000-0xe7ffffff window] (subtractive decode)
[    3.576933] pci 0000:00:09.0:   bridge window [mem 0xf0000000-0xfe8fffff window] (subtractive decode)
[    3.576936] pci 0000:00:09.0:   bridge window [mem 0xfec00000-0xfed0ffff window] (subtractive decode)
[    3.576939] pci 0000:00:09.0:   bridge window [mem 0x000a0000-0x000bffff window] (subtractive decode)
[    3.576942] pci 0000:00:09.0:   bridge window [mem 0xfed20000-0xffffffff window] (subtractive decode)
[    3.576987] pci 0000:00:0c.0: PCI bridge to [bus 02]
[    3.577044] pci 0000:03:00.0: [1077:2432] type 00 class 0x0c0400
[    3.577074] pci 0000:03:00.0: reg 0x10: [io  0x9800-0x98ff]
[    3.577105] pci 0000:03:00.0: reg 0x14: [mem 0xfe0fc000-0xfe0fffff 64bit]
[    3.577149] pci 0000:03:00.0: reg 0x30: [mem 0xfe080000-0xfe0bffff pref]
[    3.586052] pci 0000:00:0d.0: PCI bridge to [bus 03]
[    3.586057] pci 0000:00:0d.0:   bridge window [io  0x9000-0x9fff]
[    3.586060] pci 0000:00:0d.0:   bridge window [mem 0xfe000000-0xfe0fffff]
[    3.586097] pci 0000:00:0e.0: PCI bridge to [bus 04]
[    3.586120] pci_bus 0000:05: extended config space not accessible
[    3.586146] pci 0000:05:01.0: [8086:1010] type 00 class 0x020000
[    3.586157] pci 0000:05:01.0: reg 0x10: [mem 0xfe1e0000-0xfe1fffff 64bit]
[    3.586183] pci 0000:05:01.0: reg 0x20: [io  0xac00-0xac3f]
[    3.586248] pci 0000:05:01.0: PME# supported from D0 D3hot
[    3.586315] pci 0000:05:01.1: [8086:1010] type 00 class 0x020000
[    3.586326] pci 0000:05:01.1: reg 0x10: [mem 0xfe1c0000-0xfe1dffff 64bit]
[    3.586356] pci 0000:05:01.1: reg 0x20: [io  0xa800-0xa83f]
[    3.586420] pci 0000:05:01.1: PME# supported from D0 D3hot
[    3.586498] pci 0000:05:02.0: [8086:1010] type 00 class 0x020000
[    3.586527] pci 0000:05:02.0: reg 0x10: [mem 0xfe1a0000-0xfe1bffff 64bit]
[    3.586553] pci 0000:05:02.0: reg 0x20: [io  0xa400-0xa43f]
[    3.586605] pci 0000:05:02.0: PME# supported from D0 D3hot
[    3.586670] pci 0000:05:02.1: [8086:1010] type 00 class 0x020000
[    3.586681] pci 0000:05:02.1: reg 0x10: [mem 0xfe180000-0xfe19ffff 64bit]
[    3.586701] pci 0000:05:02.1: reg 0x20: [io  0xa000-0xa03f]
[    3.586754] pci 0000:05:02.1: PME# supported from D0 D3hot
[    3.586818] pci 0000:00:10.0: PCI bridge to [bus 05]
[    3.586832] pci 0000:00:10.0:   bridge window [io  0xa000-0xafff]
[    3.586844] pci 0000:00:10.0:   bridge window [mem 0xfe100000-0xfe1fffff]
[    3.586860] pci_bus 0000:06: extended config space not accessible
[    3.586917] pci 0000:06:04.0: [1000:0050] type 00 class 0x010000
[    3.586930] pci 0000:06:04.0: reg 0x10: [io  0xb800-0xb8ff]
[    3.586939] pci 0000:06:04.0: reg 0x14: [mem 0xfe6fc000-0xfe6fffff 64bit]
[    3.586950] pci 0000:06:04.0: reg 0x1c: [mem 0xfe6e0000-0xfe6effff 64bit]
[    3.586962] pci 0000:06:04.0: reg 0x30: [mem 0xfe400000-0xfe5fffff pref]
[    3.587002] pci 0000:06:04.0: supports D1 D2
[    3.587068] pci 0000:00:11.0: PCI bridge to [bus 06]
[    3.587090] pci 0000:00:11.0:   bridge window [io  0xb000-0xbfff]
[    3.587118] pci 0000:00:11.0:   bridge window [mem 0xfe200000-0xfe6fffff]
[    3.594671] ACPI: PCI Root Bridge [PCIB] (domain 0000 [bus 80-83])
[    3.594681] acpi PNP0A03:03: _OSC: OS supports [ExtendedConfig ASPM ClockPM Segments MSI EDR HPX-Type3]
[    3.594930] acpi PNP0A03:03: _OSC: platform does not support [LTR DPC]
[    3.595171] acpi PNP0A03:03: _OSC: OS now controls [PCIeHotplug PME AER PCIeCapability]
[    3.595174] acpi PNP0A03:03: FADT indicates ASPM is unsupported, using BIOS configuration
[    3.595186] acpi PNP0A03:03: [Firmware Bug]: no _PXM; falling back to node 7 from hardware (may be inconsistent with ACPI node numbers)
[    3.600527] PCI host bridge to bus 0000:80
[    3.600530] pci_bus 0000:80: root bus resource [io  0xc000-0xcfff window]
[    3.600534] pci_bus 0000:80: root bus resource [io  0xf000-0xffff window]
[    3.600537] pci_bus 0000:80: root bus resource [mem 0xfe900000-0xfebfffff window]
[    3.600540] pci_bus 0000:80: root bus resource [mem 0xfed10000-0xfed1ffff window]
[    3.600543] pci_bus 0000:80: root bus resource [mem 0xe8000000-0xefffffff window]
[    3.600545] pci_bus 0000:80: root bus resource [bus 80-83]
[    3.600566] pci 0000:80:00.0: [10de:005e] type 00 class 0x058000
[    3.600752] pci 0000:80:01.0: [10de:00d3] type 00 class 0x058000
[    3.600767] pci 0000:80:01.0: reg 0x14: [mem 0xfeaff000-0xfeafffff]
[    3.600976] pci 0000:80:0c.0: [10de:005d] type 01 class 0x060400
[    3.601020] pci 0000:80:0c.0: PME# supported from D0 D1 D2 D3hot D3cold
[    3.601153] pci 0000:80:0d.0: [10de:005d] type 01 class 0x060400
[    3.601214] pci 0000:80:0d.0: PME# supported from D0 D1 D2 D3hot D3cold
[    3.601363] pci 0000:80:0e.0: [10de:005d] type 01 class 0x060400
[    3.601436] pci 0000:80:0e.0: PME# supported from D0 D1 D2 D3hot D3cold
[    3.601635] pci 0000:80:0c.0: PCI bridge to [bus 81]
[    3.601699] pci 0000:82:00.0: [1077:2432] type 00 class 0x0c0400
[    3.601727] pci 0000:82:00.0: reg 0x10: [io  0xc800-0xc8ff]
[    3.601759] pci 0000:82:00.0: reg 0x14: [mem 0xfe9fc000-0xfe9fffff 64bit]
[    3.601807] pci 0000:82:00.0: reg 0x30: [mem 0xfe980000-0xfe9bffff pref]
[    3.610041] pci 0000:80:0d.0: PCI bridge to [bus 82]
[    3.610046] pci 0000:80:0d.0:   bridge window [io  0xc000-0xcfff]
[    3.610049] pci 0000:80:0d.0:   bridge window [mem 0xfe900000-0xfe9fffff]
[    3.610092] pci 0000:80:0e.0: PCI bridge to [bus 83]
[    3.610420] ACPI: PCI Interrupt Link [LNKA] (IRQs 16 17 18 19) *10
[    3.610601] ACPI: PCI Interrupt Link [LNKB] (IRQs 16 17 18 19) *7
[    3.610767] ACPI: PCI Interrupt Link [LNKC] (IRQs 16 17 18 19) *5
[    3.610936] ACPI: PCI Interrupt Link [LNKD] (IRQs 16 17 18 19) *15
[    3.611099] ACPI: PCI Interrupt Link [LNKE] (IRQs 16 17 18 19) *0, disabled.
[    3.611304] ACPI: PCI Interrupt Link [LUS0] (IRQs 20 21 22) *11
[    3.611479] ACPI: PCI Interrupt Link [LUS1] (IRQs 20 21 22) *0, disabled.
[    3.611638] ACPI: PCI Interrupt Link [LUS2] (IRQs 20 21 22) *5
[    3.611824] ACPI: PCI Interrupt Link [LKLN] (IRQs 20 21 22) *0, disabled.
[    3.611983] ACPI: PCI Interrupt Link [LAUI] (IRQs 20 21 22) *0, disabled.
[    3.612159] ACPI: PCI Interrupt Link [LKMO] (IRQs 20 21 22) *0, disabled.
[    3.612337] ACPI: PCI Interrupt Link [LKSM] (IRQs 20 21 22) *0, disabled.
[    3.612512] ACPI: PCI Interrupt Link [LTID] (IRQs 20 21 22) *0, disabled.
[    3.612671] ACPI: PCI Interrupt Link [LTIE] (IRQs 20 21 22) *0, disabled.
[    3.612858] ACPI: PCI Interrupt Link [LATA] (IRQs 20 21 22) *14
[    3.613039] ACPI: PCI Interrupt Link [LN2A] (IRQs 40 41 42 43) *10
[    3.613229] ACPI: PCI Interrupt Link [LN2B] (IRQs 40 41 42 43) *7
[    3.613399] ACPI: PCI Interrupt Link [LN2C] (IRQs 40 41 42 43) *5
[    3.613566] ACPI: PCI Interrupt Link [LN2D] (IRQs 40 41 42 43) *15
[    3.614136] ACPI: PCI Interrupt Link [LN4A] (IRQs 40 41 42 43) *15
[    3.614313] ACPI: PCI Interrupt Link [LN4B] (IRQs 40 41 42 43) *15
[    3.614475] ACPI: PCI Interrupt Link [LN4C] (IRQs 40 41 42 43) *15
[    3.614641] ACPI: PCI Interrupt Link [LN4D] (IRQs 40 41 42 43) *15
[    3.614828] ACPI: PCI Interrupt Link [LN6A] (IRQs 40 41 42 43) *15
[    3.614984] ACPI: PCI Interrupt Link [LN6B] (IRQs 40 41 42 43) *15
[    3.615164] ACPI: PCI Interrupt Link [LN6C] (IRQs 40 41 42 43) *15
[    3.615330] ACPI: PCI Interrupt Link [LN6D] (IRQs 40 41 42 43) *15
[    3.615529] ACPI: PCI Interrupt Link [LK2N] (IRQs 44 45 46 47) *0, disabled.
[    3.615689] ACPI: PCI Interrupt Link [LK4N] (IRQs 44 45 46 47) *15
[    3.615840] ACPI: PCI Interrupt Link [LK6N] (IRQs 44 45 46 47) *15
[    3.616007] ACPI: PCI Interrupt Link [LT3D] (IRQs 44 45 46 47) *0, disabled.
[    3.616188] ACPI: PCI Interrupt Link [LT2E] (IRQs 44 45 46 47) *0, disabled.
[    3.616548] iommu: Default domain type: Passthrough
[    3.616581] pci 0000:01:06.0: vgaarb: setting as boot VGA device
[    3.616581] pci 0000:01:06.0: vgaarb: VGA device added: decodes=io+mem,owns=io+mem,locks=none
[    3.616581] pci 0000:01:06.0: vgaarb: bridge control possible
[    3.616581] vgaarb: loaded
[    3.616581] SCSI subsystem initialized
[    3.616581] PCI: Using ACPI for IRQ routing
[    3.623068] PCI: pci_cache_line_size set to 64 bytes
[    3.623179] Expanded resource Reserved due to conflict with PCI Bus 0000:00
[    3.623182] e820: reserve RAM buffer [mem 0x00099c00-0x0009ffff]
[    3.623188] e820: reserve RAM buffer [mem 0xd7fa0000-0xd7ffffff]
[    3.623202] hpet: 3 channels of 0 reserved for per-cpu timers
[    3.623202] hpet0: at MMIO 0xfed00000, IRQs 2, 8, 31
[    3.623202] hpet0: 3 comparators, 32-bit 25.000000 MHz counter
[    3.624759] clocksource: Switched to clocksource tsc-early
[    3.624759] AppArmor: AppArmor Filesystem Enabled
[    3.624759] pnp: PnP ACPI init
[    3.624759] pnp 00:00: Plug and Play ACPI device, IDs PNP0b00 (active)
[    3.624759] pnp 00:01: [dma 0 disabled]
[    3.624759] pnp 00:01: Plug and Play ACPI device, IDs PNP0501 (active)
[    3.624759] system 00:02: [io  0x0190-0x0193] has been reserved
[    3.624759] system 00:02: [io  0x04d0-0x04d1] has been reserved
[    3.624759] system 00:02: [io  0xe000-0xe0ff window] has been reserved
[    3.624759] system 00:02: [io  0xe400-0xe4ff window] has been reserved
[    3.624759] system 00:02: [io  0xe800-0xe8ff window] has been reserved
[    3.624759] system 00:02: [mem 0xffb80000-0xfffffffe] has been reserved
[    3.624759] system 00:02: Plug and Play ACPI device, IDs PNP0c02 (active)
[    3.624759] system 00:03: [io  0x0cf8-0x0cff] could not be reserved
[    3.624759] system 00:03: [io  0x0ca0-0x0ca5] could not be reserved
[    3.624759] system 00:03: [io  0x0ca8-0x0caf] has been reserved
[    3.624759] system 00:03: [mem 0xfec00000-0xfec00fff] could not be reserved
[    3.624759] system 00:03: [mem 0xfee00000-0xfeefffff] could not be reserved
[    3.624759] system 00:03: [mem 0xfefff000-0xfeffffff] has been reserved
[    3.624759] system 00:03: Plug and Play ACPI device, IDs PNP0c02 (active)
[    3.624794] system 00:04: [io  0x0680-0x06ff] has been reserved
[    3.624804] system 00:04: Plug and Play ACPI device, IDs PNP0c02 (active)
[    3.624974] system 00:05: [mem 0xe0000000-0xefffffff] could not be reserved
[    3.624983] system 00:05: Plug and Play ACPI device, IDs PNP0c02 (active)
[    3.625259] system 00:06: [mem 0x00000000-0x0009ffff] could not be reserved
[    3.625264] system 00:06: [mem 0x000c0000-0x000dffff] could not be reserved
[    3.625267] system 00:06: [mem 0x000e0000-0x000fffff] could not be reserved
[    3.625271] system 00:06: [mem 0x00100000-0xd7ffffff] could not be reserved
[    3.625279] system 00:06: Plug and Play ACPI device, IDs PNP0c01 (active)
[    3.626751] pnp: PnP ACPI: found 7 devices
[    3.633712] clocksource: acpi_pm: mask: 0xffffff max_cycles: 0xffffff, max_idle_ns: 2085701024 ns
[    3.633928] NET: Registered protocol family 2
[    3.634419] tcp_listen_portaddr_hash hash table entries: 65536 (order: 8, 1048576 bytes, vmalloc)
[    3.635436] TCP established hash table entries: 524288 (order: 10, 4194304 bytes, vmalloc)
[    3.638070] TCP bind hash table entries: 65536 (order: 8, 1048576 bytes, vmalloc)
[    3.638741] TCP: Hash tables configured (established 524288 bind 65536)
[    3.639194] UDP hash table entries: 65536 (order: 9, 2097152 bytes, vmalloc)
[    3.640850] UDP-Lite hash table entries: 65536 (order: 9, 2097152 bytes, vmalloc)
[    3.642785] NET: Registered protocol family 1
[    3.642871] pci 0000:00:09.0: PCI bridge to [bus 01]
[    3.642880] pci 0000:00:09.0:   bridge window [io  0x8000-0x8fff]
[    3.642887] pci 0000:00:09.0:   bridge window [mem 0xfbf00000-0xfdffffff]
[    3.642893] pci 0000:00:0c.0: PCI bridge to [bus 02]
[    3.642901] pci 0000:00:0d.0: PCI bridge to [bus 03]
[    3.642904] pci 0000:00:0d.0:   bridge window [io  0x9000-0x9fff]
[    3.642908] pci 0000:00:0d.0:   bridge window [mem 0xfe000000-0xfe0fffff]
[    3.642913] pci 0000:00:0e.0: PCI bridge to [bus 04]
[    3.642921] pci 0000:00:10.0: PCI bridge to [bus 05]
[    3.642924] pci 0000:00:10.0:   bridge window [io  0xa000-0xafff]
[    3.642927] pci 0000:00:10.0:   bridge window [mem 0xfe100000-0xfe1fffff]
[    3.642934] pci 0000:00:11.0: PCI bridge to [bus 06]
[    3.642936] pci 0000:00:11.0:   bridge window [io  0xb000-0xbfff]
[    3.642940] pci 0000:00:11.0:   bridge window [mem 0xfe200000-0xfe6fffff]
[    3.642975] pci_bus 0000:00: resource 4 [io  0x0000-0x03af window]
[    3.642978] pci_bus 0000:00: resource 5 [io  0x03b0-0x03bb window]
[    3.642981] pci_bus 0000:00: resource 6 [io  0x03bc-0x03bf window]
[    3.642984] pci_bus 0000:00: resource 7 [io  0x03c0-0x03df window]
[    3.642987] pci_bus 0000:00: resource 8 [io  0x03e0-0xbfff window]
[    3.642989] pci_bus 0000:00: resource 9 [io  0xd000-0xefff window]
[    3.642992] pci_bus 0000:00: resource 10 [mem 0xd8000000-0xe7ffffff window]
[    3.642995] pci_bus 0000:00: resource 11 [mem 0xf0000000-0xfe8fffff window]
[    3.642998] pci_bus 0000:00: resource 12 [mem 0xfec00000-0xfed0ffff window]
[    3.643001] pci_bus 0000:00: resource 13 [mem 0x000a0000-0x000bffff window]
[    3.643004] pci_bus 0000:00: resource 14 [mem 0xfed20000-0xffffffff window]
[    3.643007] pci_bus 0000:01: resource 0 [io  0x8000-0x8fff]
[    3.643009] pci_bus 0000:01: resource 1 [mem 0xfbf00000-0xfdffffff]
[    3.643012] pci_bus 0000:01: resource 4 [io  0x0000-0x03af window]
[    3.643015] pci_bus 0000:01: resource 5 [io  0x03b0-0x03bb window]
[    3.643017] pci_bus 0000:01: resource 6 [io  0x03bc-0x03bf window]
[    3.643020] pci_bus 0000:01: resource 7 [io  0x03c0-0x03df window]
[    3.643022] pci_bus 0000:01: resource 8 [io  0x03e0-0xbfff window]
[    3.643024] pci_bus 0000:01: resource 9 [io  0xd000-0xefff window]
[    3.643027] pci_bus 0000:01: resource 10 [mem 0xd8000000-0xe7ffffff window]
[    3.643030] pci_bus 0000:01: resource 11 [mem 0xf0000000-0xfe8fffff window]
[    3.643032] pci_bus 0000:01: resource 12 [mem 0xfec00000-0xfed0ffff window]
[    3.643034] pci_bus 0000:01: resource 13 [mem 0x000a0000-0x000bffff window]
[    3.643037] pci_bus 0000:01: resource 14 [mem 0xfed20000-0xffffffff window]
[    3.643041] pci_bus 0000:03: resource 0 [io  0x9000-0x9fff]
[    3.643043] pci_bus 0000:03: resource 1 [mem 0xfe000000-0xfe0fffff]
[    3.643047] pci_bus 0000:05: resource 0 [io  0xa000-0xafff]
[    3.643049] pci_bus 0000:05: resource 1 [mem 0xfe100000-0xfe1fffff]
[    3.643052] pci_bus 0000:06: resource 0 [io  0xb000-0xbfff]
[    3.643055] pci_bus 0000:06: resource 1 [mem 0xfe200000-0xfe6fffff]
[    3.643158] pci 0000:80:0c.0: PCI bridge to [bus 81]
[    3.643166] pci 0000:80:0d.0: PCI bridge to [bus 82]
[    3.643169] pci 0000:80:0d.0:   bridge window [io  0xc000-0xcfff]
[    3.643172] pci 0000:80:0d.0:   bridge window [mem 0xfe900000-0xfe9fffff]
[    3.643178] pci 0000:80:0e.0: PCI bridge to [bus 83]
[    3.643185] pci_bus 0000:80: resource 4 [io  0xc000-0xcfff window]
[    3.643187] pci_bus 0000:80: resource 5 [io  0xf000-0xffff window]
[    3.643190] pci_bus 0000:80: resource 6 [mem 0xfe900000-0xfebfffff window]
[    3.643193] pci_bus 0000:80: resource 7 [mem 0xfed10000-0xfed1ffff window]
[    3.643195] pci_bus 0000:80: resource 8 [mem 0xe8000000-0xefffffff window]
[    3.643199] pci_bus 0000:82: resource 0 [io  0xc000-0xcfff]
[    3.643201] pci_bus 0000:82: resource 1 [mem 0xfe900000-0xfe9fffff]
[    3.643744] PCI Interrupt Link [LUS0] enabled at IRQ 22
[    3.662189] pci 0000:00:02.0: quirk_usb_early_handoff+0x0/0x7a0 took 18477 usecs
[    3.662509] PCI Interrupt Link [LUS2] enabled at IRQ 21
[    3.662667] pci 0000:00:0c.0: Found disabled HT MSI Mapping
[    3.662681] pci 0000:00:00.0: Found enabled HT MSI Mapping
[    3.662720] pci 0000:00:00.0: Found enabled HT MSI Mapping
[    3.662737] pci 0000:00:0d.0: Found disabled HT MSI Mapping
[    3.662745] pci 0000:00:00.0: Found enabled HT MSI Mapping
[    3.662787] pci 0000:00:00.0: Found enabled HT MSI Mapping
[    3.662804] pci 0000:00:0e.0: Found disabled HT MSI Mapping
[    3.662811] pci 0000:00:00.0: Found enabled HT MSI Mapping
[    3.662846] pci 0000:00:00.0: Found enabled HT MSI Mapping
[    3.663030] pci 0000:01:06.0: Video device with shadowed ROM at [mem 0x000c0000-0x000dffff]
[    3.663077] pci 0000:80:0c.0: Found disabled HT MSI Mapping
[    3.663088] pci 0000:80:00.0: Found enabled HT MSI Mapping
[    3.663117] pci 0000:80:00.0: Found enabled HT MSI Mapping
[    3.663133] pci 0000:80:0d.0: Found disabled HT MSI Mapping
[    3.663141] pci 0000:80:00.0: Found enabled HT MSI Mapping
[    3.663168] pci 0000:80:00.0: Found enabled HT MSI Mapping
[    3.663207] pci 0000:80:0e.0: Found disabled HT MSI Mapping
[    3.663232] pci 0000:80:00.0: Found enabled HT MSI Mapping
[    3.663262] pci 0000:80:00.0: Found enabled HT MSI Mapping
[    3.663295] PCI: CLS 64 bytes, default 64
[    3.665388] PCI-DMA: Disabling AGP.
[    3.665734] PCI-DMA: aperture base @ dc000000 size 65536 KB
[    3.665753] PCI-DMA: using GART IOMMU.
[    3.665757] PCI-DMA: Reserving 64MB of IOMMU area in the AGP aperture
[    3.670270] LVT offset 1 assigned for vector 0x400
[    3.670354] LVT offset 1 assigned
[    3.670887] perf: AMD IBS detected (0x00000007)
[    3.672682] workingset: timestamp_bits=42 max_order=25 bucket_order=0
[    3.674185] Block layer SCSI generic (bsg) driver version 0.4 loaded (major 252)
[    3.678652] ERST: Failed to get Error Log Address Range.
[    3.678756] [Firmware Warn]: GHES: Poll interval is 0 for generic hardware error source: 1, disabled.
[    3.678965] GHES: APEI firmware first mode is enabled by WHEA _OSC.
[    3.679048] Serial: 8250/16550 driver, 4 ports, IRQ sharing disabled
[    3.679279] 00:01: ttyS0 at I/O 0x3f8 (irq = 4, base_baud = 115200) is a 16550A
[    3.679817] hpet_acpi_add: no address or irqs in _CRS
[    3.679852] Linux agpgart interface v0.103
[    3.684216] Fusion MPT base driver 3.04.20
[    3.684218] Copyright (c) 1999-2008 LSI Corporation
[    3.684226] Fusion MPT SAS Host driver 3.04.20
[    3.684652] mptbase: ioc0: Initiating bringup
[    4.678045] ioc0: LSISAS1064 A3: Capabilities={Initiator}
[    4.694048] tsc: Refined TSC clocksource calibration: 2293.905 MHz
[    4.694117] clocksource: tsc: mask: 0xffffffffffffffff max_cycles: 0x2110b79338c, max_idle_ns: 440795266793 ns
[    4.694281] clocksource: Switched to clocksource tsc
[   15.446327] scsi host0: ioc0: LSISAS1064 A3, FwRev=011b0000h, Ports=1, MaxQ=478, IRQ=24
[   15.469233] mptsas: ioc0: attaching ssp device: fw_channel 0, fw_id 0, phy 0, sas_addr 0x5000c50003d7f551
[   15.470681] scsi 0:0:0:0: Direct-Access     SEAGATE  ST973402SSUN72G  0400 PQ: 0 ANSI: 5
[   15.477284] i8042: PNP: No PS/2 controller found.
[   15.477287] i8042: Probing ports directly.
[   15.480428] serio: i8042 KBD port at 0x60,0x64 irq 1
[   15.480436] serio: i8042 AUX port at 0x60,0x64 irq 12
[   15.480515] rtc_cmos 00:00: RTC can wake from S4
[   15.480952] rtc_cmos 00:00: registered as rtc0
[   15.481043] rtc_cmos 00:00: setting system clock to 2021-01-20T19:58:52 UTC (1611172732)
[   15.481081] rtc_cmos 00:00: alarms up to one year, y3k, 114 bytes nvram, hpet irqs
[   15.481448] sd 0:0:0:0: [sda] 143374738 512-byte logical blocks: (73.4 GB/68.4 GiB)
[   15.482600] sd 0:0:0:0: [sda] Write Protect is off
[   15.482604] sd 0:0:0:0: [sda] Mode Sense: e3 00 10 08
[   15.482730] NET: Registered protocol family 10
[   15.484424] sd 0:0:0:0: [sda] Write cache: disabled, read cache: enabled, supports DPO and FUA
[   15.484618] Segment Routing with IPv6
[   15.484653] mip6: Mobile IPv6
[   15.484658] NET: Registered protocol family 17
[   15.485751]  sda: sda1
[   15.487402] microcode: CPU0: patch_level=0x01000083
[   15.487414] microcode: CPU1: patch_level=0x01000083
[   15.487425] microcode: CPU2: patch_level=0x01000083
[   15.487437] microcode: CPU3: patch_level=0x01000083
[   15.487452] microcode: CPU4: patch_level=0x01000083
[   15.487475] microcode: CPU5: patch_level=0x01000083
[   15.487499] microcode: CPU6: patch_level=0x01000083
[   15.487522] microcode: CPU7: patch_level=0x01000083
[   15.487545] microcode: CPU8: patch_level=0x01000083
[   15.487566] microcode: CPU9: patch_level=0x01000083
[   15.487587] microcode: CPU10: patch_level=0x01000083
[   15.487609] microcode: CPU11: patch_level=0x01000083
[   15.487632] microcode: CPU12: patch_level=0x01000083
[   15.487653] microcode: CPU13: patch_level=0x01000083
[   15.487676] microcode: CPU14: patch_level=0x01000083
[   15.487698] microcode: CPU15: patch_level=0x01000083
[   15.487720] microcode: CPU16: patch_level=0x01000083
[   15.487741] microcode: CPU17: patch_level=0x01000083
[   15.487761] microcode: CPU18: patch_level=0x01000083
[   15.487782] microcode: CPU19: patch_level=0x01000083
[   15.487803] microcode: CPU20: patch_level=0x01000083
[   15.487827] microcode: CPU21: patch_level=0x01000083
[   15.487851] microcode: CPU22: patch_level=0x01000083
[   15.487876] microcode: CPU23: patch_level=0x01000083
[   15.487899] microcode: CPU24: patch_level=0x01000083
[   15.487922] microcode: CPU25: patch_level=0x01000083
[   15.487945] microcode: CPU26: patch_level=0x01000083
[   15.487969] microcode: CPU27: patch_level=0x01000083
[   15.487993] microcode: CPU28: patch_level=0x01000083
[   15.488019] microcode: CPU29: patch_level=0x01000083
[   15.488047] microcode: CPU30: patch_level=0x01000083
[   15.488075] microcode: CPU31: patch_level=0x01000083
[   15.488145] microcode: Microcode Update Driver: v2.2.
[   15.488153] IPI shorthand broadcast: enabled
[   15.488172] sched_clock: Marking stable (15483223032, 4912110)->(15618938565, -130803423)
[   15.488484] registered taskstats version 1
[   15.488512] AppArmor: AppArmor sha1 policy hashing enabled
[   15.489420] APEI: Can not request [mem 0xd7fb8a80-0xd7fb8ad3] for APEI BERT registers
[   15.493697] sd 0:0:0:0: [sda] Attached SCSI disk
[   15.818292] EXT4-fs (sda1): mounted filesystem with ordered data mode. Opts: (null). Quota mode: disabled.
[   15.818330] VFS: Mounted root (ext4 filesystem) readonly on device 8:1.
[   15.826799] devtmpfs: mounted
[   15.827662] Freeing unused kernel image (initmem) memory: 984K
[   15.827675] Write protecting the kernel read-only data: 16384k
[   15.829490] Freeing unused kernel image (text/rodata gap) memory: 2044K
[   15.830791] Freeing unused kernel image (rodata/data gap) memory: 1616K
[   15.881096] x86/mm: Checked W+X mappings: passed, no W+X pages found.
[   15.881111] Run /sbin/init as init process
[   15.881114]   with arguments:
[   15.881117]     /sbin/init
[   15.881119]   with environment:
[   15.881120]     HOME=/
[   15.881122]     TERM=linux
[   15.881123]     BOOT_IMAGE=/boot/vmlinuz-5.11.0-rc4-00015-g45dfb8a5659a
[   16.683645] random: fast init done
[   18.861591] random: systemd: uninitialized urandom read (16 bytes read)
[   18.864729] random: systemd: uninitialized urandom read (16 bytes read)
[   18.865371] random: systemd: uninitialized urandom read (16 bytes read)
[   19.096926] fuse: init (API version 7.33)
[   19.447299] EXT4-fs (sda1): re-mounted. Opts: errors=remount-ro. Quota mode: disabled.
[   20.782073] random: crng init done
[   20.782086] random: 7 urandom warning(s) missed due to ratelimiting
[   21.660297] acpi_cpufreq: overriding BIOS provided _PSD data
[   21.671293] IPMI message handler: version 39.2
[   21.691274] input: Power Button as /devices/LNXSYSTM:00/LNXSYBUS:00/PNP0C0C:00/input/input4
[   21.706115] ACPI: Power Button [PWRB]
[   21.706270] input: Power Button as /devices/LNXSYSTM:00/LNXPWRBN:00/input/input5
[   21.706363] ACPI: Power Button [PWRF]
[   21.731298] ipmi device interface
[   21.795815] ipmi_si: IPMI System Interface driver
[   21.795873] ipmi_si dmi-ipmi-si.0: ipmi_platform: probing via SMBIOS
[   21.795881] ipmi_platform: ipmi_si: SMBIOS: io 0xca4 regsize 1 spacing 1 irq 0
[   21.795890] ipmi_si: Adding SMBIOS-specified kcs state machine
[   21.796055] ipmi_si IPI0001:00: ipmi_platform: probing via ACPI
[   21.796131] ipmi_si IPI0001:00: ipmi_platform: [io  0x0ca6-0x0ca7] regsize 1 spacing 1 irq 0
[   21.840923] ipmi_si: Adding ACPI-specified kcs state machine
[   21.841125] ipmi_si: Trying SMBIOS-specified kcs state machine at i/o address 0xca4, slave address 0x20, irq 0
[   22.091118] input: PC Speaker as /devices/platform/pcspkr/input/input6
[   22.091510] ACPI Warning: SystemIO range 0x000000000000ED00-0x000000000000ED3F conflicts with OpRegion 0x000000000000ED00-0x000000000000ED04 (\_SB.PCI0.SMBU.SMRG) (20201113/utaddress-204)
[   22.091550] ACPI: If an ACPI driver is available for this device, you should use it instead of the native driver
[   22.125401] sd 0:0:0:0: Attached scsi generic sg0 type 0
[   22.126061] i2c i2c-0: Unrecognized stepping 0x45. Defaulting to ADM1026.
[   22.269125] ipmi_si dmi-ipmi-si.0: IPMI message handler: Found new BMC (man_id: 0x00002a, prod_id: 0x4701, dev_id: 0x20)
[   22.300412] e1000: Intel(R) PRO/1000 Network Driver
[   22.300426] e1000: Copyright (c) 1999-2006 Intel Corporation.
[   22.302229] i2c i2c-0: Unrecognized stepping 0x45. Defaulting to ADM1026.
[   22.304118] libata version 3.00 loaded.
[   22.305959] pata_amd 0000:00:06.0: version 0.4.1
[   22.307443] scsi host1: pata_amd
[   22.307686] scsi host2: pata_amd
[   22.307751] ata1: PATA max UDMA/133 cmd 0x1f0 ctl 0x3f6 bmdma 0xefa0 irq 14
[   22.307757] ata2: PATA max UDMA/133 cmd 0x170 ctl 0x376 bmdma 0xefa8 irq 15
[   22.468580] ata1.00: ATAPI: MATSHITACD-RW  CW-8124, DZ13, max UDMA/33
[   22.468607] ata1: nv_mode_filter: 0x739f&0x739f->0x739f, BIOS=0x7000 (0xc0000000) ACPI=0x701f (54:900:0x11)
[   22.471706] ipmi_si dmi-ipmi-si.0: IPMI kcs interface initialized
[   22.478492] i2c i2c-0: Found version/stepping 0x46. Assuming generic ADM1026.
[   22.503612] scsi 1:0:0:0: CD-ROM            MATSHITA CD-RW  CW-8124   DZ13 PQ: 0 ANSI: 5
[   22.513899] scsi 1:0:0:0: Attached scsi generic sg1 type 5
[   22.514125] ata2: port disabled--ignoring
[   22.533671] ipmi_ssif: IPMI SSIF Interface driver
[   22.534011] qla2xxx [0000:00:00.0]-0005: : QLogic Fibre Channel HBA Driver: 10.02.00.104-k.
[   22.584324] PCI Interrupt Link [LNKD] enabled at IRQ 19
[   22.584464] qla2xxx [0000:00:00.0]-001d: : Found an ISP2432 irq 19 iobase 0x00000000e8dfa86e.
[   22.592930] ACPI: bus type USB registered
[   22.593031] usbcore: registered new interface driver usbfs
[   22.593053] usbcore: registered new interface driver hub
[   22.593122] usbcore: registered new device driver usb
[   22.595935] kvm: Nested Virtualization enabled
[   22.595991] SVM: kvm: Nested Paging enabled
[   22.612832] ehci_hcd: USB 2.0 'Enhanced' Host Controller (EHCI) Driver
[   22.627747] e1000 0000:05:01.0 eth0: (PCI-X:133MHz:64-bit) 00:14:4f:d1:d2:fc
[   22.627759] e1000 0000:05:01.0 eth0: Intel(R) PRO/1000 Network Connection
[   22.640004] ehci-pci: EHCI PCI platform driver
[   22.640008] ohci_hcd: USB 1.1 'Open' Host Controller (OHCI) Driver
[   22.653701] qla2xxx [0000:03:00.0]-ffff:3: FC4 priority set to FCP
[   22.654710] ehci-pci 0000:00:02.1: EHCI Host Controller
[   22.654725] ehci-pci 0000:00:02.1: new USB bus registered, assigned bus number 1
[   22.654739] ehci-pci 0000:00:02.1: debug port 1
[   22.654801] ehci-pci 0000:00:02.1: irq 21, io mem 0xfe7fec00
[   22.655327] EDAC MC: Ver: 3.0.0
[   22.665830] sr 1:0:0:0: [sr0] scsi3-mmc drive: 24x/24x writer cd/rw xa/form2 cdda caddy
[   22.665850] cdrom: Uniform CD-ROM driver Revision: 3.20
[   22.670068] ehci-pci 0000:00:02.1: USB 2.0 started, EHCI 1.00
[   22.670168] usb usb1: New USB device found, idVendor=1d6b, idProduct=0002, bcdDevice= 5.11
[   22.670173] usb usb1: New USB device strings: Mfr=3, Product=2, SerialNumber=1
[   22.670176] usb usb1: Product: EHCI Host Controller
[   22.670179] usb usb1: Manufacturer: Linux 5.11.0-rc4-00015-g45dfb8a5659a ehci_hcd
[   22.670181] usb usb1: SerialNumber: 0000:00:02.1
[   22.670498] hub 1-0:1.0: USB hub found
[   22.670509] hub 1-0:1.0: 7 ports detected
[   22.699546] ohci-pci: OHCI PCI platform driver
[   22.700965] MCE: In-kernel MCE decoding enabled.
[   22.740295] sr 1:0:0:0: Attached scsi CD-ROM sr0
[   22.836691] EDAC amd64: F10h detected (node 0).
[   22.836773] EDAC amd64: Node 0: DRAM ECC enabled.
[   22.837232] EDAC MC0: Giving out device to module amd64_edac controller F10h: DEV 0000:00:18.3 (INTERRUPT)
[   22.837239] EDAC MC: DCT0 chip selects:
[   22.837242] EDAC amd64: MC: 0:  2048MB 1:  2048MB
[   22.837247] EDAC amd64: MC: 2:  2048MB 3:  2048MB
[   22.837251] EDAC amd64: MC: 4:  2048MB 5:  2048MB
[   22.837254] EDAC amd64: MC: 6:  2048MB 7:  2048MB
[   22.837257] EDAC MC: DCT1 chip selects:
[   22.837259] EDAC amd64: MC: 0:  1024MB 1:  1024MB
[   22.837263] EDAC amd64: MC: 2:  1024MB 3:  1024MB
[   22.837266] EDAC amd64: MC: 4:  1024MB 5:  1024MB
[   22.837269] EDAC amd64: MC: 6:  1024MB 7:  1024MB
[   22.837272] EDAC amd64: using x4 syndromes.
[   22.837276] EDAC amd64: F10h detected (node 1).
[   22.837346] EDAC amd64: Node 1: DRAM ECC enabled.
[   22.837696] EDAC MC1: Giving out device to module amd64_edac controller F10h: DEV 0000:00:19.3 (INTERRUPT)
[   22.837701] EDAC MC: DCT0 chip selects:
[   22.837703] EDAC amd64: MC: 0:  2048MB 1:  2048MB
[   22.837707] EDAC amd64: MC: 2:  2048MB 3:  2048MB
[   22.837710] EDAC amd64: MC: 4:  2048MB 5:  2048MB
[   22.837713] EDAC amd64: MC: 6:  2048MB 7:  2048MB
[   22.837716] EDAC MC: DCT1 chip selects:
[   22.837718] EDAC amd64: MC: 0:  1024MB 1:  1024MB
[   22.837721] EDAC amd64: MC: 2:  1024MB 3:  1024MB
[   22.837724] EDAC amd64: MC: 4:  1024MB 5:  1024MB
[   22.837728] EDAC amd64: MC: 6:  1024MB 7:  1024MB
[   22.837731] EDAC amd64: using x4 syndromes.
[   22.837735] EDAC amd64: F10h detected (node 2).
[   22.837802] EDAC amd64: Node 2: DRAM ECC enabled.
[   22.838252] EDAC MC2: Giving out device to module amd64_edac controller F10h: DEV 0000:00:1a.3 (INTERRUPT)
[   22.838259] EDAC MC: DCT0 chip selects:
[   22.838261] EDAC amd64: MC: 0:  2048MB 1:  2048MB
[   22.838264] EDAC amd64: MC: 2:  2048MB 3:  2048MB
[   22.838268] EDAC amd64: MC: 4:  2048MB 5:  2048MB
[   22.838271] EDAC amd64: MC: 6:  2048MB 7:  2048MB
[   22.838277] EDAC MC: DCT1 chip selects:
[   22.838279] EDAC amd64: MC: 0:  1024MB 1:  1024MB
[   22.838282] EDAC amd64: MC: 2:  1024MB 3:  1024MB
[   22.838286] EDAC amd64: MC: 4:  1024MB 5:  1024MB
[   22.838289] EDAC amd64: MC: 6:  1024MB 7:  1024MB
[   22.838292] EDAC amd64: using x4 syndromes.
[   22.838296] EDAC amd64: F10h detected (node 3).
[   22.838343] EDAC amd64: Node 3: DRAM ECC enabled.
[   22.838687] EDAC MC3: Giving out device to module amd64_edac controller F10h: DEV 0000:00:1b.3 (INTERRUPT)
[   22.838694] EDAC MC: DCT0 chip selects:
[   22.838697] EDAC amd64: MC: 0:  2048MB 1:  2048MB
[   22.838700] EDAC amd64: MC: 2:  2048MB 3:  2048MB
[   22.838704] EDAC amd64: MC: 4:  2048MB 5:  2048MB
[   22.838707] EDAC amd64: MC: 6:  2048MB 7:  2048MB
[   22.838710] EDAC MC: DCT1 chip selects:
[   22.838712] EDAC amd64: MC: 0:  1024MB 1:  1024MB
[   22.838715] EDAC amd64: MC: 2:  1024MB 3:  1024MB
[   22.838718] EDAC amd64: MC: 4:  1024MB 5:  1024MB
[   22.838722] EDAC amd64: MC: 6:  1024MB 7:  1024MB
[   22.838725] EDAC amd64: using x4 syndromes.
[   22.838728] EDAC amd64: F10h detected (node 4).
[   22.838782] EDAC amd64: Node 4: DRAM ECC enabled.
[   22.839121] EDAC MC4: Giving out device to module amd64_edac controller F10h: DEV 0000:00:1c.3 (INTERRUPT)
[   22.839127] EDAC MC: DCT0 chip selects:
[   22.839129] EDAC amd64: MC: 0:  2048MB 1:  2048MB
[   22.839132] EDAC amd64: MC: 2:  2048MB 3:  2048MB
[   22.839136] EDAC amd64: MC: 4:  2048MB 5:  2048MB
[   22.839139] EDAC amd64: MC: 6:  2048MB 7:  2048MB
[   22.839142] EDAC MC: DCT1 chip selects:
[   22.839144] EDAC amd64: MC: 0:  1024MB 1:  1024MB
[   22.839147] EDAC amd64: MC: 2:  1024MB 3:  1024MB
[   22.839152] EDAC amd64: MC: 4:  1024MB 5:  1024MB
[   22.839155] EDAC amd64: MC: 6:  1024MB 7:  1024MB
[   22.839158] EDAC amd64: using x4 syndromes.
[   22.839165] EDAC amd64: F10h detected (node 5).
[   22.839233] EDAC amd64: Node 5: DRAM ECC enabled.
[   22.839575] EDAC MC5: Giving out device to module amd64_edac controller F10h: DEV 0000:00:1d.3 (INTERRUPT)
[   22.839580] EDAC MC: DCT0 chip selects:
[   22.839582] EDAC amd64: MC: 0:  2048MB 1:  2048MB
[   22.839586] EDAC amd64: MC: 2:  2048MB 3:  2048MB
[   22.839589] EDAC amd64: MC: 4:  2048MB 5:  2048MB
[   22.839592] EDAC amd64: MC: 6:  2048MB 7:  2048MB
[   22.839595] EDAC MC: DCT1 chip selects:
[   22.839598] EDAC amd64: MC: 0:  1024MB 1:  1024MB
[   22.839601] EDAC amd64: MC: 2:  1024MB 3:  1024MB
[   22.839604] EDAC amd64: MC: 4:  1024MB 5:  1024MB
[   22.839607] EDAC amd64: MC: 6:  1024MB 7:  1024MB
[   22.839610] EDAC amd64: using x4 syndromes.
[   22.839614] EDAC amd64: F10h detected (node 6).
[   22.839666] EDAC amd64: Node 6: DRAM ECC enabled.
[   22.840007] EDAC MC6: Giving out device to module amd64_edac controller F10h: DEV 0000:00:1e.3 (INTERRUPT)
[   22.840012] EDAC MC: DCT0 chip selects:
[   22.840016] EDAC amd64: MC: 0:  2048MB 1:  2048MB
[   22.840020] EDAC amd64: MC: 2:  2048MB 3:  2048MB
[   22.840023] EDAC amd64: MC: 4:  2048MB 5:  2048MB
[   22.840026] EDAC amd64: MC: 6:  2048MB 7:  2048MB
[   22.840029] EDAC MC: DCT1 chip selects:
[   22.840032] EDAC amd64: MC: 0:  1024MB 1:  1024MB
[   22.840035] EDAC amd64: MC: 2:  1024MB 3:  1024MB
[   22.840038] EDAC amd64: MC: 4:  1024MB 5:  1024MB
[   22.840042] EDAC amd64: MC: 6:  1024MB 7:  1024MB
[   22.840045] EDAC amd64: using x4 syndromes.
[   22.840049] EDAC amd64: F10h detected (node 7).
[   22.840117] EDAC amd64: Node 7: DRAM ECC enabled.
[   22.840456] EDAC MC7: Giving out device to module amd64_edac controller F10h: DEV 0000:00:1f.3 (INTERRUPT)
[   22.840461] EDAC MC: DCT0 chip selects:
[   22.840463] EDAC amd64: MC: 0:  2048MB 1:  2048MB
[   22.840467] EDAC amd64: MC: 2:  2048MB 3:  2048MB
[   22.840470] EDAC amd64: MC: 4:  2048MB 5:  2048MB
[   22.840473] EDAC amd64: MC: 6:  2048MB 7:  2048MB
[   22.840477] EDAC MC: DCT1 chip selects:
[   22.840479] EDAC amd64: MC: 0:  1024MB 1:  1024MB
[   22.840482] EDAC amd64: MC: 2:  1024MB 3:  1024MB
[   22.840485] EDAC amd64: MC: 4:  1024MB 5:  1024MB
[   22.840488] EDAC amd64: MC: 6:  1024MB 7:  1024MB
[   22.840494] EDAC amd64: using x4 syndromes.
[   22.840524] EDAC PCI0: Giving out device to module amd64_edac controller EDAC PCI controller: DEV 0000:00:18.2 (POLLED)
[   22.840529] AMD64 EDAC driver v3.5.0
[   22.935484] ohci-pci 0000:00:02.0: OHCI PCI host controller
[   22.935515] ohci-pci 0000:00:02.0: new USB bus registered, assigned bus number 2
[   22.935598] ohci-pci 0000:00:02.0: irq 22, io mem 0xfe7ff000
[   22.980051] e1000 0000:05:01.1 eth1: (PCI-X:133MHz:64-bit) 00:14:4f:d1:d2:fd
[   22.980069] e1000 0000:05:01.1 eth1: Intel(R) PRO/1000 Network Connection
[   22.996128] usb usb2: New USB device found, idVendor=1d6b, idProduct=0001, bcdDevice= 5.11
[   22.996135] usb usb2: New USB device strings: Mfr=3, Product=2, SerialNumber=1
[   22.996138] usb usb2: Product: OHCI PCI host controller
[   22.996141] usb usb2: Manufacturer: Linux 5.11.0-rc4-00015-g45dfb8a5659a ohci_hcd
[   22.996143] usb usb2: SerialNumber: 0000:00:02.0
[   22.996375] hub 2-0:1.0: USB hub found
[   22.996388] hub 2-0:1.0: 7 ports detected
[   23.028444] scsi host3: qla2xxx
[   23.041378] qla2xxx [0000:03:00.0]-00fb:3: QLogic QLE2460 - SG-(X)PCIE1FC-QF4, Sun StorageTek 4 Gb FC Enterprise PCI-Express Single Channel.
[   23.041394] qla2xxx [0000:03:00.0]-00fc:3: ISP2432: PCIe (2.5GT/s x4) @ 0000:03:00.0 hdma+ host#=3 fw=8.07.00 (9496).
[   23.042147] PCI Interrupt Link [LN2D] enabled at IRQ 43
[   23.042335] qla2xxx [0000:00:00.0]-001d: : Found an ISP2432 irq 30 iobase 0x000000008cf4ace8.
[   23.052168] lm75 0-0049: hwmon3: sensor 'lm75'
[   23.100086] qla2xxx [0000:82:00.0]-ffff:4: FC4 priority set to FCP
[   23.123834] i2c i2c-0: nForce2 SMBus adapter at 0xed40
[   23.254957] audit: type=1400 audit(1611172740.271:2): apparmor="STATUS" operation="profile_load" profile="unconfined" name="nvidia_modprobe" pid=465 comm="apparmor_parser"
[   23.254986] audit: type=1400 audit(1611172740.271:3): apparmor="STATUS" operation="profile_load" profile="unconfined" name="nvidia_modprobe//kmod" pid=465 comm="apparmor_parser"
[   23.282983] audit: type=1400 audit(1611172740.299:4): apparmor="STATUS" operation="profile_load" profile="unconfined" name="lsb_release" pid=467 comm="apparmor_parser"
[   23.283474] audit: type=1400 audit(1611172740.299:5): apparmor="STATUS" operation="profile_load" profile="unconfined" name="/usr/bin/man" pid=466 comm="apparmor_parser"
[   23.283484] audit: type=1400 audit(1611172740.299:6): apparmor="STATUS" operation="profile_load" profile="unconfined" name="man_filter" pid=466 comm="apparmor_parser"
[   23.283492] audit: type=1400 audit(1611172740.299:7): apparmor="STATUS" operation="profile_load" profile="unconfined" name="man_groff" pid=466 comm="apparmor_parser"
[   23.303539] e1000 0000:05:02.0 eth2: (PCI-X:133MHz:64-bit) 00:14:4f:d1:d2:fe
[   23.303551] e1000 0000:05:02.0 eth2: Intel(R) PRO/1000 Network Connection
[   23.438368] scsi host4: qla2xxx
[   23.441503] qla2xxx [0000:82:00.0]-00fb:4: QLogic QLE2460 - SG-(X)PCIE1FC-QF4, Sun StorageTek 4 Gb FC Enterprise PCI-Express Single Channel.
[   23.441524] qla2xxx [0000:82:00.0]-00fc:4: ISP2432: PCIe (2.5GT/s x4) @ 0000:82:00.0 hdma+ host#=4 fw=8.07.00 (9496).
[   23.627499] e1000 0000:05:02.1 eth3: (PCI-X:133MHz:64-bit) 00:14:4f:d1:d2:ff
[   23.627508] e1000 0000:05:02.1 eth3: Intel(R) PRO/1000 Network Connection
[   23.730069] usb 2-3: new full-speed USB device number 2 using ohci-pci
[   23.963096] usb 2-3: New USB device found, idVendor=046b, idProduct=ff10, bcdDevice= 1.00
[   23.963120] usb 2-3: New USB device strings: Mfr=1, Product=2, SerialNumber=0
[   23.963127] usb 2-3: Product: Virtual Keyboard and Mouse
[   23.963132] usb 2-3: Manufacturer: American Megatrends Inc.
[   24.113675] e1000 0000:05:01.1 enp5s1f1: renamed from eth1
[   24.130462] e1000 0000:05:02.0 enp5s2f0: renamed from eth2
[   24.170384] e1000 0000:05:01.0 enp5s1f0: renamed from eth0
[   24.206581] e1000 0000:05:02.1 enp5s2f1: renamed from eth3
[   24.206629] hid: raw HID events driver (C) Jiri Kosina
[   24.294072] usb 1-6: new high-speed USB device number 3 using ehci-pci
[   24.307409] usbcore: registered new interface driver usbhid
[   24.307426] usbhid: USB HID core driver
[   24.366592] input: American Megatrends Inc. Virtual Keyboard and Mouse as /devices/pci0000:00/0000:00:02.0/usb2/2-3/2-3:1.0/0003:046B:FF10.0001/input/input7
[   24.366786] hid-generic 0003:046B:FF10.0001: input,hidraw0: USB HID v1.10 Keyboard [American Megatrends Inc. Virtual Keyboard and Mouse] on usb-0000:00:02.0-3/input0
[   24.367142] input: American Megatrends Inc. Virtual Keyboard and Mouse as /devices/pci0000:00/0000:00:02.0/usb2/2-3/2-3:1.1/0003:046B:FF10.0002/input/input8
[   24.367258] hid-generic 0003:046B:FF10.0002: input,hidraw1: USB HID v1.10 Mouse [American Megatrends Inc. Virtual Keyboard and Mouse] on usb-0000:00:02.0-3/input1
[   24.450460] usb 1-6: New USB device found, idVendor=04b4, idProduct=6560, bcdDevice= 0.0b
[   24.450472] usb 1-6: New USB device strings: Mfr=0, Product=0, SerialNumber=0
[   24.450910] hub 1-6:1.0: USB hub found
[   24.451077] hub 1-6:1.0: 4 ports detected
[   26.998466] e1000: enp5s1f0 NIC Link is Up 1000 Mbps Full Duplex, Flow Control: RX
[   26.998656] IPv6: ADDRCONF(NETDEV_CHANGE): enp5s1f0: link becomes ready
[   44.534115] qla2xxx [0000:03:00.0]-8038:3: Cable is unplugged...
[   44.950130] qla2xxx [0000:82:00.0]-8038:4: Cable is unplugged...


Kernel config:

#
# Automatically generated file; DO NOT EDIT.
# Linux/x86 5.11.0-rc4 Kernel Configuration
#
CONFIG_CC_VERSION_TEXT="gcc (Debian 10.2.1-6) 10.2.1 20210110"
CONFIG_CC_IS_GCC=y
CONFIG_GCC_VERSION=100201
CONFIG_LD_VERSION=235010000
CONFIG_CLANG_VERSION=0
CONFIG_LLD_VERSION=0
CONFIG_CC_CAN_LINK=y
CONFIG_CC_CAN_LINK_STATIC=y
CONFIG_CC_HAS_ASM_GOTO=y
CONFIG_CC_HAS_ASM_INLINE=y
CONFIG_IRQ_WORK=y
CONFIG_BUILDTIME_TABLE_SORT=y
CONFIG_THREAD_INFO_IN_TASK=y

#
# General setup
#
CONFIG_INIT_ENV_ARG_LIMIT=32
# CONFIG_COMPILE_TEST is not set
CONFIG_LOCALVERSION=""
CONFIG_LOCALVERSION_AUTO=y
CONFIG_BUILD_SALT=""
CONFIG_HAVE_KERNEL_GZIP=y
CONFIG_HAVE_KERNEL_BZIP2=y
CONFIG_HAVE_KERNEL_LZMA=y
CONFIG_HAVE_KERNEL_XZ=y
CONFIG_HAVE_KERNEL_LZO=y
CONFIG_HAVE_KERNEL_LZ4=y
CONFIG_HAVE_KERNEL_ZSTD=y
# CONFIG_KERNEL_GZIP is not set
# CONFIG_KERNEL_BZIP2 is not set
# CONFIG_KERNEL_LZMA is not set
CONFIG_KERNEL_XZ=y
# CONFIG_KERNEL_LZO is not set
# CONFIG_KERNEL_LZ4 is not set
# CONFIG_KERNEL_ZSTD is not set
CONFIG_DEFAULT_INIT=""
CONFIG_DEFAULT_HOSTNAME="(none)"
CONFIG_SWAP=y
CONFIG_SYSVIPC=y
CONFIG_SYSVIPC_SYSCTL=y
CONFIG_POSIX_MQUEUE=y
CONFIG_POSIX_MQUEUE_SYSCTL=y
# CONFIG_WATCH_QUEUE is not set
CONFIG_CROSS_MEMORY_ATTACH=y
# CONFIG_USELIB is not set
CONFIG_AUDIT=y
CONFIG_HAVE_ARCH_AUDITSYSCALL=y
CONFIG_AUDITSYSCALL=y

#
# IRQ subsystem
#
CONFIG_GENERIC_IRQ_PROBE=y
CONFIG_GENERIC_IRQ_SHOW=y
CONFIG_GENERIC_IRQ_EFFECTIVE_AFF_MASK=y
CONFIG_GENERIC_PENDING_IRQ=y
CONFIG_GENERIC_IRQ_MIGRATION=y
CONFIG_GENERIC_IRQ_INJECTION=y
CONFIG_HARDIRQS_SW_RESEND=y
CONFIG_IRQ_DOMAIN=y
CONFIG_IRQ_DOMAIN_HIERARCHY=y
CONFIG_GENERIC_MSI_IRQ=y
CONFIG_GENERIC_MSI_IRQ_DOMAIN=y
CONFIG_IRQ_MSI_IOMMU=y
CONFIG_GENERIC_IRQ_MATRIX_ALLOCATOR=y
CONFIG_GENERIC_IRQ_RESERVATION_MODE=y
CONFIG_IRQ_FORCED_THREADING=y
CONFIG_SPARSE_IRQ=y
# CONFIG_GENERIC_IRQ_DEBUGFS is not set
# end of IRQ subsystem

CONFIG_CLOCKSOURCE_WATCHDOG=y
CONFIG_ARCH_CLOCKSOURCE_INIT=y
CONFIG_CLOCKSOURCE_VALIDATE_LAST_CYCLE=y
CONFIG_GENERIC_TIME_VSYSCALL=y
CONFIG_GENERIC_CLOCKEVENTS=y
CONFIG_GENERIC_CLOCKEVENTS_BROADCAST=y
CONFIG_GENERIC_CLOCKEVENTS_MIN_ADJUST=y
CONFIG_GENERIC_CMOS_UPDATE=y
CONFIG_HAVE_POSIX_CPU_TIMERS_TASK_WORK=y
CONFIG_POSIX_CPU_TIMERS_TASK_WORK=y

#
# Timers subsystem
#
CONFIG_TICK_ONESHOT=y
CONFIG_NO_HZ_COMMON=y
# CONFIG_HZ_PERIODIC is not set
CONFIG_NO_HZ_IDLE=y
# CONFIG_NO_HZ_FULL is not set
# CONFIG_NO_HZ is not set
CONFIG_HIGH_RES_TIMERS=y
# end of Timers subsystem

CONFIG_PREEMPT_NONE=y
# CONFIG_PREEMPT_VOLUNTARY is not set
# CONFIG_PREEMPT is not set

#
# CPU/Task time and stats accounting
#
CONFIG_TICK_CPU_ACCOUNTING=y
# CONFIG_VIRT_CPU_ACCOUNTING_GEN is not set
# CONFIG_IRQ_TIME_ACCOUNTING is not set
# CONFIG_BSD_PROCESS_ACCT is not set
CONFIG_TASKSTATS=y
CONFIG_TASK_DELAY_ACCT=y
CONFIG_TASK_XACCT=y
CONFIG_TASK_IO_ACCOUNTING=y
# CONFIG_PSI is not set
# end of CPU/Task time and stats accounting

# CONFIG_CPU_ISOLATION is not set

#
# RCU Subsystem
#
CONFIG_TREE_RCU=y
# CONFIG_RCU_EXPERT is not set
CONFIG_SRCU=y
CONFIG_TREE_SRCU=y
CONFIG_TASKS_RCU_GENERIC=y
CONFIG_TASKS_TRACE_RCU=y
CONFIG_RCU_STALL_COMMON=y
CONFIG_RCU_NEED_SEGCBLIST=y
# end of RCU Subsystem

# CONFIG_IKCONFIG is not set
# CONFIG_IKHEADERS is not set
CONFIG_LOG_BUF_SHIFT=17
CONFIG_LOG_CPU_MAX_BUF_SHIFT=12
CONFIG_PRINTK_SAFE_LOG_BUF_SHIFT=13
CONFIG_HAVE_UNSTABLE_SCHED_CLOCK=y

#
# Scheduler features
#
# CONFIG_UCLAMP_TASK is not set
# end of Scheduler features

CONFIG_ARCH_SUPPORTS_NUMA_BALANCING=y
CONFIG_ARCH_WANT_BATCHED_UNMAP_TLB_FLUSH=y
CONFIG_CC_HAS_INT128=y
CONFIG_ARCH_SUPPORTS_INT128=y
CONFIG_NUMA_BALANCING=y
CONFIG_NUMA_BALANCING_DEFAULT_ENABLED=y
CONFIG_CGROUPS=y
CONFIG_PAGE_COUNTER=y
CONFIG_MEMCG=y
CONFIG_MEMCG_SWAP=y
CONFIG_MEMCG_KMEM=y
CONFIG_BLK_CGROUP=y
CONFIG_CGROUP_WRITEBACK=y
CONFIG_CGROUP_SCHED=y
CONFIG_FAIR_GROUP_SCHED=y
CONFIG_CFS_BANDWIDTH=y
# CONFIG_RT_GROUP_SCHED is not set
CONFIG_CGROUP_PIDS=y
# CONFIG_CGROUP_RDMA is not set
CONFIG_CGROUP_FREEZER=y
CONFIG_CGROUP_HUGETLB=y
CONFIG_CPUSETS=y
CONFIG_PROC_PID_CPUSET=y
CONFIG_CGROUP_DEVICE=y
CONFIG_CGROUP_CPUACCT=y
CONFIG_CGROUP_PERF=y
CONFIG_CGROUP_BPF=y
# CONFIG_CGROUP_DEBUG is not set
CONFIG_SOCK_CGROUP_DATA=y
CONFIG_NAMESPACES=y
CONFIG_UTS_NS=y
CONFIG_TIME_NS=y
CONFIG_IPC_NS=y
CONFIG_USER_NS=y
CONFIG_PID_NS=y
CONFIG_NET_NS=y
# CONFIG_CHECKPOINT_RESTORE is not set
# CONFIG_SCHED_AUTOGROUP is not set
# CONFIG_SYSFS_DEPRECATED is not set
# CONFIG_RELAY is not set
# CONFIG_BLK_DEV_INITRD is not set
# CONFIG_BOOT_CONFIG is not set
CONFIG_CC_OPTIMIZE_FOR_PERFORMANCE=y
# CONFIG_CC_OPTIMIZE_FOR_SIZE is not set
CONFIG_LD_ORPHAN_WARN=y
CONFIG_SYSCTL=y
CONFIG_HAVE_UID16=y
CONFIG_SYSCTL_EXCEPTION_TRACE=y
CONFIG_HAVE_PCSPKR_PLATFORM=y
CONFIG_BPF=y
# CONFIG_EXPERT is not set
CONFIG_UID16=y
CONFIG_MULTIUSER=y
CONFIG_SGETMASK_SYSCALL=y
CONFIG_SYSFS_SYSCALL=y
CONFIG_FHANDLE=y
CONFIG_POSIX_TIMERS=y
CONFIG_PRINTK=y
CONFIG_PRINTK_NMI=y
CONFIG_BUG=y
CONFIG_ELF_CORE=y
CONFIG_PCSPKR_PLATFORM=y
CONFIG_BASE_FULL=y
CONFIG_FUTEX=y
CONFIG_FUTEX_PI=y
CONFIG_EPOLL=y
CONFIG_SIGNALFD=y
CONFIG_TIMERFD=y
CONFIG_EVENTFD=y
CONFIG_SHMEM=y
CONFIG_AIO=y
CONFIG_IO_URING=y
CONFIG_ADVISE_SYSCALLS=y
CONFIG_HAVE_ARCH_USERFAULTFD_WP=y
CONFIG_MEMBARRIER=y
CONFIG_KALLSYMS=y
CONFIG_KALLSYMS_ALL=y
CONFIG_KALLSYMS_ABSOLUTE_PERCPU=y
CONFIG_KALLSYMS_BASE_RELATIVE=y
CONFIG_BPF_SYSCALL=y
CONFIG_ARCH_WANT_DEFAULT_BPF_JIT=y
CONFIG_BPF_JIT_ALWAYS_ON=y
CONFIG_BPF_JIT_DEFAULT_ON=y
# CONFIG_BPF_PRELOAD is not set
CONFIG_USERFAULTFD=y
CONFIG_ARCH_HAS_MEMBARRIER_SYNC_CORE=y
CONFIG_RSEQ=y
# CONFIG_EMBEDDED is not set
CONFIG_HAVE_PERF_EVENTS=y

#
# Kernel Performance Events And Counters
#
CONFIG_PERF_EVENTS=y
# CONFIG_DEBUG_PERF_USE_VMALLOC is not set
# end of Kernel Performance Events And Counters

CONFIG_VM_EVENT_COUNTERS=y
# CONFIG_COMPAT_BRK is not set
CONFIG_SLAB=y
# CONFIG_SLUB is not set
CONFIG_SLAB_MERGE_DEFAULT=y
# CONFIG_SLAB_FREELIST_RANDOM is not set
CONFIG_SLAB_FREELIST_HARDENED=y
# CONFIG_SHUFFLE_PAGE_ALLOCATOR is not set
# CONFIG_PROFILING is not set
# end of General setup

CONFIG_64BIT=y
CONFIG_X86_64=y
CONFIG_X86=y
CONFIG_INSTRUCTION_DECODER=y
CONFIG_OUTPUT_FORMAT="elf64-x86-64"
CONFIG_LOCKDEP_SUPPORT=y
CONFIG_STACKTRACE_SUPPORT=y
CONFIG_MMU=y
CONFIG_ARCH_MMAP_RND_BITS_MIN=28
CONFIG_ARCH_MMAP_RND_BITS_MAX=32
CONFIG_ARCH_MMAP_RND_COMPAT_BITS_MIN=8
CONFIG_ARCH_MMAP_RND_COMPAT_BITS_MAX=16
CONFIG_GENERIC_ISA_DMA=y
CONFIG_GENERIC_BUG=y
CONFIG_GENERIC_BUG_RELATIVE_POINTERS=y
CONFIG_ARCH_MAY_HAVE_PC_FDC=y
CONFIG_GENERIC_CALIBRATE_DELAY=y
CONFIG_ARCH_HAS_CPU_RELAX=y
CONFIG_ARCH_HAS_CACHE_LINE_SIZE=y
CONFIG_ARCH_HAS_FILTER_PGPROT=y
CONFIG_HAVE_SETUP_PER_CPU_AREA=y
CONFIG_NEED_PER_CPU_EMBED_FIRST_CHUNK=y
CONFIG_NEED_PER_CPU_PAGE_FIRST_CHUNK=y
CONFIG_ARCH_HIBERNATION_POSSIBLE=y
CONFIG_ARCH_SUSPEND_POSSIBLE=y
CONFIG_ARCH_WANT_GENERAL_HUGETLB=y
CONFIG_ZONE_DMA32=y
CONFIG_AUDIT_ARCH=y
CONFIG_X86_64_SMP=y
CONFIG_ARCH_SUPPORTS_UPROBES=y
CONFIG_FIX_EARLYCON_MEM=y
CONFIG_PGTABLE_LEVELS=4
CONFIG_CC_HAS_SANE_STACKPROTECTOR=y

#
# Processor type and features
#
CONFIG_ZONE_DMA=y
CONFIG_SMP=y
CONFIG_X86_FEATURE_NAMES=y
CONFIG_X86_MPPARSE=y
# CONFIG_GOLDFISH is not set
CONFIG_RETPOLINE=y
# CONFIG_X86_CPU_RESCTRL is not set
# CONFIG_X86_EXTENDED_PLATFORM is not set
# CONFIG_X86_INTEL_LPSS is not set
# CONFIG_X86_AMD_PLATFORM_DEVICE is not set
# CONFIG_IOSF_MBI is not set
CONFIG_X86_SUPPORTS_MEMORY_FAILURE=y
CONFIG_SCHED_OMIT_FRAME_POINTER=y
# CONFIG_HYPERVISOR_GUEST is not set
CONFIG_MK8=y
# CONFIG_MPSC is not set
# CONFIG_MCORE2 is not set
# CONFIG_MATOM is not set
# CONFIG_GENERIC_CPU is not set
CONFIG_X86_INTERNODE_CACHE_SHIFT=6
CONFIG_X86_L1_CACHE_SHIFT=6
CONFIG_X86_INTEL_USERCOPY=y
CONFIG_X86_USE_PPRO_CHECKSUM=y
CONFIG_X86_TSC=y
CONFIG_X86_CMPXCHG64=y
CONFIG_X86_CMOV=y
CONFIG_X86_MINIMUM_CPU_FAMILY=64
CONFIG_X86_DEBUGCTLMSR=y
CONFIG_IA32_FEAT_CTL=y
CONFIG_X86_VMX_FEATURE_NAMES=y
CONFIG_CPU_SUP_INTEL=y
CONFIG_CPU_SUP_AMD=y
CONFIG_CPU_SUP_HYGON=y
CONFIG_CPU_SUP_CENTAUR=y
CONFIG_CPU_SUP_ZHAOXIN=y
CONFIG_HPET_TIMER=y
CONFIG_HPET_EMULATE_RTC=y
CONFIG_DMI=y
CONFIG_GART_IOMMU=y
# CONFIG_MAXSMP is not set
CONFIG_NR_CPUS_RANGE_BEGIN=2
CONFIG_NR_CPUS_RANGE_END=512
CONFIG_NR_CPUS_DEFAULT=64
CONFIG_NR_CPUS=32
CONFIG_SCHED_SMT=y
CONFIG_SCHED_MC=y
CONFIG_SCHED_MC_PRIO=y
CONFIG_X86_LOCAL_APIC=y
CONFIG_X86_IO_APIC=y
CONFIG_X86_REROUTE_FOR_BROKEN_BOOT_IRQS=y
CONFIG_X86_MCE=y
# CONFIG_X86_MCELOG_LEGACY is not set
# CONFIG_X86_MCE_INTEL is not set
CONFIG_X86_MCE_AMD=y
CONFIG_X86_MCE_THRESHOLD=y
# CONFIG_X86_MCE_INJECT is not set

#
# Performance monitoring
#
# CONFIG_PERF_EVENTS_INTEL_UNCORE is not set
# CONFIG_PERF_EVENTS_INTEL_RAPL is not set
# CONFIG_PERF_EVENTS_INTEL_CSTATE is not set
# CONFIG_PERF_EVENTS_AMD_POWER is not set
# end of Performance monitoring

CONFIG_X86_16BIT=y
CONFIG_X86_ESPFIX64=y
CONFIG_X86_VSYSCALL_EMULATION=y
CONFIG_X86_IOPL_IOPERM=y
# CONFIG_I8K is not set
CONFIG_MICROCODE=y
# CONFIG_MICROCODE_INTEL is not set
CONFIG_MICROCODE_AMD=y
CONFIG_MICROCODE_OLD_INTERFACE=y
CONFIG_X86_MSR=m
CONFIG_X86_CPUID=m
# CONFIG_X86_5LEVEL is not set
CONFIG_X86_DIRECT_GBPAGES=y
# CONFIG_X86_CPA_STATISTICS is not set
# CONFIG_AMD_MEM_ENCRYPT is not set
CONFIG_NUMA=y
CONFIG_AMD_NUMA=y
CONFIG_X86_64_ACPI_NUMA=y
CONFIG_NUMA_EMU=y
CONFIG_NODES_SHIFT=4
CONFIG_ARCH_SPARSEMEM_ENABLE=y
CONFIG_ARCH_SPARSEMEM_DEFAULT=y
CONFIG_ARCH_SELECT_MEMORY_MODEL=y
CONFIG_ARCH_PROC_KCORE_TEXT=y
CONFIG_ILLEGAL_POINTER_VALUE=0xdead000000000000
# CONFIG_X86_PMEM_LEGACY is not set
# CONFIG_X86_CHECK_BIOS_CORRUPTION is not set
CONFIG_X86_RESERVE_LOW=64
CONFIG_MTRR=y
CONFIG_MTRR_SANITIZER=y
CONFIG_MTRR_SANITIZER_ENABLE_DEFAULT=1
CONFIG_MTRR_SANITIZER_SPARE_REG_NR_DEFAULT=1
CONFIG_X86_PAT=y
CONFIG_ARCH_USES_PG_UNCACHED=y
CONFIG_ARCH_RANDOM=y
CONFIG_X86_SMAP=y
CONFIG_X86_UMIP=y
# CONFIG_X86_INTEL_MEMORY_PROTECTION_KEYS is not set
CONFIG_X86_INTEL_TSX_MODE_OFF=y
# CONFIG_X86_INTEL_TSX_MODE_ON is not set
# CONFIG_X86_INTEL_TSX_MODE_AUTO is not set
# CONFIG_X86_SGX is not set
# CONFIG_EFI is not set
# CONFIG_HZ_100 is not set
CONFIG_HZ_250=y
# CONFIG_HZ_300 is not set
# CONFIG_HZ_1000 is not set
CONFIG_HZ=250
CONFIG_SCHED_HRTICK=y
# CONFIG_KEXEC is not set
# CONFIG_KEXEC_FILE is not set
# CONFIG_CRASH_DUMP is not set
CONFIG_PHYSICAL_START=0x1000000
CONFIG_RELOCATABLE=y
CONFIG_RANDOMIZE_BASE=y
CONFIG_X86_NEED_RELOCS=y
CONFIG_PHYSICAL_ALIGN=0x200000
CONFIG_DYNAMIC_MEMORY_LAYOUT=y
CONFIG_RANDOMIZE_MEMORY=y
CONFIG_RANDOMIZE_MEMORY_PHYSICAL_PADDING=0x0
CONFIG_HOTPLUG_CPU=y
# CONFIG_BOOTPARAM_HOTPLUG_CPU0 is not set
# CONFIG_DEBUG_HOTPLUG_CPU0 is not set
# CONFIG_COMPAT_VDSO is not set
# CONFIG_LEGACY_VSYSCALL_EMULATE is not set
# CONFIG_LEGACY_VSYSCALL_XONLY is not set
CONFIG_LEGACY_VSYSCALL_NONE=y
# CONFIG_CMDLINE_BOOL is not set
CONFIG_MODIFY_LDT_SYSCALL=y
CONFIG_HAVE_LIVEPATCH=y
# end of Processor type and features

CONFIG_ARCH_HAS_ADD_PAGES=y
CONFIG_ARCH_ENABLE_MEMORY_HOTPLUG=y
CONFIG_USE_PERCPU_NUMA_NODE_ID=y
CONFIG_ARCH_ENABLE_SPLIT_PMD_PTLOCK=y
CONFIG_ARCH_ENABLE_HUGEPAGE_MIGRATION=y
CONFIG_ARCH_ENABLE_THP_MIGRATION=y

#
# Power management and ACPI options
#
CONFIG_ARCH_HIBERNATION_HEADER=y
CONFIG_SUSPEND=y
CONFIG_SUSPEND_FREEZER=y
CONFIG_HIBERNATE_CALLBACKS=y
CONFIG_HIBERNATION=y
CONFIG_HIBERNATION_SNAPSHOT_DEV=y
CONFIG_PM_STD_PARTITION=""
CONFIG_PM_SLEEP=y
CONFIG_PM_SLEEP_SMP=y
# CONFIG_PM_AUTOSLEEP is not set
# CONFIG_PM_WAKELOCKS is not set
CONFIG_PM=y
# CONFIG_PM_DEBUG is not set
CONFIG_PM_CLK=y
# CONFIG_WQ_POWER_EFFICIENT_DEFAULT is not set
# CONFIG_ENERGY_MODEL is not set
CONFIG_ARCH_SUPPORTS_ACPI=y
CONFIG_ACPI=y
CONFIG_ACPI_LEGACY_TABLES_LOOKUP=y
CONFIG_ARCH_MIGHT_HAVE_ACPI_PDC=y
CONFIG_ACPI_SYSTEM_POWER_STATES_SUPPORT=y
# CONFIG_ACPI_DEBUGGER is not set
CONFIG_ACPI_SPCR_TABLE=y
CONFIG_ACPI_LPIT=y
CONFIG_ACPI_SLEEP=y
# CONFIG_ACPI_REV_OVERRIDE_POSSIBLE is not set
# CONFIG_ACPI_EC_DEBUGFS is not set
CONFIG_ACPI_AC=m
# CONFIG_ACPI_BATTERY is not set
CONFIG_ACPI_BUTTON=m
# CONFIG_ACPI_TINY_POWER_BUTTON is not set
CONFIG_ACPI_FAN=m
CONFIG_ACPI_TAD=m
CONFIG_ACPI_DOCK=y
CONFIG_ACPI_CPU_FREQ_PSS=y
CONFIG_ACPI_PROCESSOR_CSTATE=y
CONFIG_ACPI_PROCESSOR_IDLE=y
CONFIG_ACPI_CPPC_LIB=y
CONFIG_ACPI_PROCESSOR=y
CONFIG_ACPI_IPMI=m
CONFIG_ACPI_HOTPLUG_CPU=y
CONFIG_ACPI_PROCESSOR_AGGREGATOR=m
CONFIG_ACPI_THERMAL=m
CONFIG_ARCH_HAS_ACPI_TABLE_UPGRADE=y
# CONFIG_ACPI_DEBUG is not set
CONFIG_ACPI_PCI_SLOT=y
CONFIG_ACPI_CONTAINER=y
CONFIG_ACPI_HOTPLUG_IOAPIC=y
# CONFIG_ACPI_SBS is not set
CONFIG_ACPI_HED=y
# CONFIG_ACPI_CUSTOM_METHOD is not set
# CONFIG_ACPI_NFIT is not set
CONFIG_ACPI_NUMA=y
# CONFIG_ACPI_HMAT is not set
CONFIG_HAVE_ACPI_APEI=y
CONFIG_HAVE_ACPI_APEI_NMI=y
CONFIG_ACPI_APEI=y
CONFIG_ACPI_APEI_GHES=y
CONFIG_ACPI_APEI_PCIEAER=y
CONFIG_ACPI_APEI_MEMORY_FAILURE=y
CONFIG_ACPI_APEI_EINJ=m
CONFIG_ACPI_APEI_ERST_DEBUG=m
# CONFIG_ACPI_DPTF is not set
CONFIG_ACPI_EXTLOG=m
# CONFIG_ACPI_CONFIGFS is not set
# CONFIG_PMIC_OPREGION is not set
CONFIG_X86_PM_TIMER=y
# CONFIG_SFI is not set

#
# CPU Frequency scaling
#
CONFIG_CPU_FREQ=y
CONFIG_CPU_FREQ_GOV_ATTR_SET=y
CONFIG_CPU_FREQ_GOV_COMMON=y
CONFIG_CPU_FREQ_STAT=y
# CONFIG_CPU_FREQ_DEFAULT_GOV_PERFORMANCE is not set
# CONFIG_CPU_FREQ_DEFAULT_GOV_POWERSAVE is not set
# CONFIG_CPU_FREQ_DEFAULT_GOV_USERSPACE is not set
CONFIG_CPU_FREQ_DEFAULT_GOV_SCHEDUTIL=y
CONFIG_CPU_FREQ_GOV_PERFORMANCE=y
CONFIG_CPU_FREQ_GOV_POWERSAVE=m
CONFIG_CPU_FREQ_GOV_USERSPACE=m
CONFIG_CPU_FREQ_GOV_ONDEMAND=y
CONFIG_CPU_FREQ_GOV_CONSERVATIVE=m
CONFIG_CPU_FREQ_GOV_SCHEDUTIL=y

#
# CPU frequency scaling drivers
#
CONFIG_X86_INTEL_PSTATE=y
CONFIG_X86_PCC_CPUFREQ=m
CONFIG_X86_ACPI_CPUFREQ=m
CONFIG_X86_ACPI_CPUFREQ_CPB=y
CONFIG_X86_POWERNOW_K8=m
CONFIG_X86_AMD_FREQ_SENSITIVITY=m
# CONFIG_X86_SPEEDSTEP_CENTRINO is not set
# CONFIG_X86_P4_CLOCKMOD is not set

#
# shared options
#
# end of CPU Frequency scaling

#
# CPU Idle
#
CONFIG_CPU_IDLE=y
CONFIG_CPU_IDLE_GOV_LADDER=y
CONFIG_CPU_IDLE_GOV_MENU=y
# CONFIG_CPU_IDLE_GOV_TEO is not set
# end of CPU Idle

# CONFIG_INTEL_IDLE is not set
# end of Power management and ACPI options

#
# Bus options (PCI etc.)
#
CONFIG_PCI_DIRECT=y
CONFIG_PCI_MMCONFIG=y
CONFIG_MMCONF_FAM10H=y
CONFIG_ISA_DMA_API=y
CONFIG_AMD_NB=y
CONFIG_X86_SYSFB=y
# end of Bus options (PCI etc.)

#
# Binary Emulations
#
CONFIG_IA32_EMULATION=y
CONFIG_X86_X32=y
CONFIG_COMPAT_32=y
CONFIG_COMPAT=y
CONFIG_COMPAT_FOR_U64_ALIGNMENT=y
CONFIG_SYSVIPC_COMPAT=y
# end of Binary Emulations

#
# Firmware Drivers
#
# CONFIG_EDD is not set
CONFIG_FIRMWARE_MEMMAP=y
CONFIG_DMIID=y
CONFIG_DMI_SYSFS=y
CONFIG_DMI_SCAN_MACHINE_NON_EFI_FALLBACK=y
# CONFIG_ISCSI_IBFT is not set
# CONFIG_FW_CFG_SYSFS is not set
# CONFIG_GOOGLE_FIRMWARE is not set
CONFIG_UEFI_CPER=y
CONFIG_UEFI_CPER_X86=y

#
# Tegra firmware driver
#
# end of Tegra firmware driver
# end of Firmware Drivers

CONFIG_HAVE_KVM=y
CONFIG_HAVE_KVM_IRQCHIP=y
CONFIG_HAVE_KVM_IRQFD=y
CONFIG_HAVE_KVM_IRQ_ROUTING=y
CONFIG_HAVE_KVM_EVENTFD=y
CONFIG_KVM_MMIO=y
CONFIG_KVM_ASYNC_PF=y
CONFIG_HAVE_KVM_MSI=y
CONFIG_HAVE_KVM_CPU_RELAX_INTERCEPT=y
CONFIG_KVM_VFIO=y
CONFIG_KVM_GENERIC_DIRTYLOG_READ_PROTECT=y
CONFIG_KVM_COMPAT=y
CONFIG_HAVE_KVM_IRQ_BYPASS=y
CONFIG_HAVE_KVM_NO_POLL=y
CONFIG_KVM_XFER_TO_GUEST_WORK=y
CONFIG_VIRTUALIZATION=y
CONFIG_KVM=m
# CONFIG_KVM_INTEL is not set
CONFIG_KVM_AMD=m
CONFIG_AS_AVX512=y
CONFIG_AS_SHA1_NI=y
CONFIG_AS_SHA256_NI=y
CONFIG_AS_TPAUSE=y

#
# General architecture-dependent options
#
CONFIG_CRASH_CORE=y
CONFIG_HOTPLUG_SMT=y
CONFIG_GENERIC_ENTRY=y
CONFIG_HAVE_OPROFILE=y
CONFIG_OPROFILE_NMI_TIMER=y
CONFIG_KPROBES=y
CONFIG_JUMP_LABEL=y
# CONFIG_STATIC_KEYS_SELFTEST is not set
# CONFIG_STATIC_CALL_SELFTEST is not set
CONFIG_OPTPROBES=y
CONFIG_HAVE_EFFICIENT_UNALIGNED_ACCESS=y
CONFIG_ARCH_USE_BUILTIN_BSWAP=y
CONFIG_KRETPROBES=y
CONFIG_USER_RETURN_NOTIFIER=y
CONFIG_HAVE_IOREMAP_PROT=y
CONFIG_HAVE_KPROBES=y
CONFIG_HAVE_KRETPROBES=y
CONFIG_HAVE_OPTPROBES=y
CONFIG_HAVE_KPROBES_ON_FTRACE=y
CONFIG_HAVE_FUNCTION_ERROR_INJECTION=y
CONFIG_HAVE_NMI=y
CONFIG_HAVE_ARCH_TRACEHOOK=y
CONFIG_HAVE_DMA_CONTIGUOUS=y
CONFIG_GENERIC_SMP_IDLE_THREAD=y
CONFIG_ARCH_HAS_FORTIFY_SOURCE=y
CONFIG_ARCH_HAS_SET_MEMORY=y
CONFIG_ARCH_HAS_SET_DIRECT_MAP=y
CONFIG_HAVE_ARCH_THREAD_STRUCT_WHITELIST=y
CONFIG_ARCH_WANTS_DYNAMIC_TASK_STRUCT=y
CONFIG_HAVE_ASM_MODVERSIONS=y
CONFIG_HAVE_REGS_AND_STACK_ACCESS_API=y
CONFIG_HAVE_RSEQ=y
CONFIG_HAVE_FUNCTION_ARG_ACCESS_API=y
CONFIG_HAVE_HW_BREAKPOINT=y
CONFIG_HAVE_MIXED_BREAKPOINTS_REGS=y
CONFIG_HAVE_USER_RETURN_NOTIFIER=y
CONFIG_HAVE_PERF_EVENTS_NMI=y
CONFIG_HAVE_HARDLOCKUP_DETECTOR_PERF=y
CONFIG_HAVE_PERF_REGS=y
CONFIG_HAVE_PERF_USER_STACK_DUMP=y
CONFIG_HAVE_ARCH_JUMP_LABEL=y
CONFIG_HAVE_ARCH_JUMP_LABEL_RELATIVE=y
CONFIG_ARCH_HAVE_NMI_SAFE_CMPXCHG=y
CONFIG_HAVE_CMPXCHG_LOCAL=y
CONFIG_HAVE_CMPXCHG_DOUBLE=y
CONFIG_ARCH_WANT_COMPAT_IPC_PARSE_VERSION=y
CONFIG_ARCH_WANT_OLD_COMPAT_IPC=y
CONFIG_HAVE_ARCH_SECCOMP=y
CONFIG_HAVE_ARCH_SECCOMP_FILTER=y
CONFIG_SECCOMP=y
CONFIG_SECCOMP_FILTER=y
# CONFIG_SECCOMP_CACHE_DEBUG is not set
CONFIG_HAVE_ARCH_STACKLEAK=y
CONFIG_HAVE_STACKPROTECTOR=y
CONFIG_STACKPROTECTOR=y
CONFIG_STACKPROTECTOR_STRONG=y
CONFIG_HAVE_ARCH_WITHIN_STACK_FRAMES=y
CONFIG_HAVE_CONTEXT_TRACKING=y
CONFIG_HAVE_CONTEXT_TRACKING_OFFSTACK=y
CONFIG_HAVE_VIRT_CPU_ACCOUNTING_GEN=y
CONFIG_HAVE_IRQ_TIME_ACCOUNTING=y
CONFIG_HAVE_MOVE_PUD=y
CONFIG_HAVE_MOVE_PMD=y
CONFIG_HAVE_ARCH_TRANSPARENT_HUGEPAGE=y
CONFIG_HAVE_ARCH_TRANSPARENT_HUGEPAGE_PUD=y
CONFIG_HAVE_ARCH_HUGE_VMAP=y
CONFIG_ARCH_WANT_HUGE_PMD_SHARE=y
CONFIG_HAVE_ARCH_SOFT_DIRTY=y
CONFIG_HAVE_MOD_ARCH_SPECIFIC=y
CONFIG_MODULES_USE_ELF_RELA=y
CONFIG_ARCH_HAS_ELF_RANDOMIZE=y
CONFIG_HAVE_ARCH_MMAP_RND_BITS=y
CONFIG_HAVE_EXIT_THREAD=y
CONFIG_ARCH_MMAP_RND_BITS=28
CONFIG_HAVE_ARCH_MMAP_RND_COMPAT_BITS=y
CONFIG_ARCH_MMAP_RND_COMPAT_BITS=8
CONFIG_HAVE_ARCH_COMPAT_MMAP_BASES=y
CONFIG_HAVE_STACK_VALIDATION=y
CONFIG_HAVE_RELIABLE_STACKTRACE=y
CONFIG_OLD_SIGSUSPEND3=y
CONFIG_COMPAT_OLD_SIGACTION=y
CONFIG_COMPAT_32BIT_TIME=y
CONFIG_HAVE_ARCH_VMAP_STACK=y
CONFIG_VMAP_STACK=y
CONFIG_ARCH_HAS_STRICT_KERNEL_RWX=y
CONFIG_STRICT_KERNEL_RWX=y
CONFIG_ARCH_HAS_STRICT_MODULE_RWX=y
CONFIG_STRICT_MODULE_RWX=y
CONFIG_HAVE_ARCH_PREL32_RELOCATIONS=y
# CONFIG_LOCK_EVENT_COUNTS is not set
CONFIG_ARCH_HAS_MEM_ENCRYPT=y
CONFIG_HAVE_STATIC_CALL=y
CONFIG_HAVE_STATIC_CALL_INLINE=y
CONFIG_ARCH_WANT_LD_ORPHAN_WARN=y
CONFIG_ARCH_SUPPORTS_DEBUG_PAGEALLOC=y

#
# GCOV-based kernel profiling
#
# CONFIG_GCOV_KERNEL is not set
CONFIG_ARCH_HAS_GCOV_PROFILE_ALL=y
# end of GCOV-based kernel profiling

CONFIG_HAVE_GCC_PLUGINS=y
# end of General architecture-dependent options

CONFIG_RT_MUTEXES=y
CONFIG_BASE_SMALL=0
CONFIG_MODULES=y
# CONFIG_MODULE_FORCE_LOAD is not set
CONFIG_MODULE_UNLOAD=y
# CONFIG_MODULE_FORCE_UNLOAD is not set
# CONFIG_MODVERSIONS is not set
# CONFIG_MODULE_SRCVERSION_ALL is not set
# CONFIG_MODULE_SIG is not set
# CONFIG_MODULE_COMPRESS is not set
# CONFIG_MODULE_ALLOW_MISSING_NAMESPACE_IMPORTS is not set
# CONFIG_UNUSED_SYMBOLS is not set
# CONFIG_TRIM_UNUSED_KSYMS is not set
CONFIG_MODULES_TREE_LOOKUP=y
CONFIG_BLOCK=y
CONFIG_BLK_RQ_ALLOC_TIME=y
CONFIG_BLK_SCSI_REQUEST=y
CONFIG_BLK_DEV_BSG=y
CONFIG_BLK_DEV_BSGLIB=y
# CONFIG_BLK_DEV_INTEGRITY is not set
# CONFIG_BLK_DEV_ZONED is not set
# CONFIG_BLK_DEV_THROTTLING is not set
# CONFIG_BLK_CMDLINE_PARSER is not set
# CONFIG_BLK_WBT is not set
CONFIG_BLK_CGROUP_IOLATENCY=y
CONFIG_BLK_CGROUP_IOCOST=y
# CONFIG_BLK_DEBUG_FS is not set
# CONFIG_BLK_SED_OPAL is not set
# CONFIG_BLK_INLINE_ENCRYPTION is not set

#
# Partition Types
#
CONFIG_PARTITION_ADVANCED=y
CONFIG_ACORN_PARTITION=y
# CONFIG_ACORN_PARTITION_CUMANA is not set
# CONFIG_ACORN_PARTITION_EESOX is not set
CONFIG_ACORN_PARTITION_ICS=y
# CONFIG_ACORN_PARTITION_ADFS is not set
# CONFIG_ACORN_PARTITION_POWERTEC is not set
CONFIG_ACORN_PARTITION_RISCIX=y
# CONFIG_AIX_PARTITION is not set
CONFIG_OSF_PARTITION=y
CONFIG_AMIGA_PARTITION=y
CONFIG_ATARI_PARTITION=y
CONFIG_MAC_PARTITION=y
CONFIG_MSDOS_PARTITION=y
CONFIG_BSD_DISKLABEL=y
CONFIG_MINIX_SUBPARTITION=y
CONFIG_SOLARIS_X86_PARTITION=y
CONFIG_UNIXWARE_DISKLABEL=y
CONFIG_LDM_PARTITION=y
# CONFIG_LDM_DEBUG is not set
CONFIG_SGI_PARTITION=y
CONFIG_ULTRIX_PARTITION=y
CONFIG_SUN_PARTITION=y
CONFIG_KARMA_PARTITION=y
CONFIG_EFI_PARTITION=y
# CONFIG_SYSV68_PARTITION is not set
# CONFIG_CMDLINE_PARTITION is not set
# end of Partition Types

CONFIG_BLOCK_COMPAT=y
CONFIG_BLK_MQ_PCI=y
CONFIG_BLK_PM=y

#
# IO Schedulers
#
# CONFIG_MQ_IOSCHED_DEADLINE is not set
# CONFIG_MQ_IOSCHED_KYBER is not set
# CONFIG_IOSCHED_BFQ is not set
# end of IO Schedulers

CONFIG_PREEMPT_NOTIFIERS=y
CONFIG_ASN1=m
CONFIG_INLINE_SPIN_UNLOCK_IRQ=y
CONFIG_INLINE_READ_UNLOCK=y
CONFIG_INLINE_READ_UNLOCK_IRQ=y
CONFIG_INLINE_WRITE_UNLOCK=y
CONFIG_INLINE_WRITE_UNLOCK_IRQ=y
CONFIG_ARCH_SUPPORTS_ATOMIC_RMW=y
CONFIG_MUTEX_SPIN_ON_OWNER=y
CONFIG_RWSEM_SPIN_ON_OWNER=y
CONFIG_LOCK_SPIN_ON_OWNER=y
CONFIG_ARCH_USE_QUEUED_SPINLOCKS=y
CONFIG_QUEUED_SPINLOCKS=y
CONFIG_ARCH_USE_QUEUED_RWLOCKS=y
CONFIG_QUEUED_RWLOCKS=y
CONFIG_ARCH_HAS_NON_OVERLAPPING_ADDRESS_SPACE=y
CONFIG_ARCH_HAS_SYNC_CORE_BEFORE_USERMODE=y
CONFIG_ARCH_HAS_SYSCALL_WRAPPER=y
CONFIG_FREEZER=y

#
# Executable file formats
#
CONFIG_BINFMT_ELF=y
CONFIG_COMPAT_BINFMT_ELF=y
CONFIG_ELFCORE=y
CONFIG_CORE_DUMP_DEFAULT_ELF_HEADERS=y
CONFIG_BINFMT_SCRIPT=y
CONFIG_BINFMT_MISC=y
CONFIG_COREDUMP=y
# end of Executable file formats

#
# Memory Management options
#
CONFIG_SELECT_MEMORY_MODEL=y
CONFIG_SPARSEMEM_MANUAL=y
CONFIG_SPARSEMEM=y
CONFIG_NEED_MULTIPLE_NODES=y
CONFIG_SPARSEMEM_EXTREME=y
CONFIG_SPARSEMEM_VMEMMAP_ENABLE=y
CONFIG_SPARSEMEM_VMEMMAP=y
CONFIG_HAVE_FAST_GUP=y
CONFIG_MEMORY_ISOLATION=y
# CONFIG_MEMORY_HOTPLUG is not set
CONFIG_SPLIT_PTLOCK_CPUS=4
CONFIG_COMPACTION=y
# CONFIG_PAGE_REPORTING is not set
CONFIG_MIGRATION=y
CONFIG_CONTIG_ALLOC=y
CONFIG_PHYS_ADDR_T_64BIT=y
CONFIG_BOUNCE=y
CONFIG_VIRT_TO_BUS=y
CONFIG_MMU_NOTIFIER=y
# CONFIG_KSM is not set
CONFIG_DEFAULT_MMAP_MIN_ADDR=65536
CONFIG_ARCH_SUPPORTS_MEMORY_FAILURE=y
CONFIG_MEMORY_FAILURE=y
# CONFIG_HWPOISON_INJECT is not set
CONFIG_TRANSPARENT_HUGEPAGE=y
CONFIG_TRANSPARENT_HUGEPAGE_ALWAYS=y
# CONFIG_TRANSPARENT_HUGEPAGE_MADVISE is not set
CONFIG_ARCH_WANTS_THP_SWAP=y
CONFIG_THP_SWAP=y
# CONFIG_CLEANCACHE is not set
# CONFIG_FRONTSWAP is not set
# CONFIG_CMA is not set
# CONFIG_ZPOOL is not set
# CONFIG_ZBUD is not set
# CONFIG_ZSMALLOC is not set
CONFIG_GENERIC_EARLY_IOREMAP=y
# CONFIG_DEFERRED_STRUCT_PAGE_INIT is not set
# CONFIG_IDLE_PAGE_TRACKING is not set
CONFIG_ARCH_HAS_PTE_DEVMAP=y
# CONFIG_PERCPU_STATS is not set
# CONFIG_GUP_TEST is not set
CONFIG_READ_ONLY_THP_FOR_FS=y
CONFIG_ARCH_HAS_PTE_SPECIAL=y
# end of Memory Management options

CONFIG_NET=y
CONFIG_NET_INGRESS=y
CONFIG_NET_EGRESS=y
CONFIG_SKB_EXTENSIONS=y

#
# Networking options
#
CONFIG_PACKET=y
CONFIG_PACKET_DIAG=m
CONFIG_UNIX=y
CONFIG_UNIX_SCM=y
CONFIG_UNIX_DIAG=m
# CONFIG_TLS is not set
CONFIG_XFRM=y
CONFIG_XFRM_ALGO=m
CONFIG_XFRM_USER=m
# CONFIG_XFRM_USER_COMPAT is not set
# CONFIG_XFRM_INTERFACE is not set
CONFIG_XFRM_SUB_POLICY=y
CONFIG_XFRM_MIGRATE=y
# CONFIG_XFRM_STATISTICS is not set
CONFIG_XFRM_AH=m
CONFIG_XFRM_ESP=m
CONFIG_XFRM_IPCOMP=m
CONFIG_NET_KEY=m
CONFIG_NET_KEY_MIGRATE=y
# CONFIG_XDP_SOCKETS is not set
CONFIG_INET=y
CONFIG_IP_MULTICAST=y
CONFIG_IP_ADVANCED_ROUTER=y
CONFIG_IP_FIB_TRIE_STATS=y
